Archive member included to satisfy reference by file (symbol)

c:/program files/microchip/xc32/v4.10/bin/bin/../../lib/gcc/pic32c/8.3.1/../../../../pic32c/lib/thumb/v7e-m+dp/hard\libpic32c.a(data_init.o)
                              build/sam_v71_xult/production/_ext/1320227943/startup_xc32.o (__pic32c_data_initialization)
c:/program files/microchip/xc32/v4.10/bin/bin/../../lib/gcc/pic32c/8.3.1/../../../../pic32c/lib/thumb/v7e-m+dp/hard\libc-musl.a(__libc_start_main.o)
                              build/sam_v71_xult/production/_ext/1320227943/startup_xc32.o (__libc_init_array)
c:/program files/microchip/xc32/v4.10/bin/bin/../../lib/gcc/pic32c/8.3.1/../../../../pic32c/lib/thumb/v7e-m+dp/hard\libc-musl.a(libc.o)
                              c:/program files/microchip/xc32/v4.10/bin/bin/../../lib/gcc/pic32c/8.3.1/../../../../pic32c/lib/thumb/v7e-m+dp/hard\libc-musl.a(__libc_start_main.o) (__progname_full)
c:/program files/microchip/xc32/v4.10/bin/bin/../../lib/gcc/pic32c/8.3.1/../../../../pic32c/lib/thumb/v7e-m+dp/hard\libc-musl.a(memcpy.o)
                              build/sam_v71_xult/production/_ext/1157988489/plib_efc.o (memcpy)
c:/program files/microchip/xc32/v4.10/bin/bin/../../lib/gcc/pic32c/8.3.1/../../../../pic32c/lib/thumb/v7e-m+dp/hard\libc-musl.a(memset.o)
                              build/sam_v71_xult/production/_ext/1537669298/plib_mcan1.o (memset)
c:/program files/microchip/xc32/v4.10/bin/bin/../../lib/gcc/pic32c/8.3.1/../../../../pic32c/lib/thumb/v7e-m+dp/hard\libc-musl.a(strlen.o)
                              build/sam_v71_xult/production/_ext/1522961716/Uart1_FreeRTOS.o (strlen)
c:/program files/microchip/xc32/v4.10/bin/bin/../../lib/gcc/pic32c/8.3.1/../../../../pic32c/lib/thumb/v7e-m+dp/hard\libc-musl.a(strcpy.o)
                              build/sam_v71_xult/production/_ext/1522961716/Uart1_FreeRTOS.o (strcpy)
c:/program files/microchip/xc32/v4.10/bin/bin/../../lib/gcc/pic32c/8.3.1/../../../../pic32c/lib/thumb/v7e-m+dp/hard\libc-musl.a(__environ.o)
                              c:/program files/microchip/xc32/v4.10/bin/bin/../../lib/gcc/pic32c/8.3.1/../../../../pic32c/lib/thumb/v7e-m+dp/hard\libc-musl.a(__libc_start_main.o) (__environ)
c:/program files/microchip/xc32/v4.10/bin/bin/../../lib/gcc/pic32c/8.3.1/../../../../pic32c/lib/thumb/v7e-m+dp/hard\libc-musl.a(stpcpy.o)
                              c:/program files/microchip/xc32/v4.10/bin/bin/../../lib/gcc/pic32c/8.3.1/../../../../pic32c/lib/thumb/v7e-m+dp/hard\libc-musl.a(strcpy.o) (__stpcpy)

Microchip PIC32 Memory-Usage Report

ROM Program-Memory Usage
section                    address  length [bytes]      (dec)  Description
-------                 ----------  -------------------------  -----------
.vectors                  0x400000          0x168         360   
.text                     0x400168           0x20          32  App's exec code 
.dinit                    0x400188          0x240         576   
.text.xTaskCreate         0x4003c8          0x1e4         484   
.text.Reset_Handler       0x4005ac          0x17c         380   
.text.xQueueSemaphoreTa   0x400728          0x158         344   
.text.USART1_InterruptH   0x400880          0x12c         300   
.text.xQueueGenericSend   0x4009ac          0x128         296   
.text.xTaskIncrementTic   0x400ad4          0x114         276   
.text.MCAN1_INT0_Interr   0x400be8           0xe4         228   
.text.xTaskResumeAll      0x400ccc           0xe4         228   
.text.PIO_Initialize      0x400db0           0xd0         208   
.text.vTaskDelete         0x400e80           0xcc         204   
.text.vTaskSwitchContex   0x400f4c           0xa8         168   
.text.xTaskPriorityInhe   0x400ff4           0xa8         168   
.text.MCAN1_Initialize    0x40109c           0x9c         156   
.text.Uart1_leer_x_byte   0x401138           0x9c         156   
.text.prvAddCurrentTask   0x4011d4           0x94         148   
.text.CLOCK_Initialize    0x401268           0x8c         140   
.text.TAREA_PRINCIPAL_T   0x4012f4           0x88         136   
.text.__pic32c_data_ini   0x40137c           0x88         136   
.text.vTaskPriorityDisi   0x401404           0x80         128   
.text.prvUnlockQueue      0x401484           0x7e         126   
.text.Dummy_Handler       0x401502            0x2           2   
.text.xTaskPriorityDisi   0x401504           0x7c         124   
.rodata                   0x401580           0x7c         124  Read-only const 
.text.xTaskRemoveFromEv   0x4015fc           0x78         120   
.text.prvCopyDataToQueu   0x401674           0x72         114   
.text.NonMaskableInt_Ha   0x4016e6            0x2           2   
.text.USART1_Write        0x4016e8           0x70         112   
.text.xQueueGenericRese   0x401758           0x70         112   
.text.prvIdleTask         0x4017c8           0x70         112   
.text.pvPortMalloc        0x401838           0x6c         108   
.text.vTaskStartSchedul   0x4018a4           0x68         104   
[...]
Memory Configuration

Name             Origin             Length             Attributes
rom              0x00400000         0x00200000         xrl
ram              0x20400000         0x00060000         xw !r
itcm             0x00000000         0x00000000         xw
dtcm             0x20000000         0x00000000         xw !r
ram_nocache      0x2045f000         0x00001000         xrw
config_D0000000  0xd0000000         0x00000004
config_D0000004  0xd0000004         0x00000004
config_D0000008  0xd0000008         0x00000004
config_D000000C  0xd000000c         0x00000004
config_D0000010  0xd0000010         0x00000004
*default*        0x00000000         0xffffffff

Linker script and memory map

LOAD c:/program files/microchip/xc32/v4.10/bin/bin/../../lib/gcc/pic32c/8.3.1/thumb/v7e-m+dp/hard/crti.o
LOAD c:/program files/microchip/xc32/v4.10/bin/bin/../../lib/gcc/pic32c/8.3.1/thumb/v7e-m+dp/hard/crtbegin.o
LOAD build/sam_v71_xult/production/_ext/1157990217/plib_clk.o
LOAD build/sam_v71_xult/production/_ext/1157988489/plib_efc.o
LOAD build/sam_v71_xult/production/_ext/1537669298/plib_mcan1.o
LOAD build/sam_v71_xult/production/_ext/1157980473/plib_mpu.o
LOAD build/sam_v71_xult/production/_ext/1537621011/plib_nvic.o
LOAD build/sam_v71_xult/production/_ext/1157977813/plib_pio.o
LOAD build/sam_v71_xult/production/_ext/415242918/plib_usart1.o
LOAD build/sam_v71_xult/production/_ext/1643282145/xc32_monitor.o
LOAD build/sam_v71_xult/production/_ext/1871840330/sys_cache.o
LOAD build/sam_v71_xult/production/_ext/1320227943/initialization.o
LOAD build/sam_v71_xult/production/_ext/1320227943/interrupts.o
LOAD build/sam_v71_xult/production/_ext/1320227943/exceptions.o
LOAD build/sam_v71_xult/production/_ext/1320227943/startup_xc32.o
LOAD build/sam_v71_xult/production/_ext/1320227943/libc_syscalls.o
LOAD build/sam_v71_xult/production/_ext/1320227943/freertos_hooks.o
LOAD build/sam_v71_xult/production/_ext/1320227943/tasks.o
LOAD build/sam_v71_xult/production/_ext/977623654/port.o
LOAD build/sam_v71_xult/production/_ext/1665200909/heap_1.o
LOAD build/sam_v71_xult/production/_ext/404212886/croutine.o
LOAD build/sam_v71_xult/production/_ext/404212886/list.o
LOAD build/sam_v71_xult/production/_ext/404212886/queue.o
LOAD build/sam_v71_xult/production/_ext/404212886/FreeRTOS_tasks.o
LOAD build/sam_v71_xult/production/_ext/404212886/timers.o
LOAD build/sam_v71_xult/production/_ext/404212886/event_groups.o
LOAD build/sam_v71_xult/production/_ext/404212886/stream_buffer.o
LOAD build/sam_v71_xult/production/_ext/1522961716/Uart1_FreeRTOS.o
LOAD build/sam_v71_xult/production/_ext/1360937237/main_v71.o
LOAD build/sam_v71_xult/production/_ext/1360937237/tarea_principal.o
                0x00000001                __MPLAB_BUILD = 0x1
                0x00600000                __rom_end = (ORIGIN (rom) + LENGTH (rom))
                0x20460000                __ram_end = (ORIGIN (ram) + LENGTH (ram))

.config_D0000000
 *(.config_D0000000)

.config_D0000004
 *(.config_D0000004)

.config_D0000008
 *(.config_D0000008)

.config_D000000C
 *(.config_D000000C)

.config_D0000010
 *(.config_D0000010)

.vectors        0x00400000      0x168
                0x00400000                . = ALIGN (0x4)
                0x00400000                _sfixed = .
 *(.vectors .vectors.* .vectors_default .vectors_default.*)
 .vectors.exception_table
                0x00400000      0x168 build/sam_v71_xult/production/_ext/1320227943/interrupts.o
                0x00400000                exception_table
 *(.isr_vector)
 *(.reset*)
 *(.after_vectors)

.text           0x00400168       0x20
                0x00400168                . = ALIGN (0x4)
 *(.glue_7t)
 .glue_7t       0x00400168        0x0 linker stubs
 *(.glue_7)
 .glue_7        0x00400168        0x0 linker stubs
 *(.gnu.linkonce.r.*)
 *(.ARM.extab* .gnu.linkonce.armextab.*)
                0x00400168                . = ALIGN (0x4)
 *(.init)
 .init          0x00400168        0x4 c:/program files/microchip/xc32/v4.10/bin/bin/../../lib/gcc/pic32c/8.3.1/thumb/v7e-m+dp/hard/crti.o
                0x00400168                _init
 .init          0x0040016c        0x8 c:/program files/microchip/xc32/v4.10/bin/bin/../../lib/gcc/pic32c/8.3.1/thumb/v7e-m+dp/hard/crtn.o
                0x00400174                . = ALIGN (0x4)
                0x00400174                __preinit_array_start = .
 *(.preinit_array)
                0x00400174                __preinit_array_end = .
                0x00400174                . = ALIGN (0x4)
                0x00400174                __init_array_start = .
 *(SORT_BY_NAME(.init_array.*))
 *(.init_array)
 .init_array    0x00400174        0x4 c:/program files/microchip/xc32/v4.10/bin/bin/../../lib/gcc/pic32c/8.3.1/thumb/v7e-m+dp/hard/crtbegin.o
                0x00400178                __init_array_end = .
                0x00400178                . = ALIGN (0x4)
 *crtbegin.o(.ctors)
 *(EXCLUDE_FILE(*crtend.o) .ctors)
 *(SORT_BY_NAME(.ctors.*))
 *crtend.o(.ctors)
                0x00400178                . = ALIGN (0x4)
 *(.fini)
 .fini          0x00400178        0x4 c:/program files/microchip/xc32/v4.10/bin/bin/../../lib/gcc/pic32c/8.3.1/thumb/v7e-m+dp/hard/crti.o
                0x00400178                _fini
 .fini          0x0040017c        0x8 c:/program files/microchip/xc32/v4.10/bin/bin/../../lib/gcc/pic32c/8.3.1/thumb/v7e-m+dp/hard/crtn.o
                0x00400184                . = ALIGN (0x4)
                0x00400184                __fini_array_start = .
 *(.fini_array)
 .fini_array    0x00400184        0x4 c:/program files/microchip/xc32/v4.10/bin/bin/../../lib/gcc/pic32c/8.3.1/thumb/v7e-m+dp/hard/crtbegin.o
 *(SORT_BY_NAME(.fini_array.*))
                0x00400188                __fini_array_end = .
 *crtbegin.o(.dtors)
 *(EXCLUDE_FILE(*crtend.o) .dtors)
 *(SORT_BY_NAME(.dtors.*))
 *crtend.o(.dtors)
                0x00400188                . = ALIGN (0x4)
                0x00400188                _efixed = .
                [!provide]                PROVIDE (__exidx_start = .)

.ARM.exidx
 *(.ARM.exidx* .gnu.linkonce.armexidx.*)
                [!provide]                PROVIDE (__exidx_end = .)
                0x00400188                . = ALIGN (0x4)
                0x00400188                _etext = .

.ram_nocache    0x2045f000        0x0
                0x2045f000                . = ALIGN (0x4)
                0x2045f000                _s_ram_nocache = .
 *(.ram_nocache .ram_nocache.*)
                0x2045f000                . = ALIGN (0x4)
                0x2045f000                _e_ram_nocache = .

.bss            0x20400000        0x0
                0x20400000                . = ALIGN (0x4)
                0x20400000                __bss_start__ = .
                0x20400000                _sbss = .
                0x20400000                _szero = .
 *(COMMON)
                0x20400000                . = ALIGN (0x4)
                0x20400000                __bss_end__ = .
                0x20400000                _ebss = .
                0x20400000                _ezero = .
                0x20400000                . = ALIGN (0x4)
                0x20400000                _end = .
                0x2045ffff                _ram_end_ = ((ORIGIN (ram) + LENGTH (ram)) - 0x1)
                0x00000200                _min_heap_size = 0x200
START GROUP
LOAD c:/program files/microchip/xc32/v4.10/bin/bin/../../lib/gcc/pic32c/8.3.1/../../../../pic32c/lib/thumb/v7e-m+dp/hard\libpic32c.a
LOAD c:/program files/microchip/xc32/v4.10/bin/bin/../../lib/gcc/pic32c/8.3.1/../../../../pic32c/lib/thumb/v7e-m+dp/hard\libm-emfloat.a
LOAD c:/program files/microchip/xc32/v4.10/bin/bin/../../lib/gcc/pic32c/8.3.1/../../../../pic32c/lib/thumb/v7e-m+dp/hard\libc-musl.a
LOAD c:/program files/microchip/xc32/v4.10/bin/bin/../../lib/gcc/pic32c/8.3.1/../../../../pic32c/lib/thumb/v7e-m+dp/hard\libm-emfloat.a
LOAD c:/program files/microchip/xc32/v4.10/bin/bin/../../lib/gcc/pic32c/8.3.1/thumb/v7e-m+dp/hard\libgcc.a
END GROUP
LOAD c:/program files/microchip/xc32/v4.10/bin/bin/../../lib/gcc/pic32c/8.3.1/thumb/v7e-m+dp/hard/crtend.o
LOAD c:/program files/microchip/xc32/v4.10/bin/bin/../../lib/gcc/pic32c/8.3.1/thumb/v7e-m+dp/hard/crtn.o
OUTPUT(dist/sam_v71_xult/production/sam_v71_xult.X.production.elf elf32-littlearm)
LOAD stack
LOAD data_init

.ARM.attributes
                0x00000000       0x32
 .ARM.attributes
                0x00000000       0x1e c:/program files/microchip/xc32/v4.10/bin/bin/../../lib/gcc/pic32c/8.3.1/thumb/v7e-m+dp/hard/crti.o
 .ARM.attributes
                0x0000001e       0x32 c:/program files/microchip/xc32/v4.10/bin/bin/../../lib/gcc/pic32c/8.3.1/thumb/v7e-m+dp/hard/crtbegin.o
 .ARM.attributes
                0x00000050       0x32 build/sam_v71_xult/production/_ext/1157990217/plib_clk.o
 .ARM.attributes
                0x00000082       0x32 build/sam_v71_xult/production/_ext/1157988489/plib_efc.o
 .ARM.attributes
                0x000000b4       0x32 build/sam_v71_xult/production/_ext/1537669298/plib_mcan1.o
 .ARM.attributes
                0x000000e6       0x32 build/sam_v71_xult/production/_ext/1157980473/plib_mpu.o
 .ARM.attributes
                0x00000118       0x32 build/sam_v71_xult/production/_ext/1537621011/plib_nvic.o
 .ARM.attributes
                0x0000014a       0x32 build/sam_v71_xult/production/_ext/1157977813/plib_pio.o
 .ARM.attributes
                0x0000017c       0x32 build/sam_v71_xult/production/_ext/415242918/plib_usart1.o
 .ARM.attributes
                0x000001ae       0x32 build/sam_v71_xult/production/_ext/1320227943/initialization.o
 .ARM.attributes
                0x000001e0       0x32 build/sam_v71_xult/production/_ext/1320227943/interrupts.o
 .ARM.attributes
                0x00000212       0x32 build/sam_v71_xult/production/_ext/1320227943/exceptions.o
 .ARM.attributes
                0x00000244       0x32 build/sam_v71_xult/production/_ext/1320227943/startup_xc32.o
 .ARM.attributes
                0x00000276       0x32 build/sam_v71_xult/production/_ext/1320227943/freertos_hooks.o
 .ARM.attributes
                0x000002a8       0x32 build/sam_v71_xult/production/_ext/1320227943/tasks.o
 .ARM.attributes
                0x000002da       0x32 build/sam_v71_xult/production/_ext/977623654/port.o
 .ARM.attributes
                0x0000030c       0x32 build/sam_v71_xult/production/_ext/1665200909/heap_1.o
 .ARM.attributes
                0x0000033e       0x32 build/sam_v71_xult/production/_ext/404212886/list.o
 .ARM.attributes
                0x00000370       0x32 build/sam_v71_xult/production/_ext/404212886/queue.o
 .ARM.attributes
                0x000003a2       0x32 build/sam_v71_xult/production/_ext/404212886/FreeRTOS_tasks.o
 .ARM.attributes
                0x000003d4       0x32 build/sam_v71_xult/production/_ext/1522961716/Uart1_FreeRTOS.o
 .ARM.attributes
                0x00000406       0x32 build/sam_v71_xult/production/_ext/1360937237/main_v71.o
 .ARM.attributes
                0x00000438       0x32 build/sam_v71_xult/production/_ext/1360937237/tarea_principal.o
 .ARM.attributes
                0x0000046a       0x32 c:/program files/microchip/xc32/v4.10/bin/bin/../../lib/gcc/pic32c/8.3.1/../../../../pic32c/lib/thumb/v7e-m+dp/hard\libpic32c.a(data_init.o)
 .ARM.attributes
                0x0000049c       0x34 c:/program files/microchip/xc32/v4.10/bin/bin/../../lib/gcc/pic32c/8.3.1/../../../../pic32c/lib/thumb/v7e-m+dp/hard\libc-musl.a(__libc_start_main.o)
 .ARM.attributes
                0x000004d0       0x32 c:/program files/microchip/xc32/v4.10/bin/bin/../../lib/gcc/pic32c/8.3.1/../../../../pic32c/lib/thumb/v7e-m+dp/hard\libc-musl.a(libc.o)
 .ARM.attributes
                0x00000502       0x34 c:/program files/microchip/xc32/v4.10/bin/bin/../../lib/gcc/pic32c/8.3.1/../../../../pic32c/lib/thumb/v7e-m+dp/hard\libc-musl.a(memcpy.o)
 .ARM.attributes
                0x00000536       0x34 c:/program files/microchip/xc32/v4.10/bin/bin/../../lib/gcc/pic32c/8.3.1/../../../../pic32c/lib/thumb/v7e-m+dp/hard\libc-musl.a(memset.o)
 .ARM.attributes
                0x0000056a       0x34 c:/program files/microchip/xc32/v4.10/bin/bin/../../lib/gcc/pic32c/8.3.1/../../../../pic32c/lib/thumb/v7e-m+dp/hard\libc-musl.a(strlen.o)
 .ARM.attributes
                0x0000059e       0x34 c:/program files/microchip/xc32/v4.10/bin/bin/../../lib/gcc/pic32c/8.3.1/../../../../pic32c/lib/thumb/v7e-m+dp/hard\libc-musl.a(strcpy.o)
 .ARM.attributes
                0x000005d2       0x32 c:/program files/microchip/xc32/v4.10/bin/bin/../../lib/gcc/pic32c/8.3.1/../../../../pic32c/lib/thumb/v7e-m+dp/hard\libc-musl.a(__environ.o)
 .ARM.attributes
                0x00000604       0x34 c:/program files/microchip/xc32/v4.10/bin/bin/../../lib/gcc/pic32c/8.3.1/../../../../pic32c/lib/thumb/v7e-m+dp/hard\libc-musl.a(stpcpy.o)
 .ARM.attributes
                0x00000638       0x1e c:/program files/microchip/xc32/v4.10/bin/bin/../../lib/gcc/pic32c/8.3.1/thumb/v7e-m+dp/hard/crtn.o

.comment        0x00000000       0x2b
 .comment       0x00000000       0x2b c:/program files/microchip/xc32/v4.10/bin/bin/../../lib/gcc/pic32c/8.3.1/thumb/v7e-m+dp/hard/crtbegin.o
                                 0x2c (size before relaxing)
 .comment       0x0000002b       0x2c build/sam_v71_xult/production/_ext/1157990217/plib_clk.o
 .comment       0x0000002b       0x2c build/sam_v71_xult/production/_ext/1157988489/plib_efc.o
 .comment       0x0000002b       0x2c build/sam_v71_xult/production/_ext/1537669298/plib_mcan1.o
 .comment       0x0000002b       0x2c build/sam_v71_xult/production/_ext/1157980473/plib_mpu.o
 .comment       0x0000002b       0x2c build/sam_v71_xult/production/_ext/1537621011/plib_nvic.o
 .comment       0x0000002b       0x2c build/sam_v71_xult/production/_ext/1157977813/plib_pio.o
 .comment       0x0000002b       0x2c build/sam_v71_xult/production/_ext/415242918/plib_usart1.o
 .comment       0x0000002b       0x2c build/sam_v71_xult/production/_ext/1320227943/initialization.o
 .comment       0x0000002b       0x2c build/sam_v71_xult/production/_ext/1320227943/interrupts.o
 .comment       0x0000002b       0x2c build/sam_v71_xult/production/_ext/1320227943/exceptions.o
 .comment       0x0000002b       0x2c build/sam_v71_xult/production/_ext/1320227943/startup_xc32.o
 .comment       0x0000002b       0x2c build/sam_v71_xult/production/_ext/1320227943/freertos_hooks.o
 .comment       0x0000002b       0x2c build/sam_v71_xult/production/_ext/1320227943/tasks.o
 .comment       0x0000002b       0x2c build/sam_v71_xult/production/_ext/977623654/port.o
 .comment       0x0000002b       0x2c build/sam_v71_xult/production/_ext/1665200909/heap_1.o
 .comment       0x0000002b       0x2c build/sam_v71_xult/production/_ext/404212886/list.o
 .comment       0x0000002b       0x2c build/sam_v71_xult/production/_ext/404212886/queue.o
 .comment       0x0000002b       0x2c build/sam_v71_xult/production/_ext/404212886/FreeRTOS_tasks.o
 .comment       0x0000002b       0x2c build/sam_v71_xult/production/_ext/1522961716/Uart1_FreeRTOS.o
 .comment       0x0000002b       0x2c build/sam_v71_xult/production/_ext/1360937237/main_v71.o
 .comment       0x0000002b       0x2c build/sam_v71_xult/production/_ext/1360937237/tarea_principal.o
 .comment       0x0000002b       0x2c c:/program files/microchip/xc32/v4.10/bin/bin/../../lib/gcc/pic32c/8.3.1/../../../../pic32c/lib/thumb/v7e-m+dp/hard\libpic32c.a(data_init.o)
 .comment       0x0000002b       0x2c c:/program files/microchip/xc32/v4.10/bin/bin/../../lib/gcc/pic32c/8.3.1/../../../../pic32c/lib/thumb/v7e-m+dp/hard\libc-musl.a(__libc_start_main.o)
 .comment       0x0000002b       0x2c c:/program files/microchip/xc32/v4.10/bin/bin/../../lib/gcc/pic32c/8.3.1/../../../../pic32c/lib/thumb/v7e-m+dp/hard\libc-musl.a(libc.o)
 .comment       0x0000002b       0x2c c:/program files/microchip/xc32/v4.10/bin/bin/../../lib/gcc/pic32c/8.3.1/../../../../pic32c/lib/thumb/v7e-m+dp/hard\libc-musl.a(memcpy.o)
 .comment       0x0000002b       0x2c c:/program files/microchip/xc32/v4.10/bin/bin/../../lib/gcc/pic32c/8.3.1/../../../../pic32c/lib/thumb/v7e-m+dp/hard\libc-musl.a(memset.o)
 .comment       0x0000002b       0x2c c:/program files/microchip/xc32/v4.10/bin/bin/../../lib/gcc/pic32c/8.3.1/../../../../pic32c/lib/thumb/v7e-m+dp/hard\libc-musl.a(strlen.o)
 .comment       0x0000002b       0x2c c:/program files/microchip/xc32/v4.10/bin/bin/../../lib/gcc/pic32c/8.3.1/../../../../pic32c/lib/thumb/v7e-m+dp/hard\libc-musl.a(strcpy.o)
 .comment       0x0000002b       0x2c c:/program files/microchip/xc32/v4.10/bin/bin/../../lib/gcc/pic32c/8.3.1/../../../../pic32c/lib/thumb/v7e-m+dp/hard\libc-musl.a(__environ.o)
 .comment       0x0000002b       0x2c c:/program files/microchip/xc32/v4.10/bin/bin/../../lib/gcc/pic32c/8.3.1/../../../../pic32c/lib/thumb/v7e-m+dp/hard\libc-musl.a(stpcpy.o)

.debug_info     0x00000000    0x131b8
 .debug_info    0x00000000      0x8a5 build/sam_v71_xult/production/_ext/1157990217/plib_clk.o
 .debug_info    0x000008a5      0x919 build/sam_v71_xult/production/_ext/1157988489/plib_efc.o
 .debug_info    0x000011be     0x2023 build/sam_v71_xult/production/_ext/1537669298/plib_mcan1.o
 .debug_info    0x000031e1      0x921 build/sam_v71_xult/production/_ext/1157980473/plib_mpu.o
 .debug_info    0x00003b02     0x1200 build/sam_v71_xult/production/_ext/1537621011/plib_nvic.o
 .debug_info    0x00004d02      0xedb build/sam_v71_xult/production/_ext/1157977813/plib_pio.o
 .debug_info    0x00005bdd     0x1023 build/sam_v71_xult/production/_ext/415242918/plib_usart1.o
 .debug_info    0x00006c00      0x4c4 build/sam_v71_xult/production/_ext/1320227943/initialization.o
 .debug_info    0x000070c4      0xdfe build/sam_v71_xult/production/_ext/1320227943/interrupts.o
 .debug_info    0x00007ec2      0x3fa build/sam_v71_xult/production/_ext/1320227943/exceptions.o
 .debug_info    0x000082bc      0xdb1 build/sam_v71_xult/production/_ext/1320227943/startup_xc32.o
 .debug_info    0x0000906d      0x54a build/sam_v71_xult/production/_ext/1320227943/freertos_hooks.o
 .debug_info    0x000095b7      0x484 build/sam_v71_xult/production/_ext/1320227943/tasks.o
 .debug_info    0x00009a3b      0x79a build/sam_v71_xult/production/_ext/977623654/port.o
 .debug_info    0x0000a1d5      0x520 build/sam_v71_xult/production/_ext/1665200909/heap_1.o
 .debug_info    0x0000a6f5      0x64d build/sam_v71_xult/production/_ext/404212886/list.o
 .debug_info    0x0000ad42     0x2245 build/sam_v71_xult/production/_ext/404212886/queue.o
 .debug_info    0x0000cf87     0x2e87 build/sam_v71_xult/production/_ext/404212886/FreeRTOS_tasks.o
 .debug_info    0x0000fe0e      0xa88 build/sam_v71_xult/production/_ext/1522961716/Uart1_FreeRTOS.o
 .debug_info    0x00010896      0x350 build/sam_v71_xult/production/_ext/1360937237/main_v71.o
 .debug_info    0x00010be6      0x709 build/sam_v71_xult/production/_ext/1360937237/tarea_principal.o
 .debug_info    0x000112ef      0x2b4 c:/program files/microchip/xc32/v4.10/bin/bin/../../lib/gcc/pic32c/8.3.1/../../../../pic32c/lib/thumb/v7e-m+dp/hard\libpic32c.a(data_init.o)
 .debug_info    0x000115a3      0x62d c:/program files/microchip/xc32/v4.10/bin/bin/../../lib/gcc/pic32c/8.3.1/../../../../pic32c/lib/thumb/v7e-m+dp/hard\libc-musl.a(__libc_start_main.o)
 .debug_info    0x00011bd0      0x53f c:/program files/microchip/xc32/v4.10/bin/bin/../../lib/gcc/pic32c/8.3.1/../../../../pic32c/lib/thumb/v7e-m+dp/hard\libc-musl.a(libc.o)
 .debug_info    0x0001210f      0x301 c:/program files/microchip/xc32/v4.10/bin/bin/../../lib/gcc/pic32c/8.3.1/../../../../pic32c/lib/thumb/v7e-m+dp/hard\libc-musl.a(memcpy.o)
 .debug_info    0x00012410      0x2bf c:/program files/microchip/xc32/v4.10/bin/bin/../../lib/gcc/pic32c/8.3.1/../../../../pic32c/lib/thumb/v7e-m+dp/hard\libc-musl.a(memset.o)
 .debug_info    0x000126cf      0x2b0 c:/program files/microchip/xc32/v4.10/bin/bin/../../lib/gcc/pic32c/8.3.1/../../../../pic32c/lib/thumb/v7e-m+dp/hard\libc-musl.a(strlen.o)
 .debug_info    0x0001297f      0x2be c:/program files/microchip/xc32/v4.10/bin/bin/../../lib/gcc/pic32c/8.3.1/../../../../pic32c/lib/thumb/v7e-m+dp/hard\libc-musl.a(strcpy.o)
 .debug_info    0x00012c3d      0x2b9 c:/program files/microchip/xc32/v4.10/bin/bin/../../lib/gcc/pic32c/8.3.1/../../../../pic32c/lib/thumb/v7e-m+dp/hard\libc-musl.a(__environ.o)
 .debug_info    0x00012ef6      0x2c2 c:/program files/microchip/xc32/v4.10/bin/bin/../../lib/gcc/pic32c/8.3.1/../../../../pic32c/lib/thumb/v7e-m+dp/hard\libc-musl.a(stpcpy.o)

.debug_abbrev   0x00000000     0x28c5
 .debug_abbrev  0x00000000       0xc2 build/sam_v71_xult/production/_ext/1157990217/plib_clk.o
 .debug_abbrev  0x000000c2      0x1e2 build/sam_v71_xult/production/_ext/1157988489/plib_efc.o
 .debug_abbrev  0x000002a4      0x324 build/sam_v71_xult/production/_ext/1537669298/plib_mcan1.o
 .debug_abbrev  0x000005c8       0xd1 build/sam_v71_xult/production/_ext/1157980473/plib_mpu.o
 .debug_abbrev  0x00000699      0x1e4 build/sam_v71_xult/production/_ext/1537621011/plib_nvic.o
 .debug_abbrev  0x0000087d      0x16d build/sam_v71_xult/production/_ext/1157977813/plib_pio.o
 .debug_abbrev  0x000009ea      0x30c build/sam_v71_xult/production/_ext/415242918/plib_usart1.o
 .debug_abbrev  0x00000cf6       0xc3 build/sam_v71_xult/production/_ext/1320227943/initialization.o
 .debug_abbrev  0x00000db9       0xb5 build/sam_v71_xult/production/_ext/1320227943/interrupts.o
 .debug_abbrev  0x00000e6e       0x3e build/sam_v71_xult/production/_ext/1320227943/exceptions.o
 .debug_abbrev  0x00000eac      0x210 build/sam_v71_xult/production/_ext/1320227943/startup_xc32.o
 .debug_abbrev  0x000010bc      0x14e build/sam_v71_xult/production/_ext/1320227943/freertos_hooks.o
 .debug_abbrev  0x0000120a       0xf7 build/sam_v71_xult/production/_ext/1320227943/tasks.o
 .debug_abbrev  0x00001301      0x23e build/sam_v71_xult/production/_ext/977623654/port.o
 .debug_abbrev  0x0000153f      0x16c build/sam_v71_xult/production/_ext/1665200909/heap_1.o
 .debug_abbrev  0x000016ab      0x15e build/sam_v71_xult/production/_ext/404212886/list.o
 .debug_abbrev  0x00001809      0x38a build/sam_v71_xult/production/_ext/404212886/queue.o
 .debug_abbrev  0x00001b93      0x466 build/sam_v71_xult/production/_ext/404212886/FreeRTOS_tasks.o
 .debug_abbrev  0x00001ff9      0x1de build/sam_v71_xult/production/_ext/1522961716/Uart1_FreeRTOS.o
 .debug_abbrev  0x000021d7       0x77 build/sam_v71_xult/production/_ext/1360937237/main_v71.o
 .debug_abbrev  0x0000224e      0x179 build/sam_v71_xult/production/_ext/1360937237/tarea_principal.o
 .debug_abbrev  0x000023c7       0x2e c:/program files/microchip/xc32/v4.10/bin/bin/../../lib/gcc/pic32c/8.3.1/../../../../pic32c/lib/thumb/v7e-m+dp/hard\libpic32c.a(data_init.o)
 .debug_abbrev  0x000023f5      0x117 c:/program files/microchip/xc32/v4.10/bin/bin/../../lib/gcc/pic32c/8.3.1/../../../../pic32c/lib/thumb/v7e-m+dp/hard\libc-musl.a(__libc_start_main.o)
 .debug_abbrev  0x0000250c       0xb8 c:/program files/microchip/xc32/v4.10/bin/bin/../../lib/gcc/pic32c/8.3.1/../../../../pic32c/lib/thumb/v7e-m+dp/hard\libc-musl.a(libc.o)
 .debug_abbrev  0x000025c4       0x9c c:/program files/microchip/xc32/v4.10/bin/bin/../../lib/gcc/pic32c/8.3.1/../../../../pic32c/lib/thumb/v7e-m+dp/hard\libc-musl.a(memcpy.o)
 .debug_abbrev  0x00002660       0x97 c:/program files/microchip/xc32/v4.10/bin/bin/../../lib/gcc/pic32c/8.3.1/../../../../pic32c/lib/thumb/v7e-m+dp/hard\libc-musl.a(memset.o)
 .debug_abbrev  0x000026f7       0x86 c:/program files/microchip/xc32/v4.10/bin/bin/../../lib/gcc/pic32c/8.3.1/../../../../pic32c/lib/thumb/v7e-m+dp/hard\libc-musl.a(strlen.o)
 .debug_abbrev  0x0000277d       0x8e c:/program files/microchip/xc32/v4.10/bin/bin/../../lib/gcc/pic32c/8.3.1/../../../../pic32c/lib/thumb/v7e-m+dp/hard\libc-musl.a(strcpy.o)
 .debug_abbrev  0x0000280b       0x57 c:/program files/microchip/xc32/v4.10/bin/bin/../../lib/gcc/pic32c/8.3.1/../../../../pic32c/lib/thumb/v7e-m+dp/hard\libc-musl.a(__environ.o)
 .debug_abbrev  0x00002862       0x63 c:/program files/microchip/xc32/v4.10/bin/bin/../../lib/gcc/pic32c/8.3.1/../../../../pic32c/lib/thumb/v7e-m+dp/hard\libc-musl.a(stpcpy.o)

.debug_aranges  0x00000000      0x8b8
 .debug_aranges
                0x00000000       0x20 build/sam_v71_xult/production/_ext/1157990217/plib_clk.o
 .debug_aranges
                0x00000020       0x70 build/sam_v71_xult/production/_ext/1157988489/plib_efc.o
 .debug_aranges
                0x00000090       0xd0 build/sam_v71_xult/production/_ext/1537669298/plib_mcan1.o
 .debug_aranges
                0x00000160       0x20 build/sam_v71_xult/production/_ext/1157980473/plib_mpu.o
 .debug_aranges
                0x00000180       0x38 build/sam_v71_xult/production/_ext/1537621011/plib_nvic.o
 .debug_aranges
                0x000001b8       0x60 build/sam_v71_xult/production/_ext/1157977813/plib_pio.o
 .debug_aranges
                0x00000218       0x90 build/sam_v71_xult/production/_ext/415242918/plib_usart1.o
 .debug_aranges
                0x000002a8       0x20 build/sam_v71_xult/production/_ext/1320227943/initialization.o
 .debug_aranges
                0x000002c8       0x20 build/sam_v71_xult/production/_ext/1320227943/interrupts.o
 .debug_aranges
                0x000002e8       0x48 build/sam_v71_xult/production/_ext/1320227943/exceptions.o
 .debug_aranges
                0x00000330       0x28 build/sam_v71_xult/production/_ext/1320227943/startup_xc32.o
 .debug_aranges
                0x00000358       0x40 build/sam_v71_xult/production/_ext/1320227943/freertos_hooks.o
 .debug_aranges
                0x00000398       0x28 build/sam_v71_xult/production/_ext/1320227943/tasks.o
 .debug_aranges
                0x000003c0       0x78 build/sam_v71_xult/production/_ext/977623654/port.o
 .debug_aranges
                0x00000438       0x38 build/sam_v71_xult/production/_ext/1665200909/heap_1.o
 .debug_aranges
                0x00000470       0x40 build/sam_v71_xult/production/_ext/404212886/list.o
 .debug_aranges
                0x000004b0       0xd8 build/sam_v71_xult/production/_ext/404212886/queue.o
 .debug_aranges
                0x00000588      0x178 build/sam_v71_xult/production/_ext/404212886/FreeRTOS_tasks.o
 .debug_aranges
                0x00000700       0x48 build/sam_v71_xult/production/_ext/1522961716/Uart1_FreeRTOS.o
 .debug_aranges
                0x00000748       0x20 build/sam_v71_xult/production/_ext/1360937237/main_v71.o
 .debug_aranges
                0x00000768       0x38 build/sam_v71_xult/production/_ext/1360937237/tarea_principal.o
 .debug_aranges
                0x000007a0       0x20 c:/program files/microchip/xc32/v4.10/bin/bin/../../lib/gcc/pic32c/8.3.1/../../../../pic32c/lib/thumb/v7e-m+dp/hard\libpic32c.a(data_init.o)
 .debug_aranges
                0x000007c0       0x28 c:/program files/microchip/xc32/v4.10/bin/bin/../../lib/gcc/pic32c/8.3.1/../../../../pic32c/lib/thumb/v7e-m+dp/hard\libc-musl.a(__libc_start_main.o)
 .debug_aranges
                0x000007e8       0x18 c:/program files/microchip/xc32/v4.10/bin/bin/../../lib/gcc/pic32c/8.3.1/../../../../pic32c/lib/thumb/v7e-m+dp/hard\libc-musl.a(libc.o)
 .debug_aranges
                0x00000800       0x20 c:/program files/microchip/xc32/v4.10/bin/bin/../../lib/gcc/pic32c/8.3.1/../../../../pic32c/lib/thumb/v7e-m+dp/hard\libc-musl.a(memcpy.o)
 .debug_aranges
                0x00000820       0x20 c:/program files/microchip/xc32/v4.10/bin/bin/../../lib/gcc/pic32c/8.3.1/../../../../pic32c/lib/thumb/v7e-m+dp/hard\libc-musl.a(memset.o)
 .debug_aranges
                0x00000840       0x20 c:/program files/microchip/xc32/v4.10/bin/bin/../../lib/gcc/pic32c/8.3.1/../../../../pic32c/lib/thumb/v7e-m+dp/hard\libc-musl.a(strlen.o)
 .debug_aranges
                0x00000860       0x20 c:/program files/microchip/xc32/v4.10/bin/bin/../../lib/gcc/pic32c/8.3.1/../../../../pic32c/lib/thumb/v7e-m+dp/hard\libc-musl.a(strcpy.o)
 .debug_aranges
                0x00000880       0x18 c:/program files/microchip/xc32/v4.10/bin/bin/../../lib/gcc/pic32c/8.3.1/../../../../pic32c/lib/thumb/v7e-m+dp/hard\libc-musl.a(__environ.o)
 .debug_aranges
                0x00000898       0x20 c:/program files/microchip/xc32/v4.10/bin/bin/../../lib/gcc/pic32c/8.3.1/../../../../pic32c/lib/thumb/v7e-m+dp/hard\libc-musl.a(stpcpy.o)

.debug_ranges   0x00000000      0x920
 .debug_ranges  0x00000000       0x10 build/sam_v71_xult/production/_ext/1157990217/plib_clk.o
 .debug_ranges  0x00000010       0x90 build/sam_v71_xult/production/_ext/1157988489/plib_efc.o
 .debug_ranges  0x000000a0       0xc0 build/sam_v71_xult/production/_ext/1537669298/plib_mcan1.o
 .debug_ranges  0x00000160       0x10 build/sam_v71_xult/production/_ext/1157980473/plib_mpu.o
 .debug_ranges  0x00000170       0x28 build/sam_v71_xult/production/_ext/1537621011/plib_nvic.o
 .debug_ranges  0x00000198       0x50 build/sam_v71_xult/production/_ext/1157977813/plib_pio.o
 .debug_ranges  0x000001e8       0x80 build/sam_v71_xult/production/_ext/415242918/plib_usart1.o
 .debug_ranges  0x00000268       0x10 build/sam_v71_xult/production/_ext/1320227943/initialization.o
 .debug_ranges  0x00000278       0x10 build/sam_v71_xult/production/_ext/1320227943/interrupts.o
 .debug_ranges  0x00000288       0x38 build/sam_v71_xult/production/_ext/1320227943/exceptions.o
 .debug_ranges  0x000002c0       0x18 build/sam_v71_xult/production/_ext/1320227943/startup_xc32.o
 .debug_ranges  0x000002d8       0x30 build/sam_v71_xult/production/_ext/1320227943/freertos_hooks.o
 .debug_ranges  0x00000308       0x18 build/sam_v71_xult/production/_ext/1320227943/tasks.o
 .debug_ranges  0x00000320       0x68 build/sam_v71_xult/production/_ext/977623654/port.o
 .debug_ranges  0x00000388       0x28 build/sam_v71_xult/production/_ext/1665200909/heap_1.o
 .debug_ranges  0x000003b0       0x30 build/sam_v71_xult/production/_ext/404212886/list.o
 .debug_ranges  0x000003e0      0x190 build/sam_v71_xult/production/_ext/404212886/queue.o
 .debug_ranges  0x00000570      0x288 build/sam_v71_xult/production/_ext/404212886/FreeRTOS_tasks.o
 .debug_ranges  0x000007f8       0x38 build/sam_v71_xult/production/_ext/1522961716/Uart1_FreeRTOS.o
 .debug_ranges  0x00000830       0x10 build/sam_v71_xult/production/_ext/1360937237/main_v71.o
 .debug_ranges  0x00000840       0x40 build/sam_v71_xult/production/_ext/1360937237/tarea_principal.o
 .debug_ranges  0x00000880       0x10 c:/program files/microchip/xc32/v4.10/bin/bin/../../lib/gcc/pic32c/8.3.1/../../../../pic32c/lib/thumb/v7e-m+dp/hard\libpic32c.a(data_init.o)
 .debug_ranges  0x00000890       0x40 c:/program files/microchip/xc32/v4.10/bin/bin/../../lib/gcc/pic32c/8.3.1/../../../../pic32c/lib/thumb/v7e-m+dp/hard\libc-musl.a(__libc_start_main.o)
 .debug_ranges  0x000008d0       0x10 c:/program files/microchip/xc32/v4.10/bin/bin/../../lib/gcc/pic32c/8.3.1/../../../../pic32c/lib/thumb/v7e-m+dp/hard\libc-musl.a(memcpy.o)
 .debug_ranges  0x000008e0       0x10 c:/program files/microchip/xc32/v4.10/bin/bin/../../lib/gcc/pic32c/8.3.1/../../../../pic32c/lib/thumb/v7e-m+dp/hard\libc-musl.a(memset.o)
 .debug_ranges  0x000008f0       0x10 c:/program files/microchip/xc32/v4.10/bin/bin/../../lib/gcc/pic32c/8.3.1/../../../../pic32c/lib/thumb/v7e-m+dp/hard\libc-musl.a(strlen.o)
 .debug_ranges  0x00000900       0x10 c:/program files/microchip/xc32/v4.10/bin/bin/../../lib/gcc/pic32c/8.3.1/../../../../pic32c/lib/thumb/v7e-m+dp/hard\libc-musl.a(strcpy.o)
 .debug_ranges  0x00000910       0x10 c:/program files/microchip/xc32/v4.10/bin/bin/../../lib/gcc/pic32c/8.3.1/../../../../pic32c/lib/thumb/v7e-m+dp/hard\libc-musl.a(stpcpy.o)

.debug_line     0x00000000     0x6712
 .debug_line    0x00000000      0x1cb build/sam_v71_xult/production/_ext/1157990217/plib_clk.o
 .debug_line    0x000001cb      0x421 build/sam_v71_xult/production/_ext/1157988489/plib_efc.o
 .debug_line    0x000005ec      0x98c build/sam_v71_xult/production/_ext/1537669298/plib_mcan1.o
 .debug_line    0x00000f78      0x14a build/sam_v71_xult/production/_ext/1157980473/plib_mpu.o
 .debug_line    0x000010c2      0x32c build/sam_v71_xult/production/_ext/1537621011/plib_nvic.o
 .debug_line    0x000013ee      0x398 build/sam_v71_xult/production/_ext/1157977813/plib_pio.o
 .debug_line    0x00001786      0x67f build/sam_v71_xult/production/_ext/415242918/plib_usart1.o
 .debug_line    0x00001e05      0x27f build/sam_v71_xult/production/_ext/1320227943/initialization.o
 .debug_line    0x00002084       0xbf build/sam_v71_xult/production/_ext/1320227943/interrupts.o
 .debug_line    0x00002143       0xcb build/sam_v71_xult/production/_ext/1320227943/exceptions.o
 .debug_line    0x0000220e      0x48f build/sam_v71_xult/production/_ext/1320227943/startup_xc32.o
 .debug_line    0x0000269d      0x1e3 build/sam_v71_xult/production/_ext/1320227943/freertos_hooks.o
 .debug_line    0x00002880      0x12d build/sam_v71_xult/production/_ext/1320227943/tasks.o
 .debug_line    0x000029ad      0x35f build/sam_v71_xult/production/_ext/977623654/port.o
 .debug_line    0x00002d0c      0x1dd build/sam_v71_xult/production/_ext/1665200909/heap_1.o
 .debug_line    0x00002ee9      0x2d4 build/sam_v71_xult/production/_ext/404212886/list.o
 .debug_line    0x000031bd      0xeef build/sam_v71_xult/production/_ext/404212886/queue.o
 .debug_line    0x000040ac     0x1752 build/sam_v71_xult/production/_ext/404212886/FreeRTOS_tasks.o
 .debug_line    0x000057fe      0x360 build/sam_v71_xult/production/_ext/1522961716/Uart1_FreeRTOS.o
 .debug_line    0x00005b5e       0x76 build/sam_v71_xult/production/_ext/1360937237/main_v71.o
 .debug_line    0x00005bd4      0x239 build/sam_v71_xult/production/_ext/1360937237/tarea_principal.o
 .debug_line    0x00005e0d      0x112 c:/program files/microchip/xc32/v4.10/bin/bin/../../lib/gcc/pic32c/8.3.1/../../../../pic32c/lib/thumb/v7e-m+dp/hard\libpic32c.a(data_init.o)
 .debug_line    0x00005f1f      0x1db c:/program files/microchip/xc32/v4.10/bin/bin/../../lib/gcc/pic32c/8.3.1/../../../../pic32c/lib/thumb/v7e-m+dp/hard\libc-musl.a(__libc_start_main.o)
 .debug_line    0x000060fa       0xbf c:/program files/microchip/xc32/v4.10/bin/bin/../../lib/gcc/pic32c/8.3.1/../../../../pic32c/lib/thumb/v7e-m+dp/hard\libc-musl.a(libc.o)
 .debug_line    0x000061b9       0xf4 c:/program files/microchip/xc32/v4.10/bin/bin/../../lib/gcc/pic32c/8.3.1/../../../../pic32c/lib/thumb/v7e-m+dp/hard\libc-musl.a(memcpy.o)
 .debug_line    0x000062ad       0xec c:/program files/microchip/xc32/v4.10/bin/bin/../../lib/gcc/pic32c/8.3.1/../../../../pic32c/lib/thumb/v7e-m+dp/hard\libc-musl.a(memset.o)
 .debug_line    0x00006399       0xe8 c:/program files/microchip/xc32/v4.10/bin/bin/../../lib/gcc/pic32c/8.3.1/../../../../pic32c/lib/thumb/v7e-m+dp/hard\libc-musl.a(strlen.o)
 .debug_line    0x00006481       0xb7 c:/program files/microchip/xc32/v4.10/bin/bin/../../lib/gcc/pic32c/8.3.1/../../../../pic32c/lib/thumb/v7e-m+dp/hard\libc-musl.a(strcpy.o)
 .debug_line    0x00006538      0x10f c:/program files/microchip/xc32/v4.10/bin/bin/../../lib/gcc/pic32c/8.3.1/../../../../pic32c/lib/thumb/v7e-m+dp/hard\libc-musl.a(__environ.o)
 .debug_line    0x00006647       0xcb c:/program files/microchip/xc32/v4.10/bin/bin/../../lib/gcc/pic32c/8.3.1/../../../../pic32c/lib/thumb/v7e-m+dp/hard\libc-musl.a(stpcpy.o)

.debug_str      0x00000000      0x972
 .debug_str     0x00000000        0x0 build/sam_v71_xult/production/_ext/1157990217/plib_clk.o
 .debug_str     0x00000000       0x14 build/sam_v71_xult/production/_ext/1157988489/plib_efc.o
 .debug_str     0x00000014       0xca build/sam_v71_xult/production/_ext/1537669298/plib_mcan1.o
 .debug_str     0x000000de        0x0 build/sam_v71_xult/production/_ext/1157980473/plib_mpu.o
 .debug_str     0x000000de       0x28 build/sam_v71_xult/production/_ext/1537621011/plib_nvic.o
 .debug_str     0x00000106       0x46 build/sam_v71_xult/production/_ext/1157977813/plib_pio.o
 .debug_str     0x0000014c       0x1c build/sam_v71_xult/production/_ext/415242918/plib_usart1.o
 .debug_str     0x00000168       0x7d build/sam_v71_xult/production/_ext/1320227943/initialization.o
 .debug_str     0x000001e5        0x0 build/sam_v71_xult/production/_ext/1320227943/interrupts.o
 .debug_str     0x000001e5        0x0 build/sam_v71_xult/production/_ext/1320227943/exceptions.o
 .debug_str     0x000001e5       0x3e build/sam_v71_xult/production/_ext/1320227943/startup_xc32.o
 .debug_str     0x00000223       0x25 build/sam_v71_xult/production/_ext/1320227943/freertos_hooks.o
 .debug_str     0x00000248       0x36 build/sam_v71_xult/production/_ext/1320227943/tasks.o
 .debug_str     0x0000027e       0x26 build/sam_v71_xult/production/_ext/977623654/port.o
 .debug_str     0x000002a4       0x3c build/sam_v71_xult/production/_ext/1665200909/heap_1.o
 .debug_str     0x000002e0       0x2b build/sam_v71_xult/production/_ext/404212886/list.o
 .debug_str     0x0000030b      0x293 build/sam_v71_xult/production/_ext/404212886/queue.o
 .debug_str     0x0000059e      0x275 build/sam_v71_xult/production/_ext/404212886/FreeRTOS_tasks.o
 .debug_str     0x00000813       0xca build/sam_v71_xult/production/_ext/1522961716/Uart1_FreeRTOS.o
 .debug_str     0x000008dd       0x19 build/sam_v71_xult/production/_ext/1360937237/main_v71.o
 .debug_str     0x000008f6       0x73 build/sam_v71_xult/production/_ext/1360937237/tarea_principal.o
 .debug_str     0x00000969        0x0 c:/program files/microchip/xc32/v4.10/bin/bin/../../lib/gcc/pic32c/8.3.1/../../../../pic32c/lib/thumb/v7e-m+dp/hard\libpic32c.a(data_init.o)
 .debug_str     0x00000969        0x0 c:/program files/microchip/xc32/v4.10/bin/bin/../../lib/gcc/pic32c/8.3.1/../../../../pic32c/lib/thumb/v7e-m+dp/hard\libc-musl.a(__libc_start_main.o)
 .debug_str     0x00000969        0x0 c:/program files/microchip/xc32/v4.10/bin/bin/../../lib/gcc/pic32c/8.3.1/../../../../pic32c/lib/thumb/v7e-m+dp/hard\libc-musl.a(libc.o)
 .debug_str     0x00000969        0x0 c:/program files/microchip/xc32/v4.10/bin/bin/../../lib/gcc/pic32c/8.3.1/../../../../pic32c/lib/thumb/v7e-m+dp/hard\libc-musl.a(memcpy.o)
 .debug_str     0x00000969        0x0 c:/program files/microchip/xc32/v4.10/bin/bin/../../lib/gcc/pic32c/8.3.1/../../../../pic32c/lib/thumb/v7e-m+dp/hard\libc-musl.a(memset.o)
 .debug_str     0x00000969        0x0 c:/program files/microchip/xc32/v4.10/bin/bin/../../lib/gcc/pic32c/8.3.1/../../../../pic32c/lib/thumb/v7e-m+dp/hard\libc-musl.a(strlen.o)
 .debug_str     0x00000969        0x9 c:/program files/microchip/xc32/v4.10/bin/bin/../../lib/gcc/pic32c/8.3.1/../../../../pic32c/lib/thumb/v7e-m+dp/hard\libc-musl.a(strcpy.o)
 .debug_str     0x00000972        0x0 c:/program files/microchip/xc32/v4.10/bin/bin/../../lib/gcc/pic32c/8.3.1/../../../../pic32c/lib/thumb/v7e-m+dp/hard\libc-musl.a(__environ.o)
 .debug_str     0x00000972        0x0 c:/program files/microchip/xc32/v4.10/bin/bin/../../lib/gcc/pic32c/8.3.1/../../../../pic32c/lib/thumb/v7e-m+dp/hard\libc-musl.a(stpcpy.o)

.debug_frame    0x00000000     0x124c
 .debug_frame   0x00000000       0x20 build/sam_v71_xult/production/_ext/1157990217/plib_clk.o
 .debug_frame   0x00000020       0xec build/sam_v71_xult/production/_ext/1157988489/plib_efc.o
 .debug_frame   0x0000010c      0x20c build/sam_v71_xult/production/_ext/1537669298/plib_mcan1.o
 .debug_frame   0x00000318       0x20 build/sam_v71_xult/production/_ext/1157980473/plib_mpu.o
 .debug_frame   0x00000338       0x50 build/sam_v71_xult/production/_ext/1537621011/plib_nvic.o
 .debug_frame   0x00000388       0xa0 build/sam_v71_xult/production/_ext/1157977813/plib_pio.o
 .debug_frame   0x00000428      0x15c build/sam_v71_xult/production/_ext/415242918/plib_usart1.o
 .debug_frame   0x00000584       0x28 build/sam_v71_xult/production/_ext/1320227943/initialization.o
 .debug_frame   0x000005ac       0x20 build/sam_v71_xult/production/_ext/1320227943/interrupts.o
 .debug_frame   0x000005cc       0x70 build/sam_v71_xult/production/_ext/1320227943/exceptions.o
 .debug_frame   0x0000063c       0x38 build/sam_v71_xult/production/_ext/1320227943/startup_xc32.o
 .debug_frame   0x00000674       0x6c build/sam_v71_xult/production/_ext/1320227943/freertos_hooks.o
 .debug_frame   0x000006e0       0x44 build/sam_v71_xult/production/_ext/1320227943/tasks.o
 .debug_frame   0x00000724       0xe8 build/sam_v71_xult/production/_ext/977623654/port.o
 .debug_frame   0x0000080c       0x5c build/sam_v71_xult/production/_ext/1665200909/heap_1.o
 .debug_frame   0x00000868       0x6c build/sam_v71_xult/production/_ext/404212886/list.o
 .debug_frame   0x000008d4      0x2a8 build/sam_v71_xult/production/_ext/404212886/queue.o
 .debug_frame   0x00000b7c      0x46c build/sam_v71_xult/production/_ext/404212886/FreeRTOS_tasks.o
 .debug_frame   0x00000fe8       0xa8 build/sam_v71_xult/production/_ext/1522961716/Uart1_FreeRTOS.o
 .debug_frame   0x00001090       0x28 build/sam_v71_xult/production/_ext/1360937237/main_v71.o
 .debug_frame   0x000010b8       0x70 build/sam_v71_xult/production/_ext/1360937237/tarea_principal.o
 .debug_frame   0x00001128       0x38 c:/program files/microchip/xc32/v4.10/bin/bin/../../lib/gcc/pic32c/8.3.1/../../../../pic32c/lib/thumb/v7e-m+dp/hard\libpic32c.a(data_init.o)
 .debug_frame   0x00001160       0x3c c:/program files/microchip/xc32/v4.10/bin/bin/../../lib/gcc/pic32c/8.3.1/../../../../pic32c/lib/thumb/v7e-m+dp/hard\libc-musl.a(__libc_start_main.o)
 .debug_frame   0x0000119c       0x28 c:/program files/microchip/xc32/v4.10/bin/bin/../../lib/gcc/pic32c/8.3.1/../../../../pic32c/lib/thumb/v7e-m+dp/hard\libc-musl.a(memcpy.o)
 .debug_frame   0x000011c4       0x20 c:/program files/microchip/xc32/v4.10/bin/bin/../../lib/gcc/pic32c/8.3.1/../../../../pic32c/lib/thumb/v7e-m+dp/hard\libc-musl.a(memset.o)
 .debug_frame   0x000011e4       0x20 c:/program files/microchip/xc32/v4.10/bin/bin/../../lib/gcc/pic32c/8.3.1/../../../../pic32c/lib/thumb/v7e-m+dp/hard\libc-musl.a(strlen.o)
 .debug_frame   0x00001204       0x28 c:/program files/microchip/xc32/v4.10/bin/bin/../../lib/gcc/pic32c/8.3.1/../../../../pic32c/lib/thumb/v7e-m+dp/hard\libc-musl.a(strcpy.o)
 .debug_frame   0x0000122c       0x20 c:/program files/microchip/xc32/v4.10/bin/bin/../../lib/gcc/pic32c/8.3.1/../../../../pic32c/lib/thumb/v7e-m+dp/hard\libc-musl.a(stpcpy.o)

.debug_loc      0x00000000     0x5c2e
 .debug_loc     0x00000000      0x51b build/sam_v71_xult/production/_ext/1157988489/plib_efc.o
 .debug_loc     0x0000051b      0xbb0 build/sam_v71_xult/production/_ext/1537669298/plib_mcan1.o
 .debug_loc     0x000010cb      0x126 build/sam_v71_xult/production/_ext/1537621011/plib_nvic.o
 .debug_loc     0x000011f1       0x94 build/sam_v71_xult/production/_ext/1157977813/plib_pio.o
 .debug_loc     0x00001285      0x62c build/sam_v71_xult/production/_ext/415242918/plib_usart1.o
 .debug_loc     0x000018b1       0x45 build/sam_v71_xult/production/_ext/1320227943/initialization.o
 .debug_loc     0x000018f6       0xa7 build/sam_v71_xult/production/_ext/1320227943/startup_xc32.o
 .debug_loc     0x0000199d       0x82 build/sam_v71_xult/production/_ext/1320227943/freertos_hooks.o
 .debug_loc     0x00001a1f       0x7d build/sam_v71_xult/production/_ext/1320227943/tasks.o
 .debug_loc     0x00001a9c      0x13a build/sam_v71_xult/production/_ext/977623654/port.o
 .debug_loc     0x00001bd6       0x80 build/sam_v71_xult/production/_ext/1665200909/heap_1.o
 .debug_loc     0x00001c56       0xbf build/sam_v71_xult/production/_ext/404212886/list.o
 .debug_loc     0x00001d15     0x181c build/sam_v71_xult/production/_ext/404212886/queue.o
 .debug_loc     0x00003531     0x211d build/sam_v71_xult/production/_ext/404212886/FreeRTOS_tasks.o
 .debug_loc     0x0000564e      0x267 build/sam_v71_xult/production/_ext/1522961716/Uart1_FreeRTOS.o
 .debug_loc     0x000058b5       0x20 build/sam_v71_xult/production/_ext/1360937237/main_v71.o
 .debug_loc     0x000058d5       0xd6 build/sam_v71_xult/production/_ext/1360937237/tarea_principal.o
 .debug_loc     0x000059ab       0x14 c:/program files/microchip/xc32/v4.10/bin/bin/../../lib/gcc/pic32c/8.3.1/../../../../pic32c/lib/thumb/v7e-m+dp/hard\libpic32c.a(data_init.o)
 .debug_loc     0x000059bf       0x51 c:/program files/microchip/xc32/v4.10/bin/bin/../../lib/gcc/pic32c/8.3.1/../../../../pic32c/lib/thumb/v7e-m+dp/hard\libc-musl.a(__libc_start_main.o)
 .debug_loc     0x00005a10       0xba c:/program files/microchip/xc32/v4.10/bin/bin/../../lib/gcc/pic32c/8.3.1/../../../../pic32c/lib/thumb/v7e-m+dp/hard\libc-musl.a(memcpy.o)
 .debug_loc     0x00005aca       0x56 c:/program files/microchip/xc32/v4.10/bin/bin/../../lib/gcc/pic32c/8.3.1/../../../../pic32c/lib/thumb/v7e-m+dp/hard\libc-musl.a(memset.o)
 .debug_loc     0x00005b20       0x47 c:/program files/microchip/xc32/v4.10/bin/bin/../../lib/gcc/pic32c/8.3.1/../../../../pic32c/lib/thumb/v7e-m+dp/hard\libc-musl.a(strlen.o)
 .debug_loc     0x00005b67       0x67 c:/program files/microchip/xc32/v4.10/bin/bin/../../lib/gcc/pic32c/8.3.1/../../../../pic32c/lib/thumb/v7e-m+dp/hard\libc-musl.a(strcpy.o)
 .debug_loc     0x00005bce       0x60 c:/program files/microchip/xc32/v4.10/bin/bin/../../lib/gcc/pic32c/8.3.1/../../../../pic32c/lib/thumb/v7e-m+dp/hard\libc-musl.a(stpcpy.o)

.note.GNU-stack
                0x00000000        0x0
 .note.GNU-stack
                0x00000000        0x0 c:/program files/microchip/xc32/v4.10/bin/bin/../../lib/gcc/pic32c/8.3.1/../../../../pic32c/lib/thumb/v7e-m+dp/hard\libc-musl.a(__libc_start_main.o)
 .note.GNU-stack
                0x00000000        0x0 c:/program files/microchip/xc32/v4.10/bin/bin/../../lib/gcc/pic32c/8.3.1/../../../../pic32c/lib/thumb/v7e-m+dp/hard\libc-musl.a(libc.o)
 .note.GNU-stack
                0x00000000        0x0 c:/program files/microchip/xc32/v4.10/bin/bin/../../lib/gcc/pic32c/8.3.1/../../../../pic32c/lib/thumb/v7e-m+dp/hard\libc-musl.a(memcpy.o)
 .note.GNU-stack
                0x00000000        0x0 c:/program files/microchip/xc32/v4.10/bin/bin/../../lib/gcc/pic32c/8.3.1/../../../../pic32c/lib/thumb/v7e-m+dp/hard\libc-musl.a(memset.o)
 .note.GNU-stack
                0x00000000        0x0 c:/program files/microchip/xc32/v4.10/bin/bin/../../lib/gcc/pic32c/8.3.1/../../../../pic32c/lib/thumb/v7e-m+dp/hard\libc-musl.a(strlen.o)
 .note.GNU-stack
                0x00000000        0x0 c:/program files/microchip/xc32/v4.10/bin/bin/../../lib/gcc/pic32c/8.3.1/../../../../pic32c/lib/thumb/v7e-m+dp/hard\libc-musl.a(strcpy.o)
 .note.GNU-stack
                0x00000000        0x0 c:/program files/microchip/xc32/v4.10/bin/bin/../../lib/gcc/pic32c/8.3.1/../../../../pic32c/lib/thumb/v7e-m+dp/hard\libc-musl.a(__environ.o)
 .note.GNU-stack
                0x00000000        0x0 c:/program files/microchip/xc32/v4.10/bin/bin/../../lib/gcc/pic32c/8.3.1/../../../../pic32c/lib/thumb/v7e-m+dp/hard\libc-musl.a(stpcpy.o)

.stack          0x2040a440      0x100
 .stack         0x2040a440      0x100 stack

.bss.ucHeap%1   0x20400000     0xa000
 .bss.ucHeap    0x20400000     0xa000 build/sam_v71_xult/production/_ext/1665200909/heap_1.o

.bss.pxReadyTasksLists%2
                0x2040a000       0x64
 .bss.pxReadyTasksLists
                0x2040a000       0x64 build/sam_v71_xult/production/_ext/404212886/FreeRTOS_tasks.o

.bss%3          0x2040a064       0x50
 .bss           0x2040a064       0x50 c:/program files/microchip/xc32/v4.10/bin/bin/../../lib/gcc/pic32c/8.3.1/../../../../pic32c/lib/thumb/v7e-m+dp/hard\libc-musl.a(libc.o)
                0x2040a064                __progname_full
                0x2040a064                program_invocation_name
                0x2040a068                program_invocation_short_name
                0x2040a068                __progname
                0x2040a06c                __sysinfo
                0x2040a070                __hwcap
                0x2040a074                __libc

.bss.usart1Obj%4
                0x2040a0b4       0x30
 .bss.usart1Obj
                0x2040a0b4       0x30 build/sam_v71_xult/production/_ext/415242918/plib_usart1.o
                0x2040a0b4                usart1Obj

.bss%5          0x2040a0e4       0x1c
 .bss           0x2040a0e4       0x1c c:/program files/microchip/xc32/v4.10/bin/bin/../../lib/gcc/pic32c/8.3.1/thumb/v7e-m+dp/hard/crtbegin.o

.bss.mcan1Obj%6
                0x2040a100       0x1c
 .bss.mcan1Obj  0x2040a100       0x1c build/sam_v71_xult/production/_ext/1537669298/plib_mcan1.o

.bss.xDelayedTaskList1%7
                0x2040a11c       0x14
 .bss.xDelayedTaskList1
                0x2040a11c       0x14 build/sam_v71_xult/production/_ext/404212886/FreeRTOS_tasks.o

.bss.xDelayedTaskList2%8
                0x2040a130       0x14
 .bss.xDelayedTaskList2
                0x2040a130       0x14 build/sam_v71_xult/production/_ext/404212886/FreeRTOS_tasks.o

.bss.xPendingReadyList%9
                0x2040a144       0x14
 .bss.xPendingReadyList
                0x2040a144       0x14 build/sam_v71_xult/production/_ext/404212886/FreeRTOS_tasks.o

.bss.xSuspendedTaskList%10
                0x2040a158       0x14
 .bss.xSuspendedTaskList
                0x2040a158       0x14 build/sam_v71_xult/production/_ext/404212886/FreeRTOS_tasks.o

.bss.xTasksWaitingTermination%11
                0x2040a16c       0x14
 .bss.xTasksWaitingTermination
                0x2040a16c       0x14 build/sam_v71_xult/production/_ext/404212886/FreeRTOS_tasks.o

.bss.mcan1RxFifoCallbackObj%12
                0x2040a180       0x10
 .bss.mcan1RxFifoCallbackObj
                0x2040a180       0x10 build/sam_v71_xult/production/_ext/1537669298/plib_mcan1.o

.bss.receiveBuffer%13
                0x2040a190        0xa
 .bss.receiveBuffer
                0x2040a190        0xa build/sam_v71_xult/production/_ext/1522961716/Uart1_FreeRTOS.o
                0x2040a190                receiveBuffer

.bss.mcan1CallbackObj%14
                0x2040a19c        0x8
 .bss.mcan1CallbackObj
                0x2040a19c        0x8 build/sam_v71_xult/production/_ext/1537669298/plib_mcan1.o

.bss.mcan1RxBufferCallbackObj%15
                0x2040a1a4        0x8
 .bss.mcan1RxBufferCallbackObj
                0x2040a1a4        0x8 build/sam_v71_xult/production/_ext/1537669298/plib_mcan1.o

.bss.mcan1TxEventFifoCallbackObj%16
                0x2040a1ac        0x8
 .bss.mcan1TxEventFifoCallbackObj
                0x2040a1ac        0x8 build/sam_v71_xult/production/_ext/1537669298/plib_mcan1.o

.bss.mcan1TxFifoCallbackObj%17
                0x2040a1b4        0x8
 .bss.mcan1TxFifoCallbackObj
                0x2040a1b4        0x8 build/sam_v71_xult/production/_ext/1537669298/plib_mcan1.o

.bss.cmd.7928%18
                0x2040a1bc        0x4
 .bss.cmd.7928  0x2040a1bc        0x4 build/sam_v71_xult/production/_ext/1320227943/startup_xc32.o

.bss.xTAREA_PRINCIPAL_Tasks%19
                0x2040a1c0        0x4
 .bss.xTAREA_PRINCIPAL_Tasks
                0x2040a1c0        0x4 build/sam_v71_xult/production/_ext/1320227943/tasks.o
                0x2040a1c0                xTAREA_PRINCIPAL_Tasks

.data.uxCriticalNesting%20
                0x2040a1c4        0x4
 .data.uxCriticalNesting
                0x2040a1c4        0x4 build/sam_v71_xult/production/_ext/977623654/port.o

.bss.pucAlignedHeap.6167%21
                0x2040a1c8        0x4
 .bss.pucAlignedHeap.6167
                0x2040a1c8        0x4 build/sam_v71_xult/production/_ext/1665200909/heap_1.o

.bss.xNextFreeByte%22
                0x2040a1cc        0x4
 .bss.xNextFreeByte
                0x2040a1cc        0x4 build/sam_v71_xult/production/_ext/1665200909/heap_1.o

.bss.pxCurrentTCB%23
                0x2040a1d0        0x4
 .bss.pxCurrentTCB
                0x2040a1d0        0x4 build/sam_v71_xult/production/_ext/404212886/FreeRTOS_tasks.o
                0x2040a1d0                pxCurrentTCB

.bss.pxDelayedTaskList%24
                0x2040a1d4        0x4
 .bss.pxDelayedTaskList
                0x2040a1d4        0x4 build/sam_v71_xult/production/_ext/404212886/FreeRTOS_tasks.o

.bss.pxOverflowDelayedTaskList%25
                0x2040a1d8        0x4
 .bss.pxOverflowDelayedTaskList
                0x2040a1d8        0x4 build/sam_v71_xult/production/_ext/404212886/FreeRTOS_tasks.o

.bss.uxCurrentNumberOfTasks%26
                0x2040a1dc        0x4
 .bss.uxCurrentNumberOfTasks
                0x2040a1dc        0x4 build/sam_v71_xult/production/_ext/404212886/FreeRTOS_tasks.o

.bss.uxDeletedTasksWaitingCleanUp%27
                0x2040a1e0        0x4
 .bss.uxDeletedTasksWaitingCleanUp
                0x2040a1e0        0x4 build/sam_v71_xult/production/_ext/404212886/FreeRTOS_tasks.o

.bss.uxSchedulerSuspended%28
                0x2040a1e4        0x4
 .bss.uxSchedulerSuspended
                0x2040a1e4        0x4 build/sam_v71_xult/production/_ext/404212886/FreeRTOS_tasks.o

.bss.uxTaskNumber%29
                0x2040a1e8        0x4
 .bss.uxTaskNumber
                0x2040a1e8        0x4 build/sam_v71_xult/production/_ext/404212886/FreeRTOS_tasks.o

.bss.uxTopReadyPriority%30
                0x2040a1ec        0x4
 .bss.uxTopReadyPriority
                0x2040a1ec        0x4 build/sam_v71_xult/production/_ext/404212886/FreeRTOS_tasks.o

.bss.xIdleTaskHandle%31
                0x2040a1f0        0x4
 .bss.xIdleTaskHandle
                0x2040a1f0        0x4 build/sam_v71_xult/production/_ext/404212886/FreeRTOS_tasks.o

.bss.xNextTaskUnblockTime%32
                0x2040a1f4        0x4
 .bss.xNextTaskUnblockTime
                0x2040a1f4        0x4 build/sam_v71_xult/production/_ext/404212886/FreeRTOS_tasks.o

.bss.xNumOfOverflows%33
                0x2040a1f8        0x4
 .bss.xNumOfOverflows
                0x2040a1f8        0x4 build/sam_v71_xult/production/_ext/404212886/FreeRTOS_tasks.o

.bss.xPendedTicks%34
                0x2040a1fc        0x4
 .bss.xPendedTicks
                0x2040a1fc        0x4 build/sam_v71_xult/production/_ext/404212886/FreeRTOS_tasks.o

.bss.xSchedulerRunning%35
                0x2040a200        0x4
 .bss.xSchedulerRunning
                0x2040a200        0x4 build/sam_v71_xult/production/_ext/404212886/FreeRTOS_tasks.o

.bss.xTickCount%36
                0x2040a204        0x4
 .bss.xTickCount
                0x2040a204        0x4 build/sam_v71_xult/production/_ext/404212886/FreeRTOS_tasks.o

.bss.xYieldPending%37
                0x2040a208        0x4
 .bss.xYieldPending
                0x2040a208        0x4 build/sam_v71_xult/production/_ext/404212886/FreeRTOS_tasks.o

.bss.Semaforo_uart%38
                0x2040a20c        0x4
 .bss.Semaforo_uart
                0x2040a20c        0x4 build/sam_v71_xult/production/_ext/1522961716/Uart1_FreeRTOS.o

.bss.xTAREA_Can1%39
                0x2040a210        0x4
 .bss.xTAREA_Can1
                0x2040a210        0x4 build/sam_v71_xult/production/_ext/1360937237/tarea_principal.o
                0x2040a210                xTAREA_Can1

.bss.xTAREA_Can2%40
                0x2040a214        0x4
 .bss.xTAREA_Can2
                0x2040a214        0x4 build/sam_v71_xult/production/_ext/1360937237/tarea_principal.o
                0x2040a214                xTAREA_Can2

.bss%41         0x2040a218        0x8
 .bss           0x2040a218        0x4 c:/program files/microchip/xc32/v4.10/bin/bin/../../lib/gcc/pic32c/8.3.1/../../../../pic32c/lib/thumb/v7e-m+dp/hard\libpic32c.a(data_init.o)
 .bss           0x2040a21c        0x4 c:/program files/microchip/xc32/v4.10/bin/bin/../../lib/gcc/pic32c/8.3.1/../../../../pic32c/lib/thumb/v7e-m+dp/hard\libc-musl.a(__environ.o)
                0x2040a21c                __environ
                0x2040a21c                environ
                0x2040a21c                ___environ
                0x2040a21c                _environ

.bss.tarea_principalData%43
                0x2040a220        0x1
 .bss.tarea_principalData
                0x2040a220        0x1 build/sam_v71_xult/production/_ext/1360937237/tarea_principal.o
                0x2040a220                tarea_principalData

.bss.errorStatus%44
                0x2040a19a        0x1
 .bss.errorStatus
                0x2040a19a        0x1 build/sam_v71_xult/production/_ext/1522961716/Uart1_FreeRTOS.o
                0x2040a19a                errorStatus

.bss.readStatus%45
                0x2040a19b        0x1
 .bss.readStatus
                0x2040a19b        0x1 build/sam_v71_xult/production/_ext/1522961716/Uart1_FreeRTOS.o
                0x2040a19b                readStatus

.bss.writeStatus%46
                0x2040a221        0x1
 .bss.writeStatus
                0x2040a221        0x1 build/sam_v71_xult/production/_ext/1522961716/Uart1_FreeRTOS.o
                0x2040a221                writeStatus

.eh_frame%z1    0x00000000        0x0
 .eh_frame      0x00000000        0x0 c:/program files/microchip/xc32/v4.10/bin/bin/../../lib/gcc/pic32c/8.3.1/thumb/v7e-m+dp/hard/crtbegin.o

.config_D0000000.__config_D0000000%47
                0xd0000000        0x4
 .config_D0000000.__config_D0000000
                0xd0000000        0x4 build/sam_v71_xult/production/_ext/1320227943/initialization.o
                0xd0000000                __config_D0000000

.dinit%48       0x00400188      0x240
 .dinit         0x00400188      0x240 data_init

.text.xTaskCreate%49
                0x004003c8      0x1e4
 .text.xTaskCreate
                0x004003c8      0x1e4 build/sam_v71_xult/production/_ext/404212886/FreeRTOS_tasks.o
                0x004003c8                xTaskCreate

.text.Reset_Handler%50
                0x004005ac      0x17c
 .text.Reset_Handler
                0x004005ac      0x17c build/sam_v71_xult/production/_ext/1320227943/startup_xc32.o
                0x004005ac                Reset_Handler

.text.xQueueSemaphoreTake%51
                0x00400728      0x158
 .text.xQueueSemaphoreTake
                0x00400728      0x158 build/sam_v71_xult/production/_ext/404212886/queue.o
                0x00400728                xQueueSemaphoreTake

.text.USART1_InterruptHandler%52
                0x00400880      0x12c
 .text.USART1_InterruptHandler
                0x00400880      0x12c build/sam_v71_xult/production/_ext/415242918/plib_usart1.o
                0x00400880                USART1_InterruptHandler

.text.xQueueGenericSend%53
                0x004009ac      0x128
 .text.xQueueGenericSend
                0x004009ac      0x128 build/sam_v71_xult/production/_ext/404212886/queue.o
                0x004009ac                xQueueGenericSend

.text.xTaskIncrementTick%54
                0x00400ad4      0x114
 .text.xTaskIncrementTick
                0x00400ad4      0x114 build/sam_v71_xult/production/_ext/404212886/FreeRTOS_tasks.o
                0x00400ad4                xTaskIncrementTick

.text.MCAN1_INT0_InterruptHandler%55
                0x00400be8       0xe4
 .text.MCAN1_INT0_InterruptHandler
                0x00400be8       0xe4 build/sam_v71_xult/production/_ext/1537669298/plib_mcan1.o
                0x00400be8                MCAN1_INT0_InterruptHandler

.text.xTaskResumeAll%56
                0x00400ccc       0xe4
 .text.xTaskResumeAll
                0x00400ccc       0xe4 build/sam_v71_xult/production/_ext/404212886/FreeRTOS_tasks.o
                0x00400ccc                xTaskResumeAll

.text.PIO_Initialize%57
                0x00400db0       0xd0
 .text.PIO_Initialize
                0x00400db0       0xd0 build/sam_v71_xult/production/_ext/1157977813/plib_pio.o
                0x00400db0                PIO_Initialize

.text.vTaskDelete%58
                0x00400e80       0xcc
 .text.vTaskDelete
                0x00400e80       0xcc build/sam_v71_xult/production/_ext/404212886/FreeRTOS_tasks.o
                0x00400e80                vTaskDelete

.text.vTaskSwitchContext%59
                0x00400f4c       0xa8
 .text.vTaskSwitchContext
                0x00400f4c       0xa8 build/sam_v71_xult/production/_ext/404212886/FreeRTOS_tasks.o
                0x00400f4c                vTaskSwitchContext

.text.xTaskPriorityInherit%60
                0x00400ff4       0xa8
 .text.xTaskPriorityInherit
                0x00400ff4       0xa8 build/sam_v71_xult/production/_ext/404212886/FreeRTOS_tasks.o
                0x00400ff4                xTaskPriorityInherit

.text.MCAN1_Initialize%61
                0x0040109c       0x9c
 .text.MCAN1_Initialize
                0x0040109c       0x9c build/sam_v71_xult/production/_ext/1537669298/plib_mcan1.o
                0x0040109c                MCAN1_Initialize

.text.Uart1_leer_x_bytes%62
                0x00401138       0x9c
 .text.Uart1_leer_x_bytes
                0x00401138       0x9c build/sam_v71_xult/production/_ext/1522961716/Uart1_FreeRTOS.o
                0x00401138                Uart1_leer_x_bytes

.text.prvAddCurrentTaskToDelayedList%63
                0x004011d4       0x94
 .text.prvAddCurrentTaskToDelayedList
                0x004011d4       0x94 build/sam_v71_xult/production/_ext/404212886/FreeRTOS_tasks.o

.text.CLOCK_Initialize%64
                0x00401268       0x8c
 .text.CLOCK_Initialize
                0x00401268       0x8c build/sam_v71_xult/production/_ext/1157990217/plib_clk.o
                0x00401268                CLOCK_Initialize

.text.TAREA_PRINCIPAL_Tasks%65
                0x004012f4       0x88
 .text.TAREA_PRINCIPAL_Tasks
                0x004012f4       0x88 build/sam_v71_xult/production/_ext/1360937237/tarea_principal.o
                0x004012f4                TAREA_PRINCIPAL_Tasks

.text.__pic32c_data_initialization%66
                0x0040137c       0x88
 .text.__pic32c_data_initialization
                0x0040137c       0x88 c:/program files/microchip/xc32/v4.10/bin/bin/../../lib/gcc/pic32c/8.3.1/../../../../pic32c/lib/thumb/v7e-m+dp/hard\libpic32c.a(data_init.o)
                0x0040137c                __pic32c_data_initialization

.text.vTaskPriorityDisinheritAfterTimeout%67
                0x00401404       0x80
 .text.vTaskPriorityDisinheritAfterTimeout
                0x00401404       0x80 build/sam_v71_xult/production/_ext/404212886/FreeRTOS_tasks.o
                0x00401404                vTaskPriorityDisinheritAfterTimeout

.text.prvUnlockQueue%68
                0x00401484       0x7e
 .text.prvUnlockQueue
                0x00401484       0x7e build/sam_v71_xult/production/_ext/404212886/queue.o

.text.xTaskPriorityDisinherit%69
                0x00401504       0x7c
 .text.xTaskPriorityDisinherit
                0x00401504       0x7c build/sam_v71_xult/production/_ext/404212886/FreeRTOS_tasks.o
                0x00401504                xTaskPriorityDisinherit

.rodata%70      0x00401580       0x7c
 .rodata        0x00401580       0x7c build/sam_v71_xult/production/_ext/1360937237/tarea_principal.o

.text.xTaskRemoveFromEventList%71
                0x004015fc       0x78
 .text.xTaskRemoveFromEventList
                0x004015fc       0x78 build/sam_v71_xult/production/_ext/404212886/FreeRTOS_tasks.o
                0x004015fc                xTaskRemoveFromEventList

.text.prvCopyDataToQueue%72
                0x00401674       0x72
 .text.prvCopyDataToQueue
                0x00401674       0x72 build/sam_v71_xult/production/_ext/404212886/queue.o

.text.USART1_Write%73
                0x004016e8       0x70
 .text.USART1_Write
                0x004016e8       0x70 build/sam_v71_xult/production/_ext/415242918/plib_usart1.o
                0x004016e8                USART1_Write

.text.xQueueGenericReset%74
                0x00401758       0x70
 .text.xQueueGenericReset
                0x00401758       0x70 build/sam_v71_xult/production/_ext/404212886/queue.o
                0x00401758                xQueueGenericReset

.text.prvIdleTask%75
                0x004017c8       0x70
 .text.prvIdleTask
                0x004017c8       0x70 build/sam_v71_xult/production/_ext/404212886/FreeRTOS_tasks.o

.text.pvPortMalloc%76
                0x00401838       0x6c
 .text.pvPortMalloc
                0x00401838       0x6c build/sam_v71_xult/production/_ext/1665200909/heap_1.o
                0x00401838                pvPortMalloc

.text.vTaskStartScheduler%77
                0x004018a4       0x68
 .text.vTaskStartScheduler
                0x004018a4       0x68 build/sam_v71_xult/production/_ext/404212886/FreeRTOS_tasks.o
                0x004018a4                vTaskStartScheduler

.text.xPortPendSVHandler%78
                0x00401910       0x64
 .text.xPortPendSVHandler
                0x00401910       0x64 build/sam_v71_xult/production/_ext/977623654/port.o
                0x00401910                xPortPendSVHandler

.text.xTaskCheckForTimeOut%79
                0x00401974       0x5c
 .text.xTaskCheckForTimeOut
                0x00401974       0x5c build/sam_v71_xult/production/_ext/404212886/FreeRTOS_tasks.o
                0x00401974                xTaskCheckForTimeOut

.text.__libc_start_init%80
                0x004019d0       0x5c
 .text.__libc_start_init
                0x004019d0       0x5c c:/program files/microchip/xc32/v4.10/bin/bin/../../lib/gcc/pic32c/8.3.1/../../../../pic32c/lib/thumb/v7e-m+dp/hard\libc-musl.a(__libc_start_main.o)
                0x004019d0                __libc_init_array

.text.NVIC_Initialize%81
                0x00401a2c       0x58
 .text.NVIC_Initialize
                0x00401a2c       0x58 build/sam_v71_xult/production/_ext/1537621011/plib_nvic.o
                0x00401a2c                NVIC_Initialize

.text.Uart1_FreeRTOS_Config%82
                0x00401a84       0x50
 .text.Uart1_FreeRTOS_Config
                0x00401a84       0x50 build/sam_v71_xult/production/_ext/1522961716/Uart1_FreeRTOS.o
                0x00401a84                Uart1_FreeRTOS_Config

.text.xPortStartScheduler%83
                0x00401ad4       0x48
 .text.xPortStartScheduler
                0x00401ad4       0x48 build/sam_v71_xult/production/_ext/977623654/port.o
                0x00401ad4                xPortStartScheduler

.text%84        0x00401b1c       0x40
 .text          0x00401b1c       0x40 c:/program files/microchip/xc32/v4.10/bin/bin/../../lib/gcc/pic32c/8.3.1/thumb/v7e-m+dp/hard/crtbegin.o

.text.USART1_Initialize%85
                0x00401b5c       0x40
 .text.USART1_Initialize
                0x00401b5c       0x40 build/sam_v71_xult/production/_ext/415242918/plib_usart1.o
                0x00401b5c                USART1_Initialize

.text.USART1_Read%86
                0x00401b9c       0x40
 .text.USART1_Read
                0x00401b9c       0x40 build/sam_v71_xult/production/_ext/415242918/plib_usart1.o
                0x00401b9c                USART1_Read

.text.Uart1_println%87
                0x00401bdc       0x3c
 .text.Uart1_println
                0x00401bdc       0x3c build/sam_v71_xult/production/_ext/1522961716/Uart1_FreeRTOS.o
                0x00401bdc                Uart1_println

.rodata%88      0x00401c18       0x3c
 .rodata        0x00401c18       0x3c build/sam_v71_xult/production/_ext/1522961716/Uart1_FreeRTOS.o

.text.MPU_Initialize%89
                0x00401c54       0x38
 .text.MPU_Initialize
                0x00401c54       0x38 build/sam_v71_xult/production/_ext/1157980473/plib_mpu.o
                0x00401c54                MPU_Initialize

.text.vListInsert%90
                0x00401c8c       0x34
 .text.vListInsert
                0x00401c8c       0x34 build/sam_v71_xult/production/_ext/404212886/list.o
                0x00401c8c                vListInsert

.text.vTaskDelay%91
                0x00401cc0       0x34
 .text.vTaskDelay
                0x00401cc0       0x34 build/sam_v71_xult/production/_ext/404212886/FreeRTOS_tasks.o
                0x00401cc0                vTaskDelay

.text.SYS_Initialize%92
                0x00401cf4       0x30
 .text.SYS_Initialize
                0x00401cf4       0x30 build/sam_v71_xult/production/_ext/1320227943/initialization.o
                0x00401cf4                SYS_Initialize

.text.SYS_Tasks%93
                0x00401d24       0x30
 .text.SYS_Tasks
                0x00401d24       0x30 build/sam_v71_xult/production/_ext/1320227943/tasks.o
                0x00401d24                SYS_Tasks

.text.xPortSysTickHandler%94
                0x00401d54       0x30
 .text.xPortSysTickHandler
                0x00401d54       0x30 build/sam_v71_xult/production/_ext/977623654/port.o
                0x00401d54                xPortSysTickHandler

.text.xQueueGenericCreate%95
                0x00401d84       0x30
 .text.xQueueGenericCreate
                0x00401d84       0x30 build/sam_v71_xult/production/_ext/404212886/queue.o
                0x00401d84                xQueueGenericCreate

.text.Uart1_print%96
                0x00401db4       0x30
 .text.Uart1_print
                0x00401db4       0x30 build/sam_v71_xult/production/_ext/1522961716/Uart1_FreeRTOS.o
                0x00401db4                Uart1_print

.text.USART1_ErrorClear%97
                0x00401de4       0x2c
 .text.USART1_ErrorClear
                0x00401de4       0x2c build/sam_v71_xult/production/_ext/415242918/plib_usart1.o

.text.pxPortInitialiseStack%98
                0x00401e10       0x2c
 .text.pxPortInitialiseStack
                0x00401e10       0x2c build/sam_v71_xult/production/_ext/977623654/port.o
                0x00401e10                pxPortInitialiseStack

.text.prvResetNextTaskUnblockTime%99
                0x00401e3c       0x2c
 .text.prvResetNextTaskUnblockTime
                0x00401e3c       0x2c build/sam_v71_xult/production/_ext/404212886/FreeRTOS_tasks.o

.text.APP_ReadCallback%100
                0x00401e68       0x2c
 .text.APP_ReadCallback
                0x00401e68       0x2c build/sam_v71_xult/production/_ext/1522961716/Uart1_FreeRTOS.o
                0x00401e68                APP_ReadCallback

.text.prvPortStartFirstTask%101
                0x00401e94       0x28
 .text.prvPortStartFirstTask
                0x00401e94       0x28 build/sam_v71_xult/production/_ext/977623654/port.o

.text.vPortSetupTimerInterrupt%102
                0x00401ebc       0x28
 .text.vPortSetupTimerInterrupt
                0x00401ebc       0x28 build/sam_v71_xult/production/_ext/977623654/port.o
                0x00401ebc                vPortSetupTimerInterrupt

.text.uxListRemove%103
                0x00401ee4       0x26
 .text.uxListRemove
                0x00401ee4       0x26 build/sam_v71_xult/production/_ext/404212886/list.o
                0x00401ee4                uxListRemove

.text.prvTaskExitError%104
                0x00401f0a       0x24
 .text.prvTaskExitError
                0x00401f0a       0x24 build/sam_v71_xult/production/_ext/977623654/port.o

.text.vPortSVCHandler%105
                0x00401f30       0x24
 .text.vPortSVCHandler
                0x00401f30       0x24 build/sam_v71_xult/production/_ext/977623654/port.o
                0x00401f30                vPortSVCHandler

.text.vPortEnterCritical%106
                0x00401f54       0x24
 .text.vPortEnterCritical
                0x00401f54       0x24 build/sam_v71_xult/production/_ext/977623654/port.o
                0x00401f54                vPortEnterCritical

.text.xQueueCreateMutex%107
                0x00401f78       0x24
 .text.xQueueCreateMutex
                0x00401f78       0x24 build/sam_v71_xult/production/_ext/404212886/queue.o
                0x00401f78                xQueueCreateMutex

.text.TAREA_Can1%108
                0x00401f9c       0x24
 .text.TAREA_Can1
                0x00401f9c       0x24 build/sam_v71_xult/production/_ext/1360937237/tarea_principal.o
                0x00401f9c                TAREA_Can1

.text.TAREA_Can2%109
                0x00401fc0       0x24
 .text.TAREA_Can2
                0x00401fc0       0x24 build/sam_v71_xult/production/_ext/1360937237/tarea_principal.o
                0x00401fc0                TAREA_Can2

.text.vTaskPlaceOnEventList%110
                0x00401fe4       0x1c
 .text.vTaskPlaceOnEventList
                0x00401fe4       0x1c build/sam_v71_xult/production/_ext/404212886/FreeRTOS_tasks.o
                0x00401fe4                vTaskPlaceOnEventList

.text.pvTaskIncrementMutexHeldCount%111
                0x00402000       0x1c
 .text.pvTaskIncrementMutexHeldCount
                0x00402000       0x1c build/sam_v71_xult/production/_ext/404212886/FreeRTOS_tasks.o
                0x00402000                pvTaskIncrementMutexHeldCount

.text.TAREA_PRINCIPAL_Initialize%112
                0x0040201c       0x1c
 .text.TAREA_PRINCIPAL_Initialize
                0x0040201c       0x1c build/sam_v71_xult/production/_ext/1360937237/tarea_principal.o
                0x0040201c                TAREA_PRINCIPAL_Initialize

.rodata%113     0x00402038       0x18
 .rodata        0x00402038       0x18 build/sam_v71_xult/production/_ext/1320227943/tasks.o

.text.vTaskInternalSetTimeOutState%114
                0x00402050       0x18
 .text.vTaskInternalSetTimeOutState
                0x00402050       0x18 build/sam_v71_xult/production/_ext/404212886/FreeRTOS_tasks.o
                0x00402050                vTaskInternalSetTimeOutState

.text.vApplicationStackOverflowHook%115
                0x00402068       0x16
 .text.vApplicationStackOverflowHook
                0x00402068       0x16 build/sam_v71_xult/production/_ext/1320227943/freertos_hooks.o
                0x00402068                vApplicationStackOverflowHook

.text.vApplicationMallocFailedHook%116
                0x0040207e       0x16
 .text.vApplicationMallocFailedHook
                0x0040207e       0x16 build/sam_v71_xult/production/_ext/1320227943/freertos_hooks.o
                0x0040207e                vApplicationMallocFailedHook

.text.vListInitialise%117
                0x00402094       0x16
 .text.vListInitialise
                0x00402094       0x16 build/sam_v71_xult/production/_ext/404212886/list.o
                0x00402094                vListInitialise

.text.vListInsertEnd%118
                0x004020aa       0x16
 .text.vListInsertEnd
                0x004020aa       0x16 build/sam_v71_xult/production/_ext/404212886/list.o
                0x004020aa                vListInsertEnd

.text.prvIsQueueEmpty%119
                0x004020c0       0x16
 .text.prvIsQueueEmpty
                0x004020c0       0x16 build/sam_v71_xult/production/_ext/404212886/queue.o

.text.memcpy%120
                0x004020d6       0x16
 .text.memcpy   0x004020d6       0x16 c:/program files/microchip/xc32/v4.10/bin/bin/../../lib/gcc/pic32c/8.3.1/../../../../pic32c/lib/thumb/v7e-m+dp/hard\libc-musl.a(memcpy.o)
                0x004020d6                memcpy

.text.USART1_ErrorGet%121
                0x004020ec       0x14
 .text.USART1_ErrorGet
                0x004020ec       0x14 build/sam_v71_xult/production/_ext/415242918/plib_usart1.o
                0x004020ec                USART1_ErrorGet

.text.vPortEnableVFP%122
                0x00402100       0x14
 .text.vPortEnableVFP
                0x00402100       0x14 build/sam_v71_xult/production/_ext/977623654/port.o

.text.vPortExitCritical%123
                0x00402114       0x14
 .text.vPortExitCritical
                0x00402114       0x14 build/sam_v71_xult/production/_ext/977623654/port.o
                0x00402114                vPortExitCritical

.text.stpcpy%124
                0x00402128       0x12
 .text.stpcpy   0x00402128       0x12 c:/program files/microchip/xc32/v4.10/bin/bin/../../lib/gcc/pic32c/8.3.1/../../../../pic32c/lib/thumb/v7e-m+dp/hard\libc-musl.a(stpcpy.o)
                0x00402128                __stpcpy
                0x00402128                stpcpy

.text.EFC_Initialize%125
                0x0040213c       0x10
 .text.EFC_Initialize
                0x0040213c       0x10 build/sam_v71_xult/production/_ext/1157988489/plib_efc.o
                0x0040213c                EFC_Initialize

.text.vTaskSuspendAll%126
                0x0040214c       0x10
 .text.vTaskSuspendAll
                0x0040214c       0x10 build/sam_v71_xult/production/_ext/404212886/FreeRTOS_tasks.o
                0x0040214c                vTaskSuspendAll

.text.memset%127
                0x0040215c       0x10
 .text.memset   0x0040215c       0x10 c:/program files/microchip/xc32/v4.10/bin/bin/../../lib/gcc/pic32c/8.3.1/../../../../pic32c/lib/thumb/v7e-m+dp/hard\libc-musl.a(memset.o)
                0x0040215c                memset

.text.strlen%128
                0x0040216c       0x10
 .text.strlen   0x0040216c       0x10 c:/program files/microchip/xc32/v4.10/bin/bin/../../lib/gcc/pic32c/8.3.1/../../../../pic32c/lib/thumb/v7e-m+dp/hard\libc-musl.a(strlen.o)
                0x0040216c                strlen

.text.main%129  0x0040217c        0xe
 .text.main     0x0040217c        0xe build/sam_v71_xult/production/_ext/1360937237/main_v71.o
                0x0040217c                main

.text.USART1_WriteCallbackRegister%130
                0x0040218c        0xc
 .text.USART1_WriteCallbackRegister
                0x0040218c        0xc build/sam_v71_xult/production/_ext/415242918/plib_usart1.o
                0x0040218c                USART1_WriteCallbackRegister

.text.USART1_ReadCallbackRegister%131
                0x00402198        0xc
 .text.USART1_ReadCallbackRegister
                0x00402198        0xc build/sam_v71_xult/production/_ext/415242918/plib_usart1.o
                0x00402198                USART1_ReadCallbackRegister

.text.vTaskMissedYield%132
                0x004021a4        0xc
 .text.vTaskMissedYield
                0x004021a4        0xc build/sam_v71_xult/production/_ext/404212886/FreeRTOS_tasks.o
                0x004021a4                vTaskMissedYield

.text.APP_WriteCallback%133
                0x004021b0        0xc
 .text.APP_WriteCallback
                0x004021b0        0xc build/sam_v71_xult/production/_ext/1522961716/Uart1_FreeRTOS.o
                0x004021b0                APP_WriteCallback

.text.strcpy%134
                0x004021bc        0xc
 .text.strcpy   0x004021bc        0xc c:/program files/microchip/xc32/v4.10/bin/bin/../../lib/gcc/pic32c/8.3.1/../../../../pic32c/lib/thumb/v7e-m+dp/hard\libc-musl.a(strcpy.o)
                0x004021bc                strcpy

.text._TAREA_PRINCIPAL_Tasks%135
                0x004021c8        0x8
 .text._TAREA_PRINCIPAL_Tasks
                0x004021c8        0x8 build/sam_v71_xult/production/_ext/1320227943/tasks.o
                0x004021c8                _TAREA_PRINCIPAL_Tasks

.rodata%136     0x004021d0        0x8
 .rodata        0x004021d0        0x8 build/sam_v71_xult/production/_ext/404212886/FreeRTOS_tasks.o

.text.vListInitialiseItem%137
                0x004021d8        0x6
 .text.vListInitialiseItem
                0x004021d8        0x6 build/sam_v71_xult/production/_ext/404212886/list.o
                0x004021d8                vListInitialiseItem

.text.Dummy_Handler%138
                0x00401502        0x2
 .text.Dummy_Handler
                0x00401502        0x2 build/sam_v71_xult/production/_ext/1320227943/interrupts.o
                0x00401502                DACC_Handler
                0x00401502                TC0_CH2_Handler
                0x00401502                TC3_CH1_Handler
                0x00401502                UART3_Handler
                0x00401502                UART2_Handler
                0x00401502                TRNG_Handler
                0x00401502                AFEC1_Handler
                0x00401502                TC0_CH1_Handler
                0x00401502                QSPI_Handler
                0x00401502                ISI_Handler
                0x00401502                MCAN0_INT0_Handler
                0x00401502                RSWDT_Handler
                0x00401502                USART0_Handler
                0x00401502                TC1_CH2_Handler
                0x00401502                RTT_Handler
                0x00401502                USBHS_Handler
                0x00401502                IXC_Handler
                0x00401502                CCF_Handler
                0x00401502                PIOB_Handler
                0x00401502                RTC_Handler
                0x00401502                WDT_Handler
                0x00401502                MCAN1_INT1_Handler
                0x00401502                HSMCI_Handler
                0x00401502                UART1_Handler
                0x00401502                Dummy_Handler
                0x00401502                TWIHS1_Handler
                0x00401502                TC3_CH2_Handler
                0x00401502                XDMAC_Handler
                0x00401502                UART4_Handler
                0x00401502                TC2_CH0_Handler
                0x00401502                PWM1_Handler
                0x00401502                PWM0_Handler
                0x00401502                PIOA_Handler
                0x00401502                AFEC0_Handler
                0x00401502                CCW_Handler
                0x00401502                TC3_CH0_Handler
                0x00401502                SSC_Handler
                0x00401502                TC1_CH0_Handler
                0x00401502                ACC_Handler
                0x00401502                PMC_Handler
                0x00401502                GMAC_Handler
                0x00401502                TC2_CH2_Handler
                0x00401502                MCAN0_INT1_Handler
                0x00401502                GMAC_Q5_Handler
                0x00401502                SUPC_Handler
                0x00401502                TC2_CH1_Handler
                0x00401502                EFC_Handler
                0x00401502                GMAC_Q1_Handler
                0x00401502                USART2_Handler
                0x00401502                GMAC_Q2_Handler
                0x00401502                PIOE_Handler
                0x00401502                SPI1_Handler
                0x00401502                TC1_CH1_Handler
                0x00401502                GMAC_Q3_Handler
                0x00401502                PIOD_Handler
                0x00401502                TWIHS2_Handler
                0x00401502                MLB_Handler
                0x00401502                I2SC0_Handler
                0x00401502                UART0_Handler
                0x00401502                I2SC1_Handler
                0x00401502                TC0_CH0_Handler
                0x00401502                PIOC_Handler
                0x00401502                GMAC_Q4_Handler
                0x00401502                FPU_Handler
                0x00401502                RSTC_Handler
                0x00401502                ICM_Handler
                0x00401502                AES_Handler
                0x00401502                TWIHS0_Handler
                0x00401502                SPI0_Handler

.text.NonMaskableInt_Handler%139
                0x004016e6        0x2
 .text.NonMaskableInt_Handler
                0x004016e6        0x2 build/sam_v71_xult/production/_ext/1320227943/exceptions.o
                0x004016e6                NonMaskableInt_Handler

.text.HardFault_Handler%140
                0x00401f2e        0x2
 .text.HardFault_Handler
                0x00401f2e        0x2 build/sam_v71_xult/production/_ext/1320227943/exceptions.o
                0x00401f2e                HardFault_Handler

.text.DebugMonitor_Handler%141
                0x0040213a        0x2
 .text.DebugMonitor_Handler
                0x0040213a        0x2 build/sam_v71_xult/production/_ext/1320227943/exceptions.o
                0x0040213a                DebugMonitor_Handler

.text.MemoryManagement_Handler%142
                0x0040218a        0x2
 .text.MemoryManagement_Handler
                0x0040218a        0x2 build/sam_v71_xult/production/_ext/1320227943/exceptions.o
                0x0040218a                MemoryManagement_Handler

.text.BusFault_Handler%143
                0x0040190c        0x2
 .text.BusFault_Handler
                0x0040190c        0x2 build/sam_v71_xult/production/_ext/1320227943/exceptions.o
                0x0040190c                BusFault_Handler

.text.UsageFault_Handler%144
                0x0040190e        0x2
 .text.UsageFault_Handler
                0x0040190e        0x2 build/sam_v71_xult/production/_ext/1320227943/exceptions.o
                0x0040190e                UsageFault_Handler

.text.Dummy_App_Func%145
                0x004021de        0x2
 .text.Dummy_App_Func
                0x004021de        0x2 build/sam_v71_xult/production/_ext/1320227943/startup_xc32.o
                0x004021de                _on_reset
                0x004021de                _on_bootstrap
                0x004021de                __xc32_on_reset
                0x004021de                Dummy_App_Func
                0x004021de                __xc32_on_bootstrap

.text.vPortFree%146
                0x004021e0        0x2
 .text.vPortFree
                0x004021e0        0x2 build/sam_v71_xult/production/_ext/1665200909/heap_1.o
                0x004021e0                vPortFree

.text.__dummy%147
                0x004021e2        0x2
 .text.__dummy  0x004021e2        0x2 c:/program files/microchip/xc32/v4.10/bin/bin/../../lib/gcc/pic32c/8.3.1/../../../../pic32c/lib/thumb/v7e-m+dp/hard\libc-musl.a(__libc_start_main.o)
                0x004021e2                __init_stdio
                0x004021e2                __init_host
