Archive member included to satisfy reference by file (symbol)

c:/program files/microchip/xc32/v4.00/bin/bin/../../lib/gcc/pic32c/8.3.1/../../../../pic32c/lib/thumb/v7e-m+dp/hard\libpic32c.a(data_init.o)
                              build/sam_v71_xult/production/_ext/1320227943/startup_xc32.o (__pic32c_data_initialization)
c:/program files/microchip/xc32/v4.00/bin/bin/../../lib/gcc/pic32c/8.3.1/../../../../pic32c/lib/thumb/v7e-m+dp/hard\libc-musl.a(__libc_start_main.o)
                              build/sam_v71_xult/production/_ext/1320227943/startup_xc32.o (__libc_init_array)
c:/program files/microchip/xc32/v4.00/bin/bin/../../lib/gcc/pic32c/8.3.1/../../../../pic32c/lib/thumb/v7e-m+dp/hard\libc-musl.a(libc.o)
                              c:/program files/microchip/xc32/v4.00/bin/bin/../../lib/gcc/pic32c/8.3.1/../../../../pic32c/lib/thumb/v7e-m+dp/hard\libc-musl.a(__libc_start_main.o) (__progname_full)
c:/program files/microchip/xc32/v4.00/bin/bin/../../lib/gcc/pic32c/8.3.1/../../../../pic32c/lib/thumb/v7e-m+dp/hard\libc-musl.a(memcpy.o)
                              build/sam_v71_xult/production/_ext/1157988489/plib_efc.o (memcpy)
c:/program files/microchip/xc32/v4.00/bin/bin/../../lib/gcc/pic32c/8.3.1/../../../../pic32c/lib/thumb/v7e-m+dp/hard\libc-musl.a(memset.o)
                              build/sam_v71_xult/production/_ext/1537669298/plib_mcan1.o (memset)
c:/program files/microchip/xc32/v4.00/bin/bin/../../lib/gcc/pic32c/8.3.1/../../../../pic32c/lib/thumb/v7e-m+dp/hard\libc-musl.a(__environ.o)
                              c:/program files/microchip/xc32/v4.00/bin/bin/../../lib/gcc/pic32c/8.3.1/../../../../pic32c/lib/thumb/v7e-m+dp/hard\libc-musl.a(__libc_start_main.o) (__environ)

Microchip PIC32 Memory-Usage Report

ROM Program-Memory Usage
section                    address  length [bytes]      (dec)  Description
-------                 ----------  -------------------------  -----------
.vectors                  0x400000          0x168         360   
.text                     0x400168           0x20          32  App's exec code 
.dinit                    0x400188          0x400        1024   
.text.MCAN1_INT0_Interr   0x400588          0x3bc         956   
.text.xTaskCreate         0x400944          0x1e4         484   
.text.USART1_InterruptH   0x400b28          0x17c         380   
.text.Reset_Handler       0x400ca4          0x178         376   
.text.xQueueSemaphoreTa   0x400e1c          0x158         344   
.text.xQueueGenericSend   0x400f74          0x128         296   
.text.MCAN1_MessageTran   0x40109c          0x114         276   
.text.xTaskIncrementTic   0x4011b0          0x114         276   
.text.MCAN1_MessageRAMC   0x4012c4          0x10c         268   
.text.TAREA_Can2          0x4013d0           0xf8         248   
.text.PIO_Initialize      0x4014c8           0xf0         240   
.text.TAREA_PRINCIPAL_T   0x4015b8           0xf0         240   
.text.xTaskResumeAll      0x4016a8           0xe4         228   
.text.vTaskDelete         0x40178c           0xcc         204   
.text.TAREA_Can1          0x401858           0xcc         204   
.rodata                   0x401924           0xb0         176  Read-only const 
.text.vTaskSwitchContex   0x4019d4           0xa8         168   
.text.xTaskPriorityInhe   0x401a7c           0xa8         168   
.text.MCAN1_Initialize    0x401b24           0xa4         164   
.text.USART1_Write        0x401bc8           0xa4         164   
.text.prvAddCurrentTask   0x401c6c           0x94         148   
.text.__pic32c_data_ini   0x401d00           0x88         136   
.text.vTaskPriorityDisi   0x401d88           0x80         128   
.text.prvUnlockQueue      0x401e08           0x7e         126   
.text.Dummy_Handler       0x401e86            0x2           2   
.text.xTaskPriorityDisi   0x401e88           0x7c         124   
.text.xTaskRemoveFromEv   0x401f04           0x78         120   
.text.TAREA_UART_Tasks    0x401f7c           0x74         116   
.text.prvCopyDataToQueu   0x401ff0           0x72         114   
.text.NonMaskableInt_Ha   0x402062            0x2           2   
.text.SYS_Tasks           0x402064           0x70         112   
.text.xQueueGenericRese   0x4020d4           0x70         112   
.text.prvIdleTask         0x402144           0x70         112   
.text.CLOCK_Initialize    0x4021b4           0x6c         108   
.text.USART1_Initialize   0x402220           0x6c         108   
.text.pvPortMalloc        0x40228c           0x6c         108   
.text.vTaskStartSchedul   0x4022f8           0x68         104   
.text.xPortPendSVHandle   0x402360           0x64         100   
.text.xQueueGiveFromISR   0x4023c4           0x64         100   
.text.xTaskCheckForTime   0x402428           0x5c          92   
.text.__libc_start_init   0x402484           0x5c          92   
.text._PIO_Interrupt_Ha   0x4024e0           0x58          88   
.text.USART1_Read         0x402538           0x58          88   
[...]
Memory Configuration

Name             Origin             Length             Attributes
rom              0x00400000         0x00200000         xrl
ram              0x20400000         0x00060000         xw !r
itcm             0x00000000         0x00000000         xw
dtcm             0x20000000         0x00000000         xw !r
config_D0000000  0xd0000000         0x00000004
config_D0000008  0xd0000008         0x00000004
config_D0000004  0xd0000004         0x00000004
config_D000000C  0xd000000c         0x00000004
config_D0000010  0xd0000010         0x00000004
*default*        0x00000000         0xffffffff

Linker script and memory map

LOAD c:/program files/microchip/xc32/v4.00/bin/bin/../../lib/gcc/pic32c/8.3.1/thumb/v7e-m+dp/hard/crti.o
LOAD c:/program files/microchip/xc32/v4.00/bin/bin/../../lib/gcc/pic32c/8.3.1/thumb/v7e-m+dp/hard/crtbegin.o
LOAD build/sam_v71_xult/production/_ext/1379310441/bsp.o
LOAD build/sam_v71_xult/production/_ext/191436215/osal_freertos.o
LOAD build/sam_v71_xult/production/_ext/1157990217/plib_clk.o
LOAD build/sam_v71_xult/production/_ext/1157988489/plib_efc.o
LOAD build/sam_v71_xult/production/_ext/1537669298/plib_mcan1.o
LOAD build/sam_v71_xult/production/_ext/1537621011/plib_nvic.o
LOAD build/sam_v71_xult/production/_ext/1157977813/plib_pio.o
LOAD build/sam_v71_xult/production/_ext/415242918/plib_usart1.o
LOAD build/sam_v71_xult/production/_ext/1643282145/xc32_monitor.o
LOAD build/sam_v71_xult/production/_ext/1871840330/sys_cache.o
LOAD build/sam_v71_xult/production/_ext/663512716/sys_int.o
LOAD build/sam_v71_xult/production/_ext/1320227943/initialization.o
LOAD build/sam_v71_xult/production/_ext/1320227943/interrupts.o
LOAD build/sam_v71_xult/production/_ext/1320227943/exceptions.o
LOAD build/sam_v71_xult/production/_ext/1320227943/startup_xc32.o
LOAD build/sam_v71_xult/production/_ext/1320227943/libc_syscalls.o
LOAD build/sam_v71_xult/production/_ext/1320227943/freertos_hooks.o
LOAD build/sam_v71_xult/production/_ext/1320227943/tasks.o
LOAD build/sam_v71_xult/production/_ext/977623654/port.o
LOAD build/sam_v71_xult/production/_ext/1665200909/heap_1.o
LOAD build/sam_v71_xult/production/_ext/404212886/croutine.o
LOAD build/sam_v71_xult/production/_ext/404212886/list.o
LOAD build/sam_v71_xult/production/_ext/404212886/queue.o
LOAD build/sam_v71_xult/production/_ext/404212886/FreeRTOS_tasks.o
LOAD build/sam_v71_xult/production/_ext/404212886/timers.o
LOAD build/sam_v71_xult/production/_ext/404212886/event_groups.o
LOAD build/sam_v71_xult/production/_ext/404212886/stream_buffer.o
LOAD build/sam_v71_xult/production/_ext/1360937237/main.o
LOAD build/sam_v71_xult/production/_ext/1360937237/tarea_uart.o
LOAD build/sam_v71_xult/production/_ext/1360937237/tarea_2.o
LOAD build/sam_v71_xult/production/_ext/1360937237/tarea_principal.o
LOAD build/sam_v71_xult/production/_ext/1360937237/mcan_fd_interrupt.o
                0x00000001                __MPLAB_BUILD = 0x1
                0x00600000                __rom_end = (ORIGIN (rom) + LENGTH (rom))
                0x20460000                __ram_end = (ORIGIN (ram) + LENGTH (ram))

.config_D0000000
 *(.config_D0000000)

.config_D0000008
 *(.config_D0000008)

.config_D0000004
 *(.config_D0000004)

.config_D000000C
 *(.config_D000000C)

.config_D0000010
 *(.config_D0000010)

.vectors        0x00400000      0x168
                0x00400000                . = ALIGN (0x4)
                0x00400000                _sfixed = .
 *(.vectors .vectors.* .vectors_default .vectors_default.*)
 .vectors.exception_table
                0x00400000      0x168 build/sam_v71_xult/production/_ext/1320227943/interrupts.o
                0x00400000                exception_table
 *(.isr_vector)
 *(.reset*)
 *(.after_vectors)

.text           0x00400168       0x20
                0x00400168                . = ALIGN (0x4)
 *(.glue_7t)
 .glue_7t       0x00400168        0x0 linker stubs
 *(.glue_7)
 .glue_7        0x00400168        0x0 linker stubs
 *(.gnu.linkonce.r.*)
 *(.ARM.extab* .gnu.linkonce.armextab.*)
                0x00400168                . = ALIGN (0x4)
 *(.init)
 .init          0x00400168        0x4 c:/program files/microchip/xc32/v4.00/bin/bin/../../lib/gcc/pic32c/8.3.1/thumb/v7e-m+dp/hard/crti.o
                0x00400168                _init
 .init          0x0040016c        0x8 c:/program files/microchip/xc32/v4.00/bin/bin/../../lib/gcc/pic32c/8.3.1/thumb/v7e-m+dp/hard/crtn.o
                0x00400174                . = ALIGN (0x4)
                0x00400174                __preinit_array_start = .
 *(.preinit_array)
                0x00400174                __preinit_array_end = .
                0x00400174                . = ALIGN (0x4)
                0x00400174                __init_array_start = .
 *(SORT_BY_NAME(.init_array.*))
 *(.init_array)
 .init_array    0x00400174        0x4 c:/program files/microchip/xc32/v4.00/bin/bin/../../lib/gcc/pic32c/8.3.1/thumb/v7e-m+dp/hard/crtbegin.o
                0x00400178                __init_array_end = .
                0x00400178                . = ALIGN (0x4)
 *crtbegin.o(.ctors)
 *(EXCLUDE_FILE(*crtend.o) .ctors)
 *(SORT_BY_NAME(.ctors.*))
 *crtend.o(.ctors)
                0x00400178                . = ALIGN (0x4)
 *(.fini)
 .fini          0x00400178        0x4 c:/program files/microchip/xc32/v4.00/bin/bin/../../lib/gcc/pic32c/8.3.1/thumb/v7e-m+dp/hard/crti.o
                0x00400178                _fini
 .fini          0x0040017c        0x8 c:/program files/microchip/xc32/v4.00/bin/bin/../../lib/gcc/pic32c/8.3.1/thumb/v7e-m+dp/hard/crtn.o
                0x00400184                . = ALIGN (0x4)
                0x00400184                __fini_array_start = .
 *(.fini_array)
 .fini_array    0x00400184        0x4 c:/program files/microchip/xc32/v4.00/bin/bin/../../lib/gcc/pic32c/8.3.1/thumb/v7e-m+dp/hard/crtbegin.o
 *(SORT_BY_NAME(.fini_array.*))
                0x00400188                __fini_array_end = .
 *crtbegin.o(.dtors)
 *(EXCLUDE_FILE(*crtend.o) .dtors)
 *(SORT_BY_NAME(.dtors.*))
 *crtend.o(.dtors)
                0x00400188                . = ALIGN (0x4)
                0x00400188                _efixed = .
                [!provide]                PROVIDE (__exidx_start = .)

.ARM.exidx
 *(.ARM.exidx* .gnu.linkonce.armexidx.*)
                [!provide]                PROVIDE (__exidx_end = .)
                0x00400188                . = ALIGN (0x4)
                0x00400188                _etext = .

.bss            0x20400000        0x0
                0x20400000                . = ALIGN (0x4)
                0x20400000                __bss_start__ = .
                0x20400000                _sbss = .
                0x20400000                _szero = .
 *(COMMON)
                0x20400000                . = ALIGN (0x4)
                0x20400000                __bss_end__ = .
                0x20400000                _ebss = .
                0x20400000                _ezero = .
                0x20400000                . = ALIGN (0x4)
                0x20400000                _end = .
                0x2045ffff                _ram_end_ = ((ORIGIN (ram) + LENGTH (ram)) - 0x1)
                0x00000200                _min_heap_size = 0x200
START GROUP
LOAD c:/program files/microchip/xc32/v4.00/bin/bin/../../lib/gcc/pic32c/8.3.1/../../../../pic32c/lib/thumb/v7e-m+dp/hard\libpic32c.a
LOAD c:/program files/microchip/xc32/v4.00/bin/bin/../../lib/gcc/pic32c/8.3.1/../../../../pic32c/lib/thumb/v7e-m+dp/hard\libm-emfloat.a
LOAD c:/program files/microchip/xc32/v4.00/bin/bin/../../lib/gcc/pic32c/8.3.1/../../../../pic32c/lib/thumb/v7e-m+dp/hard\libc-musl.a
LOAD c:/program files/microchip/xc32/v4.00/bin/bin/../../lib/gcc/pic32c/8.3.1/../../../../pic32c/lib/thumb/v7e-m+dp/hard\libm-emfloat.a
LOAD c:/program files/microchip/xc32/v4.00/bin/bin/../../lib/gcc/pic32c/8.3.1/thumb/v7e-m+dp/hard\libgcc.a
END GROUP
LOAD c:/program files/microchip/xc32/v4.00/bin/bin/../../lib/gcc/pic32c/8.3.1/thumb/v7e-m+dp/hard/crtend.o
LOAD c:/program files/microchip/xc32/v4.00/bin/bin/../../lib/gcc/pic32c/8.3.1/thumb/v7e-m+dp/hard/crtn.o
OUTPUT(dist/sam_v71_xult/production/sam_v71_xult.X.production.elf elf32-littlearm)
LOAD stack
LOAD data_init

.ARM.attributes
                0x00000000       0x32
 .ARM.attributes
                0x00000000       0x1e c:/program files/microchip/xc32/v4.00/bin/bin/../../lib/gcc/pic32c/8.3.1/thumb/v7e-m+dp/hard/crti.o
 .ARM.attributes
                0x0000001e       0x32 c:/program files/microchip/xc32/v4.00/bin/bin/../../lib/gcc/pic32c/8.3.1/thumb/v7e-m+dp/hard/crtbegin.o
 .ARM.attributes
                0x00000050       0x32 build/sam_v71_xult/production/_ext/1379310441/bsp.o
 .ARM.attributes
                0x00000082       0x32 build/sam_v71_xult/production/_ext/1157990217/plib_clk.o
 .ARM.attributes
                0x000000b4       0x32 build/sam_v71_xult/production/_ext/1157988489/plib_efc.o
 .ARM.attributes
                0x000000e6       0x32 build/sam_v71_xult/production/_ext/1537669298/plib_mcan1.o
 .ARM.attributes
                0x00000118       0x32 build/sam_v71_xult/production/_ext/1537621011/plib_nvic.o
 .ARM.attributes
                0x0000014a       0x32 build/sam_v71_xult/production/_ext/1157977813/plib_pio.o
 .ARM.attributes
                0x0000017c       0x32 build/sam_v71_xult/production/_ext/415242918/plib_usart1.o
 .ARM.attributes
                0x000001ae       0x32 build/sam_v71_xult/production/_ext/1320227943/initialization.o
 .ARM.attributes
                0x000001e0       0x32 build/sam_v71_xult/production/_ext/1320227943/interrupts.o
 .ARM.attributes
                0x00000212       0x32 build/sam_v71_xult/production/_ext/1320227943/exceptions.o
 .ARM.attributes
                0x00000244       0x32 build/sam_v71_xult/production/_ext/1320227943/startup_xc32.o
 .ARM.attributes
                0x00000276       0x32 build/sam_v71_xult/production/_ext/1320227943/freertos_hooks.o
 .ARM.attributes
                0x000002a8       0x32 build/sam_v71_xult/production/_ext/1320227943/tasks.o
 .ARM.attributes
                0x000002da       0x32 build/sam_v71_xult/production/_ext/977623654/port.o
 .ARM.attributes
                0x0000030c       0x32 build/sam_v71_xult/production/_ext/1665200909/heap_1.o
 .ARM.attributes
                0x0000033e       0x32 build/sam_v71_xult/production/_ext/404212886/list.o
 .ARM.attributes
                0x00000370       0x32 build/sam_v71_xult/production/_ext/404212886/queue.o
 .ARM.attributes
                0x000003a2       0x32 build/sam_v71_xult/production/_ext/404212886/FreeRTOS_tasks.o
 .ARM.attributes
                0x000003d4       0x32 build/sam_v71_xult/production/_ext/1360937237/main.o
 .ARM.attributes
                0x00000406       0x32 build/sam_v71_xult/production/_ext/1360937237/tarea_uart.o
 .ARM.attributes
                0x00000438       0x32 build/sam_v71_xult/production/_ext/1360937237/tarea_2.o
 .ARM.attributes
                0x0000046a       0x32 build/sam_v71_xult/production/_ext/1360937237/tarea_principal.o
 .ARM.attributes
                0x0000049c       0x32 build/sam_v71_xult/production/_ext/1360937237/mcan_fd_interrupt.o
 .ARM.attributes
                0x000004ce       0x32 c:/program files/microchip/xc32/v4.00/bin/bin/../../lib/gcc/pic32c/8.3.1/../../../../pic32c/lib/thumb/v7e-m+dp/hard\libpic32c.a(data_init.o)
 .ARM.attributes
                0x00000500       0x34 c:/program files/microchip/xc32/v4.00/bin/bin/../../lib/gcc/pic32c/8.3.1/../../../../pic32c/lib/thumb/v7e-m+dp/hard\libc-musl.a(__libc_start_main.o)
 .ARM.attributes
                0x00000534       0x32 c:/program files/microchip/xc32/v4.00/bin/bin/../../lib/gcc/pic32c/8.3.1/../../../../pic32c/lib/thumb/v7e-m+dp/hard\libc-musl.a(libc.o)
 .ARM.attributes
                0x00000566       0x34 c:/program files/microchip/xc32/v4.00/bin/bin/../../lib/gcc/pic32c/8.3.1/../../../../pic32c/lib/thumb/v7e-m+dp/hard\libc-musl.a(memcpy.o)
 .ARM.attributes
                0x0000059a       0x34 c:/program files/microchip/xc32/v4.00/bin/bin/../../lib/gcc/pic32c/8.3.1/../../../../pic32c/lib/thumb/v7e-m+dp/hard\libc-musl.a(memset.o)
 .ARM.attributes
                0x000005ce       0x32 c:/program files/microchip/xc32/v4.00/bin/bin/../../lib/gcc/pic32c/8.3.1/../../../../pic32c/lib/thumb/v7e-m+dp/hard\libc-musl.a(__environ.o)
 .ARM.attributes
                0x00000600       0x1e c:/program files/microchip/xc32/v4.00/bin/bin/../../lib/gcc/pic32c/8.3.1/thumb/v7e-m+dp/hard/crtn.o

.comment        0x00000000       0x53
 .comment       0x00000000       0x53 c:/program files/microchip/xc32/v4.00/bin/bin/../../lib/gcc/pic32c/8.3.1/thumb/v7e-m+dp/hard/crtbegin.o
                                 0x54 (size before relaxing)
 .comment       0x00000053       0x54 build/sam_v71_xult/production/_ext/1379310441/bsp.o
 .comment       0x00000053       0x54 build/sam_v71_xult/production/_ext/1157990217/plib_clk.o
 .comment       0x00000053       0x54 build/sam_v71_xult/production/_ext/1157988489/plib_efc.o
 .comment       0x00000053       0x54 build/sam_v71_xult/production/_ext/1537669298/plib_mcan1.o
 .comment       0x00000053       0x54 build/sam_v71_xult/production/_ext/1537621011/plib_nvic.o
 .comment       0x00000053       0x54 build/sam_v71_xult/production/_ext/1157977813/plib_pio.o
 .comment       0x00000053       0x54 build/sam_v71_xult/production/_ext/415242918/plib_usart1.o
 .comment       0x00000053       0x54 build/sam_v71_xult/production/_ext/1320227943/initialization.o
 .comment       0x00000053       0x54 build/sam_v71_xult/production/_ext/1320227943/interrupts.o
 .comment       0x00000053       0x54 build/sam_v71_xult/production/_ext/1320227943/exceptions.o
 .comment       0x00000053       0x54 build/sam_v71_xult/production/_ext/1320227943/startup_xc32.o
 .comment       0x00000053       0x54 build/sam_v71_xult/production/_ext/1320227943/freertos_hooks.o
 .comment       0x00000053       0x54 build/sam_v71_xult/production/_ext/1320227943/tasks.o
 .comment       0x00000053       0x54 build/sam_v71_xult/production/_ext/977623654/port.o
 .comment       0x00000053       0x54 build/sam_v71_xult/production/_ext/1665200909/heap_1.o
 .comment       0x00000053       0x54 build/sam_v71_xult/production/_ext/404212886/list.o
 .comment       0x00000053       0x54 build/sam_v71_xult/production/_ext/404212886/queue.o
 .comment       0x00000053       0x54 build/sam_v71_xult/production/_ext/404212886/FreeRTOS_tasks.o
 .comment       0x00000053       0x54 build/sam_v71_xult/production/_ext/1360937237/main.o
 .comment       0x00000053       0x54 build/sam_v71_xult/production/_ext/1360937237/tarea_uart.o
 .comment       0x00000053       0x54 build/sam_v71_xult/production/_ext/1360937237/tarea_2.o
 .comment       0x00000053       0x54 build/sam_v71_xult/production/_ext/1360937237/tarea_principal.o
 .comment       0x00000053       0x54 build/sam_v71_xult/production/_ext/1360937237/mcan_fd_interrupt.o
 .comment       0x00000053       0x54 c:/program files/microchip/xc32/v4.00/bin/bin/../../lib/gcc/pic32c/8.3.1/../../../../pic32c/lib/thumb/v7e-m+dp/hard\libpic32c.a(data_init.o)
 .comment       0x00000053       0x54 c:/program files/microchip/xc32/v4.00/bin/bin/../../lib/gcc/pic32c/8.3.1/../../../../pic32c/lib/thumb/v7e-m+dp/hard\libc-musl.a(__libc_start_main.o)
 .comment       0x00000053       0x54 c:/program files/microchip/xc32/v4.00/bin/bin/../../lib/gcc/pic32c/8.3.1/../../../../pic32c/lib/thumb/v7e-m+dp/hard\libc-musl.a(libc.o)
 .comment       0x00000053       0x54 c:/program files/microchip/xc32/v4.00/bin/bin/../../lib/gcc/pic32c/8.3.1/../../../../pic32c/lib/thumb/v7e-m+dp/hard\libc-musl.a(memcpy.o)
 .comment       0x00000053       0x54 c:/program files/microchip/xc32/v4.00/bin/bin/../../lib/gcc/pic32c/8.3.1/../../../../pic32c/lib/thumb/v7e-m+dp/hard\libc-musl.a(memset.o)
 .comment       0x00000053       0x54 c:/program files/microchip/xc32/v4.00/bin/bin/../../lib/gcc/pic32c/8.3.1/../../../../pic32c/lib/thumb/v7e-m+dp/hard\libc-musl.a(__environ.o)

.debug_info     0x00000000    0x1604c
 .debug_info    0x00000000      0xaad build/sam_v71_xult/production/_ext/1379310441/bsp.o
 .debug_info    0x00000aad      0x8b0 build/sam_v71_xult/production/_ext/1157990217/plib_clk.o
 .debug_info    0x0000135d      0x836 build/sam_v71_xult/production/_ext/1157988489/plib_efc.o
 .debug_info    0x00001b93     0x232b build/sam_v71_xult/production/_ext/1537669298/plib_mcan1.o
 .debug_info    0x00003ebe     0x1289 build/sam_v71_xult/production/_ext/1537621011/plib_nvic.o
 .debug_info    0x00005147     0x1952 build/sam_v71_xult/production/_ext/1157977813/plib_pio.o
 .debug_info    0x00006a99     0x1888 build/sam_v71_xult/production/_ext/415242918/plib_usart1.o
 .debug_info    0x00008321      0x5b8 build/sam_v71_xult/production/_ext/1320227943/initialization.o
 .debug_info    0x000088d9      0xeaf build/sam_v71_xult/production/_ext/1320227943/interrupts.o
 .debug_info    0x00009788      0x4a9 build/sam_v71_xult/production/_ext/1320227943/exceptions.o
 .debug_info    0x00009c31      0xe22 build/sam_v71_xult/production/_ext/1320227943/startup_xc32.o
 .debug_info    0x0000aa53      0x563 build/sam_v71_xult/production/_ext/1320227943/freertos_hooks.o
 .debug_info    0x0000afb6      0x66d build/sam_v71_xult/production/_ext/1320227943/tasks.o
 .debug_info    0x0000b623      0x7b3 build/sam_v71_xult/production/_ext/977623654/port.o
 .debug_info    0x0000bdd6      0x539 build/sam_v71_xult/production/_ext/1665200909/heap_1.o
 .debug_info    0x0000c30f      0x666 build/sam_v71_xult/production/_ext/404212886/list.o
 .debug_info    0x0000c975     0x2178 build/sam_v71_xult/production/_ext/404212886/queue.o
 .debug_info    0x0000eaed     0x2e9f build/sam_v71_xult/production/_ext/404212886/FreeRTOS_tasks.o
 .debug_info    0x0001198c      0x3fb build/sam_v71_xult/production/_ext/1360937237/main.o
 .debug_info    0x00011d87      0x82a build/sam_v71_xult/production/_ext/1360937237/tarea_uart.o
 .debug_info    0x000125b1      0x4d9 build/sam_v71_xult/production/_ext/1360937237/tarea_2.o
 .debug_info    0x00012a8a      0xdc4 build/sam_v71_xult/production/_ext/1360937237/tarea_principal.o
 .debug_info    0x0001384e      0xcdd build/sam_v71_xult/production/_ext/1360937237/mcan_fd_interrupt.o
 .debug_info    0x0001452b      0x2e1 c:/program files/microchip/xc32/v4.00/bin/bin/../../lib/gcc/pic32c/8.3.1/../../../../pic32c/lib/thumb/v7e-m+dp/hard\libpic32c.a(data_init.o)
 .debug_info    0x0001480c      0x6b9 c:/program files/microchip/xc32/v4.00/bin/bin/../../lib/gcc/pic32c/8.3.1/../../../../pic32c/lib/thumb/v7e-m+dp/hard\libc-musl.a(__libc_start_main.o)
 .debug_info    0x00014ec5      0x5e5 c:/program files/microchip/xc32/v4.00/bin/bin/../../lib/gcc/pic32c/8.3.1/../../../../pic32c/lib/thumb/v7e-m+dp/hard\libc-musl.a(libc.o)
 .debug_info    0x000154aa      0x324 c:/program files/microchip/xc32/v4.00/bin/bin/../../lib/gcc/pic32c/8.3.1/../../../../pic32c/lib/thumb/v7e-m+dp/hard\libc-musl.a(memcpy.o)
 .debug_info    0x000157ce      0x2e2 c:/program files/microchip/xc32/v4.00/bin/bin/../../lib/gcc/pic32c/8.3.1/../../../../pic32c/lib/thumb/v7e-m+dp/hard\libc-musl.a(memset.o)
 .debug_info    0x00015ab0      0x59c c:/program files/microchip/xc32/v4.00/bin/bin/../../lib/gcc/pic32c/8.3.1/../../../../pic32c/lib/thumb/v7e-m+dp/hard\libc-musl.a(__environ.o)

.debug_abbrev   0x00000000     0x306e
 .debug_abbrev  0x00000000       0xd1 build/sam_v71_xult/production/_ext/1379310441/bsp.o
 .debug_abbrev  0x000000d1       0xd5 build/sam_v71_xult/production/_ext/1157990217/plib_clk.o
 .debug_abbrev  0x000001a6      0x211 build/sam_v71_xult/production/_ext/1157988489/plib_efc.o
 .debug_abbrev  0x000003b7      0x3cb build/sam_v71_xult/production/_ext/1537669298/plib_mcan1.o
 .debug_abbrev  0x00000782      0x208 build/sam_v71_xult/production/_ext/1537621011/plib_nvic.o
 .debug_abbrev  0x0000098a      0x298 build/sam_v71_xult/production/_ext/1157977813/plib_pio.o
 .debug_abbrev  0x00000c22      0x47a build/sam_v71_xult/production/_ext/415242918/plib_usart1.o
 .debug_abbrev  0x0000109c       0xfb build/sam_v71_xult/production/_ext/1320227943/initialization.o
 .debug_abbrev  0x00001197       0xd8 build/sam_v71_xult/production/_ext/1320227943/interrupts.o
 .debug_abbrev  0x0000126f       0xa2 build/sam_v71_xult/production/_ext/1320227943/exceptions.o
 .debug_abbrev  0x00001311      0x24f build/sam_v71_xult/production/_ext/1320227943/startup_xc32.o
 .debug_abbrev  0x00001560      0x14e build/sam_v71_xult/production/_ext/1320227943/freertos_hooks.o
 .debug_abbrev  0x000016ae      0x12b build/sam_v71_xult/production/_ext/1320227943/tasks.o
 .debug_abbrev  0x000017d9      0x23e build/sam_v71_xult/production/_ext/977623654/port.o
 .debug_abbrev  0x00001a17      0x16c build/sam_v71_xult/production/_ext/1665200909/heap_1.o
 .debug_abbrev  0x00001b83      0x15e build/sam_v71_xult/production/_ext/404212886/list.o
 .debug_abbrev  0x00001ce1      0x399 build/sam_v71_xult/production/_ext/404212886/queue.o
 .debug_abbrev  0x0000207a      0x466 build/sam_v71_xult/production/_ext/404212886/FreeRTOS_tasks.o
 .debug_abbrev  0x000024e0       0xdb build/sam_v71_xult/production/_ext/1360937237/main.o
 .debug_abbrev  0x000025bb      0x1a3 build/sam_v71_xult/production/_ext/1360937237/tarea_uart.o
 .debug_abbrev  0x0000275e      0x135 build/sam_v71_xult/production/_ext/1360937237/tarea_2.o
 .debug_abbrev  0x00002893      0x1d8 build/sam_v71_xult/production/_ext/1360937237/tarea_principal.o
 .debug_abbrev  0x00002a6b      0x1ee build/sam_v71_xult/production/_ext/1360937237/mcan_fd_interrupt.o
 .debug_abbrev  0x00002c59       0x2e c:/program files/microchip/xc32/v4.00/bin/bin/../../lib/gcc/pic32c/8.3.1/../../../../pic32c/lib/thumb/v7e-m+dp/hard\libpic32c.a(data_init.o)
 .debug_abbrev  0x00002c87      0x126 c:/program files/microchip/xc32/v4.00/bin/bin/../../lib/gcc/pic32c/8.3.1/../../../../pic32c/lib/thumb/v7e-m+dp/hard\libc-musl.a(__libc_start_main.o)
 .debug_abbrev  0x00002dad       0xc7 c:/program files/microchip/xc32/v4.00/bin/bin/../../lib/gcc/pic32c/8.3.1/../../../../pic32c/lib/thumb/v7e-m+dp/hard\libc-musl.a(libc.o)
 .debug_abbrev  0x00002e74       0x9c c:/program files/microchip/xc32/v4.00/bin/bin/../../lib/gcc/pic32c/8.3.1/../../../../pic32c/lib/thumb/v7e-m+dp/hard\libc-musl.a(memcpy.o)
 .debug_abbrev  0x00002f10       0x97 c:/program files/microchip/xc32/v4.00/bin/bin/../../lib/gcc/pic32c/8.3.1/../../../../pic32c/lib/thumb/v7e-m+dp/hard\libc-musl.a(memset.o)
 .debug_abbrev  0x00002fa7       0xc7 c:/program files/microchip/xc32/v4.00/bin/bin/../../lib/gcc/pic32c/8.3.1/../../../../pic32c/lib/thumb/v7e-m+dp/hard\libc-musl.a(__environ.o)

.debug_aranges  0x00000000      0x8d0
 .debug_aranges
                0x00000000       0x20 build/sam_v71_xult/production/_ext/1379310441/bsp.o
 .debug_aranges
                0x00000020       0x20 build/sam_v71_xult/production/_ext/1157990217/plib_clk.o
 .debug_aranges
                0x00000040       0x60 build/sam_v71_xult/production/_ext/1157988489/plib_efc.o
 .debug_aranges
                0x000000a0       0xb8 build/sam_v71_xult/production/_ext/1537669298/plib_mcan1.o
 .debug_aranges
                0x00000158       0x38 build/sam_v71_xult/production/_ext/1537621011/plib_nvic.o
 .debug_aranges
                0x00000190       0x88 build/sam_v71_xult/production/_ext/1157977813/plib_pio.o
 .debug_aranges
                0x00000218       0xb0 build/sam_v71_xult/production/_ext/415242918/plib_usart1.o
 .debug_aranges
                0x000002c8       0x20 build/sam_v71_xult/production/_ext/1320227943/initialization.o
 .debug_aranges
                0x000002e8       0x20 build/sam_v71_xult/production/_ext/1320227943/interrupts.o
 .debug_aranges
                0x00000308       0x48 build/sam_v71_xult/production/_ext/1320227943/exceptions.o
 .debug_aranges
                0x00000350       0x28 build/sam_v71_xult/production/_ext/1320227943/startup_xc32.o
 .debug_aranges
                0x00000378       0x40 build/sam_v71_xult/production/_ext/1320227943/freertos_hooks.o
 .debug_aranges
                0x000003b8       0x38 build/sam_v71_xult/production/_ext/1320227943/tasks.o
 .debug_aranges
                0x000003f0       0x78 build/sam_v71_xult/production/_ext/977623654/port.o
 .debug_aranges
                0x00000468       0x38 build/sam_v71_xult/production/_ext/1665200909/heap_1.o
 .debug_aranges
                0x000004a0       0x40 build/sam_v71_xult/production/_ext/404212886/list.o
 .debug_aranges
                0x000004e0       0xc8 build/sam_v71_xult/production/_ext/404212886/queue.o
 .debug_aranges
                0x000005a8      0x178 build/sam_v71_xult/production/_ext/404212886/FreeRTOS_tasks.o
 .debug_aranges
                0x00000720       0x20 build/sam_v71_xult/production/_ext/1360937237/main.o
 .debug_aranges
                0x00000740       0x30 build/sam_v71_xult/production/_ext/1360937237/tarea_uart.o
 .debug_aranges
                0x00000770       0x28 build/sam_v71_xult/production/_ext/1360937237/tarea_2.o
 .debug_aranges
                0x00000798       0x38 build/sam_v71_xult/production/_ext/1360937237/tarea_principal.o
 .debug_aranges
                0x000007d0       0x48 build/sam_v71_xult/production/_ext/1360937237/mcan_fd_interrupt.o
 .debug_aranges
                0x00000818       0x20 c:/program files/microchip/xc32/v4.00/bin/bin/../../lib/gcc/pic32c/8.3.1/../../../../pic32c/lib/thumb/v7e-m+dp/hard\libpic32c.a(data_init.o)
 .debug_aranges
                0x00000838       0x28 c:/program files/microchip/xc32/v4.00/bin/bin/../../lib/gcc/pic32c/8.3.1/../../../../pic32c/lib/thumb/v7e-m+dp/hard\libc-musl.a(__libc_start_main.o)
 .debug_aranges
                0x00000860       0x18 c:/program files/microchip/xc32/v4.00/bin/bin/../../lib/gcc/pic32c/8.3.1/../../../../pic32c/lib/thumb/v7e-m+dp/hard\libc-musl.a(libc.o)
 .debug_aranges
                0x00000878       0x20 c:/program files/microchip/xc32/v4.00/bin/bin/../../lib/gcc/pic32c/8.3.1/../../../../pic32c/lib/thumb/v7e-m+dp/hard\libc-musl.a(memcpy.o)
 .debug_aranges
                0x00000898       0x20 c:/program files/microchip/xc32/v4.00/bin/bin/../../lib/gcc/pic32c/8.3.1/../../../../pic32c/lib/thumb/v7e-m+dp/hard\libc-musl.a(memset.o)
 .debug_aranges
                0x000008b8       0x18 c:/program files/microchip/xc32/v4.00/bin/bin/../../lib/gcc/pic32c/8.3.1/../../../../pic32c/lib/thumb/v7e-m+dp/hard\libc-musl.a(__environ.o)

.debug_ranges   0x00000000      0xa78
 .debug_ranges  0x00000000       0x10 build/sam_v71_xult/production/_ext/1379310441/bsp.o
 .debug_ranges  0x00000010       0x10 build/sam_v71_xult/production/_ext/1157990217/plib_clk.o
 .debug_ranges  0x00000020       0x68 build/sam_v71_xult/production/_ext/1157988489/plib_efc.o
 .debug_ranges  0x00000088       0xc8 build/sam_v71_xult/production/_ext/1537669298/plib_mcan1.o
 .debug_ranges  0x00000150       0x28 build/sam_v71_xult/production/_ext/1537621011/plib_nvic.o
 .debug_ranges  0x00000178       0x78 build/sam_v71_xult/production/_ext/1157977813/plib_pio.o
 .debug_ranges  0x000001f0      0x148 build/sam_v71_xult/production/_ext/415242918/plib_usart1.o
 .debug_ranges  0x00000338       0x10 build/sam_v71_xult/production/_ext/1320227943/initialization.o
 .debug_ranges  0x00000348       0x10 build/sam_v71_xult/production/_ext/1320227943/interrupts.o
 .debug_ranges  0x00000358       0x38 build/sam_v71_xult/production/_ext/1320227943/exceptions.o
 .debug_ranges  0x00000390       0x48 build/sam_v71_xult/production/_ext/1320227943/startup_xc32.o
 .debug_ranges  0x000003d8       0x30 build/sam_v71_xult/production/_ext/1320227943/freertos_hooks.o
 .debug_ranges  0x00000408       0x28 build/sam_v71_xult/production/_ext/1320227943/tasks.o
 .debug_ranges  0x00000430       0x68 build/sam_v71_xult/production/_ext/977623654/port.o
 .debug_ranges  0x00000498       0x28 build/sam_v71_xult/production/_ext/1665200909/heap_1.o
 .debug_ranges  0x000004c0       0x30 build/sam_v71_xult/production/_ext/404212886/list.o
 .debug_ranges  0x000004f0      0x180 build/sam_v71_xult/production/_ext/404212886/queue.o
 .debug_ranges  0x00000670      0x288 build/sam_v71_xult/production/_ext/404212886/FreeRTOS_tasks.o
 .debug_ranges  0x000008f8       0x10 build/sam_v71_xult/production/_ext/1360937237/main.o
 .debug_ranges  0x00000908       0x20 build/sam_v71_xult/production/_ext/1360937237/tarea_uart.o
 .debug_ranges  0x00000928       0x18 build/sam_v71_xult/production/_ext/1360937237/tarea_2.o
 .debug_ranges  0x00000940       0x90 build/sam_v71_xult/production/_ext/1360937237/tarea_principal.o
 .debug_ranges  0x000009d0       0x38 build/sam_v71_xult/production/_ext/1360937237/mcan_fd_interrupt.o
 .debug_ranges  0x00000a08       0x10 c:/program files/microchip/xc32/v4.00/bin/bin/../../lib/gcc/pic32c/8.3.1/../../../../pic32c/lib/thumb/v7e-m+dp/hard\libpic32c.a(data_init.o)
 .debug_ranges  0x00000a18       0x40 c:/program files/microchip/xc32/v4.00/bin/bin/../../lib/gcc/pic32c/8.3.1/../../../../pic32c/lib/thumb/v7e-m+dp/hard\libc-musl.a(__libc_start_main.o)
 .debug_ranges  0x00000a58       0x10 c:/program files/microchip/xc32/v4.00/bin/bin/../../lib/gcc/pic32c/8.3.1/../../../../pic32c/lib/thumb/v7e-m+dp/hard\libc-musl.a(memcpy.o)
 .debug_ranges  0x00000a68       0x10 c:/program files/microchip/xc32/v4.00/bin/bin/../../lib/gcc/pic32c/8.3.1/../../../../pic32c/lib/thumb/v7e-m+dp/hard\libc-musl.a(memset.o)

.debug_line     0x00000000     0x75b0
 .debug_line    0x00000000      0x157 build/sam_v71_xult/production/_ext/1379310441/bsp.o
 .debug_line    0x00000157      0x1be build/sam_v71_xult/production/_ext/1157990217/plib_clk.o
 .debug_line    0x00000315      0x320 build/sam_v71_xult/production/_ext/1157988489/plib_efc.o
 .debug_line    0x00000635      0xcb0 build/sam_v71_xult/production/_ext/1537669298/plib_mcan1.o
 .debug_line    0x000012e5      0x353 build/sam_v71_xult/production/_ext/1537621011/plib_nvic.o
 .debug_line    0x00001638      0x504 build/sam_v71_xult/production/_ext/1157977813/plib_pio.o
 .debug_line    0x00001b3c      0x9a9 build/sam_v71_xult/production/_ext/415242918/plib_usart1.o
 .debug_line    0x000024e5      0x344 build/sam_v71_xult/production/_ext/1320227943/initialization.o
 .debug_line    0x00002829      0x138 build/sam_v71_xult/production/_ext/1320227943/interrupts.o
 .debug_line    0x00002961      0x191 build/sam_v71_xult/production/_ext/1320227943/exceptions.o
 .debug_line    0x00002af2      0x46e build/sam_v71_xult/production/_ext/1320227943/startup_xc32.o
 .debug_line    0x00002f60      0x1e3 build/sam_v71_xult/production/_ext/1320227943/freertos_hooks.o
 .debug_line    0x00003143      0x1fb build/sam_v71_xult/production/_ext/1320227943/tasks.o
 .debug_line    0x0000333e      0x35f build/sam_v71_xult/production/_ext/977623654/port.o
 .debug_line    0x0000369d      0x1dd build/sam_v71_xult/production/_ext/1665200909/heap_1.o
 .debug_line    0x0000387a      0x2d4 build/sam_v71_xult/production/_ext/404212886/list.o
 .debug_line    0x00003b4e      0xe88 build/sam_v71_xult/production/_ext/404212886/queue.o
 .debug_line    0x000049d6     0x1752 build/sam_v71_xult/production/_ext/404212886/FreeRTOS_tasks.o
 .debug_line    0x00006128      0x138 build/sam_v71_xult/production/_ext/1360937237/main.o
 .debug_line    0x00006260      0x297 build/sam_v71_xult/production/_ext/1360937237/tarea_uart.o
 .debug_line    0x000064f7      0x1bd build/sam_v71_xult/production/_ext/1360937237/tarea_2.o
 .debug_line    0x000066b4      0x44b build/sam_v71_xult/production/_ext/1360937237/tarea_principal.o
 .debug_line    0x00006aff      0x2a8 build/sam_v71_xult/production/_ext/1360937237/mcan_fd_interrupt.o
 .debug_line    0x00006da7      0x110 c:/program files/microchip/xc32/v4.00/bin/bin/../../lib/gcc/pic32c/8.3.1/../../../../pic32c/lib/thumb/v7e-m+dp/hard\libpic32c.a(data_init.o)
 .debug_line    0x00006eb7      0x24c c:/program files/microchip/xc32/v4.00/bin/bin/../../lib/gcc/pic32c/8.3.1/../../../../pic32c/lib/thumb/v7e-m+dp/hard\libc-musl.a(__libc_start_main.o)
 .debug_line    0x00007103      0x132 c:/program files/microchip/xc32/v4.00/bin/bin/../../lib/gcc/pic32c/8.3.1/../../../../pic32c/lib/thumb/v7e-m+dp/hard\libc-musl.a(libc.o)
 .debug_line    0x00007235       0xf2 c:/program files/microchip/xc32/v4.00/bin/bin/../../lib/gcc/pic32c/8.3.1/../../../../pic32c/lib/thumb/v7e-m+dp/hard\libc-musl.a(memcpy.o)
 .debug_line    0x00007327       0xea c:/program files/microchip/xc32/v4.00/bin/bin/../../lib/gcc/pic32c/8.3.1/../../../../pic32c/lib/thumb/v7e-m+dp/hard\libc-musl.a(memset.o)
 .debug_line    0x00007411      0x19f c:/program files/microchip/xc32/v4.00/bin/bin/../../lib/gcc/pic32c/8.3.1/../../../../pic32c/lib/thumb/v7e-m+dp/hard\libc-musl.a(__environ.o)

.debug_str      0x00000000      0xb67
 .debug_str     0x00000000        0x0 build/sam_v71_xult/production/_ext/1379310441/bsp.o
 .debug_str     0x00000000        0x0 build/sam_v71_xult/production/_ext/1157990217/plib_clk.o
 .debug_str     0x00000000       0x14 build/sam_v71_xult/production/_ext/1157988489/plib_efc.o
 .debug_str     0x00000014       0xd0 build/sam_v71_xult/production/_ext/1537669298/plib_mcan1.o
 .debug_str     0x000000e4       0x28 build/sam_v71_xult/production/_ext/1537621011/plib_nvic.o
 .debug_str     0x0000010c       0x59 build/sam_v71_xult/production/_ext/1157977813/plib_pio.o
 .debug_str     0x00000165       0xb1 build/sam_v71_xult/production/_ext/415242918/plib_usart1.o
 .debug_str     0x00000216       0xb5 build/sam_v71_xult/production/_ext/1320227943/initialization.o
 .debug_str     0x000002cb        0x0 build/sam_v71_xult/production/_ext/1320227943/interrupts.o
 .debug_str     0x000002cb        0x0 build/sam_v71_xult/production/_ext/1320227943/exceptions.o
 .debug_str     0x000002cb       0x2f build/sam_v71_xult/production/_ext/1320227943/startup_xc32.o
 .debug_str     0x000002fa       0x25 build/sam_v71_xult/production/_ext/1320227943/freertos_hooks.o
 .debug_str     0x0000031f       0x62 build/sam_v71_xult/production/_ext/1320227943/tasks.o
 .debug_str     0x00000381       0x26 build/sam_v71_xult/production/_ext/977623654/port.o
 .debug_str     0x000003a7       0x3c build/sam_v71_xult/production/_ext/1665200909/heap_1.o
 .debug_str     0x000003e3       0x2b build/sam_v71_xult/production/_ext/404212886/list.o
 .debug_str     0x0000040e      0x27f build/sam_v71_xult/production/_ext/404212886/queue.o
 .debug_str     0x0000068d      0x275 build/sam_v71_xult/production/_ext/404212886/FreeRTOS_tasks.o
 .debug_str     0x00000902       0x19 build/sam_v71_xult/production/_ext/1360937237/main.o
 .debug_str     0x0000091b       0xbd build/sam_v71_xult/production/_ext/1360937237/tarea_uart.o
 .debug_str     0x000009d8        0xb build/sam_v71_xult/production/_ext/1360937237/tarea_2.o
 .debug_str     0x000009e3       0xe0 build/sam_v71_xult/production/_ext/1360937237/tarea_principal.o
 .debug_str     0x00000ac3       0xa4 build/sam_v71_xult/production/_ext/1360937237/mcan_fd_interrupt.o
 .debug_str     0x00000b67        0x0 c:/program files/microchip/xc32/v4.00/bin/bin/../../lib/gcc/pic32c/8.3.1/../../../../pic32c/lib/thumb/v7e-m+dp/hard\libpic32c.a(data_init.o)
 .debug_str     0x00000b67        0x0 c:/program files/microchip/xc32/v4.00/bin/bin/../../lib/gcc/pic32c/8.3.1/../../../../pic32c/lib/thumb/v7e-m+dp/hard\libc-musl.a(__libc_start_main.o)
 .debug_str     0x00000b67        0x0 c:/program files/microchip/xc32/v4.00/bin/bin/../../lib/gcc/pic32c/8.3.1/../../../../pic32c/lib/thumb/v7e-m+dp/hard\libc-musl.a(libc.o)
 .debug_str     0x00000b67        0x0 c:/program files/microchip/xc32/v4.00/bin/bin/../../lib/gcc/pic32c/8.3.1/../../../../pic32c/lib/thumb/v7e-m+dp/hard\libc-musl.a(memcpy.o)
 .debug_str     0x00000b67        0x0 c:/program files/microchip/xc32/v4.00/bin/bin/../../lib/gcc/pic32c/8.3.1/../../../../pic32c/lib/thumb/v7e-m+dp/hard\libc-musl.a(memset.o)
 .debug_str     0x00000b67        0x0 c:/program files/microchip/xc32/v4.00/bin/bin/../../lib/gcc/pic32c/8.3.1/../../../../pic32c/lib/thumb/v7e-m+dp/hard\libc-musl.a(__environ.o)

.debug_frame    0x00000000     0x12fc
 .debug_frame   0x00000000       0x20 build/sam_v71_xult/production/_ext/1379310441/bsp.o
 .debug_frame   0x00000020       0x20 build/sam_v71_xult/production/_ext/1157990217/plib_clk.o
 .debug_frame   0x00000040       0xc0 build/sam_v71_xult/production/_ext/1157988489/plib_efc.o
 .debug_frame   0x00000100      0x1e4 build/sam_v71_xult/production/_ext/1537669298/plib_mcan1.o
 .debug_frame   0x000002e4       0x50 build/sam_v71_xult/production/_ext/1537621011/plib_nvic.o
 .debug_frame   0x00000334      0x11c build/sam_v71_xult/production/_ext/1157977813/plib_pio.o
 .debug_frame   0x00000450      0x19c build/sam_v71_xult/production/_ext/415242918/plib_usart1.o
 .debug_frame   0x000005ec       0x28 build/sam_v71_xult/production/_ext/1320227943/initialization.o
 .debug_frame   0x00000614       0x20 build/sam_v71_xult/production/_ext/1320227943/interrupts.o
 .debug_frame   0x00000634       0x70 build/sam_v71_xult/production/_ext/1320227943/exceptions.o
 .debug_frame   0x000006a4       0x38 build/sam_v71_xult/production/_ext/1320227943/startup_xc32.o
 .debug_frame   0x000006dc       0x6c build/sam_v71_xult/production/_ext/1320227943/freertos_hooks.o
 .debug_frame   0x00000748       0x78 build/sam_v71_xult/production/_ext/1320227943/tasks.o
 .debug_frame   0x000007c0       0xe8 build/sam_v71_xult/production/_ext/977623654/port.o
 .debug_frame   0x000008a8       0x5c build/sam_v71_xult/production/_ext/1665200909/heap_1.o
 .debug_frame   0x00000904       0x6c build/sam_v71_xult/production/_ext/404212886/list.o
 .debug_frame   0x00000970      0x280 build/sam_v71_xult/production/_ext/404212886/queue.o
 .debug_frame   0x00000bf0      0x46c build/sam_v71_xult/production/_ext/404212886/FreeRTOS_tasks.o
 .debug_frame   0x0000105c       0x28 build/sam_v71_xult/production/_ext/1360937237/main.o
 .debug_frame   0x00001084       0x60 build/sam_v71_xult/production/_ext/1360937237/tarea_uart.o
 .debug_frame   0x000010e4       0x38 build/sam_v71_xult/production/_ext/1360937237/tarea_2.o
 .debug_frame   0x0000111c       0x74 build/sam_v71_xult/production/_ext/1360937237/tarea_principal.o
 .debug_frame   0x00001190       0xb0 build/sam_v71_xult/production/_ext/1360937237/mcan_fd_interrupt.o
 .debug_frame   0x00001240       0x38 c:/program files/microchip/xc32/v4.00/bin/bin/../../lib/gcc/pic32c/8.3.1/../../../../pic32c/lib/thumb/v7e-m+dp/hard\libpic32c.a(data_init.o)
 .debug_frame   0x00001278       0x3c c:/program files/microchip/xc32/v4.00/bin/bin/../../lib/gcc/pic32c/8.3.1/../../../../pic32c/lib/thumb/v7e-m+dp/hard\libc-musl.a(__libc_start_main.o)
 .debug_frame   0x000012b4       0x28 c:/program files/microchip/xc32/v4.00/bin/bin/../../lib/gcc/pic32c/8.3.1/../../../../pic32c/lib/thumb/v7e-m+dp/hard\libc-musl.a(memcpy.o)
 .debug_frame   0x000012dc       0x20 c:/program files/microchip/xc32/v4.00/bin/bin/../../lib/gcc/pic32c/8.3.1/../../../../pic32c/lib/thumb/v7e-m+dp/hard\libc-musl.a(memset.o)

.debug_loc      0x00000000     0x6624
 .debug_loc     0x00000000      0x458 build/sam_v71_xult/production/_ext/1157988489/plib_efc.o
 .debug_loc     0x00000458      0xdb4 build/sam_v71_xult/production/_ext/1537669298/plib_mcan1.o
 .debug_loc     0x0000120c      0x168 build/sam_v71_xult/production/_ext/1537621011/plib_nvic.o
 .debug_loc     0x00001374      0x371 build/sam_v71_xult/production/_ext/1157977813/plib_pio.o
 .debug_loc     0x000016e5      0xab0 build/sam_v71_xult/production/_ext/415242918/plib_usart1.o
 .debug_loc     0x00002195       0x45 build/sam_v71_xult/production/_ext/1320227943/initialization.o
 .debug_loc     0x000021da       0xa7 build/sam_v71_xult/production/_ext/1320227943/startup_xc32.o
 .debug_loc     0x00002281       0x82 build/sam_v71_xult/production/_ext/1320227943/freertos_hooks.o
 .debug_loc     0x00002303      0x107 build/sam_v71_xult/production/_ext/1320227943/tasks.o
 .debug_loc     0x0000240a      0x13a build/sam_v71_xult/production/_ext/977623654/port.o
 .debug_loc     0x00002544       0x80 build/sam_v71_xult/production/_ext/1665200909/heap_1.o
 .debug_loc     0x000025c4       0xbf build/sam_v71_xult/production/_ext/404212886/list.o
 .debug_loc     0x00002683     0x16e4 build/sam_v71_xult/production/_ext/404212886/queue.o
 .debug_loc     0x00003d67     0x211d build/sam_v71_xult/production/_ext/404212886/FreeRTOS_tasks.o
 .debug_loc     0x00005e84       0x20 build/sam_v71_xult/production/_ext/1360937237/main.o
 .debug_loc     0x00005ea4      0x100 build/sam_v71_xult/production/_ext/1360937237/tarea_uart.o
 .debug_loc     0x00005fa4       0x20 build/sam_v71_xult/production/_ext/1360937237/tarea_2.o
 .debug_loc     0x00005fc4      0x134 build/sam_v71_xult/production/_ext/1360937237/tarea_principal.o
 .debug_loc     0x000060f8      0x3b7 build/sam_v71_xult/production/_ext/1360937237/mcan_fd_interrupt.o
 .debug_loc     0x000064af       0x14 c:/program files/microchip/xc32/v4.00/bin/bin/../../lib/gcc/pic32c/8.3.1/../../../../pic32c/lib/thumb/v7e-m+dp/hard\libpic32c.a(data_init.o)
 .debug_loc     0x000064c3       0x51 c:/program files/microchip/xc32/v4.00/bin/bin/../../lib/gcc/pic32c/8.3.1/../../../../pic32c/lib/thumb/v7e-m+dp/hard\libc-musl.a(__libc_start_main.o)
 .debug_loc     0x00006514       0xba c:/program files/microchip/xc32/v4.00/bin/bin/../../lib/gcc/pic32c/8.3.1/../../../../pic32c/lib/thumb/v7e-m+dp/hard\libc-musl.a(memcpy.o)
 .debug_loc     0x000065ce       0x56 c:/program files/microchip/xc32/v4.00/bin/bin/../../lib/gcc/pic32c/8.3.1/../../../../pic32c/lib/thumb/v7e-m+dp/hard\libc-musl.a(memset.o)

.note.GNU-stack
                0x00000000        0x0
 .note.GNU-stack
                0x00000000        0x0 c:/program files/microchip/xc32/v4.00/bin/bin/../../lib/gcc/pic32c/8.3.1/../../../../pic32c/lib/thumb/v7e-m+dp/hard\libc-musl.a(__libc_start_main.o)
 .note.GNU-stack
                0x00000000        0x0 c:/program files/microchip/xc32/v4.00/bin/bin/../../lib/gcc/pic32c/8.3.1/../../../../pic32c/lib/thumb/v7e-m+dp/hard\libc-musl.a(libc.o)
 .note.GNU-stack
                0x00000000        0x0 c:/program files/microchip/xc32/v4.00/bin/bin/../../lib/gcc/pic32c/8.3.1/../../../../pic32c/lib/thumb/v7e-m+dp/hard\libc-musl.a(memcpy.o)
 .note.GNU-stack
                0x00000000        0x0 c:/program files/microchip/xc32/v4.00/bin/bin/../../lib/gcc/pic32c/8.3.1/../../../../pic32c/lib/thumb/v7e-m+dp/hard\libc-musl.a(memset.o)
 .note.GNU-stack
                0x00000000        0x0 c:/program files/microchip/xc32/v4.00/bin/bin/../../lib/gcc/pic32c/8.3.1/../../../../pic32c/lib/thumb/v7e-m+dp/hard\libc-musl.a(__environ.o)

.stack          0x2040a808      0x100
 .stack         0x2040a808      0x100 stack

.bss.ucHeap%1   0x20400000     0xa000
 .bss.ucHeap    0x20400000     0xa000 build/sam_v71_xult/production/_ext/1665200909/heap_1.o

.bss.USART1_WriteBuffer%2
                0x2040a000      0x200
 .bss.USART1_WriteBuffer
                0x2040a000      0x200 build/sam_v71_xult/production/_ext/415242918/plib_usart1.o

.ram_nocache.Can1MessageRAM%3
                0x2040a200      0x140
 .ram_nocache.Can1MessageRAM
                0x2040a200      0x140 build/sam_v71_xult/production/_ext/1360937237/tarea_principal.o
                0x2040a200                Can1MessageRAM

.bss.pxReadyTasksLists%4
                0x2040a340       0x64
 .bss.pxReadyTasksLists
                0x2040a340       0x64 build/sam_v71_xult/production/_ext/404212886/FreeRTOS_tasks.o

.bss%5          0x2040a3a4       0x50
 .bss           0x2040a3a4       0x50 c:/program files/microchip/xc32/v4.00/bin/bin/../../lib/gcc/pic32c/8.3.1/../../../../pic32c/lib/thumb/v7e-m+dp/hard\libc-musl.a(libc.o)
                0x2040a3a4                __progname_full
                0x2040a3a4                program_invocation_name
                0x2040a3a8                program_invocation_short_name
                0x2040a3a8                __progname
                0x2040a3ac                __sysinfo
                0x2040a3b0                __hwcap
                0x2040a3b4                __libc

.bss.usart1Obj%6
                0x2040a3f4       0x40
 .bss.usart1Obj
                0x2040a3f4       0x40 build/sam_v71_xult/production/_ext/415242918/plib_usart1.o
                0x2040a3f4                usart1Obj

.bss.mcan1RxMsg%7
                0x2040a434       0x3c
 .bss.mcan1RxMsg
                0x2040a434       0x3c build/sam_v71_xult/production/_ext/1537669298/plib_mcan1.o

.bss.mcan1Obj%8
                0x2040a470       0x28
 .bss.mcan1Obj  0x2040a470       0x28 build/sam_v71_xult/production/_ext/1537669298/plib_mcan1.o

.bss.mcan1CallbackObj%9
                0x2040a498       0x20
 .bss.mcan1CallbackObj
                0x2040a498       0x20 build/sam_v71_xult/production/_ext/1537669298/plib_mcan1.o

.bss%10         0x2040a4b8       0x1c
 .bss           0x2040a4b8       0x1c c:/program files/microchip/xc32/v4.00/bin/bin/../../lib/gcc/pic32c/8.3.1/thumb/v7e-m+dp/hard/crtbegin.o

.bss.xDelayedTaskList1%11
                0x2040a4d4       0x14
 .bss.xDelayedTaskList1
                0x2040a4d4       0x14 build/sam_v71_xult/production/_ext/404212886/FreeRTOS_tasks.o

.bss.xDelayedTaskList2%12
                0x2040a4e8       0x14
 .bss.xDelayedTaskList2
                0x2040a4e8       0x14 build/sam_v71_xult/production/_ext/404212886/FreeRTOS_tasks.o

.bss.xPendingReadyList%13
                0x2040a4fc       0x14
 .bss.xPendingReadyList
                0x2040a4fc       0x14 build/sam_v71_xult/production/_ext/404212886/FreeRTOS_tasks.o

.bss.xSuspendedTaskList%14
                0x2040a510       0x14
 .bss.xSuspendedTaskList
                0x2040a510       0x14 build/sam_v71_xult/production/_ext/404212886/FreeRTOS_tasks.o

.bss.xTasksWaitingTermination%15
                0x2040a524       0x14
 .bss.xTasksWaitingTermination
                0x2040a524       0x14 build/sam_v71_xult/production/_ext/404212886/FreeRTOS_tasks.o

.bss.USART1_ReadBuffer%16
                0x2040a538       0x10
 .bss.USART1_ReadBuffer
                0x2040a538       0x10 build/sam_v71_xult/production/_ext/415242918/plib_usart1.o

.bss.portPinCbObj%17
                0x2040a548        0xc
 .bss.portPinCbObj
                0x2040a548        0xc build/sam_v71_xult/production/_ext/1157977813/plib_pio.o
                0x2040a548                portPinCbObj

.data.portNumCb%18
                0x2040a554        0x6
 .data.portNumCb
                0x2040a554        0x6 build/sam_v71_xult/production/_ext/1157977813/plib_pio.o
                0x2040a554                portNumCb

.bss.message.9620%19
                0x2040a55c        0x5
 .bss.message.9620
                0x2040a55c        0x5 build/sam_v71_xult/production/_ext/1360937237/tarea_principal.o

.bss.cmd.7930%20
                0x2040a564        0x4
 .bss.cmd.7930  0x2040a564        0x4 build/sam_v71_xult/production/_ext/1320227943/startup_xc32.o

.bss.xTAREA_2_Tasks%21
                0x2040a568        0x4
 .bss.xTAREA_2_Tasks
                0x2040a568        0x4 build/sam_v71_xult/production/_ext/1320227943/tasks.o
                0x2040a568                xTAREA_2_Tasks

.bss.xTAREA_PRINCIPAL_Tasks%22
                0x2040a56c        0x4
 .bss.xTAREA_PRINCIPAL_Tasks
                0x2040a56c        0x4 build/sam_v71_xult/production/_ext/1320227943/tasks.o
                0x2040a56c                xTAREA_PRINCIPAL_Tasks

.bss.xTAREA_UART_Tasks%23
                0x2040a570        0x4
 .bss.xTAREA_UART_Tasks
                0x2040a570        0x4 build/sam_v71_xult/production/_ext/1320227943/tasks.o
                0x2040a570                xTAREA_UART_Tasks

.data.uxCriticalNesting%24
                0x2040a574        0x4
 .data.uxCriticalNesting
                0x2040a574        0x4 build/sam_v71_xult/production/_ext/977623654/port.o

.bss.pucAlignedHeap.6163%25
                0x2040a578        0x4
 .bss.pucAlignedHeap.6163
                0x2040a578        0x4 build/sam_v71_xult/production/_ext/1665200909/heap_1.o

.bss.xNextFreeByte%26
                0x2040a57c        0x4
 .bss.xNextFreeByte
                0x2040a57c        0x4 build/sam_v71_xult/production/_ext/1665200909/heap_1.o

.bss.pxCurrentTCB%27
                0x2040a580        0x4
 .bss.pxCurrentTCB
                0x2040a580        0x4 build/sam_v71_xult/production/_ext/404212886/FreeRTOS_tasks.o
                0x2040a580                pxCurrentTCB

.bss.pxDelayedTaskList%28
                0x2040a584        0x4
 .bss.pxDelayedTaskList
                0x2040a584        0x4 build/sam_v71_xult/production/_ext/404212886/FreeRTOS_tasks.o

.bss.pxOverflowDelayedTaskList%29
                0x2040a588        0x4
 .bss.pxOverflowDelayedTaskList
                0x2040a588        0x4 build/sam_v71_xult/production/_ext/404212886/FreeRTOS_tasks.o

.bss.uxCurrentNumberOfTasks%30
                0x2040a58c        0x4
 .bss.uxCurrentNumberOfTasks
                0x2040a58c        0x4 build/sam_v71_xult/production/_ext/404212886/FreeRTOS_tasks.o

.bss.uxDeletedTasksWaitingCleanUp%31
                0x2040a590        0x4
 .bss.uxDeletedTasksWaitingCleanUp
                0x2040a590        0x4 build/sam_v71_xult/production/_ext/404212886/FreeRTOS_tasks.o

.bss.uxSchedulerSuspended%32
                0x2040a594        0x4
 .bss.uxSchedulerSuspended
                0x2040a594        0x4 build/sam_v71_xult/production/_ext/404212886/FreeRTOS_tasks.o

.bss.uxTaskNumber%33
                0x2040a598        0x4
 .bss.uxTaskNumber
                0x2040a598        0x4 build/sam_v71_xult/production/_ext/404212886/FreeRTOS_tasks.o

.bss.uxTopReadyPriority%34
                0x2040a59c        0x4
 .bss.uxTopReadyPriority
                0x2040a59c        0x4 build/sam_v71_xult/production/_ext/404212886/FreeRTOS_tasks.o

.bss.xIdleTaskHandle%35
                0x2040a5a0        0x4
 .bss.xIdleTaskHandle
                0x2040a5a0        0x4 build/sam_v71_xult/production/_ext/404212886/FreeRTOS_tasks.o

.bss.xNextTaskUnblockTime%36
                0x2040a5a4        0x4
 .bss.xNextTaskUnblockTime
                0x2040a5a4        0x4 build/sam_v71_xult/production/_ext/404212886/FreeRTOS_tasks.o

.bss.xNumOfOverflows%37
                0x2040a5a8        0x4
 .bss.xNumOfOverflows
                0x2040a5a8        0x4 build/sam_v71_xult/production/_ext/404212886/FreeRTOS_tasks.o

.bss.xPendedTicks%38
                0x2040a5ac        0x4
 .bss.xPendedTicks
                0x2040a5ac        0x4 build/sam_v71_xult/production/_ext/404212886/FreeRTOS_tasks.o

.bss.xSchedulerRunning%39
                0x2040a5b0        0x4
 .bss.xSchedulerRunning
                0x2040a5b0        0x4 build/sam_v71_xult/production/_ext/404212886/FreeRTOS_tasks.o

.bss.xTickCount%40
                0x2040a5b4        0x4
 .bss.xTickCount
                0x2040a5b4        0x4 build/sam_v71_xult/production/_ext/404212886/FreeRTOS_tasks.o

.bss.xYieldPending%41
                0x2040a5b8        0x4
 .bss.xYieldPending
                0x2040a5b8        0x4 build/sam_v71_xult/production/_ext/404212886/FreeRTOS_tasks.o

.bss.dataRxSemaphore%42
                0x2040a5bc        0x4
 .bss.dataRxSemaphore
                0x2040a5bc        0x4 build/sam_v71_xult/production/_ext/1360937237/tarea_uart.o

.bss.canMutexLock%43
                0x2040a5c0        0x4
 .bss.canMutexLock
                0x2040a5c0        0x4 build/sam_v71_xult/production/_ext/1360937237/tarea_principal.o
                0x2040a5c0                canMutexLock

.bss.message.9613%44
                0x2040a5c4        0x4
 .bss.message.9613
                0x2040a5c4        0x4 build/sam_v71_xult/production/_ext/1360937237/tarea_principal.o

.bss.uartMutexLock%45
                0x2040a5c8        0x4
 .bss.uartMutexLock
                0x2040a5c8        0x4 build/sam_v71_xult/production/_ext/1360937237/tarea_principal.o
                0x2040a5c8                uartMutexLock

.bss.xTAREA_Can1%46
                0x2040a5cc        0x4
 .bss.xTAREA_Can1
                0x2040a5cc        0x4 build/sam_v71_xult/production/_ext/1360937237/tarea_principal.o
                0x2040a5cc                xTAREA_Can1

.bss.xTAREA_Can2%47
                0x2040a5d0        0x4
 .bss.xTAREA_Can2
                0x2040a5d0        0x4 build/sam_v71_xult/production/_ext/1360937237/tarea_principal.o
                0x2040a5d0                xTAREA_Can2

.bss.xferContext%48
                0x2040a5d4        0x4
 .bss.xferContext
                0x2040a5d4        0x4 build/sam_v71_xult/production/_ext/1360937237/mcan_fd_interrupt.o

.bss%49         0x2040a5d8        0x8
 .bss           0x2040a5d8        0x4 c:/program files/microchip/xc32/v4.00/bin/bin/../../lib/gcc/pic32c/8.3.1/../../../../pic32c/lib/thumb/v7e-m+dp/hard\libpic32c.a(data_init.o)
 .bss           0x2040a5dc        0x4 c:/program files/microchip/xc32/v4.00/bin/bin/../../lib/gcc/pic32c/8.3.1/../../../../pic32c/lib/thumb/v7e-m+dp/hard\libc-musl.a(__environ.o)
                0x2040a5dc                __environ
                0x2040a5dc                environ
                0x2040a5dc                ___environ
                0x2040a5dc                _environ

.bss.tarea_principalData%51
                0x2040a5e0        0x1
 .bss.tarea_principalData
                0x2040a5e0        0x1 build/sam_v71_xult/production/_ext/1360937237/tarea_principal.o
                0x2040a5e0                tarea_principalData

.bss.tarea_2Data%52
                0x2040a5e4        0x1
 .bss.tarea_2Data
                0x2040a5e4        0x1 build/sam_v71_xult/production/_ext/1360937237/tarea_2.o
                0x2040a5e4                tarea_2Data

.bss.tarea_uartData%53
                0x2040a5e8        0x1
 .bss.tarea_uartData
                0x2040a5e8        0x1 build/sam_v71_xult/production/_ext/1360937237/tarea_uart.o
                0x2040a5e8                tarea_uartData

.bss.messageMarker.8206%54
                0x2040a55a        0x1
 .bss.messageMarker.8206
                0x2040a55a        0x1 build/sam_v71_xult/production/_ext/1537669298/plib_mcan1.o

.data.readByte_global%55
                0x2040a55b        0x1
 .data.readByte_global
                0x2040a55b        0x1 build/sam_v71_xult/production/_ext/1360937237/tarea_uart.o
                0x2040a55b                readByte_global

.data.state%56  0x2040a561        0x1
 .data.state    0x2040a561        0x1 build/sam_v71_xult/production/_ext/1360937237/mcan_fd_interrupt.o

.eh_frame%z1    0x00000000        0x0
 .eh_frame      0x00000000        0x0 c:/program files/microchip/xc32/v4.00/bin/bin/../../lib/gcc/pic32c/8.3.1/thumb/v7e-m+dp/hard/crtbegin.o

.config_D0000000.__config_D0000000%57
                0xd0000000        0x4
 .config_D0000000.__config_D0000000
                0xd0000000        0x4 build/sam_v71_xult/production/_ext/1320227943/initialization.o
                0xd0000000                __config_D0000000

.dinit%58       0x00400188      0x400
 .dinit         0x00400188      0x400 data_init

.text.MCAN1_INT0_InterruptHandler%59
                0x00400588      0x3bc
 .text.MCAN1_INT0_InterruptHandler
                0x00400588      0x3bc build/sam_v71_xult/production/_ext/1537669298/plib_mcan1.o
                0x00400588                MCAN1_INT0_InterruptHandler

.text.xTaskCreate%60
                0x00400944      0x1e4
 .text.xTaskCreate
                0x00400944      0x1e4 build/sam_v71_xult/production/_ext/404212886/FreeRTOS_tasks.o
                0x00400944                xTaskCreate

.text.USART1_InterruptHandler%61
                0x00400b28      0x17c
 .text.USART1_InterruptHandler
                0x00400b28      0x17c build/sam_v71_xult/production/_ext/415242918/plib_usart1.o
                0x00400b28                USART1_InterruptHandler

.text.Reset_Handler%62
                0x00400ca4      0x178
 .text.Reset_Handler
                0x00400ca4      0x178 build/sam_v71_xult/production/_ext/1320227943/startup_xc32.o
                0x00400ca4                Reset_Handler

.text.xQueueSemaphoreTake%63
                0x00400e1c      0x158
 .text.xQueueSemaphoreTake
                0x00400e1c      0x158 build/sam_v71_xult/production/_ext/404212886/queue.o
                0x00400e1c                xQueueSemaphoreTake

.text.xQueueGenericSend%64
                0x00400f74      0x128
 .text.xQueueGenericSend
                0x00400f74      0x128 build/sam_v71_xult/production/_ext/404212886/queue.o
                0x00400f74                xQueueGenericSend

.text.MCAN1_MessageTransmit%65
                0x0040109c      0x114
 .text.MCAN1_MessageTransmit
                0x0040109c      0x114 build/sam_v71_xult/production/_ext/1537669298/plib_mcan1.o
                0x0040109c                MCAN1_MessageTransmit

.text.xTaskIncrementTick%66
                0x004011b0      0x114
 .text.xTaskIncrementTick
                0x004011b0      0x114 build/sam_v71_xult/production/_ext/404212886/FreeRTOS_tasks.o
                0x004011b0                xTaskIncrementTick

.text.MCAN1_MessageRAMConfigSet%67
                0x004012c4      0x10c
 .text.MCAN1_MessageRAMConfigSet
                0x004012c4      0x10c build/sam_v71_xult/production/_ext/1537669298/plib_mcan1.o
                0x004012c4                MCAN1_MessageRAMConfigSet

.text.TAREA_Can2%68
                0x004013d0       0xf8
 .text.TAREA_Can2
                0x004013d0       0xf8 build/sam_v71_xult/production/_ext/1360937237/tarea_principal.o
                0x004013d0                TAREA_Can2

.text.PIO_Initialize%69
                0x004014c8       0xf0
 .text.PIO_Initialize
                0x004014c8       0xf0 build/sam_v71_xult/production/_ext/1157977813/plib_pio.o
                0x004014c8                PIO_Initialize

.text.TAREA_PRINCIPAL_Tasks%70
                0x004015b8       0xf0
 .text.TAREA_PRINCIPAL_Tasks
                0x004015b8       0xf0 build/sam_v71_xult/production/_ext/1360937237/tarea_principal.o
                0x004015b8                TAREA_PRINCIPAL_Tasks

.text.xTaskResumeAll%71
                0x004016a8       0xe4
 .text.xTaskResumeAll
                0x004016a8       0xe4 build/sam_v71_xult/production/_ext/404212886/FreeRTOS_tasks.o
                0x004016a8                xTaskResumeAll

.text.vTaskDelete%72
                0x0040178c       0xcc
 .text.vTaskDelete
                0x0040178c       0xcc build/sam_v71_xult/production/_ext/404212886/FreeRTOS_tasks.o
                0x0040178c                vTaskDelete

.text.TAREA_Can1%73
                0x00401858       0xcc
 .text.TAREA_Can1
                0x00401858       0xcc build/sam_v71_xult/production/_ext/1360937237/tarea_principal.o
                0x00401858                TAREA_Can1

.rodata%74      0x00401924       0xb0
 .rodata        0x00401924       0xb0 build/sam_v71_xult/production/_ext/1360937237/tarea_principal.o

.text.vTaskSwitchContext%75
                0x004019d4       0xa8
 .text.vTaskSwitchContext
                0x004019d4       0xa8 build/sam_v71_xult/production/_ext/404212886/FreeRTOS_tasks.o
                0x004019d4                vTaskSwitchContext

.text.xTaskPriorityInherit%76
                0x00401a7c       0xa8
 .text.xTaskPriorityInherit
                0x00401a7c       0xa8 build/sam_v71_xult/production/_ext/404212886/FreeRTOS_tasks.o
                0x00401a7c                xTaskPriorityInherit

.text.MCAN1_Initialize%77
                0x00401b24       0xa4
 .text.MCAN1_Initialize
                0x00401b24       0xa4 build/sam_v71_xult/production/_ext/1537669298/plib_mcan1.o
                0x00401b24                MCAN1_Initialize

.text.USART1_Write%78
                0x00401bc8       0xa4
 .text.USART1_Write
                0x00401bc8       0xa4 build/sam_v71_xult/production/_ext/415242918/plib_usart1.o
                0x00401bc8                USART1_Write

.text.prvAddCurrentTaskToDelayedList%79
                0x00401c6c       0x94
 .text.prvAddCurrentTaskToDelayedList
                0x00401c6c       0x94 build/sam_v71_xult/production/_ext/404212886/FreeRTOS_tasks.o

.text.__pic32c_data_initialization%80
                0x00401d00       0x88
 .text.__pic32c_data_initialization
                0x00401d00       0x88 c:/program files/microchip/xc32/v4.00/bin/bin/../../lib/gcc/pic32c/8.3.1/../../../../pic32c/lib/thumb/v7e-m+dp/hard\libpic32c.a(data_init.o)
                0x00401d00                __pic32c_data_initialization

.text.vTaskPriorityDisinheritAfterTimeout%81
                0x00401d88       0x80
 .text.vTaskPriorityDisinheritAfterTimeout
                0x00401d88       0x80 build/sam_v71_xult/production/_ext/404212886/FreeRTOS_tasks.o
                0x00401d88                vTaskPriorityDisinheritAfterTimeout

.text.prvUnlockQueue%82
                0x00401e08       0x7e
 .text.prvUnlockQueue
                0x00401e08       0x7e build/sam_v71_xult/production/_ext/404212886/queue.o

.text.xTaskPriorityDisinherit%83
                0x00401e88       0x7c
 .text.xTaskPriorityDisinherit
                0x00401e88       0x7c build/sam_v71_xult/production/_ext/404212886/FreeRTOS_tasks.o
                0x00401e88                xTaskPriorityDisinherit

.text.xTaskRemoveFromEventList%84
                0x00401f04       0x78
 .text.xTaskRemoveFromEventList
                0x00401f04       0x78 build/sam_v71_xult/production/_ext/404212886/FreeRTOS_tasks.o
                0x00401f04                xTaskRemoveFromEventList

.text.TAREA_UART_Tasks%85
                0x00401f7c       0x74
 .text.TAREA_UART_Tasks
                0x00401f7c       0x74 build/sam_v71_xult/production/_ext/1360937237/tarea_uart.o
                0x00401f7c                TAREA_UART_Tasks

.text.prvCopyDataToQueue%86
                0x00401ff0       0x72
 .text.prvCopyDataToQueue
                0x00401ff0       0x72 build/sam_v71_xult/production/_ext/404212886/queue.o

.text.SYS_Tasks%87
                0x00402064       0x70
 .text.SYS_Tasks
                0x00402064       0x70 build/sam_v71_xult/production/_ext/1320227943/tasks.o
                0x00402064                SYS_Tasks

.text.xQueueGenericReset%88
                0x004020d4       0x70
 .text.xQueueGenericReset
                0x004020d4       0x70 build/sam_v71_xult/production/_ext/404212886/queue.o
                0x004020d4                xQueueGenericReset

.text.prvIdleTask%89
                0x00402144       0x70
 .text.prvIdleTask
                0x00402144       0x70 build/sam_v71_xult/production/_ext/404212886/FreeRTOS_tasks.o

.text.CLOCK_Initialize%90
                0x004021b4       0x6c
 .text.CLOCK_Initialize
                0x004021b4       0x6c build/sam_v71_xult/production/_ext/1157990217/plib_clk.o
                0x004021b4                CLOCK_Initialize

.text.USART1_Initialize%91
                0x00402220       0x6c
 .text.USART1_Initialize
                0x00402220       0x6c build/sam_v71_xult/production/_ext/415242918/plib_usart1.o
                0x00402220                USART1_Initialize

.text.pvPortMalloc%92
                0x0040228c       0x6c
 .text.pvPortMalloc
                0x0040228c       0x6c build/sam_v71_xult/production/_ext/1665200909/heap_1.o
                0x0040228c                pvPortMalloc

.text.vTaskStartScheduler%93
                0x004022f8       0x68
 .text.vTaskStartScheduler
                0x004022f8       0x68 build/sam_v71_xult/production/_ext/404212886/FreeRTOS_tasks.o
                0x004022f8                vTaskStartScheduler

.text.xPortPendSVHandler%94
                0x00402360       0x64
 .text.xPortPendSVHandler
                0x00402360       0x64 build/sam_v71_xult/production/_ext/977623654/port.o
                0x00402360                xPortPendSVHandler

.text.xQueueGiveFromISR%95
                0x004023c4       0x64
 .text.xQueueGiveFromISR
                0x004023c4       0x64 build/sam_v71_xult/production/_ext/404212886/queue.o
                0x004023c4                xQueueGiveFromISR

.text.xTaskCheckForTimeOut%96
                0x00402428       0x5c
 .text.xTaskCheckForTimeOut
                0x00402428       0x5c build/sam_v71_xult/production/_ext/404212886/FreeRTOS_tasks.o
                0x00402428                xTaskCheckForTimeOut

.text.__libc_start_init%97
                0x00402484       0x5c
 .text.__libc_start_init
                0x00402484       0x5c c:/program files/microchip/xc32/v4.00/bin/bin/../../lib/gcc/pic32c/8.3.1/../../../../pic32c/lib/thumb/v7e-m+dp/hard\libc-musl.a(__libc_start_main.o)
                0x00402484                __libc_init_array

.text._PIO_Interrupt_Handler%98
                0x004024e0       0x58
 .text._PIO_Interrupt_Handler
                0x004024e0       0x58 build/sam_v71_xult/production/_ext/1157977813/plib_pio.o
                0x004024e0                _PIO_Interrupt_Handler

.text.USART1_Read%99
                0x00402538       0x58
 .text.USART1_Read
                0x00402538       0x58 build/sam_v71_xult/production/_ext/415242918/plib_usart1.o
                0x00402538                USART1_Read

.text.TAREA_PRINCIPAL_Initialize%100
                0x00402590       0x54
 .text.TAREA_PRINCIPAL_Initialize
                0x00402590       0x54 build/sam_v71_xult/production/_ext/1360937237/tarea_principal.o
                0x00402590                TAREA_PRINCIPAL_Initialize

.text.NVIC_Initialize%101
                0x004025e4       0x48
 .text.NVIC_Initialize
                0x004025e4       0x48 build/sam_v71_xult/production/_ext/1537621011/plib_nvic.o
                0x004025e4                NVIC_Initialize

.text.xPortStartScheduler%102
                0x0040262c       0x48
 .text.xPortStartScheduler
                0x0040262c       0x48 build/sam_v71_xult/production/_ext/977623654/port.o
                0x0040262c                xPortStartScheduler

.text.mcan_fd_interrupt_enviar%103
                0x00402674       0x44
 .text.mcan_fd_interrupt_enviar
                0x00402674       0x44 build/sam_v71_xult/production/_ext/1360937237/mcan_fd_interrupt.o
                0x00402674                mcan_fd_interrupt_enviar

.text%104       0x004026b8       0x40
 .text          0x004026b8       0x40 c:/program files/microchip/xc32/v4.00/bin/bin/../../lib/gcc/pic32c/8.3.1/thumb/v7e-m+dp/hard/crtbegin.o

.text.SYS_Initialize%105
                0x004026f8       0x3c
 .text.SYS_Initialize
                0x004026f8       0x3c build/sam_v71_xult/production/_ext/1320227943/initialization.o
                0x004026f8                SYS_Initialize

.rodata%106     0x00402734       0x3c
 .rodata        0x00402734       0x3c build/sam_v71_xult/production/_ext/1320227943/tasks.o

.text.Resultado%107
                0x00402770       0x3c
 .text.Resultado
                0x00402770       0x3c build/sam_v71_xult/production/_ext/1360937237/mcan_fd_interrupt.o
                0x00402770                Resultado

.text.MCAN1_ErrorGet%108
                0x004027ac       0x38
 .text.MCAN1_ErrorGet
                0x004027ac       0x38 build/sam_v71_xult/production/_ext/1537669298/plib_mcan1.o
                0x004027ac                MCAN1_ErrorGet

.text.vListInsert%109
                0x004027e4       0x34
 .text.vListInsert
                0x004027e4       0x34 build/sam_v71_xult/production/_ext/404212886/list.o
                0x004027e4                vListInsert

.text.vTaskDelay%110
                0x00402818       0x34
 .text.vTaskDelay
                0x00402818       0x34 build/sam_v71_xult/production/_ext/404212886/FreeRTOS_tasks.o
                0x00402818                vTaskDelay

.text.uartReadEventHandler%111
                0x0040284c       0x34
 .text.uartReadEventHandler
                0x0040284c       0x34 build/sam_v71_xult/production/_ext/1360937237/tarea_uart.o
                0x0040284c                uartReadEventHandler

.text.APP_MCAN_Callback%112
                0x00402880       0x34
 .text.APP_MCAN_Callback
                0x00402880       0x34 build/sam_v71_xult/production/_ext/1360937237/mcan_fd_interrupt.o
                0x00402880                APP_MCAN_Callback

.text.xPortSysTickHandler%113
                0x004028b4       0x30
 .text.xPortSysTickHandler
                0x004028b4       0x30 build/sam_v71_xult/production/_ext/977623654/port.o
                0x004028b4                xPortSysTickHandler

.text.xQueueGenericCreate%114
                0x004028e4       0x30
 .text.xQueueGenericCreate
                0x004028e4       0x30 build/sam_v71_xult/production/_ext/404212886/queue.o
                0x004028e4                xQueueGenericCreate

.text.pxPortInitialiseStack%115
                0x00402914       0x2c
 .text.pxPortInitialiseStack
                0x00402914       0x2c build/sam_v71_xult/production/_ext/977623654/port.o
                0x00402914                pxPortInitialiseStack

.text.prvResetNextTaskUnblockTime%116
                0x00402940       0x2c
 .text.prvResetNextTaskUnblockTime
                0x00402940       0x2c build/sam_v71_xult/production/_ext/404212886/FreeRTOS_tasks.o

.text.prvPortStartFirstTask%117
                0x0040296c       0x28
 .text.prvPortStartFirstTask
                0x0040296c       0x28 build/sam_v71_xult/production/_ext/977623654/port.o

.text.vPortSetupTimerInterrupt%118
                0x00402994       0x28
 .text.vPortSetupTimerInterrupt
                0x00402994       0x28 build/sam_v71_xult/production/_ext/977623654/port.o
                0x00402994                vPortSetupTimerInterrupt

.text.uxListRemove%119
                0x004029bc       0x26
 .text.uxListRemove
                0x004029bc       0x26 build/sam_v71_xult/production/_ext/404212886/list.o
                0x004029bc                uxListRemove

.text.MCANDlcToLengthGet%120
                0x004029e4       0x24
 .text.MCANDlcToLengthGet
                0x004029e4       0x24 build/sam_v71_xult/production/_ext/1537669298/plib_mcan1.o

.text.prvTaskExitError%121
                0x00402a08       0x24
 .text.prvTaskExitError
                0x00402a08       0x24 build/sam_v71_xult/production/_ext/977623654/port.o

.text.vPortSVCHandler%122
                0x00402a30       0x24
 .text.vPortSVCHandler
                0x00402a30       0x24 build/sam_v71_xult/production/_ext/977623654/port.o
                0x00402a30                vPortSVCHandler

.text.vPortEnterCritical%123
                0x00402a54       0x24
 .text.vPortEnterCritical
                0x00402a54       0x24 build/sam_v71_xult/production/_ext/977623654/port.o
                0x00402a54                vPortEnterCritical

.text.xQueueCreateMutex%124
                0x00402a78       0x24
 .text.xQueueCreateMutex
                0x00402a78       0x24 build/sam_v71_xult/production/_ext/404212886/queue.o
                0x00402a78                xQueueCreateMutex

.text.BSP_Initialize%125
                0x00402a9c       0x20
 .text.BSP_Initialize
                0x00402a9c       0x20 build/sam_v71_xult/production/_ext/1379310441/bsp.o
                0x00402a9c                BSP_Initialize

.text.USART1_WritePendingBytesGet%126
                0x00402abc       0x1c
 .text.USART1_WritePendingBytesGet
                0x00402abc       0x1c build/sam_v71_xult/production/_ext/415242918/plib_usart1.o

.text.USART1_ReadCountGet%127
                0x00402ad8       0x1c
 .text.USART1_ReadCountGet
                0x00402ad8       0x1c build/sam_v71_xult/production/_ext/415242918/plib_usart1.o
                0x00402ad8                USART1_ReadCountGet

.text.vTaskPlaceOnEventList%128
                0x00402af4       0x1c
 .text.vTaskPlaceOnEventList
                0x00402af4       0x1c build/sam_v71_xult/production/_ext/404212886/FreeRTOS_tasks.o
                0x00402af4                vTaskPlaceOnEventList

.text.pvTaskIncrementMutexHeldCount%129
                0x00402b10       0x1c
 .text.pvTaskIncrementMutexHeldCount
                0x00402b10       0x1c build/sam_v71_xult/production/_ext/404212886/FreeRTOS_tasks.o
                0x00402b10                pvTaskIncrementMutexHeldCount

.text.USART1_ReadNotificationEnable%130
                0x00402b2c       0x18
 .text.USART1_ReadNotificationEnable
                0x00402b2c       0x18 build/sam_v71_xult/production/_ext/415242918/plib_usart1.o
                0x00402b2c                USART1_ReadNotificationEnable

.text.vTaskInternalSetTimeOutState%131
                0x00402b44       0x18
 .text.vTaskInternalSetTimeOutState
                0x00402b44       0x18 build/sam_v71_xult/production/_ext/404212886/FreeRTOS_tasks.o
                0x00402b44                vTaskInternalSetTimeOutState

.text.vApplicationStackOverflowHook%132
                0x00402b5c       0x16
 .text.vApplicationStackOverflowHook
                0x00402b5c       0x16 build/sam_v71_xult/production/_ext/1320227943/freertos_hooks.o
                0x00402b5c                vApplicationStackOverflowHook

.text.vApplicationMallocFailedHook%133
                0x00402b72       0x16
 .text.vApplicationMallocFailedHook
                0x00402b72       0x16 build/sam_v71_xult/production/_ext/1320227943/freertos_hooks.o
                0x00402b72                vApplicationMallocFailedHook

.text.vListInitialise%134
                0x00402b88       0x16
 .text.vListInitialise
                0x00402b88       0x16 build/sam_v71_xult/production/_ext/404212886/list.o
                0x00402b88                vListInitialise

.text.vListInsertEnd%135
                0x00402b9e       0x16
 .text.vListInsertEnd
                0x00402b9e       0x16 build/sam_v71_xult/production/_ext/404212886/list.o
                0x00402b9e                vListInsertEnd

.text.prvIsQueueEmpty%136
                0x00402bb4       0x16
 .text.prvIsQueueEmpty
                0x00402bb4       0x16 build/sam_v71_xult/production/_ext/404212886/queue.o

.text.memcpy%137
                0x00402bca       0x16
 .text.memcpy   0x00402bca       0x16 c:/program files/microchip/xc32/v4.00/bin/bin/../../lib/gcc/pic32c/8.3.1/../../../../pic32c/lib/thumb/v7e-m+dp/hard\libc-musl.a(memcpy.o)
                0x00402bca                memcpy

.text.USART1_WriteFreeBufferCountGet%138
                0x00402be0       0x14
 .text.USART1_WriteFreeBufferCountGet
                0x00402be0       0x14 build/sam_v71_xult/production/_ext/415242918/plib_usart1.o
                0x00402be0                USART1_WriteFreeBufferCountGet

.text.vPortEnableVFP%139
                0x00402bf4       0x14
 .text.vPortEnableVFP
                0x00402bf4       0x14 build/sam_v71_xult/production/_ext/977623654/port.o

.text.vPortExitCritical%140
                0x00402c08       0x14
 .text.vPortExitCritical
                0x00402c08       0x14 build/sam_v71_xult/production/_ext/977623654/port.o
                0x00402c08                vPortExitCritical

.text.EFC_Initialize%141
                0x00402c1c       0x10
 .text.EFC_Initialize
                0x00402c1c       0x10 build/sam_v71_xult/production/_ext/1157988489/plib_efc.o
                0x00402c1c                EFC_Initialize

.text.MCAN1_TxCallbackRegister%142
                0x00402c2c       0x10
 .text.MCAN1_TxCallbackRegister
                0x00402c2c       0x10 build/sam_v71_xult/production/_ext/1537669298/plib_mcan1.o
                0x00402c2c                MCAN1_TxCallbackRegister

.rodata%143     0x00402c3c       0x10
 .rodata        0x00402c3c       0x10 build/sam_v71_xult/production/_ext/1537669298/plib_mcan1.o

.rodata.mcan1ExtFilter%144
                0x00402c4c       0x10
 .rodata.mcan1ExtFilter
                0x00402c4c       0x10 build/sam_v71_xult/production/_ext/1537669298/plib_mcan1.o

.text.PIOA_InterruptHandler%145
                0x00402c5c       0x10
 .text.PIOA_InterruptHandler
                0x00402c5c       0x10 build/sam_v71_xult/production/_ext/1157977813/plib_pio.o
                0x00402c5c                PIOA_InterruptHandler

.text.vTaskSuspendAll%146
                0x00402c6c       0x10
 .text.vTaskSuspendAll
                0x00402c6c       0x10 build/sam_v71_xult/production/_ext/404212886/FreeRTOS_tasks.o
                0x00402c6c                vTaskSuspendAll

.text.memset%147
                0x00402c7c       0x10
 .text.memset   0x00402c7c       0x10 c:/program files/microchip/xc32/v4.00/bin/bin/../../lib/gcc/pic32c/8.3.1/../../../../pic32c/lib/thumb/v7e-m+dp/hard\libc-musl.a(memset.o)
                0x00402c7c                memset

.text.main%148  0x00402c8c        0xe
 .text.main     0x00402c8c        0xe build/sam_v71_xult/production/_ext/1360937237/main.o
                0x00402c8c                main

.text.USART1_ReadThresholdSet%149
                0x00402c9c        0xc
 .text.USART1_ReadThresholdSet
                0x00402c9c        0xc build/sam_v71_xult/production/_ext/415242918/plib_usart1.o
                0x00402c9c                USART1_ReadThresholdSet

.text.USART1_ReadCallbackRegister%150
                0x00402ca8        0xc
 .text.USART1_ReadCallbackRegister
                0x00402ca8        0xc build/sam_v71_xult/production/_ext/415242918/plib_usart1.o
                0x00402ca8                USART1_ReadCallbackRegister

.text.vTaskMissedYield%151
                0x00402cb4        0xc
 .text.vTaskMissedYield
                0x00402cb4        0xc build/sam_v71_xult/production/_ext/404212886/FreeRTOS_tasks.o
                0x00402cb4                vTaskMissedYield

.text.TAREA_UART_Initialize%152
                0x00402cc0        0xc
 .text.TAREA_UART_Initialize
                0x00402cc0        0xc build/sam_v71_xult/production/_ext/1360937237/tarea_uart.o
                0x00402cc0                TAREA_UART_Initialize

.text.TAREA_2_Initialize%153
                0x00402ccc        0xc
 .text.TAREA_2_Initialize
                0x00402ccc        0xc build/sam_v71_xult/production/_ext/1360937237/tarea_2.o
                0x00402ccc                TAREA_2_Initialize

.text.TAREA_2_Tasks%154
                0x00402cd8        0xc
 .text.TAREA_2_Tasks
                0x00402cd8        0xc build/sam_v71_xult/production/_ext/1360937237/tarea_2.o
                0x00402cd8                TAREA_2_Tasks

.rodata.mcan1StdFilter%155
                0x00402ce4        0x8
 .rodata.mcan1StdFilter
                0x00402ce4        0x8 build/sam_v71_xult/production/_ext/1537669298/plib_mcan1.o

.text._TAREA_PRINCIPAL_Tasks%156
                0x00402cec        0x8
 .text._TAREA_PRINCIPAL_Tasks
                0x00402cec        0x8 build/sam_v71_xult/production/_ext/1320227943/tasks.o
                0x00402cec                _TAREA_PRINCIPAL_Tasks

.text._TAREA_2_Tasks%157
                0x00402cf4        0x8
 .text._TAREA_2_Tasks
                0x00402cf4        0x8 build/sam_v71_xult/production/_ext/1320227943/tasks.o
                0x00402cf4                _TAREA_2_Tasks

.text._TAREA_UART_Tasks%158
                0x00402cfc        0x8
 .text._TAREA_UART_Tasks
                0x00402cfc        0x8 build/sam_v71_xult/production/_ext/1320227943/tasks.o
                0x00402cfc                _TAREA_UART_Tasks

.rodata%159     0x00402d04        0x8
 .rodata        0x00402d04        0x8 build/sam_v71_xult/production/_ext/404212886/FreeRTOS_tasks.o

.text.mcan_fd_interrupt_config%160
                0x00402d0c        0x8
 .text.mcan_fd_interrupt_config
                0x00402d0c        0x8 build/sam_v71_xult/production/_ext/1360937237/mcan_fd_interrupt.o
                0x00402d0c                mcan_fd_interrupt_config

.text.vListInitialiseItem%161
                0x00402d14        0x6
 .text.vListInitialiseItem
                0x00402d14        0x6 build/sam_v71_xult/production/_ext/404212886/list.o
                0x00402d14                vListInitialiseItem

.text.Dummy_Handler%162
                0x00401e86        0x2
 .text.Dummy_Handler
                0x00401e86        0x2 build/sam_v71_xult/production/_ext/1320227943/interrupts.o
                0x00401e86                DACC_Handler
                0x00401e86                TC0_CH2_Handler
                0x00401e86                TC3_CH1_Handler
                0x00401e86                UART3_Handler
                0x00401e86                UART2_Handler
                0x00401e86                TRNG_Handler
                0x00401e86                AFEC1_Handler
                0x00401e86                TC0_CH1_Handler
                0x00401e86                QSPI_Handler
                0x00401e86                ISI_Handler
                0x00401e86                MCAN0_INT0_Handler
                0x00401e86                RSWDT_Handler
                0x00401e86                USART0_Handler
                0x00401e86                TC1_CH2_Handler
                0x00401e86                RTT_Handler
                0x00401e86                USBHS_Handler
                0x00401e86                IXC_Handler
                0x00401e86                CCF_Handler
                0x00401e86                PIOB_Handler
                0x00401e86                RTC_Handler
                0x00401e86                WDT_Handler
                0x00401e86                MCAN1_INT1_Handler
                0x00401e86                HSMCI_Handler
                0x00401e86                UART1_Handler
                0x00401e86                Dummy_Handler
                0x00401e86                TWIHS1_Handler
                0x00401e86                TC3_CH2_Handler
                0x00401e86                XDMAC_Handler
                0x00401e86                UART4_Handler
                0x00401e86                TC2_CH0_Handler
                0x00401e86                PWM1_Handler
                0x00401e86                PWM0_Handler
                0x00401e86                AFEC0_Handler
                0x00401e86                CCW_Handler
                0x00401e86                TC3_CH0_Handler
                0x00401e86                SSC_Handler
                0x00401e86                TC1_CH0_Handler
                0x00401e86                ACC_Handler
                0x00401e86                PMC_Handler
                0x00401e86                GMAC_Handler
                0x00401e86                TC2_CH2_Handler
                0x00401e86                MCAN0_INT1_Handler
                0x00401e86                GMAC_Q5_Handler
                0x00401e86                SUPC_Handler
                0x00401e86                TC2_CH1_Handler
                0x00401e86                EFC_Handler
                0x00401e86                GMAC_Q1_Handler
                0x00401e86                USART2_Handler
                0x00401e86                SDRAMC_Handler
                0x00401e86                GMAC_Q2_Handler
                0x00401e86                PIOE_Handler
                0x00401e86                SPI1_Handler
                0x00401e86                TC1_CH1_Handler
                0x00401e86                GMAC_Q3_Handler
                0x00401e86                PIOD_Handler
                0x00401e86                TWIHS2_Handler
                0x00401e86                MLB_Handler
                0x00401e86                I2SC0_Handler
                0x00401e86                UART0_Handler
                0x00401e86                I2SC1_Handler
                0x00401e86                TC0_CH0_Handler
                0x00401e86                PIOC_Handler
                0x00401e86                GMAC_Q4_Handler
                0x00401e86                FPU_Handler
                0x00401e86                RSTC_Handler
                0x00401e86                ICM_Handler
                0x00401e86                AES_Handler
                0x00401e86                TWIHS0_Handler
                0x00401e86                SPI0_Handler

.text.NonMaskableInt_Handler%163
                0x00402062        0x2
 .text.NonMaskableInt_Handler
                0x00402062        0x2 build/sam_v71_xult/production/_ext/1320227943/exceptions.o
                0x00402062                NonMaskableInt_Handler

.text.HardFault_Handler%164
                0x004029e2        0x2
 .text.HardFault_Handler
                0x004029e2        0x2 build/sam_v71_xult/production/_ext/1320227943/exceptions.o
                0x004029e2                HardFault_Handler

.text.DebugMonitor_Handler%165
                0x00402c9a        0x2
 .text.DebugMonitor_Handler
                0x00402c9a        0x2 build/sam_v71_xult/production/_ext/1320227943/exceptions.o
                0x00402c9a                DebugMonitor_Handler

.text.MemoryManagement_Handler%166
                0x00402a2c        0x2
 .text.MemoryManagement_Handler
                0x00402a2c        0x2 build/sam_v71_xult/production/_ext/1320227943/exceptions.o
                0x00402a2c                MemoryManagement_Handler

.text.BusFault_Handler%167
                0x00402a2e        0x2
 .text.BusFault_Handler
                0x00402a2e        0x2 build/sam_v71_xult/production/_ext/1320227943/exceptions.o
                0x00402a2e                BusFault_Handler

.text.UsageFault_Handler%168
                0x00402d1a        0x2
 .text.UsageFault_Handler
                0x00402d1a        0x2 build/sam_v71_xult/production/_ext/1320227943/exceptions.o
                0x00402d1a                UsageFault_Handler

.text.Dummy_App_Func%169
                0x00402d1c        0x2
 .text.Dummy_App_Func
                0x00402d1c        0x2 build/sam_v71_xult/production/_ext/1320227943/startup_xc32.o
                0x00402d1c                _on_reset
                0x00402d1c                _on_bootstrap
                0x00402d1c                __xc32_on_reset
                0x00402d1c                Dummy_App_Func
                0x00402d1c                __xc32_on_bootstrap

.text.vPortFree%170
                0x00402d1e        0x2
 .text.vPortFree
                0x00402d1e        0x2 build/sam_v71_xult/production/_ext/1665200909/heap_1.o
                0x00402d1e                vPortFree

.text.__dummy%171
                0x00402d20        0x2
 .text.__dummy  0x00402d20        0x2 c:/program files/microchip/xc32/v4.00/bin/bin/../../lib/gcc/pic32c/8.3.1/../../../../pic32c/lib/thumb/v7e-m+dp/hard\libc-musl.a(__libc_start_main.o)
                0x00402d20                __init_stdio
                0x00402d20                __init_host
