Archive member included to satisfy reference by file (symbol)

c:/program files/microchip/xc32/v4.00/bin/bin/../../lib/gcc/pic32c/8.3.1/../../../../pic32c/lib/thumb/v7e-m+dp/hard\libpic32c.a(data_init.o)
                              build/sam_v71_xult/production/_ext/1320227943/startup_xc32.o (__pic32c_data_initialization)
c:/program files/microchip/xc32/v4.00/bin/bin/../../lib/gcc/pic32c/8.3.1/../../../../pic32c/lib/thumb/v7e-m+dp/hard\libc-musl.a(__libc_start_main.o)
                              build/sam_v71_xult/production/_ext/1320227943/startup_xc32.o (__libc_init_array)
c:/program files/microchip/xc32/v4.00/bin/bin/../../lib/gcc/pic32c/8.3.1/../../../../pic32c/lib/thumb/v7e-m+dp/hard\libc-musl.a(libc.o)
                              c:/program files/microchip/xc32/v4.00/bin/bin/../../lib/gcc/pic32c/8.3.1/../../../../pic32c/lib/thumb/v7e-m+dp/hard\libc-musl.a(__libc_start_main.o) (__progname_full)
c:/program files/microchip/xc32/v4.00/bin/bin/../../lib/gcc/pic32c/8.3.1/../../../../pic32c/lib/thumb/v7e-m+dp/hard\libc-musl.a(memcpy.o)
                              build/sam_v71_xult/production/_ext/1157988489/plib_efc.o (memcpy)
c:/program files/microchip/xc32/v4.00/bin/bin/../../lib/gcc/pic32c/8.3.1/../../../../pic32c/lib/thumb/v7e-m+dp/hard\libc-musl.a(memset.o)
                              build/sam_v71_xult/production/_ext/404212886/FreeRTOS_tasks.o (memset)
c:/program files/microchip/xc32/v4.00/bin/bin/../../lib/gcc/pic32c/8.3.1/../../../../pic32c/lib/thumb/v7e-m+dp/hard\libc-musl.a(__environ.o)
                              c:/program files/microchip/xc32/v4.00/bin/bin/../../lib/gcc/pic32c/8.3.1/../../../../pic32c/lib/thumb/v7e-m+dp/hard\libc-musl.a(__libc_start_main.o) (__environ)

Microchip PIC32 Memory-Usage Report

ROM Program-Memory Usage
section                    address  length [bytes]      (dec)  Description
-------                 ----------  -------------------------  -----------
.vectors                  0x400000          0x168         360   
.text                     0x400168           0x20          32  App's exec code 
.dinit                    0x400188          0x220         544   
.text.xTaskCreate         0x4003a8          0x1e4         484   
.text.USART1_InterruptH   0x40058c          0x17c         380   
.text.Reset_Handler       0x400708          0x178         376   
.text.xQueueSemaphoreTa   0x400880          0x158         344   
.text.xQueueGenericSend   0x4009d8          0x128         296   
.text.xTaskIncrementTic   0x400b00          0x114         276   
.text.PIO_Initialize      0x400c14           0xf0         240   
.text.xTaskResumeAll      0x400d04           0xe4         228   
.text.TAREA_UART_Tasks    0x400de8           0xe4         228   
.text.vTaskSwitchContex   0x400ecc           0xa8         168   
.text.xTaskPriorityInhe   0x400f74           0xa8         168   
.text.USART1_Write        0x40101c           0xa4         164   
.text.prvAddCurrentTask   0x4010c0           0x94         148   
.text.__pic32c_data_ini   0x401154           0x88         136   
.text.vTaskPriorityDisi   0x4011dc           0x80         128   
.text.prvUnlockQueue      0x40125c           0x7e         126   
.text.Dummy_Handler       0x4012da            0x2           2   
.text.xTaskPriorityDisi   0x4012dc           0x7c         124   
.text.xTaskRemoveFromEv   0x401358           0x78         120   
.text.prvCopyDataToQueu   0x4013d0           0x72         114   
.text.NonMaskableInt_Ha   0x401442            0x2           2   
.text.SYS_Tasks           0x401444           0x70         112   
.text.xQueueGenericRese   0x4014b4           0x70         112   
.text.prvIdleTask         0x401524           0x70         112   
.text.USART1_Initialize   0x401594           0x6c         108   
.text.pvPortMalloc        0x401600           0x6c         108   
.text.TASK1_Tasks         0x40166c           0x6c         108   
.text.TASK2_Tasks         0x4016d8           0x6c         108   
.text.vTaskStartSchedul   0x401744           0x68         104   
.text.CLOCK_Initialize    0x4017ac           0x64         100   
.text.xPortPendSVHandle   0x401810           0x64         100   
.text.xQueueGiveFromISR   0x401874           0x64         100   
.text.xTaskCheckForTime   0x4018d8           0x5c          92   
.text.__libc_start_init   0x401934           0x5c          92   
.text._PIO_Interrupt_Ha   0x401990           0x58          88   
.text.USART1_Read         0x4019e8           0x58          88   
.text.xPortStartSchedul   0x401a40           0x48          72   
.rodata                   0x401a88           0x48          72  Read-only const 
.text                     0x401ad0           0x40          64  App's exec code 
.text.NVIC_Initialize     0x401b10           0x40          64   
.rodata                   0x401b50           0x40          64  Read-only const 
.text.SYS_Initialize      0x401b90           0x38          56   
.text.vListInsert         0x401bc8           0x34          52   
[...]
Memory Configuration

Name             Origin             Length             Attributes
rom              0x00400000         0x00200000         xrl
ram              0x20400000         0x00060000         xw !r
itcm             0x00000000         0x00000000         xw
dtcm             0x20000000         0x00000000         xw !r
config_D0000000  0xd0000000         0x00000004
config_D0000008  0xd0000008         0x00000004
config_D0000004  0xd0000004         0x00000004
config_D000000C  0xd000000c         0x00000004
config_D0000010  0xd0000010         0x00000004
*default*        0x00000000         0xffffffff

Linker script and memory map

LOAD c:/program files/microchip/xc32/v4.00/bin/bin/../../lib/gcc/pic32c/8.3.1/thumb/v7e-m+dp/hard/crti.o
LOAD c:/program files/microchip/xc32/v4.00/bin/bin/../../lib/gcc/pic32c/8.3.1/thumb/v7e-m+dp/hard/crtbegin.o
LOAD build/sam_v71_xult/production/_ext/1379310441/bsp.o
LOAD build/sam_v71_xult/production/_ext/191436215/osal_freertos.o
LOAD build/sam_v71_xult/production/_ext/1157990217/plib_clk.o
LOAD build/sam_v71_xult/production/_ext/1157988489/plib_efc.o
LOAD build/sam_v71_xult/production/_ext/1537621011/plib_nvic.o
LOAD build/sam_v71_xult/production/_ext/1157977813/plib_pio.o
LOAD build/sam_v71_xult/production/_ext/415242918/plib_usart1.o
LOAD build/sam_v71_xult/production/_ext/1643282145/xc32_monitor.o
LOAD build/sam_v71_xult/production/_ext/1871840330/sys_cache.o
LOAD build/sam_v71_xult/production/_ext/663512716/sys_int.o
LOAD build/sam_v71_xult/production/_ext/1320227943/initialization.o
LOAD build/sam_v71_xult/production/_ext/1320227943/interrupts.o
LOAD build/sam_v71_xult/production/_ext/1320227943/exceptions.o
LOAD build/sam_v71_xult/production/_ext/1320227943/startup_xc32.o
LOAD build/sam_v71_xult/production/_ext/1320227943/libc_syscalls.o
LOAD build/sam_v71_xult/production/_ext/1320227943/freertos_hooks.o
LOAD build/sam_v71_xult/production/_ext/1320227943/tasks.o
LOAD build/sam_v71_xult/production/_ext/977623654/port.o
LOAD build/sam_v71_xult/production/_ext/1665200909/heap_1.o
LOAD build/sam_v71_xult/production/_ext/404212886/croutine.o
LOAD build/sam_v71_xult/production/_ext/404212886/list.o
LOAD build/sam_v71_xult/production/_ext/404212886/queue.o
LOAD build/sam_v71_xult/production/_ext/404212886/FreeRTOS_tasks.o
LOAD build/sam_v71_xult/production/_ext/404212886/timers.o
LOAD build/sam_v71_xult/production/_ext/404212886/event_groups.o
LOAD build/sam_v71_xult/production/_ext/404212886/stream_buffer.o
LOAD build/sam_v71_xult/production/_ext/1360937237/main.o
LOAD build/sam_v71_xult/production/_ext/1360937237/task1.o
LOAD build/sam_v71_xult/production/_ext/1360937237/task2.o
LOAD build/sam_v71_xult/production/_ext/1360937237/tarea_uart.o
                0x00000001                __MPLAB_BUILD = 0x1
                0x00600000                __rom_end = (ORIGIN (rom) + LENGTH (rom))
                0x20460000                __ram_end = (ORIGIN (ram) + LENGTH (ram))

.config_D0000000
 *(.config_D0000000)

.config_D0000008
 *(.config_D0000008)

.config_D0000004
 *(.config_D0000004)

.config_D000000C
 *(.config_D000000C)

.config_D0000010
 *(.config_D0000010)

.vectors        0x00400000      0x168
                0x00400000                . = ALIGN (0x4)
                0x00400000                _sfixed = .
 *(.vectors .vectors.* .vectors_default .vectors_default.*)
 .vectors.exception_table
                0x00400000      0x168 build/sam_v71_xult/production/_ext/1320227943/interrupts.o
                0x00400000                exception_table
 *(.isr_vector)
 *(.reset*)
 *(.after_vectors)

.text           0x00400168       0x20
                0x00400168                . = ALIGN (0x4)
 *(.glue_7t)
 .glue_7t       0x00400168        0x0 linker stubs
 *(.glue_7)
 .glue_7        0x00400168        0x0 linker stubs
 *(.gnu.linkonce.r.*)
 *(.ARM.extab* .gnu.linkonce.armextab.*)
                0x00400168                . = ALIGN (0x4)
 *(.init)
 .init          0x00400168        0x4 c:/program files/microchip/xc32/v4.00/bin/bin/../../lib/gcc/pic32c/8.3.1/thumb/v7e-m+dp/hard/crti.o
                0x00400168                _init
 .init          0x0040016c        0x8 c:/program files/microchip/xc32/v4.00/bin/bin/../../lib/gcc/pic32c/8.3.1/thumb/v7e-m+dp/hard/crtn.o
                0x00400174                . = ALIGN (0x4)
                0x00400174                __preinit_array_start = .
 *(.preinit_array)
                0x00400174                __preinit_array_end = .
                0x00400174                . = ALIGN (0x4)
                0x00400174                __init_array_start = .
 *(SORT_BY_NAME(.init_array.*))
 *(.init_array)
 .init_array    0x00400174        0x4 c:/program files/microchip/xc32/v4.00/bin/bin/../../lib/gcc/pic32c/8.3.1/thumb/v7e-m+dp/hard/crtbegin.o
                0x00400178                __init_array_end = .
                0x00400178                . = ALIGN (0x4)
 *crtbegin.o(.ctors)
 *(EXCLUDE_FILE(*crtend.o) .ctors)
 *(SORT_BY_NAME(.ctors.*))
 *crtend.o(.ctors)
                0x00400178                . = ALIGN (0x4)
 *(.fini)
 .fini          0x00400178        0x4 c:/program files/microchip/xc32/v4.00/bin/bin/../../lib/gcc/pic32c/8.3.1/thumb/v7e-m+dp/hard/crti.o
                0x00400178                _fini
 .fini          0x0040017c        0x8 c:/program files/microchip/xc32/v4.00/bin/bin/../../lib/gcc/pic32c/8.3.1/thumb/v7e-m+dp/hard/crtn.o
                0x00400184                . = ALIGN (0x4)
                0x00400184                __fini_array_start = .
 *(.fini_array)
 .fini_array    0x00400184        0x4 c:/program files/microchip/xc32/v4.00/bin/bin/../../lib/gcc/pic32c/8.3.1/thumb/v7e-m+dp/hard/crtbegin.o
 *(SORT_BY_NAME(.fini_array.*))
                0x00400188                __fini_array_end = .
 *crtbegin.o(.dtors)
 *(EXCLUDE_FILE(*crtend.o) .dtors)
 *(SORT_BY_NAME(.dtors.*))
 *crtend.o(.dtors)
                0x00400188                . = ALIGN (0x4)
                0x00400188                _efixed = .
                [!provide]                PROVIDE (__exidx_start = .)

.ARM.exidx
 *(.ARM.exidx* .gnu.linkonce.armexidx.*)
                [!provide]                PROVIDE (__exidx_end = .)
                0x00400188                . = ALIGN (0x4)
                0x00400188                _etext = .

.bss            0x20400000        0x0
                0x20400000                . = ALIGN (0x4)
                0x20400000                __bss_start__ = .
                0x20400000                _sbss = .
                0x20400000                _szero = .
 *(COMMON)
                0x20400000                . = ALIGN (0x4)
                0x20400000                __bss_end__ = .
                0x20400000                _ebss = .
                0x20400000                _ezero = .
                0x20400000                . = ALIGN (0x4)
                0x20400000                _end = .
                0x2045ffff                _ram_end_ = ((ORIGIN (ram) + LENGTH (ram)) - 0x1)
                0x00000200                _min_heap_size = 0x200
START GROUP
LOAD c:/program files/microchip/xc32/v4.00/bin/bin/../../lib/gcc/pic32c/8.3.1/../../../../pic32c/lib/thumb/v7e-m+dp/hard\libpic32c.a
LOAD c:/program files/microchip/xc32/v4.00/bin/bin/../../lib/gcc/pic32c/8.3.1/../../../../pic32c/lib/thumb/v7e-m+dp/hard\libm-emfloat.a
LOAD c:/program files/microchip/xc32/v4.00/bin/bin/../../lib/gcc/pic32c/8.3.1/../../../../pic32c/lib/thumb/v7e-m+dp/hard\libc-musl.a
LOAD c:/program files/microchip/xc32/v4.00/bin/bin/../../lib/gcc/pic32c/8.3.1/../../../../pic32c/lib/thumb/v7e-m+dp/hard\libm-emfloat.a
LOAD c:/program files/microchip/xc32/v4.00/bin/bin/../../lib/gcc/pic32c/8.3.1/thumb/v7e-m+dp/hard\libgcc.a
END GROUP
LOAD c:/program files/microchip/xc32/v4.00/bin/bin/../../lib/gcc/pic32c/8.3.1/thumb/v7e-m+dp/hard/crtend.o
LOAD c:/program files/microchip/xc32/v4.00/bin/bin/../../lib/gcc/pic32c/8.3.1/thumb/v7e-m+dp/hard/crtn.o
OUTPUT(dist/sam_v71_xult/production/sam_v71_xult.X.production.elf elf32-littlearm)
LOAD stack
LOAD data_init

.ARM.attributes
                0x00000000       0x32
 .ARM.attributes
                0x00000000       0x1e c:/program files/microchip/xc32/v4.00/bin/bin/../../lib/gcc/pic32c/8.3.1/thumb/v7e-m+dp/hard/crti.o
 .ARM.attributes
                0x0000001e       0x32 c:/program files/microchip/xc32/v4.00/bin/bin/../../lib/gcc/pic32c/8.3.1/thumb/v7e-m+dp/hard/crtbegin.o
 .ARM.attributes
                0x00000050       0x32 build/sam_v71_xult/production/_ext/1379310441/bsp.o
 .ARM.attributes
                0x00000082       0x32 build/sam_v71_xult/production/_ext/1157990217/plib_clk.o
 .ARM.attributes
                0x000000b4       0x32 build/sam_v71_xult/production/_ext/1157988489/plib_efc.o
 .ARM.attributes
                0x000000e6       0x32 build/sam_v71_xult/production/_ext/1537621011/plib_nvic.o
 .ARM.attributes
                0x00000118       0x32 build/sam_v71_xult/production/_ext/1157977813/plib_pio.o
 .ARM.attributes
                0x0000014a       0x32 build/sam_v71_xult/production/_ext/415242918/plib_usart1.o
 .ARM.attributes
                0x0000017c       0x32 build/sam_v71_xult/production/_ext/1320227943/initialization.o
 .ARM.attributes
                0x000001ae       0x32 build/sam_v71_xult/production/_ext/1320227943/interrupts.o
 .ARM.attributes
                0x000001e0       0x32 build/sam_v71_xult/production/_ext/1320227943/exceptions.o
 .ARM.attributes
                0x00000212       0x32 build/sam_v71_xult/production/_ext/1320227943/startup_xc32.o
 .ARM.attributes
                0x00000244       0x32 build/sam_v71_xult/production/_ext/1320227943/freertos_hooks.o
 .ARM.attributes
                0x00000276       0x32 build/sam_v71_xult/production/_ext/1320227943/tasks.o
 .ARM.attributes
                0x000002a8       0x32 build/sam_v71_xult/production/_ext/977623654/port.o
 .ARM.attributes
                0x000002da       0x32 build/sam_v71_xult/production/_ext/1665200909/heap_1.o
 .ARM.attributes
                0x0000030c       0x32 build/sam_v71_xult/production/_ext/404212886/list.o
 .ARM.attributes
                0x0000033e       0x32 build/sam_v71_xult/production/_ext/404212886/queue.o
 .ARM.attributes
                0x00000370       0x32 build/sam_v71_xult/production/_ext/404212886/FreeRTOS_tasks.o
 .ARM.attributes
                0x000003a2       0x32 build/sam_v71_xult/production/_ext/1360937237/main.o
 .ARM.attributes
                0x000003d4       0x32 build/sam_v71_xult/production/_ext/1360937237/task1.o
 .ARM.attributes
                0x00000406       0x32 build/sam_v71_xult/production/_ext/1360937237/task2.o
 .ARM.attributes
                0x00000438       0x32 build/sam_v71_xult/production/_ext/1360937237/tarea_uart.o
 .ARM.attributes
                0x0000046a       0x32 c:/program files/microchip/xc32/v4.00/bin/bin/../../lib/gcc/pic32c/8.3.1/../../../../pic32c/lib/thumb/v7e-m+dp/hard\libpic32c.a(data_init.o)
 .ARM.attributes
                0x0000049c       0x34 c:/program files/microchip/xc32/v4.00/bin/bin/../../lib/gcc/pic32c/8.3.1/../../../../pic32c/lib/thumb/v7e-m+dp/hard\libc-musl.a(__libc_start_main.o)
 .ARM.attributes
                0x000004d0       0x32 c:/program files/microchip/xc32/v4.00/bin/bin/../../lib/gcc/pic32c/8.3.1/../../../../pic32c/lib/thumb/v7e-m+dp/hard\libc-musl.a(libc.o)
 .ARM.attributes
                0x00000502       0x34 c:/program files/microchip/xc32/v4.00/bin/bin/../../lib/gcc/pic32c/8.3.1/../../../../pic32c/lib/thumb/v7e-m+dp/hard\libc-musl.a(memcpy.o)
 .ARM.attributes
                0x00000536       0x34 c:/program files/microchip/xc32/v4.00/bin/bin/../../lib/gcc/pic32c/8.3.1/../../../../pic32c/lib/thumb/v7e-m+dp/hard\libc-musl.a(memset.o)
 .ARM.attributes
                0x0000056a       0x32 c:/program files/microchip/xc32/v4.00/bin/bin/../../lib/gcc/pic32c/8.3.1/../../../../pic32c/lib/thumb/v7e-m+dp/hard\libc-musl.a(__environ.o)
 .ARM.attributes
                0x0000059c       0x1e c:/program files/microchip/xc32/v4.00/bin/bin/../../lib/gcc/pic32c/8.3.1/thumb/v7e-m+dp/hard/crtn.o

.comment        0x00000000       0x53
 .comment       0x00000000       0x53 c:/program files/microchip/xc32/v4.00/bin/bin/../../lib/gcc/pic32c/8.3.1/thumb/v7e-m+dp/hard/crtbegin.o
                                 0x54 (size before relaxing)
 .comment       0x00000053       0x54 build/sam_v71_xult/production/_ext/1379310441/bsp.o
 .comment       0x00000053       0x54 build/sam_v71_xult/production/_ext/1157990217/plib_clk.o
 .comment       0x00000053       0x54 build/sam_v71_xult/production/_ext/1157988489/plib_efc.o
 .comment       0x00000053       0x54 build/sam_v71_xult/production/_ext/1537621011/plib_nvic.o
 .comment       0x00000053       0x54 build/sam_v71_xult/production/_ext/1157977813/plib_pio.o
 .comment       0x00000053       0x54 build/sam_v71_xult/production/_ext/415242918/plib_usart1.o
 .comment       0x00000053       0x54 build/sam_v71_xult/production/_ext/1320227943/initialization.o
 .comment       0x00000053       0x54 build/sam_v71_xult/production/_ext/1320227943/interrupts.o
 .comment       0x00000053       0x54 build/sam_v71_xult/production/_ext/1320227943/exceptions.o
 .comment       0x00000053       0x54 build/sam_v71_xult/production/_ext/1320227943/startup_xc32.o
 .comment       0x00000053       0x54 build/sam_v71_xult/production/_ext/1320227943/freertos_hooks.o
 .comment       0x00000053       0x54 build/sam_v71_xult/production/_ext/1320227943/tasks.o
 .comment       0x00000053       0x54 build/sam_v71_xult/production/_ext/977623654/port.o
 .comment       0x00000053       0x54 build/sam_v71_xult/production/_ext/1665200909/heap_1.o
 .comment       0x00000053       0x54 build/sam_v71_xult/production/_ext/404212886/list.o
 .comment       0x00000053       0x54 build/sam_v71_xult/production/_ext/404212886/queue.o
 .comment       0x00000053       0x54 build/sam_v71_xult/production/_ext/404212886/FreeRTOS_tasks.o
 .comment       0x00000053       0x54 build/sam_v71_xult/production/_ext/1360937237/main.o
 .comment       0x00000053       0x54 build/sam_v71_xult/production/_ext/1360937237/task1.o
 .comment       0x00000053       0x54 build/sam_v71_xult/production/_ext/1360937237/task2.o
 .comment       0x00000053       0x54 build/sam_v71_xult/production/_ext/1360937237/tarea_uart.o
 .comment       0x00000053       0x54 c:/program files/microchip/xc32/v4.00/bin/bin/../../lib/gcc/pic32c/8.3.1/../../../../pic32c/lib/thumb/v7e-m+dp/hard\libpic32c.a(data_init.o)
 .comment       0x00000053       0x54 c:/program files/microchip/xc32/v4.00/bin/bin/../../lib/gcc/pic32c/8.3.1/../../../../pic32c/lib/thumb/v7e-m+dp/hard\libc-musl.a(__libc_start_main.o)
 .comment       0x00000053       0x54 c:/program files/microchip/xc32/v4.00/bin/bin/../../lib/gcc/pic32c/8.3.1/../../../../pic32c/lib/thumb/v7e-m+dp/hard\libc-musl.a(libc.o)
 .comment       0x00000053       0x54 c:/program files/microchip/xc32/v4.00/bin/bin/../../lib/gcc/pic32c/8.3.1/../../../../pic32c/lib/thumb/v7e-m+dp/hard\libc-musl.a(memcpy.o)
 .comment       0x00000053       0x54 c:/program files/microchip/xc32/v4.00/bin/bin/../../lib/gcc/pic32c/8.3.1/../../../../pic32c/lib/thumb/v7e-m+dp/hard\libc-musl.a(memset.o)
 .comment       0x00000053       0x54 c:/program files/microchip/xc32/v4.00/bin/bin/../../lib/gcc/pic32c/8.3.1/../../../../pic32c/lib/thumb/v7e-m+dp/hard\libc-musl.a(__environ.o)

.debug_info     0x00000000    0x12d04
 .debug_info    0x00000000      0xa66 build/sam_v71_xult/production/_ext/1379310441/bsp.o
 .debug_info    0x00000a66      0x869 build/sam_v71_xult/production/_ext/1157990217/plib_clk.o
 .debug_info    0x000012cf      0x929 build/sam_v71_xult/production/_ext/1157988489/plib_efc.o
 .debug_info    0x00001bf8     0x11fd build/sam_v71_xult/production/_ext/1537621011/plib_nvic.o
 .debug_info    0x00002df5     0x190b build/sam_v71_xult/production/_ext/1157977813/plib_pio.o
 .debug_info    0x00004700     0x1841 build/sam_v71_xult/production/_ext/415242918/plib_usart1.o
 .debug_info    0x00005f41      0x55a build/sam_v71_xult/production/_ext/1320227943/initialization.o
 .debug_info    0x0000649b      0xe68 build/sam_v71_xult/production/_ext/1320227943/interrupts.o
 .debug_info    0x00007303      0x462 build/sam_v71_xult/production/_ext/1320227943/exceptions.o
 .debug_info    0x00007765      0xdf1 build/sam_v71_xult/production/_ext/1320227943/startup_xc32.o
 .debug_info    0x00008556      0x51c build/sam_v71_xult/production/_ext/1320227943/freertos_hooks.o
 .debug_info    0x00008a72      0x60e build/sam_v71_xult/production/_ext/1320227943/tasks.o
 .debug_info    0x00009080      0x76c build/sam_v71_xult/production/_ext/977623654/port.o
 .debug_info    0x000097ec      0x4f2 build/sam_v71_xult/production/_ext/1665200909/heap_1.o
 .debug_info    0x00009cde      0x61f build/sam_v71_xult/production/_ext/404212886/list.o
 .debug_info    0x0000a2fd     0x2131 build/sam_v71_xult/production/_ext/404212886/queue.o
 .debug_info    0x0000c42e     0x2e58 build/sam_v71_xult/production/_ext/404212886/FreeRTOS_tasks.o
 .debug_info    0x0000f286      0x3b4 build/sam_v71_xult/production/_ext/1360937237/main.o
 .debug_info    0x0000f63a      0x645 build/sam_v71_xult/production/_ext/1360937237/task1.o
 .debug_info    0x0000fc7f      0x601 build/sam_v71_xult/production/_ext/1360937237/task2.o
 .debug_info    0x00010280      0xf63 build/sam_v71_xult/production/_ext/1360937237/tarea_uart.o
 .debug_info    0x000111e3      0x2e1 c:/program files/microchip/xc32/v4.00/bin/bin/../../lib/gcc/pic32c/8.3.1/../../../../pic32c/lib/thumb/v7e-m+dp/hard\libpic32c.a(data_init.o)
 .debug_info    0x000114c4      0x6b9 c:/program files/microchip/xc32/v4.00/bin/bin/../../lib/gcc/pic32c/8.3.1/../../../../pic32c/lib/thumb/v7e-m+dp/hard\libc-musl.a(__libc_start_main.o)
 .debug_info    0x00011b7d      0x5e5 c:/program files/microchip/xc32/v4.00/bin/bin/../../lib/gcc/pic32c/8.3.1/../../../../pic32c/lib/thumb/v7e-m+dp/hard\libc-musl.a(libc.o)
 .debug_info    0x00012162      0x324 c:/program files/microchip/xc32/v4.00/bin/bin/../../lib/gcc/pic32c/8.3.1/../../../../pic32c/lib/thumb/v7e-m+dp/hard\libc-musl.a(memcpy.o)
 .debug_info    0x00012486      0x2e2 c:/program files/microchip/xc32/v4.00/bin/bin/../../lib/gcc/pic32c/8.3.1/../../../../pic32c/lib/thumb/v7e-m+dp/hard\libc-musl.a(memset.o)
 .debug_info    0x00012768      0x59c c:/program files/microchip/xc32/v4.00/bin/bin/../../lib/gcc/pic32c/8.3.1/../../../../pic32c/lib/thumb/v7e-m+dp/hard\libc-musl.a(__environ.o)

.debug_abbrev   0x00000000     0x2a97
 .debug_abbrev  0x00000000       0xd1 build/sam_v71_xult/production/_ext/1379310441/bsp.o
 .debug_abbrev  0x000000d1       0xd5 build/sam_v71_xult/production/_ext/1157990217/plib_clk.o
 .debug_abbrev  0x000001a6      0x21a build/sam_v71_xult/production/_ext/1157988489/plib_efc.o
 .debug_abbrev  0x000003c0      0x1f7 build/sam_v71_xult/production/_ext/1537621011/plib_nvic.o
 .debug_abbrev  0x000005b7      0x298 build/sam_v71_xult/production/_ext/1157977813/plib_pio.o
 .debug_abbrev  0x0000084f      0x47a build/sam_v71_xult/production/_ext/415242918/plib_usart1.o
 .debug_abbrev  0x00000cc9       0xfb build/sam_v71_xult/production/_ext/1320227943/initialization.o
 .debug_abbrev  0x00000dc4       0xd8 build/sam_v71_xult/production/_ext/1320227943/interrupts.o
 .debug_abbrev  0x00000e9c       0xa2 build/sam_v71_xult/production/_ext/1320227943/exceptions.o
 .debug_abbrev  0x00000f3e      0x24f build/sam_v71_xult/production/_ext/1320227943/startup_xc32.o
 .debug_abbrev  0x0000118d      0x14e build/sam_v71_xult/production/_ext/1320227943/freertos_hooks.o
 .debug_abbrev  0x000012db      0x12b build/sam_v71_xult/production/_ext/1320227943/tasks.o
 .debug_abbrev  0x00001406      0x23e build/sam_v71_xult/production/_ext/977623654/port.o
 .debug_abbrev  0x00001644      0x16c build/sam_v71_xult/production/_ext/1665200909/heap_1.o
 .debug_abbrev  0x000017b0      0x15e build/sam_v71_xult/production/_ext/404212886/list.o
 .debug_abbrev  0x0000190e      0x399 build/sam_v71_xult/production/_ext/404212886/queue.o
 .debug_abbrev  0x00001ca7      0x466 build/sam_v71_xult/production/_ext/404212886/FreeRTOS_tasks.o
 .debug_abbrev  0x0000210d       0xdb build/sam_v71_xult/production/_ext/1360937237/main.o
 .debug_abbrev  0x000021e8      0x15b build/sam_v71_xult/production/_ext/1360937237/task1.o
 .debug_abbrev  0x00002343      0x16a build/sam_v71_xult/production/_ext/1360937237/task2.o
 .debug_abbrev  0x000024ad      0x1d5 build/sam_v71_xult/production/_ext/1360937237/tarea_uart.o
 .debug_abbrev  0x00002682       0x2e c:/program files/microchip/xc32/v4.00/bin/bin/../../lib/gcc/pic32c/8.3.1/../../../../pic32c/lib/thumb/v7e-m+dp/hard\libpic32c.a(data_init.o)
 .debug_abbrev  0x000026b0      0x126 c:/program files/microchip/xc32/v4.00/bin/bin/../../lib/gcc/pic32c/8.3.1/../../../../pic32c/lib/thumb/v7e-m+dp/hard\libc-musl.a(__libc_start_main.o)
 .debug_abbrev  0x000027d6       0xc7 c:/program files/microchip/xc32/v4.00/bin/bin/../../lib/gcc/pic32c/8.3.1/../../../../pic32c/lib/thumb/v7e-m+dp/hard\libc-musl.a(libc.o)
 .debug_abbrev  0x0000289d       0x9c c:/program files/microchip/xc32/v4.00/bin/bin/../../lib/gcc/pic32c/8.3.1/../../../../pic32c/lib/thumb/v7e-m+dp/hard\libc-musl.a(memcpy.o)
 .debug_abbrev  0x00002939       0x97 c:/program files/microchip/xc32/v4.00/bin/bin/../../lib/gcc/pic32c/8.3.1/../../../../pic32c/lib/thumb/v7e-m+dp/hard\libc-musl.a(memset.o)
 .debug_abbrev  0x000029d0       0xc7 c:/program files/microchip/xc32/v4.00/bin/bin/../../lib/gcc/pic32c/8.3.1/../../../../pic32c/lib/thumb/v7e-m+dp/hard\libc-musl.a(__environ.o)

.debug_aranges  0x00000000      0x7d0
 .debug_aranges
                0x00000000       0x20 build/sam_v71_xult/production/_ext/1379310441/bsp.o
 .debug_aranges
                0x00000020       0x20 build/sam_v71_xult/production/_ext/1157990217/plib_clk.o
 .debug_aranges
                0x00000040       0x70 build/sam_v71_xult/production/_ext/1157988489/plib_efc.o
 .debug_aranges
                0x000000b0       0x38 build/sam_v71_xult/production/_ext/1537621011/plib_nvic.o
 .debug_aranges
                0x000000e8       0x88 build/sam_v71_xult/production/_ext/1157977813/plib_pio.o
 .debug_aranges
                0x00000170       0xb0 build/sam_v71_xult/production/_ext/415242918/plib_usart1.o
 .debug_aranges
                0x00000220       0x20 build/sam_v71_xult/production/_ext/1320227943/initialization.o
 .debug_aranges
                0x00000240       0x20 build/sam_v71_xult/production/_ext/1320227943/interrupts.o
 .debug_aranges
                0x00000260       0x48 build/sam_v71_xult/production/_ext/1320227943/exceptions.o
 .debug_aranges
                0x000002a8       0x28 build/sam_v71_xult/production/_ext/1320227943/startup_xc32.o
 .debug_aranges
                0x000002d0       0x40 build/sam_v71_xult/production/_ext/1320227943/freertos_hooks.o
 .debug_aranges
                0x00000310       0x38 build/sam_v71_xult/production/_ext/1320227943/tasks.o
 .debug_aranges
                0x00000348       0x78 build/sam_v71_xult/production/_ext/977623654/port.o
 .debug_aranges
                0x000003c0       0x38 build/sam_v71_xult/production/_ext/1665200909/heap_1.o
 .debug_aranges
                0x000003f8       0x40 build/sam_v71_xult/production/_ext/404212886/list.o
 .debug_aranges
                0x00000438       0xc8 build/sam_v71_xult/production/_ext/404212886/queue.o
 .debug_aranges
                0x00000500      0x178 build/sam_v71_xult/production/_ext/404212886/FreeRTOS_tasks.o
 .debug_aranges
                0x00000678       0x20 build/sam_v71_xult/production/_ext/1360937237/main.o
 .debug_aranges
                0x00000698       0x28 build/sam_v71_xult/production/_ext/1360937237/task1.o
 .debug_aranges
                0x000006c0       0x28 build/sam_v71_xult/production/_ext/1360937237/task2.o
 .debug_aranges
                0x000006e8       0x30 build/sam_v71_xult/production/_ext/1360937237/tarea_uart.o
 .debug_aranges
                0x00000718       0x20 c:/program files/microchip/xc32/v4.00/bin/bin/../../lib/gcc/pic32c/8.3.1/../../../../pic32c/lib/thumb/v7e-m+dp/hard\libpic32c.a(data_init.o)
 .debug_aranges
                0x00000738       0x28 c:/program files/microchip/xc32/v4.00/bin/bin/../../lib/gcc/pic32c/8.3.1/../../../../pic32c/lib/thumb/v7e-m+dp/hard\libc-musl.a(__libc_start_main.o)
 .debug_aranges
                0x00000760       0x18 c:/program files/microchip/xc32/v4.00/bin/bin/../../lib/gcc/pic32c/8.3.1/../../../../pic32c/lib/thumb/v7e-m+dp/hard\libc-musl.a(libc.o)
 .debug_aranges
                0x00000778       0x20 c:/program files/microchip/xc32/v4.00/bin/bin/../../lib/gcc/pic32c/8.3.1/../../../../pic32c/lib/thumb/v7e-m+dp/hard\libc-musl.a(memcpy.o)
 .debug_aranges
                0x00000798       0x20 c:/program files/microchip/xc32/v4.00/bin/bin/../../lib/gcc/pic32c/8.3.1/../../../../pic32c/lib/thumb/v7e-m+dp/hard\libc-musl.a(memset.o)
 .debug_aranges
                0x000007b8       0x18 c:/program files/microchip/xc32/v4.00/bin/bin/../../lib/gcc/pic32c/8.3.1/../../../../pic32c/lib/thumb/v7e-m+dp/hard\libc-musl.a(__environ.o)

.debug_ranges   0x00000000      0x928
 .debug_ranges  0x00000000       0x10 build/sam_v71_xult/production/_ext/1379310441/bsp.o
 .debug_ranges  0x00000010       0x10 build/sam_v71_xult/production/_ext/1157990217/plib_clk.o
 .debug_ranges  0x00000020       0x90 build/sam_v71_xult/production/_ext/1157988489/plib_efc.o
 .debug_ranges  0x000000b0       0x28 build/sam_v71_xult/production/_ext/1537621011/plib_nvic.o
 .debug_ranges  0x000000d8       0x78 build/sam_v71_xult/production/_ext/1157977813/plib_pio.o
 .debug_ranges  0x00000150      0x148 build/sam_v71_xult/production/_ext/415242918/plib_usart1.o
 .debug_ranges  0x00000298       0x10 build/sam_v71_xult/production/_ext/1320227943/initialization.o
 .debug_ranges  0x000002a8       0x10 build/sam_v71_xult/production/_ext/1320227943/interrupts.o
 .debug_ranges  0x000002b8       0x38 build/sam_v71_xult/production/_ext/1320227943/exceptions.o
 .debug_ranges  0x000002f0       0x48 build/sam_v71_xult/production/_ext/1320227943/startup_xc32.o
 .debug_ranges  0x00000338       0x30 build/sam_v71_xult/production/_ext/1320227943/freertos_hooks.o
 .debug_ranges  0x00000368       0x28 build/sam_v71_xult/production/_ext/1320227943/tasks.o
 .debug_ranges  0x00000390       0x68 build/sam_v71_xult/production/_ext/977623654/port.o
 .debug_ranges  0x000003f8       0x28 build/sam_v71_xult/production/_ext/1665200909/heap_1.o
 .debug_ranges  0x00000420       0x30 build/sam_v71_xult/production/_ext/404212886/list.o
 .debug_ranges  0x00000450      0x180 build/sam_v71_xult/production/_ext/404212886/queue.o
 .debug_ranges  0x000005d0      0x288 build/sam_v71_xult/production/_ext/404212886/FreeRTOS_tasks.o
 .debug_ranges  0x00000858       0x10 build/sam_v71_xult/production/_ext/1360937237/main.o
 .debug_ranges  0x00000868       0x18 build/sam_v71_xult/production/_ext/1360937237/task1.o
 .debug_ranges  0x00000880       0x18 build/sam_v71_xult/production/_ext/1360937237/task2.o
 .debug_ranges  0x00000898       0x20 build/sam_v71_xult/production/_ext/1360937237/tarea_uart.o
 .debug_ranges  0x000008b8       0x10 c:/program files/microchip/xc32/v4.00/bin/bin/../../lib/gcc/pic32c/8.3.1/../../../../pic32c/lib/thumb/v7e-m+dp/hard\libpic32c.a(data_init.o)
 .debug_ranges  0x000008c8       0x40 c:/program files/microchip/xc32/v4.00/bin/bin/../../lib/gcc/pic32c/8.3.1/../../../../pic32c/lib/thumb/v7e-m+dp/hard\libc-musl.a(__libc_start_main.o)
 .debug_ranges  0x00000908       0x10 c:/program files/microchip/xc32/v4.00/bin/bin/../../lib/gcc/pic32c/8.3.1/../../../../pic32c/lib/thumb/v7e-m+dp/hard\libc-musl.a(memcpy.o)
 .debug_ranges  0x00000918       0x10 c:/program files/microchip/xc32/v4.00/bin/bin/../../lib/gcc/pic32c/8.3.1/../../../../pic32c/lib/thumb/v7e-m+dp/hard\libc-musl.a(memset.o)

.debug_line     0x00000000     0x6563
 .debug_line    0x00000000      0x157 build/sam_v71_xult/production/_ext/1379310441/bsp.o
 .debug_line    0x00000157      0x1b6 build/sam_v71_xult/production/_ext/1157990217/plib_clk.o
 .debug_line    0x0000030d      0x3e0 build/sam_v71_xult/production/_ext/1157988489/plib_efc.o
 .debug_line    0x000006ed      0x317 build/sam_v71_xult/production/_ext/1537621011/plib_nvic.o
 .debug_line    0x00000a04      0x504 build/sam_v71_xult/production/_ext/1157977813/plib_pio.o
 .debug_line    0x00000f08      0x9a9 build/sam_v71_xult/production/_ext/415242918/plib_usart1.o
 .debug_line    0x000018b1      0x2fc build/sam_v71_xult/production/_ext/1320227943/initialization.o
 .debug_line    0x00001bad      0x138 build/sam_v71_xult/production/_ext/1320227943/interrupts.o
 .debug_line    0x00001ce5      0x191 build/sam_v71_xult/production/_ext/1320227943/exceptions.o
 .debug_line    0x00001e76      0x46e build/sam_v71_xult/production/_ext/1320227943/startup_xc32.o
 .debug_line    0x000022e4      0x1e3 build/sam_v71_xult/production/_ext/1320227943/freertos_hooks.o
 .debug_line    0x000024c7      0x1ef build/sam_v71_xult/production/_ext/1320227943/tasks.o
 .debug_line    0x000026b6      0x35f build/sam_v71_xult/production/_ext/977623654/port.o
 .debug_line    0x00002a15      0x1dd build/sam_v71_xult/production/_ext/1665200909/heap_1.o
 .debug_line    0x00002bf2      0x2d4 build/sam_v71_xult/production/_ext/404212886/list.o
 .debug_line    0x00002ec6      0xe88 build/sam_v71_xult/production/_ext/404212886/queue.o
 .debug_line    0x00003d4e     0x1752 build/sam_v71_xult/production/_ext/404212886/FreeRTOS_tasks.o
 .debug_line    0x000054a0      0x138 build/sam_v71_xult/production/_ext/1360937237/main.o
 .debug_line    0x000055d8      0x24e build/sam_v71_xult/production/_ext/1360937237/task1.o
 .debug_line    0x00005826      0x236 build/sam_v71_xult/production/_ext/1360937237/task2.o
 .debug_line    0x00005a5c      0x2fe build/sam_v71_xult/production/_ext/1360937237/tarea_uart.o
 .debug_line    0x00005d5a      0x110 c:/program files/microchip/xc32/v4.00/bin/bin/../../lib/gcc/pic32c/8.3.1/../../../../pic32c/lib/thumb/v7e-m+dp/hard\libpic32c.a(data_init.o)
 .debug_line    0x00005e6a      0x24c c:/program files/microchip/xc32/v4.00/bin/bin/../../lib/gcc/pic32c/8.3.1/../../../../pic32c/lib/thumb/v7e-m+dp/hard\libc-musl.a(__libc_start_main.o)
 .debug_line    0x000060b6      0x132 c:/program files/microchip/xc32/v4.00/bin/bin/../../lib/gcc/pic32c/8.3.1/../../../../pic32c/lib/thumb/v7e-m+dp/hard\libc-musl.a(libc.o)
 .debug_line    0x000061e8       0xf2 c:/program files/microchip/xc32/v4.00/bin/bin/../../lib/gcc/pic32c/8.3.1/../../../../pic32c/lib/thumb/v7e-m+dp/hard\libc-musl.a(memcpy.o)
 .debug_line    0x000062da       0xea c:/program files/microchip/xc32/v4.00/bin/bin/../../lib/gcc/pic32c/8.3.1/../../../../pic32c/lib/thumb/v7e-m+dp/hard\libc-musl.a(memset.o)
 .debug_line    0x000063c4      0x19f c:/program files/microchip/xc32/v4.00/bin/bin/../../lib/gcc/pic32c/8.3.1/../../../../pic32c/lib/thumb/v7e-m+dp/hard\libc-musl.a(__environ.o)

.debug_str      0x00000000      0x99d
 .debug_str     0x00000000        0x0 build/sam_v71_xult/production/_ext/1379310441/bsp.o
 .debug_str     0x00000000        0x0 build/sam_v71_xult/production/_ext/1157990217/plib_clk.o
 .debug_str     0x00000000       0x14 build/sam_v71_xult/production/_ext/1157988489/plib_efc.o
 .debug_str     0x00000014       0x28 build/sam_v71_xult/production/_ext/1537621011/plib_nvic.o
 .debug_str     0x0000003c       0x59 build/sam_v71_xult/production/_ext/1157977813/plib_pio.o
 .debug_str     0x00000095       0xb1 build/sam_v71_xult/production/_ext/415242918/plib_usart1.o
 .debug_str     0x00000146       0x98 build/sam_v71_xult/production/_ext/1320227943/initialization.o
 .debug_str     0x000001de        0x0 build/sam_v71_xult/production/_ext/1320227943/interrupts.o
 .debug_str     0x000001de        0x0 build/sam_v71_xult/production/_ext/1320227943/exceptions.o
 .debug_str     0x000001de       0x2f build/sam_v71_xult/production/_ext/1320227943/startup_xc32.o
 .debug_str     0x0000020d       0x25 build/sam_v71_xult/production/_ext/1320227943/freertos_hooks.o
 .debug_str     0x00000232       0x56 build/sam_v71_xult/production/_ext/1320227943/tasks.o
 .debug_str     0x00000288       0x26 build/sam_v71_xult/production/_ext/977623654/port.o
 .debug_str     0x000002ae       0x3c build/sam_v71_xult/production/_ext/1665200909/heap_1.o
 .debug_str     0x000002ea       0x2b build/sam_v71_xult/production/_ext/404212886/list.o
 .debug_str     0x00000315      0x27f build/sam_v71_xult/production/_ext/404212886/queue.o
 .debug_str     0x00000594      0x275 build/sam_v71_xult/production/_ext/404212886/FreeRTOS_tasks.o
 .debug_str     0x00000809       0x19 build/sam_v71_xult/production/_ext/1360937237/main.o
 .debug_str     0x00000822       0x62 build/sam_v71_xult/production/_ext/1360937237/task1.o
 .debug_str     0x00000884       0x50 build/sam_v71_xult/production/_ext/1360937237/task2.o
 .debug_str     0x000008d4       0xc9 build/sam_v71_xult/production/_ext/1360937237/tarea_uart.o
 .debug_str     0x0000099d        0x0 c:/program files/microchip/xc32/v4.00/bin/bin/../../lib/gcc/pic32c/8.3.1/../../../../pic32c/lib/thumb/v7e-m+dp/hard\libpic32c.a(data_init.o)
 .debug_str     0x0000099d        0x0 c:/program files/microchip/xc32/v4.00/bin/bin/../../lib/gcc/pic32c/8.3.1/../../../../pic32c/lib/thumb/v7e-m+dp/hard\libc-musl.a(__libc_start_main.o)
 .debug_str     0x0000099d        0x0 c:/program files/microchip/xc32/v4.00/bin/bin/../../lib/gcc/pic32c/8.3.1/../../../../pic32c/lib/thumb/v7e-m+dp/hard\libc-musl.a(libc.o)
 .debug_str     0x0000099d        0x0 c:/program files/microchip/xc32/v4.00/bin/bin/../../lib/gcc/pic32c/8.3.1/../../../../pic32c/lib/thumb/v7e-m+dp/hard\libc-musl.a(memcpy.o)
 .debug_str     0x0000099d        0x0 c:/program files/microchip/xc32/v4.00/bin/bin/../../lib/gcc/pic32c/8.3.1/../../../../pic32c/lib/thumb/v7e-m+dp/hard\libc-musl.a(memset.o)
 .debug_str     0x0000099d        0x0 c:/program files/microchip/xc32/v4.00/bin/bin/../../lib/gcc/pic32c/8.3.1/../../../../pic32c/lib/thumb/v7e-m+dp/hard\libc-musl.a(__environ.o)

.debug_frame    0x00000000     0x1078
 .debug_frame   0x00000000       0x20 build/sam_v71_xult/production/_ext/1379310441/bsp.o
 .debug_frame   0x00000020       0x20 build/sam_v71_xult/production/_ext/1157990217/plib_clk.o
 .debug_frame   0x00000040       0xec build/sam_v71_xult/production/_ext/1157988489/plib_efc.o
 .debug_frame   0x0000012c       0x50 build/sam_v71_xult/production/_ext/1537621011/plib_nvic.o
 .debug_frame   0x0000017c      0x11c build/sam_v71_xult/production/_ext/1157977813/plib_pio.o
 .debug_frame   0x00000298      0x19c build/sam_v71_xult/production/_ext/415242918/plib_usart1.o
 .debug_frame   0x00000434       0x28 build/sam_v71_xult/production/_ext/1320227943/initialization.o
 .debug_frame   0x0000045c       0x20 build/sam_v71_xult/production/_ext/1320227943/interrupts.o
 .debug_frame   0x0000047c       0x70 build/sam_v71_xult/production/_ext/1320227943/exceptions.o
 .debug_frame   0x000004ec       0x38 build/sam_v71_xult/production/_ext/1320227943/startup_xc32.o
 .debug_frame   0x00000524       0x6c build/sam_v71_xult/production/_ext/1320227943/freertos_hooks.o
 .debug_frame   0x00000590       0x78 build/sam_v71_xult/production/_ext/1320227943/tasks.o
 .debug_frame   0x00000608       0xe8 build/sam_v71_xult/production/_ext/977623654/port.o
 .debug_frame   0x000006f0       0x5c build/sam_v71_xult/production/_ext/1665200909/heap_1.o
 .debug_frame   0x0000074c       0x6c build/sam_v71_xult/production/_ext/404212886/list.o
 .debug_frame   0x000007b8      0x280 build/sam_v71_xult/production/_ext/404212886/queue.o
 .debug_frame   0x00000a38      0x46c build/sam_v71_xult/production/_ext/404212886/FreeRTOS_tasks.o
 .debug_frame   0x00000ea4       0x28 build/sam_v71_xult/production/_ext/1360937237/main.o
 .debug_frame   0x00000ecc       0x48 build/sam_v71_xult/production/_ext/1360937237/task1.o
 .debug_frame   0x00000f14       0x40 build/sam_v71_xult/production/_ext/1360937237/task2.o
 .debug_frame   0x00000f54       0x68 build/sam_v71_xult/production/_ext/1360937237/tarea_uart.o
 .debug_frame   0x00000fbc       0x38 c:/program files/microchip/xc32/v4.00/bin/bin/../../lib/gcc/pic32c/8.3.1/../../../../pic32c/lib/thumb/v7e-m+dp/hard\libpic32c.a(data_init.o)
 .debug_frame   0x00000ff4       0x3c c:/program files/microchip/xc32/v4.00/bin/bin/../../lib/gcc/pic32c/8.3.1/../../../../pic32c/lib/thumb/v7e-m+dp/hard\libc-musl.a(__libc_start_main.o)
 .debug_frame   0x00001030       0x28 c:/program files/microchip/xc32/v4.00/bin/bin/../../lib/gcc/pic32c/8.3.1/../../../../pic32c/lib/thumb/v7e-m+dp/hard\libc-musl.a(memcpy.o)
 .debug_frame   0x00001058       0x20 c:/program files/microchip/xc32/v4.00/bin/bin/../../lib/gcc/pic32c/8.3.1/../../../../pic32c/lib/thumb/v7e-m+dp/hard\libc-musl.a(memset.o)

.debug_loc      0x00000000     0x55ba
 .debug_loc     0x00000000      0x611 build/sam_v71_xult/production/_ext/1157988489/plib_efc.o
 .debug_loc     0x00000611      0x124 build/sam_v71_xult/production/_ext/1537621011/plib_nvic.o
 .debug_loc     0x00000735      0x371 build/sam_v71_xult/production/_ext/1157977813/plib_pio.o
 .debug_loc     0x00000aa6      0xab0 build/sam_v71_xult/production/_ext/415242918/plib_usart1.o
 .debug_loc     0x00001556       0x45 build/sam_v71_xult/production/_ext/1320227943/initialization.o
 .debug_loc     0x0000159b       0xa7 build/sam_v71_xult/production/_ext/1320227943/startup_xc32.o
 .debug_loc     0x00001642       0x82 build/sam_v71_xult/production/_ext/1320227943/freertos_hooks.o
 .debug_loc     0x000016c4      0x107 build/sam_v71_xult/production/_ext/1320227943/tasks.o
 .debug_loc     0x000017cb      0x13a build/sam_v71_xult/production/_ext/977623654/port.o
 .debug_loc     0x00001905       0x80 build/sam_v71_xult/production/_ext/1665200909/heap_1.o
 .debug_loc     0x00001985       0xbf build/sam_v71_xult/production/_ext/404212886/list.o
 .debug_loc     0x00001a44     0x16e4 build/sam_v71_xult/production/_ext/404212886/queue.o
 .debug_loc     0x00003128     0x211d build/sam_v71_xult/production/_ext/404212886/FreeRTOS_tasks.o
 .debug_loc     0x00005245       0x20 build/sam_v71_xult/production/_ext/1360937237/main.o
 .debug_loc     0x00005265       0x6f build/sam_v71_xult/production/_ext/1360937237/task1.o
 .debug_loc     0x000052d4       0x4f build/sam_v71_xult/production/_ext/1360937237/task2.o
 .debug_loc     0x00005323      0x122 build/sam_v71_xult/production/_ext/1360937237/tarea_uart.o
 .debug_loc     0x00005445       0x14 c:/program files/microchip/xc32/v4.00/bin/bin/../../lib/gcc/pic32c/8.3.1/../../../../pic32c/lib/thumb/v7e-m+dp/hard\libpic32c.a(data_init.o)
 .debug_loc     0x00005459       0x51 c:/program files/microchip/xc32/v4.00/bin/bin/../../lib/gcc/pic32c/8.3.1/../../../../pic32c/lib/thumb/v7e-m+dp/hard\libc-musl.a(__libc_start_main.o)
 .debug_loc     0x000054aa       0xba c:/program files/microchip/xc32/v4.00/bin/bin/../../lib/gcc/pic32c/8.3.1/../../../../pic32c/lib/thumb/v7e-m+dp/hard\libc-musl.a(memcpy.o)
 .debug_loc     0x00005564       0x56 c:/program files/microchip/xc32/v4.00/bin/bin/../../lib/gcc/pic32c/8.3.1/../../../../pic32c/lib/thumb/v7e-m+dp/hard\libc-musl.a(memset.o)

.note.GNU-stack
                0x00000000        0x0
 .note.GNU-stack
                0x00000000        0x0 c:/program files/microchip/xc32/v4.00/bin/bin/../../lib/gcc/pic32c/8.3.1/../../../../pic32c/lib/thumb/v7e-m+dp/hard\libc-musl.a(__libc_start_main.o)
 .note.GNU-stack
                0x00000000        0x0 c:/program files/microchip/xc32/v4.00/bin/bin/../../lib/gcc/pic32c/8.3.1/../../../../pic32c/lib/thumb/v7e-m+dp/hard\libc-musl.a(libc.o)
 .note.GNU-stack
                0x00000000        0x0 c:/program files/microchip/xc32/v4.00/bin/bin/../../lib/gcc/pic32c/8.3.1/../../../../pic32c/lib/thumb/v7e-m+dp/hard\libc-musl.a(memcpy.o)
 .note.GNU-stack
                0x00000000        0x0 c:/program files/microchip/xc32/v4.00/bin/bin/../../lib/gcc/pic32c/8.3.1/../../../../pic32c/lib/thumb/v7e-m+dp/hard\libc-musl.a(memset.o)
 .note.GNU-stack
                0x00000000        0x0 c:/program files/microchip/xc32/v4.00/bin/bin/../../lib/gcc/pic32c/8.3.1/../../../../pic32c/lib/thumb/v7e-m+dp/hard\libc-musl.a(__environ.o)

.stack          0x2040a628      0x100
 .stack         0x2040a628      0x100 stack

.bss.ucHeap%1   0x20400000     0xa000
 .bss.ucHeap    0x20400000     0xa000 build/sam_v71_xult/production/_ext/1665200909/heap_1.o

.bss.USART1_WriteBuffer%2
                0x2040a000      0x200
 .bss.USART1_WriteBuffer
                0x2040a000      0x200 build/sam_v71_xult/production/_ext/415242918/plib_usart1.o

.bss.pxReadyTasksLists%3
                0x2040a200       0x64
 .bss.pxReadyTasksLists
                0x2040a200       0x64 build/sam_v71_xult/production/_ext/404212886/FreeRTOS_tasks.o

.bss%4          0x2040a264       0x50
 .bss           0x2040a264       0x50 c:/program files/microchip/xc32/v4.00/bin/bin/../../lib/gcc/pic32c/8.3.1/../../../../pic32c/lib/thumb/v7e-m+dp/hard\libc-musl.a(libc.o)
                0x2040a264                __progname_full
                0x2040a264                program_invocation_name
                0x2040a268                program_invocation_short_name
                0x2040a268                __progname
                0x2040a26c                __sysinfo
                0x2040a270                __hwcap
                0x2040a274                __libc

.bss.usart1Obj%5
                0x2040a2b4       0x40
 .bss.usart1Obj
                0x2040a2b4       0x40 build/sam_v71_xult/production/_ext/415242918/plib_usart1.o
                0x2040a2b4                usart1Obj

.bss%6          0x2040a2f4       0x1c
 .bss           0x2040a2f4       0x1c c:/program files/microchip/xc32/v4.00/bin/bin/../../lib/gcc/pic32c/8.3.1/thumb/v7e-m+dp/hard/crtbegin.o

.bss.xDelayedTaskList1%7
                0x2040a310       0x14
 .bss.xDelayedTaskList1
                0x2040a310       0x14 build/sam_v71_xult/production/_ext/404212886/FreeRTOS_tasks.o

.bss.xDelayedTaskList2%8
                0x2040a324       0x14
 .bss.xDelayedTaskList2
                0x2040a324       0x14 build/sam_v71_xult/production/_ext/404212886/FreeRTOS_tasks.o

.bss.xPendingReadyList%9
                0x2040a338       0x14
 .bss.xPendingReadyList
                0x2040a338       0x14 build/sam_v71_xult/production/_ext/404212886/FreeRTOS_tasks.o

.bss.xSuspendedTaskList%10
                0x2040a34c       0x14
 .bss.xSuspendedTaskList
                0x2040a34c       0x14 build/sam_v71_xult/production/_ext/404212886/FreeRTOS_tasks.o

.bss.xTasksWaitingTermination%11
                0x2040a360       0x14
 .bss.xTasksWaitingTermination
                0x2040a360       0x14 build/sam_v71_xult/production/_ext/404212886/FreeRTOS_tasks.o

.bss.USART1_ReadBuffer%12
                0x2040a374       0x10
 .bss.USART1_ReadBuffer
                0x2040a374       0x10 build/sam_v71_xult/production/_ext/415242918/plib_usart1.o

.bss.portPinCbObj%13
                0x2040a384        0xc
 .bss.portPinCbObj
                0x2040a384        0xc build/sam_v71_xult/production/_ext/1157977813/plib_pio.o
                0x2040a384                portPinCbObj

.data.portNumCb%14
                0x2040a390        0x6
 .data.portNumCb
                0x2040a390        0x6 build/sam_v71_xult/production/_ext/1157977813/plib_pio.o
                0x2040a390                portNumCb

.bss.cmd.7938%15
                0x2040a398        0x4
 .bss.cmd.7938  0x2040a398        0x4 build/sam_v71_xult/production/_ext/1320227943/startup_xc32.o

.bss.xTAREA_UART_Tasks%16
                0x2040a39c        0x4
 .bss.xTAREA_UART_Tasks
                0x2040a39c        0x4 build/sam_v71_xult/production/_ext/1320227943/tasks.o
                0x2040a39c                xTAREA_UART_Tasks

.bss.xTASK1_Tasks%17
                0x2040a3a0        0x4
 .bss.xTASK1_Tasks
                0x2040a3a0        0x4 build/sam_v71_xult/production/_ext/1320227943/tasks.o
                0x2040a3a0                xTASK1_Tasks

.bss.xTASK2_Tasks%18
                0x2040a3a4        0x4
 .bss.xTASK2_Tasks
                0x2040a3a4        0x4 build/sam_v71_xult/production/_ext/1320227943/tasks.o
                0x2040a3a4                xTASK2_Tasks

.data.uxCriticalNesting%19
                0x2040a3a8        0x4
 .data.uxCriticalNesting
                0x2040a3a8        0x4 build/sam_v71_xult/production/_ext/977623654/port.o

.bss.pucAlignedHeap.6163%20
                0x2040a3ac        0x4
 .bss.pucAlignedHeap.6163
                0x2040a3ac        0x4 build/sam_v71_xult/production/_ext/1665200909/heap_1.o

.bss.xNextFreeByte%21
                0x2040a3b0        0x4
 .bss.xNextFreeByte
                0x2040a3b0        0x4 build/sam_v71_xult/production/_ext/1665200909/heap_1.o

.bss.pxCurrentTCB%22
                0x2040a3b4        0x4
 .bss.pxCurrentTCB
                0x2040a3b4        0x4 build/sam_v71_xult/production/_ext/404212886/FreeRTOS_tasks.o
                0x2040a3b4                pxCurrentTCB

.bss.pxDelayedTaskList%23
                0x2040a3b8        0x4
 .bss.pxDelayedTaskList
                0x2040a3b8        0x4 build/sam_v71_xult/production/_ext/404212886/FreeRTOS_tasks.o

.bss.pxOverflowDelayedTaskList%24
                0x2040a3bc        0x4
 .bss.pxOverflowDelayedTaskList
                0x2040a3bc        0x4 build/sam_v71_xult/production/_ext/404212886/FreeRTOS_tasks.o

.bss.uxCurrentNumberOfTasks%25
                0x2040a3c0        0x4
 .bss.uxCurrentNumberOfTasks
                0x2040a3c0        0x4 build/sam_v71_xult/production/_ext/404212886/FreeRTOS_tasks.o

.bss.uxDeletedTasksWaitingCleanUp%26
                0x2040a3c4        0x4
 .bss.uxDeletedTasksWaitingCleanUp
                0x2040a3c4        0x4 build/sam_v71_xult/production/_ext/404212886/FreeRTOS_tasks.o

.bss.uxSchedulerSuspended%27
                0x2040a3c8        0x4
 .bss.uxSchedulerSuspended
                0x2040a3c8        0x4 build/sam_v71_xult/production/_ext/404212886/FreeRTOS_tasks.o

.bss.uxTaskNumber%28
                0x2040a3cc        0x4
 .bss.uxTaskNumber
                0x2040a3cc        0x4 build/sam_v71_xult/production/_ext/404212886/FreeRTOS_tasks.o

.bss.uxTopReadyPriority%29
                0x2040a3d0        0x4
 .bss.uxTopReadyPriority
                0x2040a3d0        0x4 build/sam_v71_xult/production/_ext/404212886/FreeRTOS_tasks.o

.bss.xIdleTaskHandle%30
                0x2040a3d4        0x4
 .bss.xIdleTaskHandle
                0x2040a3d4        0x4 build/sam_v71_xult/production/_ext/404212886/FreeRTOS_tasks.o

.bss.xNextTaskUnblockTime%31
                0x2040a3d8        0x4
 .bss.xNextTaskUnblockTime
                0x2040a3d8        0x4 build/sam_v71_xult/production/_ext/404212886/FreeRTOS_tasks.o

.bss.xNumOfOverflows%32
                0x2040a3dc        0x4
 .bss.xNumOfOverflows
                0x2040a3dc        0x4 build/sam_v71_xult/production/_ext/404212886/FreeRTOS_tasks.o

.bss.xPendedTicks%33
                0x2040a3e0        0x4
 .bss.xPendedTicks
                0x2040a3e0        0x4 build/sam_v71_xult/production/_ext/404212886/FreeRTOS_tasks.o

.bss.xSchedulerRunning%34
                0x2040a3e4        0x4
 .bss.xSchedulerRunning
                0x2040a3e4        0x4 build/sam_v71_xult/production/_ext/404212886/FreeRTOS_tasks.o

.bss.xTickCount%35
                0x2040a3e8        0x4
 .bss.xTickCount
                0x2040a3e8        0x4 build/sam_v71_xult/production/_ext/404212886/FreeRTOS_tasks.o

.bss.xYieldPending%36
                0x2040a3ec        0x4
 .bss.xYieldPending
                0x2040a3ec        0x4 build/sam_v71_xult/production/_ext/404212886/FreeRTOS_tasks.o

.bss.uartMutexLock%37
                0x2040a3f0        0x4
 .bss.uartMutexLock
                0x2040a3f0        0x4 build/sam_v71_xult/production/_ext/1360937237/task1.o
                0x2040a3f0                uartMutexLock

.bss.dataRxSemaphore%38
                0x2040a3f4        0x4
 .bss.dataRxSemaphore
                0x2040a3f4        0x4 build/sam_v71_xult/production/_ext/1360937237/tarea_uart.o

.bss%39         0x2040a3f8        0x8
 .bss           0x2040a3f8        0x4 c:/program files/microchip/xc32/v4.00/bin/bin/../../lib/gcc/pic32c/8.3.1/../../../../pic32c/lib/thumb/v7e-m+dp/hard\libpic32c.a(data_init.o)
 .bss           0x2040a3fc        0x4 c:/program files/microchip/xc32/v4.00/bin/bin/../../lib/gcc/pic32c/8.3.1/../../../../pic32c/lib/thumb/v7e-m+dp/hard\libc-musl.a(__environ.o)
                0x2040a3fc                __environ
                0x2040a3fc                environ
                0x2040a3fc                ___environ
                0x2040a3fc                _environ

.bss.tarea_uartData%41
                0x2040a400        0x1
 .bss.tarea_uartData
                0x2040a400        0x1 build/sam_v71_xult/production/_ext/1360937237/tarea_uart.o
                0x2040a400                tarea_uartData

.bss.task2Data%42
                0x2040a404        0x1
 .bss.task2Data
                0x2040a404        0x1 build/sam_v71_xult/production/_ext/1360937237/task2.o
                0x2040a404                task2Data

.bss.task1Data%43
                0x2040a408        0x1
 .bss.task1Data
                0x2040a408        0x1 build/sam_v71_xult/production/_ext/1360937237/task1.o
                0x2040a408                task1Data

.eh_frame%z1    0x00000000        0x0
 .eh_frame      0x00000000        0x0 c:/program files/microchip/xc32/v4.00/bin/bin/../../lib/gcc/pic32c/8.3.1/thumb/v7e-m+dp/hard/crtbegin.o

.config_D0000000.__config_D0000000%44
                0xd0000000        0x4
 .config_D0000000.__config_D0000000
                0xd0000000        0x4 build/sam_v71_xult/production/_ext/1320227943/initialization.o
                0xd0000000                __config_D0000000

.dinit%45       0x00400188      0x220
 .dinit         0x00400188      0x220 data_init

.text.xTaskCreate%46
                0x004003a8      0x1e4
 .text.xTaskCreate
                0x004003a8      0x1e4 build/sam_v71_xult/production/_ext/404212886/FreeRTOS_tasks.o
                0x004003a8                xTaskCreate

.text.USART1_InterruptHandler%47
                0x0040058c      0x17c
 .text.USART1_InterruptHandler
                0x0040058c      0x17c build/sam_v71_xult/production/_ext/415242918/plib_usart1.o
                0x0040058c                USART1_InterruptHandler

.text.Reset_Handler%48
                0x00400708      0x178
 .text.Reset_Handler
                0x00400708      0x178 build/sam_v71_xult/production/_ext/1320227943/startup_xc32.o
                0x00400708                Reset_Handler

.text.xQueueSemaphoreTake%49
                0x00400880      0x158
 .text.xQueueSemaphoreTake
                0x00400880      0x158 build/sam_v71_xult/production/_ext/404212886/queue.o
                0x00400880                xQueueSemaphoreTake

.text.xQueueGenericSend%50
                0x004009d8      0x128
 .text.xQueueGenericSend
                0x004009d8      0x128 build/sam_v71_xult/production/_ext/404212886/queue.o
                0x004009d8                xQueueGenericSend

.text.xTaskIncrementTick%51
                0x00400b00      0x114
 .text.xTaskIncrementTick
                0x00400b00      0x114 build/sam_v71_xult/production/_ext/404212886/FreeRTOS_tasks.o
                0x00400b00                xTaskIncrementTick

.text.PIO_Initialize%52
                0x00400c14       0xf0
 .text.PIO_Initialize
                0x00400c14       0xf0 build/sam_v71_xult/production/_ext/1157977813/plib_pio.o
                0x00400c14                PIO_Initialize

.text.xTaskResumeAll%53
                0x00400d04       0xe4
 .text.xTaskResumeAll
                0x00400d04       0xe4 build/sam_v71_xult/production/_ext/404212886/FreeRTOS_tasks.o
                0x00400d04                xTaskResumeAll

.text.TAREA_UART_Tasks%54
                0x00400de8       0xe4
 .text.TAREA_UART_Tasks
                0x00400de8       0xe4 build/sam_v71_xult/production/_ext/1360937237/tarea_uart.o
                0x00400de8                TAREA_UART_Tasks

.text.vTaskSwitchContext%55
                0x00400ecc       0xa8
 .text.vTaskSwitchContext
                0x00400ecc       0xa8 build/sam_v71_xult/production/_ext/404212886/FreeRTOS_tasks.o
                0x00400ecc                vTaskSwitchContext

.text.xTaskPriorityInherit%56
                0x00400f74       0xa8
 .text.xTaskPriorityInherit
                0x00400f74       0xa8 build/sam_v71_xult/production/_ext/404212886/FreeRTOS_tasks.o
                0x00400f74                xTaskPriorityInherit

.text.USART1_Write%57
                0x0040101c       0xa4
 .text.USART1_Write
                0x0040101c       0xa4 build/sam_v71_xult/production/_ext/415242918/plib_usart1.o
                0x0040101c                USART1_Write

.text.prvAddCurrentTaskToDelayedList%58
                0x004010c0       0x94
 .text.prvAddCurrentTaskToDelayedList
                0x004010c0       0x94 build/sam_v71_xult/production/_ext/404212886/FreeRTOS_tasks.o

.text.__pic32c_data_initialization%59
                0x00401154       0x88
 .text.__pic32c_data_initialization
                0x00401154       0x88 c:/program files/microchip/xc32/v4.00/bin/bin/../../lib/gcc/pic32c/8.3.1/../../../../pic32c/lib/thumb/v7e-m+dp/hard\libpic32c.a(data_init.o)
                0x00401154                __pic32c_data_initialization

.text.vTaskPriorityDisinheritAfterTimeout%60
                0x004011dc       0x80
 .text.vTaskPriorityDisinheritAfterTimeout
                0x004011dc       0x80 build/sam_v71_xult/production/_ext/404212886/FreeRTOS_tasks.o
                0x004011dc                vTaskPriorityDisinheritAfterTimeout

.text.prvUnlockQueue%61
                0x0040125c       0x7e
 .text.prvUnlockQueue
                0x0040125c       0x7e build/sam_v71_xult/production/_ext/404212886/queue.o

.text.xTaskPriorityDisinherit%62
                0x004012dc       0x7c
 .text.xTaskPriorityDisinherit
                0x004012dc       0x7c build/sam_v71_xult/production/_ext/404212886/FreeRTOS_tasks.o
                0x004012dc                xTaskPriorityDisinherit

.text.xTaskRemoveFromEventList%63
                0x00401358       0x78
 .text.xTaskRemoveFromEventList
                0x00401358       0x78 build/sam_v71_xult/production/_ext/404212886/FreeRTOS_tasks.o
                0x00401358                xTaskRemoveFromEventList

.text.prvCopyDataToQueue%64
                0x004013d0       0x72
 .text.prvCopyDataToQueue
                0x004013d0       0x72 build/sam_v71_xult/production/_ext/404212886/queue.o

.text.SYS_Tasks%65
                0x00401444       0x70
 .text.SYS_Tasks
                0x00401444       0x70 build/sam_v71_xult/production/_ext/1320227943/tasks.o
                0x00401444                SYS_Tasks

.text.xQueueGenericReset%66
                0x004014b4       0x70
 .text.xQueueGenericReset
                0x004014b4       0x70 build/sam_v71_xult/production/_ext/404212886/queue.o
                0x004014b4                xQueueGenericReset

.text.prvIdleTask%67
                0x00401524       0x70
 .text.prvIdleTask
                0x00401524       0x70 build/sam_v71_xult/production/_ext/404212886/FreeRTOS_tasks.o

.text.USART1_Initialize%68
                0x00401594       0x6c
 .text.USART1_Initialize
                0x00401594       0x6c build/sam_v71_xult/production/_ext/415242918/plib_usart1.o
                0x00401594                USART1_Initialize

.text.pvPortMalloc%69
                0x00401600       0x6c
 .text.pvPortMalloc
                0x00401600       0x6c build/sam_v71_xult/production/_ext/1665200909/heap_1.o
                0x00401600                pvPortMalloc

.text.TASK1_Tasks%70
                0x0040166c       0x6c
 .text.TASK1_Tasks
                0x0040166c       0x6c build/sam_v71_xult/production/_ext/1360937237/task1.o
                0x0040166c                TASK1_Tasks

.text.TASK2_Tasks%71
                0x004016d8       0x6c
 .text.TASK2_Tasks
                0x004016d8       0x6c build/sam_v71_xult/production/_ext/1360937237/task2.o
                0x004016d8                TASK2_Tasks

.text.vTaskStartScheduler%72
                0x00401744       0x68
 .text.vTaskStartScheduler
                0x00401744       0x68 build/sam_v71_xult/production/_ext/404212886/FreeRTOS_tasks.o
                0x00401744                vTaskStartScheduler

.text.CLOCK_Initialize%73
                0x004017ac       0x64
 .text.CLOCK_Initialize
                0x004017ac       0x64 build/sam_v71_xult/production/_ext/1157990217/plib_clk.o
                0x004017ac                CLOCK_Initialize

.text.xPortPendSVHandler%74
                0x00401810       0x64
 .text.xPortPendSVHandler
                0x00401810       0x64 build/sam_v71_xult/production/_ext/977623654/port.o
                0x00401810                xPortPendSVHandler

.text.xQueueGiveFromISR%75
                0x00401874       0x64
 .text.xQueueGiveFromISR
                0x00401874       0x64 build/sam_v71_xult/production/_ext/404212886/queue.o
                0x00401874                xQueueGiveFromISR

.text.xTaskCheckForTimeOut%76
                0x004018d8       0x5c
 .text.xTaskCheckForTimeOut
                0x004018d8       0x5c build/sam_v71_xult/production/_ext/404212886/FreeRTOS_tasks.o
                0x004018d8                xTaskCheckForTimeOut

.text.__libc_start_init%77
                0x00401934       0x5c
 .text.__libc_start_init
                0x00401934       0x5c c:/program files/microchip/xc32/v4.00/bin/bin/../../lib/gcc/pic32c/8.3.1/../../../../pic32c/lib/thumb/v7e-m+dp/hard\libc-musl.a(__libc_start_main.o)
                0x00401934                __libc_init_array

.text._PIO_Interrupt_Handler%78
                0x00401990       0x58
 .text._PIO_Interrupt_Handler
                0x00401990       0x58 build/sam_v71_xult/production/_ext/1157977813/plib_pio.o
                0x00401990                _PIO_Interrupt_Handler

.text.USART1_Read%79
                0x004019e8       0x58
 .text.USART1_Read
                0x004019e8       0x58 build/sam_v71_xult/production/_ext/415242918/plib_usart1.o
                0x004019e8                USART1_Read

.text.xPortStartScheduler%80
                0x00401a40       0x48
 .text.xPortStartScheduler
                0x00401a40       0x48 build/sam_v71_xult/production/_ext/977623654/port.o
                0x00401a40                xPortStartScheduler

.rodata%81      0x00401a88       0x48
 .rodata        0x00401a88       0x48 build/sam_v71_xult/production/_ext/1360937237/tarea_uart.o

.text%82        0x00401ad0       0x40
 .text          0x00401ad0       0x40 c:/program files/microchip/xc32/v4.00/bin/bin/../../lib/gcc/pic32c/8.3.1/thumb/v7e-m+dp/hard/crtbegin.o

.text.NVIC_Initialize%83
                0x00401b10       0x40
 .text.NVIC_Initialize
                0x00401b10       0x40 build/sam_v71_xult/production/_ext/1537621011/plib_nvic.o
                0x00401b10                NVIC_Initialize

.rodata%84      0x00401b50       0x40
 .rodata        0x00401b50       0x40 build/sam_v71_xult/production/_ext/1360937237/task1.o

.text.SYS_Initialize%85
                0x00401b90       0x38
 .text.SYS_Initialize
                0x00401b90       0x38 build/sam_v71_xult/production/_ext/1320227943/initialization.o
                0x00401b90                SYS_Initialize

.text.vListInsert%86
                0x00401bc8       0x34
 .text.vListInsert
                0x00401bc8       0x34 build/sam_v71_xult/production/_ext/404212886/list.o
                0x00401bc8                vListInsert

.text.vTaskDelay%87
                0x00401bfc       0x34
 .text.vTaskDelay
                0x00401bfc       0x34 build/sam_v71_xult/production/_ext/404212886/FreeRTOS_tasks.o
                0x00401bfc                vTaskDelay

.text.uartReadEventHandler%88
                0x00401c30       0x34
 .text.uartReadEventHandler
                0x00401c30       0x34 build/sam_v71_xult/production/_ext/1360937237/tarea_uart.o
                0x00401c30                uartReadEventHandler

.text.xPortSysTickHandler%89
                0x00401c64       0x30
 .text.xPortSysTickHandler
                0x00401c64       0x30 build/sam_v71_xult/production/_ext/977623654/port.o
                0x00401c64                xPortSysTickHandler

.text.xQueueGenericCreate%90
                0x00401c94       0x30
 .text.xQueueGenericCreate
                0x00401c94       0x30 build/sam_v71_xult/production/_ext/404212886/queue.o
                0x00401c94                xQueueGenericCreate

.rodata%91      0x00401cc4       0x5c
 .rodata        0x00401cc4       0x30 build/sam_v71_xult/production/_ext/1360937237/task2.o
 .rodata        0x00401cf4       0x2c build/sam_v71_xult/production/_ext/1320227943/tasks.o

.text.pxPortInitialiseStack%93
                0x00401d20       0x2c
 .text.pxPortInitialiseStack
                0x00401d20       0x2c build/sam_v71_xult/production/_ext/977623654/port.o
                0x00401d20                pxPortInitialiseStack

.text.prvResetNextTaskUnblockTime%94
                0x00401d4c       0x2c
 .text.prvResetNextTaskUnblockTime
                0x00401d4c       0x2c build/sam_v71_xult/production/_ext/404212886/FreeRTOS_tasks.o

.text.TASK1_Initialize%95
                0x00401d78       0x2c
 .text.TASK1_Initialize
                0x00401d78       0x2c build/sam_v71_xult/production/_ext/1360937237/task1.o
                0x00401d78                TASK1_Initialize

.text.prvPortStartFirstTask%96
                0x00401da4       0x28
 .text.prvPortStartFirstTask
                0x00401da4       0x28 build/sam_v71_xult/production/_ext/977623654/port.o

.text.vPortSetupTimerInterrupt%97
                0x00401dcc       0x28
 .text.vPortSetupTimerInterrupt
                0x00401dcc       0x28 build/sam_v71_xult/production/_ext/977623654/port.o
                0x00401dcc                vPortSetupTimerInterrupt

.text.uxListRemove%98
                0x00401df4       0x26
 .text.uxListRemove
                0x00401df4       0x26 build/sam_v71_xult/production/_ext/404212886/list.o
                0x00401df4                uxListRemove

.text.prvTaskExitError%99
                0x00401e1a       0x24
 .text.prvTaskExitError
                0x00401e1a       0x24 build/sam_v71_xult/production/_ext/977623654/port.o

.text.vPortSVCHandler%100
                0x00401e40       0x24
 .text.vPortSVCHandler
                0x00401e40       0x24 build/sam_v71_xult/production/_ext/977623654/port.o
                0x00401e40                vPortSVCHandler

.text.vPortEnterCritical%101
                0x00401e64       0x24
 .text.vPortEnterCritical
                0x00401e64       0x24 build/sam_v71_xult/production/_ext/977623654/port.o
                0x00401e64                vPortEnterCritical

.text.xQueueCreateMutex%102
                0x00401e88       0x24
 .text.xQueueCreateMutex
                0x00401e88       0x24 build/sam_v71_xult/production/_ext/404212886/queue.o
                0x00401e88                xQueueCreateMutex

.text.BSP_Initialize%103
                0x00401eac       0x20
 .text.BSP_Initialize
                0x00401eac       0x20 build/sam_v71_xult/production/_ext/1379310441/bsp.o
                0x00401eac                BSP_Initialize

.text.USART1_WritePendingBytesGet%104
                0x00401ecc       0x1c
 .text.USART1_WritePendingBytesGet
                0x00401ecc       0x1c build/sam_v71_xult/production/_ext/415242918/plib_usart1.o

.text.USART1_ReadCountGet%105
                0x00401ee8       0x1c
 .text.USART1_ReadCountGet
                0x00401ee8       0x1c build/sam_v71_xult/production/_ext/415242918/plib_usart1.o
                0x00401ee8                USART1_ReadCountGet

.text.vTaskPlaceOnEventList%106
                0x00401f04       0x1c
 .text.vTaskPlaceOnEventList
                0x00401f04       0x1c build/sam_v71_xult/production/_ext/404212886/FreeRTOS_tasks.o
                0x00401f04                vTaskPlaceOnEventList

.text.pvTaskIncrementMutexHeldCount%107
                0x00401f20       0x1c
 .text.pvTaskIncrementMutexHeldCount
                0x00401f20       0x1c build/sam_v71_xult/production/_ext/404212886/FreeRTOS_tasks.o
                0x00401f20                pvTaskIncrementMutexHeldCount

.text.USART1_ReadNotificationEnable%108
                0x00401f3c       0x18
 .text.USART1_ReadNotificationEnable
                0x00401f3c       0x18 build/sam_v71_xult/production/_ext/415242918/plib_usart1.o
                0x00401f3c                USART1_ReadNotificationEnable

.text.vTaskInternalSetTimeOutState%109
                0x00401f54       0x18
 .text.vTaskInternalSetTimeOutState
                0x00401f54       0x18 build/sam_v71_xult/production/_ext/404212886/FreeRTOS_tasks.o
                0x00401f54                vTaskInternalSetTimeOutState

.text.vApplicationStackOverflowHook%110
                0x00401f6c       0x16
 .text.vApplicationStackOverflowHook
                0x00401f6c       0x16 build/sam_v71_xult/production/_ext/1320227943/freertos_hooks.o
                0x00401f6c                vApplicationStackOverflowHook

.text.vApplicationMallocFailedHook%111
                0x00401f82       0x16
 .text.vApplicationMallocFailedHook
                0x00401f82       0x16 build/sam_v71_xult/production/_ext/1320227943/freertos_hooks.o
                0x00401f82                vApplicationMallocFailedHook

.text.vListInitialise%112
                0x00401f98       0x16
 .text.vListInitialise
                0x00401f98       0x16 build/sam_v71_xult/production/_ext/404212886/list.o
                0x00401f98                vListInitialise

.text.vListInsertEnd%113
                0x00401fae       0x16
 .text.vListInsertEnd
                0x00401fae       0x16 build/sam_v71_xult/production/_ext/404212886/list.o
                0x00401fae                vListInsertEnd

.text.prvIsQueueEmpty%114
                0x00401fc4       0x16
 .text.prvIsQueueEmpty
                0x00401fc4       0x16 build/sam_v71_xult/production/_ext/404212886/queue.o

.text.memcpy%115
                0x00401fda       0x16
 .text.memcpy   0x00401fda       0x16 c:/program files/microchip/xc32/v4.00/bin/bin/../../lib/gcc/pic32c/8.3.1/../../../../pic32c/lib/thumb/v7e-m+dp/hard\libc-musl.a(memcpy.o)
                0x00401fda                memcpy

.text.USART1_WriteFreeBufferCountGet%116
                0x00401ff0       0x14
 .text.USART1_WriteFreeBufferCountGet
                0x00401ff0       0x14 build/sam_v71_xult/production/_ext/415242918/plib_usart1.o
                0x00401ff0                USART1_WriteFreeBufferCountGet

.text.vPortEnableVFP%117
                0x00402004       0x14
 .text.vPortEnableVFP
                0x00402004       0x14 build/sam_v71_xult/production/_ext/977623654/port.o

.text.vPortExitCritical%118
                0x00402018       0x14
 .text.vPortExitCritical
                0x00402018       0x14 build/sam_v71_xult/production/_ext/977623654/port.o
                0x00402018                vPortExitCritical

.text.EFC_Initialize%119
                0x0040202c       0x10
 .text.EFC_Initialize
                0x0040202c       0x10 build/sam_v71_xult/production/_ext/1157988489/plib_efc.o
                0x0040202c                EFC_Initialize

.text.PIOA_InterruptHandler%120
                0x0040203c       0x10
 .text.PIOA_InterruptHandler
                0x0040203c       0x10 build/sam_v71_xult/production/_ext/1157977813/plib_pio.o
                0x0040203c                PIOA_InterruptHandler

.text.vTaskSuspendAll%121
                0x0040204c       0x10
 .text.vTaskSuspendAll
                0x0040204c       0x10 build/sam_v71_xult/production/_ext/404212886/FreeRTOS_tasks.o
                0x0040204c                vTaskSuspendAll

.text.memset%122
                0x0040205c       0x10
 .text.memset   0x0040205c       0x10 c:/program files/microchip/xc32/v4.00/bin/bin/../../lib/gcc/pic32c/8.3.1/../../../../pic32c/lib/thumb/v7e-m+dp/hard\libc-musl.a(memset.o)
                0x0040205c                memset

.text.main%123  0x0040206c        0xe
 .text.main     0x0040206c        0xe build/sam_v71_xult/production/_ext/1360937237/main.o
                0x0040206c                main

.text.USART1_ReadThresholdSet%124
                0x0040207c        0xc
 .text.USART1_ReadThresholdSet
                0x0040207c        0xc build/sam_v71_xult/production/_ext/415242918/plib_usart1.o
                0x0040207c                USART1_ReadThresholdSet

.text.USART1_ReadCallbackRegister%125
                0x00402088        0xc
 .text.USART1_ReadCallbackRegister
                0x00402088        0xc build/sam_v71_xult/production/_ext/415242918/plib_usart1.o
                0x00402088                USART1_ReadCallbackRegister

.text.xTaskGetTickCount%126
                0x00402094        0xc
 .text.xTaskGetTickCount
                0x00402094        0xc build/sam_v71_xult/production/_ext/404212886/FreeRTOS_tasks.o
                0x00402094                xTaskGetTickCount

.text.vTaskMissedYield%127
                0x004020a0        0xc
 .text.vTaskMissedYield
                0x004020a0        0xc build/sam_v71_xult/production/_ext/404212886/FreeRTOS_tasks.o
                0x004020a0                vTaskMissedYield

.text.TASK2_Initialize%128
                0x004020ac        0xc
 .text.TASK2_Initialize
                0x004020ac        0xc build/sam_v71_xult/production/_ext/1360937237/task2.o
                0x004020ac                TASK2_Initialize

.text.TAREA_UART_Initialize%129
                0x004020b8        0xc
 .text.TAREA_UART_Initialize
                0x004020b8        0xc build/sam_v71_xult/production/_ext/1360937237/tarea_uart.o
                0x004020b8                TAREA_UART_Initialize

.text._TASK1_Tasks%130
                0x004020c4        0x8
 .text._TASK1_Tasks
                0x004020c4        0x8 build/sam_v71_xult/production/_ext/1320227943/tasks.o
                0x004020c4                _TASK1_Tasks

.text._TASK2_Tasks%131
                0x004020cc        0x8
 .text._TASK2_Tasks
                0x004020cc        0x8 build/sam_v71_xult/production/_ext/1320227943/tasks.o
                0x004020cc                _TASK2_Tasks

.text._TAREA_UART_Tasks%132
                0x004020d4        0x8
 .text._TAREA_UART_Tasks
                0x004020d4        0x8 build/sam_v71_xult/production/_ext/1320227943/tasks.o
                0x004020d4                _TAREA_UART_Tasks

.rodata%133     0x004020dc        0x8
 .rodata        0x004020dc        0x8 build/sam_v71_xult/production/_ext/404212886/FreeRTOS_tasks.o

.text.vListInitialiseItem%134
                0x004020e4        0x6
 .text.vListInitialiseItem
                0x004020e4        0x6 build/sam_v71_xult/production/_ext/404212886/list.o
                0x004020e4                vListInitialiseItem

.text.Dummy_Handler%135
                0x004012da        0x2
 .text.Dummy_Handler
                0x004012da        0x2 build/sam_v71_xult/production/_ext/1320227943/interrupts.o
                0x004012da                DACC_Handler
                0x004012da                TC0_CH2_Handler
                0x004012da                TC3_CH1_Handler
                0x004012da                UART3_Handler
                0x004012da                UART2_Handler
                0x004012da                TRNG_Handler
                0x004012da                AFEC1_Handler
                0x004012da                TC0_CH1_Handler
                0x004012da                QSPI_Handler
                0x004012da                ISI_Handler
                0x004012da                MCAN0_INT0_Handler
                0x004012da                RSWDT_Handler
                0x004012da                USART0_Handler
                0x004012da                TC1_CH2_Handler
                0x004012da                RTT_Handler
                0x004012da                USBHS_Handler
                0x004012da                IXC_Handler
                0x004012da                CCF_Handler
                0x004012da                PIOB_Handler
                0x004012da                RTC_Handler
                0x004012da                WDT_Handler
                0x004012da                MCAN1_INT1_Handler
                0x004012da                HSMCI_Handler
                0x004012da                UART1_Handler
                0x004012da                Dummy_Handler
                0x004012da                TWIHS1_Handler
                0x004012da                TC3_CH2_Handler
                0x004012da                XDMAC_Handler
                0x004012da                UART4_Handler
                0x004012da                TC2_CH0_Handler
                0x004012da                PWM1_Handler
                0x004012da                PWM0_Handler
                0x004012da                AFEC0_Handler
                0x004012da                CCW_Handler
                0x004012da                TC3_CH0_Handler
                0x004012da                SSC_Handler
                0x004012da                TC1_CH0_Handler
                0x004012da                ACC_Handler
                0x004012da                PMC_Handler
                0x004012da                GMAC_Handler
                0x004012da                TC2_CH2_Handler
                0x004012da                MCAN0_INT1_Handler
                0x004012da                GMAC_Q5_Handler
                0x004012da                SUPC_Handler
                0x004012da                TC2_CH1_Handler
                0x004012da                MCAN1_INT0_Handler
                0x004012da                EFC_Handler
                0x004012da                GMAC_Q1_Handler
                0x004012da                USART2_Handler
                0x004012da                SDRAMC_Handler
                0x004012da                GMAC_Q2_Handler
                0x004012da                PIOE_Handler
                0x004012da                SPI1_Handler
                0x004012da                TC1_CH1_Handler
                0x004012da                GMAC_Q3_Handler
                0x004012da                PIOD_Handler
                0x004012da                TWIHS2_Handler
                0x004012da                MLB_Handler
                0x004012da                I2SC0_Handler
                0x004012da                UART0_Handler
                0x004012da                I2SC1_Handler
                0x004012da                TC0_CH0_Handler
                0x004012da                PIOC_Handler
                0x004012da                GMAC_Q4_Handler
                0x004012da                FPU_Handler
                0x004012da                RSTC_Handler
                0x004012da                ICM_Handler
                0x004012da                AES_Handler
                0x004012da                TWIHS0_Handler
                0x004012da                SPI0_Handler

.text.NonMaskableInt_Handler%136
                0x00401442        0x2
 .text.NonMaskableInt_Handler
                0x00401442        0x2 build/sam_v71_xult/production/_ext/1320227943/exceptions.o
                0x00401442                NonMaskableInt_Handler

.text.HardFault_Handler%137
                0x00401e3e        0x2
 .text.HardFault_Handler
                0x00401e3e        0x2 build/sam_v71_xult/production/_ext/1320227943/exceptions.o
                0x00401e3e                HardFault_Handler

.text.DebugMonitor_Handler%138
                0x0040207a        0x2
 .text.DebugMonitor_Handler
                0x0040207a        0x2 build/sam_v71_xult/production/_ext/1320227943/exceptions.o
                0x0040207a                DebugMonitor_Handler

.text.MemoryManagement_Handler%139
                0x004020ea        0x2
 .text.MemoryManagement_Handler
                0x004020ea        0x2 build/sam_v71_xult/production/_ext/1320227943/exceptions.o
                0x004020ea                MemoryManagement_Handler

.text.BusFault_Handler%140
                0x004020ec        0x2
 .text.BusFault_Handler
                0x004020ec        0x2 build/sam_v71_xult/production/_ext/1320227943/exceptions.o
                0x004020ec                BusFault_Handler

.text.UsageFault_Handler%141
                0x004020ee        0x2
 .text.UsageFault_Handler
                0x004020ee        0x2 build/sam_v71_xult/production/_ext/1320227943/exceptions.o
                0x004020ee                UsageFault_Handler

.text.Dummy_App_Func%142
                0x004020f0        0x2
 .text.Dummy_App_Func
                0x004020f0        0x2 build/sam_v71_xult/production/_ext/1320227943/startup_xc32.o
                0x004020f0                _on_reset
                0x004020f0                _on_bootstrap
                0x004020f0                __xc32_on_reset
                0x004020f0                Dummy_App_Func
                0x004020f0                __xc32_on_bootstrap

.text.vPortFree%143
                0x004020f2        0x2
 .text.vPortFree
                0x004020f2        0x2 build/sam_v71_xult/production/_ext/1665200909/heap_1.o
                0x004020f2                vPortFree

.text.__dummy%144
                0x004020f4        0x2
 .text.__dummy  0x004020f4        0x2 c:/program files/microchip/xc32/v4.00/bin/bin/../../lib/gcc/pic32c/8.3.1/../../../../pic32c/lib/thumb/v7e-m+dp/hard\libc-musl.a(__libc_start_main.o)
                0x004020f4                __init_stdio
                0x004020f4                __init_host
