Archive member included to satisfy reference by file (symbol)

c:/program files/microchip/xc32/v4.00/bin/bin/../../lib/gcc/pic32c/8.3.1/../../../../pic32c/lib/thumb/v7e-m+dp/hard\libpic32c.a(data_init.o)
                              build/sam_v71_xult/production/_ext/1320227943/startup_xc32.o (__pic32c_data_initialization)
c:/program files/microchip/xc32/v4.00/bin/bin/../../lib/gcc/pic32c/8.3.1/../../../../pic32c/lib/thumb/v7e-m+dp/hard\libc-musl.a(__libc_start_main.o)
                              build/sam_v71_xult/production/_ext/1320227943/startup_xc32.o (__libc_init_array)
c:/program files/microchip/xc32/v4.00/bin/bin/../../lib/gcc/pic32c/8.3.1/../../../../pic32c/lib/thumb/v7e-m+dp/hard\libc-musl.a(libc.o)
                              c:/program files/microchip/xc32/v4.00/bin/bin/../../lib/gcc/pic32c/8.3.1/../../../../pic32c/lib/thumb/v7e-m+dp/hard\libc-musl.a(__libc_start_main.o) (__progname_full)
c:/program files/microchip/xc32/v4.00/bin/bin/../../lib/gcc/pic32c/8.3.1/../../../../pic32c/lib/thumb/v7e-m+dp/hard\libc-musl.a(memcpy.o)
                              build/sam_v71_xult/production/_ext/1157988489/plib_efc.o (memcpy)
c:/program files/microchip/xc32/v4.00/bin/bin/../../lib/gcc/pic32c/8.3.1/../../../../pic32c/lib/thumb/v7e-m+dp/hard\libc-musl.a(memset.o)
                              build/sam_v71_xult/production/_ext/404212886/FreeRTOS_tasks.o (memset)
c:/program files/microchip/xc32/v4.00/bin/bin/../../lib/gcc/pic32c/8.3.1/../../../../pic32c/lib/thumb/v7e-m+dp/hard\libc-musl.a(__environ.o)
                              c:/program files/microchip/xc32/v4.00/bin/bin/../../lib/gcc/pic32c/8.3.1/../../../../pic32c/lib/thumb/v7e-m+dp/hard\libc-musl.a(__libc_start_main.o) (__environ)

Microchip PIC32 Memory-Usage Report

ROM Program-Memory Usage
section                    address  length [bytes]      (dec)  Description
-------                 ----------  -------------------------  -----------
.vectors                  0x400000          0x168         360   
.text                     0x400168           0x20          32  App's exec code 
.dinit                    0x400188          0x240         576   
.text.xTaskCreate         0x4003c8          0x1e4         484   
.text.USART1_InterruptH   0x4005ac          0x17c         380   
.text.Reset_Handler       0x400728          0x178         376   
.text.xQueueSemaphoreTa   0x4008a0          0x158         344   
.text.xQueueGenericSend   0x4009f8          0x128         296   
.text.xTaskIncrementTic   0x400b20          0x114         276   
.text.PIO_Initialize      0x400c34           0xf0         240   
.text.xTaskResumeAll      0x400d24           0xe4         228   
.text.TASK3_Tasks         0x400e08           0xe4         228   
.text.TASK4_Tasks         0x400eec           0xac         172   
.text.vTaskSwitchContex   0x400f98           0xa8         168   
.text.xTaskPriorityInhe   0x401040           0xa8         168   
.text.USART1_Write        0x4010e8           0xa4         164   
.text.prvAddCurrentTask   0x40118c           0x94         148   
.text.SYS_Tasks           0x401220           0x90         144   
.text.__pic32c_data_ini   0x4012b0           0x88         136   
.text.vTaskPriorityDisi   0x401338           0x80         128   
.text.prvUnlockQueue      0x4013b8           0x7e         126   
.text.Dummy_Handler       0x401436            0x2           2   
.text.xTaskPriorityDisi   0x401438           0x7c         124   
.text.xTaskRemoveFromEv   0x4014b4           0x78         120   
.text.prvCopyDataToQueu   0x40152c           0x72         114   
.text.NonMaskableInt_Ha   0x40159e            0x2           2   
.text.xQueueGenericRese   0x4015a0           0x70         112   
.text.prvIdleTask         0x401610           0x70         112   
.text.USART1_Initialize   0x401680           0x6c         108   
.text.pvPortMalloc        0x4016ec           0x6c         108   
.text.TASK1_Tasks         0x401758           0x6c         108   
.text.TASK2_Tasks         0x4017c4           0x6c         108   
.text.vTaskStartSchedul   0x401830           0x68         104   
.text.CLOCK_Initialize    0x401898           0x64         100   
.text.PIO_PinInterruptC   0x4018fc           0x64         100   
.text.xPortPendSVHandle   0x401960           0x64         100   
.text.xQueueGiveFromISR   0x4019c4           0x64         100   
.rodata                   0x401a28           0x60          96  Read-only const 
.text.xTaskCheckForTime   0x401a88           0x5c          92   
.text.__libc_start_init   0x401ae4           0x5c          92   
.text._PIO_Interrupt_Ha   0x401b40           0x58          88   
.text.USART1_Read         0x401b98           0x58          88   
.text.xPortStartSchedul   0x401bf0           0x48          72   
.rodata                   0x401c38           0x48          72  Read-only const 
.text                     0x401c80           0x40          64  App's exec code 
.text.NVIC_Initialize     0x401cc0           0x40          64   
[...]
Memory Configuration

Name             Origin             Length             Attributes
rom              0x00400000         0x00200000         xrl
ram              0x20400000         0x00060000         xw !r
itcm             0x00000000         0x00000000         xw
dtcm             0x20000000         0x00000000         xw !r
config_D0000000  0xd0000000         0x00000004
config_D0000004  0xd0000004         0x00000004
config_D0000008  0xd0000008         0x00000004
config_D000000C  0xd000000c         0x00000004
config_D0000010  0xd0000010         0x00000004
*default*        0x00000000         0xffffffff

Linker script and memory map

LOAD c:/program files/microchip/xc32/v4.00/bin/bin/../../lib/gcc/pic32c/8.3.1/thumb/v7e-m+dp/hard/crti.o
LOAD c:/program files/microchip/xc32/v4.00/bin/bin/../../lib/gcc/pic32c/8.3.1/thumb/v7e-m+dp/hard/crtbegin.o
LOAD build/sam_v71_xult/production/_ext/1379310441/bsp.o
LOAD build/sam_v71_xult/production/_ext/191436215/osal_freertos.o
LOAD build/sam_v71_xult/production/_ext/1157990217/plib_clk.o
LOAD build/sam_v71_xult/production/_ext/1157988489/plib_efc.o
LOAD build/sam_v71_xult/production/_ext/1537621011/plib_nvic.o
LOAD build/sam_v71_xult/production/_ext/1157977813/plib_pio.o
LOAD build/sam_v71_xult/production/_ext/415242918/plib_usart1.o
LOAD build/sam_v71_xult/production/_ext/1643282145/xc32_monitor.o
LOAD build/sam_v71_xult/production/_ext/1871840330/sys_cache.o
LOAD build/sam_v71_xult/production/_ext/663512716/sys_int.o
LOAD build/sam_v71_xult/production/_ext/1320227943/initialization.o
LOAD build/sam_v71_xult/production/_ext/1320227943/interrupts.o
LOAD build/sam_v71_xult/production/_ext/1320227943/exceptions.o
LOAD build/sam_v71_xult/production/_ext/1320227943/startup_xc32.o
LOAD build/sam_v71_xult/production/_ext/1320227943/libc_syscalls.o
LOAD build/sam_v71_xult/production/_ext/1320227943/freertos_hooks.o
LOAD build/sam_v71_xult/production/_ext/1320227943/tasks.o
LOAD build/sam_v71_xult/production/_ext/977623654/port.o
LOAD build/sam_v71_xult/production/_ext/1665200909/heap_1.o
LOAD build/sam_v71_xult/production/_ext/404212886/croutine.o
LOAD build/sam_v71_xult/production/_ext/404212886/list.o
LOAD build/sam_v71_xult/production/_ext/404212886/queue.o
LOAD build/sam_v71_xult/production/_ext/404212886/FreeRTOS_tasks.o
LOAD build/sam_v71_xult/production/_ext/404212886/timers.o
LOAD build/sam_v71_xult/production/_ext/404212886/event_groups.o
LOAD build/sam_v71_xult/production/_ext/404212886/stream_buffer.o
LOAD build/sam_v71_xult/production/_ext/1360937237/main.o
LOAD build/sam_v71_xult/production/_ext/1360937237/task1.o
LOAD build/sam_v71_xult/production/_ext/1360937237/task2.o
LOAD build/sam_v71_xult/production/_ext/1360937237/task3.o
LOAD build/sam_v71_xult/production/_ext/1360937237/task4.o
                0x00000001                __MPLAB_BUILD = 0x1
                0x00600000                __rom_end = (ORIGIN (rom) + LENGTH (rom))
                0x20460000                __ram_end = (ORIGIN (ram) + LENGTH (ram))

.config_D0000000
 *(.config_D0000000)

.config_D0000004
 *(.config_D0000004)

.config_D0000008
 *(.config_D0000008)

.config_D000000C
 *(.config_D000000C)

.config_D0000010
 *(.config_D0000010)

.vectors        0x00400000      0x168
                0x00400000                . = ALIGN (0x4)
                0x00400000                _sfixed = .
 *(.vectors .vectors.* .vectors_default .vectors_default.*)
 .vectors.exception_table
                0x00400000      0x168 build/sam_v71_xult/production/_ext/1320227943/interrupts.o
                0x00400000                exception_table
 *(.isr_vector)
 *(.reset*)
 *(.after_vectors)

.text           0x00400168       0x20
                0x00400168                . = ALIGN (0x4)
 *(.glue_7t)
 .glue_7t       0x00400168        0x0 linker stubs
 *(.glue_7)
 .glue_7        0x00400168        0x0 linker stubs
 *(.gnu.linkonce.r.*)
 *(.ARM.extab* .gnu.linkonce.armextab.*)
                0x00400168                . = ALIGN (0x4)
 *(.init)
 .init          0x00400168        0x4 c:/program files/microchip/xc32/v4.00/bin/bin/../../lib/gcc/pic32c/8.3.1/thumb/v7e-m+dp/hard/crti.o
                0x00400168                _init
 .init          0x0040016c        0x8 c:/program files/microchip/xc32/v4.00/bin/bin/../../lib/gcc/pic32c/8.3.1/thumb/v7e-m+dp/hard/crtn.o
                0x00400174                . = ALIGN (0x4)
                0x00400174                __preinit_array_start = .
 *(.preinit_array)
                0x00400174                __preinit_array_end = .
                0x00400174                . = ALIGN (0x4)
                0x00400174                __init_array_start = .
 *(SORT_BY_NAME(.init_array.*))
 *(.init_array)
 .init_array    0x00400174        0x4 c:/program files/microchip/xc32/v4.00/bin/bin/../../lib/gcc/pic32c/8.3.1/thumb/v7e-m+dp/hard/crtbegin.o
                0x00400178                __init_array_end = .
                0x00400178                . = ALIGN (0x4)
 *crtbegin.o(.ctors)
 *(EXCLUDE_FILE(*crtend.o) .ctors)
 *(SORT_BY_NAME(.ctors.*))
 *crtend.o(.ctors)
                0x00400178                . = ALIGN (0x4)
 *(.fini)
 .fini          0x00400178        0x4 c:/program files/microchip/xc32/v4.00/bin/bin/../../lib/gcc/pic32c/8.3.1/thumb/v7e-m+dp/hard/crti.o
                0x00400178                _fini
 .fini          0x0040017c        0x8 c:/program files/microchip/xc32/v4.00/bin/bin/../../lib/gcc/pic32c/8.3.1/thumb/v7e-m+dp/hard/crtn.o
                0x00400184                . = ALIGN (0x4)
                0x00400184                __fini_array_start = .
 *(.fini_array)
 .fini_array    0x00400184        0x4 c:/program files/microchip/xc32/v4.00/bin/bin/../../lib/gcc/pic32c/8.3.1/thumb/v7e-m+dp/hard/crtbegin.o
 *(SORT_BY_NAME(.fini_array.*))
                0x00400188                __fini_array_end = .
 *crtbegin.o(.dtors)
 *(EXCLUDE_FILE(*crtend.o) .dtors)
 *(SORT_BY_NAME(.dtors.*))
 *crtend.o(.dtors)
                0x00400188                . = ALIGN (0x4)
                0x00400188                _efixed = .
                [!provide]                PROVIDE (__exidx_start = .)

.ARM.exidx
 *(.ARM.exidx* .gnu.linkonce.armexidx.*)
                [!provide]                PROVIDE (__exidx_end = .)
                0x00400188                . = ALIGN (0x4)
                0x00400188                _etext = .

.bss            0x20400000        0x0
                0x20400000                . = ALIGN (0x4)
                0x20400000                __bss_start__ = .
                0x20400000                _sbss = .
                0x20400000                _szero = .
 *(COMMON)
                0x20400000                . = ALIGN (0x4)
                0x20400000                __bss_end__ = .
                0x20400000                _ebss = .
                0x20400000                _ezero = .
                0x20400000                . = ALIGN (0x4)
                0x20400000                _end = .
                0x2045ffff                _ram_end_ = ((ORIGIN (ram) + LENGTH (ram)) - 0x1)
                0x00000200                _min_heap_size = 0x200
START GROUP
LOAD c:/program files/microchip/xc32/v4.00/bin/bin/../../lib/gcc/pic32c/8.3.1/../../../../pic32c/lib/thumb/v7e-m+dp/hard\libpic32c.a
LOAD c:/program files/microchip/xc32/v4.00/bin/bin/../../lib/gcc/pic32c/8.3.1/../../../../pic32c/lib/thumb/v7e-m+dp/hard\libm-emfloat.a
LOAD c:/program files/microchip/xc32/v4.00/bin/bin/../../lib/gcc/pic32c/8.3.1/../../../../pic32c/lib/thumb/v7e-m+dp/hard\libc-musl.a
LOAD c:/program files/microchip/xc32/v4.00/bin/bin/../../lib/gcc/pic32c/8.3.1/../../../../pic32c/lib/thumb/v7e-m+dp/hard\libm-emfloat.a
LOAD c:/program files/microchip/xc32/v4.00/bin/bin/../../lib/gcc/pic32c/8.3.1/thumb/v7e-m+dp/hard\libgcc.a
END GROUP
LOAD c:/program files/microchip/xc32/v4.00/bin/bin/../../lib/gcc/pic32c/8.3.1/thumb/v7e-m+dp/hard/crtend.o
LOAD c:/program files/microchip/xc32/v4.00/bin/bin/../../lib/gcc/pic32c/8.3.1/thumb/v7e-m+dp/hard/crtn.o
OUTPUT(dist/sam_v71_xult/production/sam_v71_xult.X.production.elf elf32-littlearm)
LOAD stack
LOAD data_init

.ARM.attributes
                0x00000000       0x32
 .ARM.attributes
                0x00000000       0x1e c:/program files/microchip/xc32/v4.00/bin/bin/../../lib/gcc/pic32c/8.3.1/thumb/v7e-m+dp/hard/crti.o
 .ARM.attributes
                0x0000001e       0x32 c:/program files/microchip/xc32/v4.00/bin/bin/../../lib/gcc/pic32c/8.3.1/thumb/v7e-m+dp/hard/crtbegin.o
 .ARM.attributes
                0x00000050       0x32 build/sam_v71_xult/production/_ext/1379310441/bsp.o
 .ARM.attributes
                0x00000082       0x32 build/sam_v71_xult/production/_ext/1157990217/plib_clk.o
 .ARM.attributes
                0x000000b4       0x32 build/sam_v71_xult/production/_ext/1157988489/plib_efc.o
 .ARM.attributes
                0x000000e6       0x32 build/sam_v71_xult/production/_ext/1537621011/plib_nvic.o
 .ARM.attributes
                0x00000118       0x32 build/sam_v71_xult/production/_ext/1157977813/plib_pio.o
 .ARM.attributes
                0x0000014a       0x32 build/sam_v71_xult/production/_ext/415242918/plib_usart1.o
 .ARM.attributes
                0x0000017c       0x32 build/sam_v71_xult/production/_ext/1320227943/initialization.o
 .ARM.attributes
                0x000001ae       0x32 build/sam_v71_xult/production/_ext/1320227943/interrupts.o
 .ARM.attributes
                0x000001e0       0x32 build/sam_v71_xult/production/_ext/1320227943/exceptions.o
 .ARM.attributes
                0x00000212       0x32 build/sam_v71_xult/production/_ext/1320227943/startup_xc32.o
 .ARM.attributes
                0x00000244       0x32 build/sam_v71_xult/production/_ext/1320227943/freertos_hooks.o
 .ARM.attributes
                0x00000276       0x32 build/sam_v71_xult/production/_ext/1320227943/tasks.o
 .ARM.attributes
                0x000002a8       0x32 build/sam_v71_xult/production/_ext/977623654/port.o
 .ARM.attributes
                0x000002da       0x32 build/sam_v71_xult/production/_ext/1665200909/heap_1.o
 .ARM.attributes
                0x0000030c       0x32 build/sam_v71_xult/production/_ext/404212886/list.o
 .ARM.attributes
                0x0000033e       0x32 build/sam_v71_xult/production/_ext/404212886/queue.o
 .ARM.attributes
                0x00000370       0x32 build/sam_v71_xult/production/_ext/404212886/FreeRTOS_tasks.o
 .ARM.attributes
                0x000003a2       0x32 build/sam_v71_xult/production/_ext/1360937237/main.o
 .ARM.attributes
                0x000003d4       0x32 build/sam_v71_xult/production/_ext/1360937237/task1.o
 .ARM.attributes
                0x00000406       0x32 build/sam_v71_xult/production/_ext/1360937237/task2.o
 .ARM.attributes
                0x00000438       0x32 build/sam_v71_xult/production/_ext/1360937237/task3.o
 .ARM.attributes
                0x0000046a       0x32 build/sam_v71_xult/production/_ext/1360937237/task4.o
 .ARM.attributes
                0x0000049c       0x32 c:/program files/microchip/xc32/v4.00/bin/bin/../../lib/gcc/pic32c/8.3.1/../../../../pic32c/lib/thumb/v7e-m+dp/hard\libpic32c.a(data_init.o)
 .ARM.attributes
                0x000004ce       0x34 c:/program files/microchip/xc32/v4.00/bin/bin/../../lib/gcc/pic32c/8.3.1/../../../../pic32c/lib/thumb/v7e-m+dp/hard\libc-musl.a(__libc_start_main.o)
 .ARM.attributes
                0x00000502       0x32 c:/program files/microchip/xc32/v4.00/bin/bin/../../lib/gcc/pic32c/8.3.1/../../../../pic32c/lib/thumb/v7e-m+dp/hard\libc-musl.a(libc.o)
 .ARM.attributes
                0x00000534       0x34 c:/program files/microchip/xc32/v4.00/bin/bin/../../lib/gcc/pic32c/8.3.1/../../../../pic32c/lib/thumb/v7e-m+dp/hard\libc-musl.a(memcpy.o)
 .ARM.attributes
                0x00000568       0x34 c:/program files/microchip/xc32/v4.00/bin/bin/../../lib/gcc/pic32c/8.3.1/../../../../pic32c/lib/thumb/v7e-m+dp/hard\libc-musl.a(memset.o)
 .ARM.attributes
                0x0000059c       0x32 c:/program files/microchip/xc32/v4.00/bin/bin/../../lib/gcc/pic32c/8.3.1/../../../../pic32c/lib/thumb/v7e-m+dp/hard\libc-musl.a(__environ.o)
 .ARM.attributes
                0x000005ce       0x1e c:/program files/microchip/xc32/v4.00/bin/bin/../../lib/gcc/pic32c/8.3.1/thumb/v7e-m+dp/hard/crtn.o

.comment        0x00000000       0x53
 .comment       0x00000000       0x53 c:/program files/microchip/xc32/v4.00/bin/bin/../../lib/gcc/pic32c/8.3.1/thumb/v7e-m+dp/hard/crtbegin.o
                                 0x54 (size before relaxing)
 .comment       0x00000053       0x54 build/sam_v71_xult/production/_ext/1379310441/bsp.o
 .comment       0x00000053       0x54 build/sam_v71_xult/production/_ext/1157990217/plib_clk.o
 .comment       0x00000053       0x54 build/sam_v71_xult/production/_ext/1157988489/plib_efc.o
 .comment       0x00000053       0x54 build/sam_v71_xult/production/_ext/1537621011/plib_nvic.o
 .comment       0x00000053       0x54 build/sam_v71_xult/production/_ext/1157977813/plib_pio.o
 .comment       0x00000053       0x54 build/sam_v71_xult/production/_ext/415242918/plib_usart1.o
 .comment       0x00000053       0x54 build/sam_v71_xult/production/_ext/1320227943/initialization.o
 .comment       0x00000053       0x54 build/sam_v71_xult/production/_ext/1320227943/interrupts.o
 .comment       0x00000053       0x54 build/sam_v71_xult/production/_ext/1320227943/exceptions.o
 .comment       0x00000053       0x54 build/sam_v71_xult/production/_ext/1320227943/startup_xc32.o
 .comment       0x00000053       0x54 build/sam_v71_xult/production/_ext/1320227943/freertos_hooks.o
 .comment       0x00000053       0x54 build/sam_v71_xult/production/_ext/1320227943/tasks.o
 .comment       0x00000053       0x54 build/sam_v71_xult/production/_ext/977623654/port.o
 .comment       0x00000053       0x54 build/sam_v71_xult/production/_ext/1665200909/heap_1.o
 .comment       0x00000053       0x54 build/sam_v71_xult/production/_ext/404212886/list.o
 .comment       0x00000053       0x54 build/sam_v71_xult/production/_ext/404212886/queue.o
 .comment       0x00000053       0x54 build/sam_v71_xult/production/_ext/404212886/FreeRTOS_tasks.o
 .comment       0x00000053       0x54 build/sam_v71_xult/production/_ext/1360937237/main.o
 .comment       0x00000053       0x54 build/sam_v71_xult/production/_ext/1360937237/task1.o
 .comment       0x00000053       0x54 build/sam_v71_xult/production/_ext/1360937237/task2.o
 .comment       0x00000053       0x54 build/sam_v71_xult/production/_ext/1360937237/task3.o
 .comment       0x00000053       0x54 build/sam_v71_xult/production/_ext/1360937237/task4.o
 .comment       0x00000053       0x54 c:/program files/microchip/xc32/v4.00/bin/bin/../../lib/gcc/pic32c/8.3.1/../../../../pic32c/lib/thumb/v7e-m+dp/hard\libpic32c.a(data_init.o)
 .comment       0x00000053       0x54 c:/program files/microchip/xc32/v4.00/bin/bin/../../lib/gcc/pic32c/8.3.1/../../../../pic32c/lib/thumb/v7e-m+dp/hard\libc-musl.a(__libc_start_main.o)
 .comment       0x00000053       0x54 c:/program files/microchip/xc32/v4.00/bin/bin/../../lib/gcc/pic32c/8.3.1/../../../../pic32c/lib/thumb/v7e-m+dp/hard\libc-musl.a(libc.o)
 .comment       0x00000053       0x54 c:/program files/microchip/xc32/v4.00/bin/bin/../../lib/gcc/pic32c/8.3.1/../../../../pic32c/lib/thumb/v7e-m+dp/hard\libc-musl.a(memcpy.o)
 .comment       0x00000053       0x54 c:/program files/microchip/xc32/v4.00/bin/bin/../../lib/gcc/pic32c/8.3.1/../../../../pic32c/lib/thumb/v7e-m+dp/hard\libc-musl.a(memset.o)
 .comment       0x00000053       0x54 c:/program files/microchip/xc32/v4.00/bin/bin/../../lib/gcc/pic32c/8.3.1/../../../../pic32c/lib/thumb/v7e-m+dp/hard\libc-musl.a(__environ.o)

.debug_info     0x00000000    0x13b05
 .debug_info    0x00000000      0xa66 build/sam_v71_xult/production/_ext/1379310441/bsp.o
 .debug_info    0x00000a66      0x869 build/sam_v71_xult/production/_ext/1157990217/plib_clk.o
 .debug_info    0x000012cf      0x7ef build/sam_v71_xult/production/_ext/1157988489/plib_efc.o
 .debug_info    0x00001abe     0x11e7 build/sam_v71_xult/production/_ext/1537621011/plib_nvic.o
 .debug_info    0x00002ca5     0x190b build/sam_v71_xult/production/_ext/1157977813/plib_pio.o
 .debug_info    0x000045b0     0x1841 build/sam_v71_xult/production/_ext/415242918/plib_usart1.o
 .debug_info    0x00005df1      0x571 build/sam_v71_xult/production/_ext/1320227943/initialization.o
 .debug_info    0x00006362      0xe68 build/sam_v71_xult/production/_ext/1320227943/interrupts.o
 .debug_info    0x000071ca      0x462 build/sam_v71_xult/production/_ext/1320227943/exceptions.o
 .debug_info    0x0000762c      0xddb build/sam_v71_xult/production/_ext/1320227943/startup_xc32.o
 .debug_info    0x00008407      0x51c build/sam_v71_xult/production/_ext/1320227943/freertos_hooks.o
 .debug_info    0x00008923      0x6a9 build/sam_v71_xult/production/_ext/1320227943/tasks.o
 .debug_info    0x00008fcc      0x76c build/sam_v71_xult/production/_ext/977623654/port.o
 .debug_info    0x00009738      0x4f2 build/sam_v71_xult/production/_ext/1665200909/heap_1.o
 .debug_info    0x00009c2a      0x61f build/sam_v71_xult/production/_ext/404212886/list.o
 .debug_info    0x0000a249     0x2131 build/sam_v71_xult/production/_ext/404212886/queue.o
 .debug_info    0x0000c37a     0x2e58 build/sam_v71_xult/production/_ext/404212886/FreeRTOS_tasks.o
 .debug_info    0x0000f1d2      0x3b4 build/sam_v71_xult/production/_ext/1360937237/main.o
 .debug_info    0x0000f586      0x645 build/sam_v71_xult/production/_ext/1360937237/task1.o
 .debug_info    0x0000fbcb      0x601 build/sam_v71_xult/production/_ext/1360937237/task2.o
 .debug_info    0x000101cc      0xf3b build/sam_v71_xult/production/_ext/1360937237/task3.o
 .debug_info    0x00011107      0xedd build/sam_v71_xult/production/_ext/1360937237/task4.o
 .debug_info    0x00011fe4      0x2e1 c:/program files/microchip/xc32/v4.00/bin/bin/../../lib/gcc/pic32c/8.3.1/../../../../pic32c/lib/thumb/v7e-m+dp/hard\libpic32c.a(data_init.o)
 .debug_info    0x000122c5      0x6b9 c:/program files/microchip/xc32/v4.00/bin/bin/../../lib/gcc/pic32c/8.3.1/../../../../pic32c/lib/thumb/v7e-m+dp/hard\libc-musl.a(__libc_start_main.o)
 .debug_info    0x0001297e      0x5e5 c:/program files/microchip/xc32/v4.00/bin/bin/../../lib/gcc/pic32c/8.3.1/../../../../pic32c/lib/thumb/v7e-m+dp/hard\libc-musl.a(libc.o)
 .debug_info    0x00012f63      0x324 c:/program files/microchip/xc32/v4.00/bin/bin/../../lib/gcc/pic32c/8.3.1/../../../../pic32c/lib/thumb/v7e-m+dp/hard\libc-musl.a(memcpy.o)
 .debug_info    0x00013287      0x2e2 c:/program files/microchip/xc32/v4.00/bin/bin/../../lib/gcc/pic32c/8.3.1/../../../../pic32c/lib/thumb/v7e-m+dp/hard\libc-musl.a(memset.o)
 .debug_info    0x00013569      0x59c c:/program files/microchip/xc32/v4.00/bin/bin/../../lib/gcc/pic32c/8.3.1/../../../../pic32c/lib/thumb/v7e-m+dp/hard\libc-musl.a(__environ.o)

.debug_abbrev   0x00000000     0x2ca8
 .debug_abbrev  0x00000000       0xd1 build/sam_v71_xult/production/_ext/1379310441/bsp.o
 .debug_abbrev  0x000000d1       0xd5 build/sam_v71_xult/production/_ext/1157990217/plib_clk.o
 .debug_abbrev  0x000001a6      0x211 build/sam_v71_xult/production/_ext/1157988489/plib_efc.o
 .debug_abbrev  0x000003b7      0x208 build/sam_v71_xult/production/_ext/1537621011/plib_nvic.o
 .debug_abbrev  0x000005bf      0x298 build/sam_v71_xult/production/_ext/1157977813/plib_pio.o
 .debug_abbrev  0x00000857      0x47a build/sam_v71_xult/production/_ext/415242918/plib_usart1.o
 .debug_abbrev  0x00000cd1       0xfb build/sam_v71_xult/production/_ext/1320227943/initialization.o
 .debug_abbrev  0x00000dcc       0xd8 build/sam_v71_xult/production/_ext/1320227943/interrupts.o
 .debug_abbrev  0x00000ea4       0xa2 build/sam_v71_xult/production/_ext/1320227943/exceptions.o
 .debug_abbrev  0x00000f46      0x24f build/sam_v71_xult/production/_ext/1320227943/startup_xc32.o
 .debug_abbrev  0x00001195      0x14e build/sam_v71_xult/production/_ext/1320227943/freertos_hooks.o
 .debug_abbrev  0x000012e3      0x12b build/sam_v71_xult/production/_ext/1320227943/tasks.o
 .debug_abbrev  0x0000140e      0x23e build/sam_v71_xult/production/_ext/977623654/port.o
 .debug_abbrev  0x0000164c      0x16c build/sam_v71_xult/production/_ext/1665200909/heap_1.o
 .debug_abbrev  0x000017b8      0x15e build/sam_v71_xult/production/_ext/404212886/list.o
 .debug_abbrev  0x00001916      0x399 build/sam_v71_xult/production/_ext/404212886/queue.o
 .debug_abbrev  0x00001caf      0x466 build/sam_v71_xult/production/_ext/404212886/FreeRTOS_tasks.o
 .debug_abbrev  0x00002115       0xdb build/sam_v71_xult/production/_ext/1360937237/main.o
 .debug_abbrev  0x000021f0      0x15b build/sam_v71_xult/production/_ext/1360937237/task1.o
 .debug_abbrev  0x0000234b      0x16a build/sam_v71_xult/production/_ext/1360937237/task2.o
 .debug_abbrev  0x000024b5      0x1d5 build/sam_v71_xult/production/_ext/1360937237/task3.o
 .debug_abbrev  0x0000268a      0x209 build/sam_v71_xult/production/_ext/1360937237/task4.o
 .debug_abbrev  0x00002893       0x2e c:/program files/microchip/xc32/v4.00/bin/bin/../../lib/gcc/pic32c/8.3.1/../../../../pic32c/lib/thumb/v7e-m+dp/hard\libpic32c.a(data_init.o)
 .debug_abbrev  0x000028c1      0x126 c:/program files/microchip/xc32/v4.00/bin/bin/../../lib/gcc/pic32c/8.3.1/../../../../pic32c/lib/thumb/v7e-m+dp/hard\libc-musl.a(__libc_start_main.o)
 .debug_abbrev  0x000029e7       0xc7 c:/program files/microchip/xc32/v4.00/bin/bin/../../lib/gcc/pic32c/8.3.1/../../../../pic32c/lib/thumb/v7e-m+dp/hard\libc-musl.a(libc.o)
 .debug_abbrev  0x00002aae       0x9c c:/program files/microchip/xc32/v4.00/bin/bin/../../lib/gcc/pic32c/8.3.1/../../../../pic32c/lib/thumb/v7e-m+dp/hard\libc-musl.a(memcpy.o)
 .debug_abbrev  0x00002b4a       0x97 c:/program files/microchip/xc32/v4.00/bin/bin/../../lib/gcc/pic32c/8.3.1/../../../../pic32c/lib/thumb/v7e-m+dp/hard\libc-musl.a(memset.o)
 .debug_abbrev  0x00002be1       0xc7 c:/program files/microchip/xc32/v4.00/bin/bin/../../lib/gcc/pic32c/8.3.1/../../../../pic32c/lib/thumb/v7e-m+dp/hard\libc-musl.a(__environ.o)

.debug_aranges  0x00000000      0x7f8
 .debug_aranges
                0x00000000       0x20 build/sam_v71_xult/production/_ext/1379310441/bsp.o
 .debug_aranges
                0x00000020       0x20 build/sam_v71_xult/production/_ext/1157990217/plib_clk.o
 .debug_aranges
                0x00000040       0x60 build/sam_v71_xult/production/_ext/1157988489/plib_efc.o
 .debug_aranges
                0x000000a0       0x38 build/sam_v71_xult/production/_ext/1537621011/plib_nvic.o
 .debug_aranges
                0x000000d8       0x88 build/sam_v71_xult/production/_ext/1157977813/plib_pio.o
 .debug_aranges
                0x00000160       0xb0 build/sam_v71_xult/production/_ext/415242918/plib_usart1.o
 .debug_aranges
                0x00000210       0x20 build/sam_v71_xult/production/_ext/1320227943/initialization.o
 .debug_aranges
                0x00000230       0x20 build/sam_v71_xult/production/_ext/1320227943/interrupts.o
 .debug_aranges
                0x00000250       0x48 build/sam_v71_xult/production/_ext/1320227943/exceptions.o
 .debug_aranges
                0x00000298       0x28 build/sam_v71_xult/production/_ext/1320227943/startup_xc32.o
 .debug_aranges
                0x000002c0       0x40 build/sam_v71_xult/production/_ext/1320227943/freertos_hooks.o
 .debug_aranges
                0x00000300       0x40 build/sam_v71_xult/production/_ext/1320227943/tasks.o
 .debug_aranges
                0x00000340       0x78 build/sam_v71_xult/production/_ext/977623654/port.o
 .debug_aranges
                0x000003b8       0x38 build/sam_v71_xult/production/_ext/1665200909/heap_1.o
 .debug_aranges
                0x000003f0       0x40 build/sam_v71_xult/production/_ext/404212886/list.o
 .debug_aranges
                0x00000430       0xc8 build/sam_v71_xult/production/_ext/404212886/queue.o
 .debug_aranges
                0x000004f8      0x178 build/sam_v71_xult/production/_ext/404212886/FreeRTOS_tasks.o
 .debug_aranges
                0x00000670       0x20 build/sam_v71_xult/production/_ext/1360937237/main.o
 .debug_aranges
                0x00000690       0x28 build/sam_v71_xult/production/_ext/1360937237/task1.o
 .debug_aranges
                0x000006b8       0x28 build/sam_v71_xult/production/_ext/1360937237/task2.o
 .debug_aranges
                0x000006e0       0x30 build/sam_v71_xult/production/_ext/1360937237/task3.o
 .debug_aranges
                0x00000710       0x30 build/sam_v71_xult/production/_ext/1360937237/task4.o
 .debug_aranges
                0x00000740       0x20 c:/program files/microchip/xc32/v4.00/bin/bin/../../lib/gcc/pic32c/8.3.1/../../../../pic32c/lib/thumb/v7e-m+dp/hard\libpic32c.a(data_init.o)
 .debug_aranges
                0x00000760       0x28 c:/program files/microchip/xc32/v4.00/bin/bin/../../lib/gcc/pic32c/8.3.1/../../../../pic32c/lib/thumb/v7e-m+dp/hard\libc-musl.a(__libc_start_main.o)
 .debug_aranges
                0x00000788       0x18 c:/program files/microchip/xc32/v4.00/bin/bin/../../lib/gcc/pic32c/8.3.1/../../../../pic32c/lib/thumb/v7e-m+dp/hard\libc-musl.a(libc.o)
 .debug_aranges
                0x000007a0       0x20 c:/program files/microchip/xc32/v4.00/bin/bin/../../lib/gcc/pic32c/8.3.1/../../../../pic32c/lib/thumb/v7e-m+dp/hard\libc-musl.a(memcpy.o)
 .debug_aranges
                0x000007c0       0x20 c:/program files/microchip/xc32/v4.00/bin/bin/../../lib/gcc/pic32c/8.3.1/../../../../pic32c/lib/thumb/v7e-m+dp/hard\libc-musl.a(memset.o)
 .debug_aranges
                0x000007e0       0x18 c:/program files/microchip/xc32/v4.00/bin/bin/../../lib/gcc/pic32c/8.3.1/../../../../pic32c/lib/thumb/v7e-m+dp/hard\libc-musl.a(__environ.o)

.debug_ranges   0x00000000      0x928
 .debug_ranges  0x00000000       0x10 build/sam_v71_xult/production/_ext/1379310441/bsp.o
 .debug_ranges  0x00000010       0x10 build/sam_v71_xult/production/_ext/1157990217/plib_clk.o
 .debug_ranges  0x00000020       0x68 build/sam_v71_xult/production/_ext/1157988489/plib_efc.o
 .debug_ranges  0x00000088       0x28 build/sam_v71_xult/production/_ext/1537621011/plib_nvic.o
 .debug_ranges  0x000000b0       0x78 build/sam_v71_xult/production/_ext/1157977813/plib_pio.o
 .debug_ranges  0x00000128      0x148 build/sam_v71_xult/production/_ext/415242918/plib_usart1.o
 .debug_ranges  0x00000270       0x10 build/sam_v71_xult/production/_ext/1320227943/initialization.o
 .debug_ranges  0x00000280       0x10 build/sam_v71_xult/production/_ext/1320227943/interrupts.o
 .debug_ranges  0x00000290       0x38 build/sam_v71_xult/production/_ext/1320227943/exceptions.o
 .debug_ranges  0x000002c8       0x48 build/sam_v71_xult/production/_ext/1320227943/startup_xc32.o
 .debug_ranges  0x00000310       0x30 build/sam_v71_xult/production/_ext/1320227943/freertos_hooks.o
 .debug_ranges  0x00000340       0x30 build/sam_v71_xult/production/_ext/1320227943/tasks.o
 .debug_ranges  0x00000370       0x68 build/sam_v71_xult/production/_ext/977623654/port.o
 .debug_ranges  0x000003d8       0x28 build/sam_v71_xult/production/_ext/1665200909/heap_1.o
 .debug_ranges  0x00000400       0x30 build/sam_v71_xult/production/_ext/404212886/list.o
 .debug_ranges  0x00000430      0x180 build/sam_v71_xult/production/_ext/404212886/queue.o
 .debug_ranges  0x000005b0      0x288 build/sam_v71_xult/production/_ext/404212886/FreeRTOS_tasks.o
 .debug_ranges  0x00000838       0x10 build/sam_v71_xult/production/_ext/1360937237/main.o
 .debug_ranges  0x00000848       0x18 build/sam_v71_xult/production/_ext/1360937237/task1.o
 .debug_ranges  0x00000860       0x18 build/sam_v71_xult/production/_ext/1360937237/task2.o
 .debug_ranges  0x00000878       0x20 build/sam_v71_xult/production/_ext/1360937237/task3.o
 .debug_ranges  0x00000898       0x20 build/sam_v71_xult/production/_ext/1360937237/task4.o
 .debug_ranges  0x000008b8       0x10 c:/program files/microchip/xc32/v4.00/bin/bin/../../lib/gcc/pic32c/8.3.1/../../../../pic32c/lib/thumb/v7e-m+dp/hard\libpic32c.a(data_init.o)
 .debug_ranges  0x000008c8       0x40 c:/program files/microchip/xc32/v4.00/bin/bin/../../lib/gcc/pic32c/8.3.1/../../../../pic32c/lib/thumb/v7e-m+dp/hard\libc-musl.a(__libc_start_main.o)
 .debug_ranges  0x00000908       0x10 c:/program files/microchip/xc32/v4.00/bin/bin/../../lib/gcc/pic32c/8.3.1/../../../../pic32c/lib/thumb/v7e-m+dp/hard\libc-musl.a(memcpy.o)
 .debug_ranges  0x00000918       0x10 c:/program files/microchip/xc32/v4.00/bin/bin/../../lib/gcc/pic32c/8.3.1/../../../../pic32c/lib/thumb/v7e-m+dp/hard\libc-musl.a(memset.o)

.debug_line     0x00000000     0x6795
 .debug_line    0x00000000      0x157 build/sam_v71_xult/production/_ext/1379310441/bsp.o
 .debug_line    0x00000157      0x1b6 build/sam_v71_xult/production/_ext/1157990217/plib_clk.o
 .debug_line    0x0000030d      0x320 build/sam_v71_xult/production/_ext/1157988489/plib_efc.o
 .debug_line    0x0000062d      0x317 build/sam_v71_xult/production/_ext/1537621011/plib_nvic.o
 .debug_line    0x00000944      0x504 build/sam_v71_xult/production/_ext/1157977813/plib_pio.o
 .debug_line    0x00000e48      0x9a9 build/sam_v71_xult/production/_ext/415242918/plib_usart1.o
 .debug_line    0x000017f1      0x303 build/sam_v71_xult/production/_ext/1320227943/initialization.o
 .debug_line    0x00001af4      0x138 build/sam_v71_xult/production/_ext/1320227943/interrupts.o
 .debug_line    0x00001c2c      0x191 build/sam_v71_xult/production/_ext/1320227943/exceptions.o
 .debug_line    0x00001dbd      0x46e build/sam_v71_xult/production/_ext/1320227943/startup_xc32.o
 .debug_line    0x0000222b      0x1e3 build/sam_v71_xult/production/_ext/1320227943/freertos_hooks.o
 .debug_line    0x0000240e      0x211 build/sam_v71_xult/production/_ext/1320227943/tasks.o
 .debug_line    0x0000261f      0x35f build/sam_v71_xult/production/_ext/977623654/port.o
 .debug_line    0x0000297e      0x1dd build/sam_v71_xult/production/_ext/1665200909/heap_1.o
 .debug_line    0x00002b5b      0x2d4 build/sam_v71_xult/production/_ext/404212886/list.o
 .debug_line    0x00002e2f      0xe88 build/sam_v71_xult/production/_ext/404212886/queue.o
 .debug_line    0x00003cb7     0x1752 build/sam_v71_xult/production/_ext/404212886/FreeRTOS_tasks.o
 .debug_line    0x00005409      0x138 build/sam_v71_xult/production/_ext/1360937237/main.o
 .debug_line    0x00005541      0x24e build/sam_v71_xult/production/_ext/1360937237/task1.o
 .debug_line    0x0000578f      0x236 build/sam_v71_xult/production/_ext/1360937237/task2.o
 .debug_line    0x000059c5      0x2f5 build/sam_v71_xult/production/_ext/1360937237/task3.o
 .debug_line    0x00005cba      0x2d2 build/sam_v71_xult/production/_ext/1360937237/task4.o
 .debug_line    0x00005f8c      0x110 c:/program files/microchip/xc32/v4.00/bin/bin/../../lib/gcc/pic32c/8.3.1/../../../../pic32c/lib/thumb/v7e-m+dp/hard\libpic32c.a(data_init.o)
 .debug_line    0x0000609c      0x24c c:/program files/microchip/xc32/v4.00/bin/bin/../../lib/gcc/pic32c/8.3.1/../../../../pic32c/lib/thumb/v7e-m+dp/hard\libc-musl.a(__libc_start_main.o)
 .debug_line    0x000062e8      0x132 c:/program files/microchip/xc32/v4.00/bin/bin/../../lib/gcc/pic32c/8.3.1/../../../../pic32c/lib/thumb/v7e-m+dp/hard\libc-musl.a(libc.o)
 .debug_line    0x0000641a       0xf2 c:/program files/microchip/xc32/v4.00/bin/bin/../../lib/gcc/pic32c/8.3.1/../../../../pic32c/lib/thumb/v7e-m+dp/hard\libc-musl.a(memcpy.o)
 .debug_line    0x0000650c       0xea c:/program files/microchip/xc32/v4.00/bin/bin/../../lib/gcc/pic32c/8.3.1/../../../../pic32c/lib/thumb/v7e-m+dp/hard\libc-musl.a(memset.o)
 .debug_line    0x000065f6      0x19f c:/program files/microchip/xc32/v4.00/bin/bin/../../lib/gcc/pic32c/8.3.1/../../../../pic32c/lib/thumb/v7e-m+dp/hard\libc-musl.a(__environ.o)

.debug_str      0x00000000      0xa54
 .debug_str     0x00000000        0x0 build/sam_v71_xult/production/_ext/1379310441/bsp.o
 .debug_str     0x00000000        0x0 build/sam_v71_xult/production/_ext/1157990217/plib_clk.o
 .debug_str     0x00000000       0x14 build/sam_v71_xult/production/_ext/1157988489/plib_efc.o
 .debug_str     0x00000014       0x28 build/sam_v71_xult/production/_ext/1537621011/plib_nvic.o
 .debug_str     0x0000003c       0x59 build/sam_v71_xult/production/_ext/1157977813/plib_pio.o
 .debug_str     0x00000095       0xb1 build/sam_v71_xult/production/_ext/415242918/plib_usart1.o
 .debug_str     0x00000146       0xa4 build/sam_v71_xult/production/_ext/1320227943/initialization.o
 .debug_str     0x000001ea        0x0 build/sam_v71_xult/production/_ext/1320227943/interrupts.o
 .debug_str     0x000001ea        0x0 build/sam_v71_xult/production/_ext/1320227943/exceptions.o
 .debug_str     0x000001ea       0x2f build/sam_v71_xult/production/_ext/1320227943/startup_xc32.o
 .debug_str     0x00000219       0x25 build/sam_v71_xult/production/_ext/1320227943/freertos_hooks.o
 .debug_str     0x0000023e       0x5d build/sam_v71_xult/production/_ext/1320227943/tasks.o
 .debug_str     0x0000029b       0x26 build/sam_v71_xult/production/_ext/977623654/port.o
 .debug_str     0x000002c1       0x3c build/sam_v71_xult/production/_ext/1665200909/heap_1.o
 .debug_str     0x000002fd       0x2b build/sam_v71_xult/production/_ext/404212886/list.o
 .debug_str     0x00000328      0x27f build/sam_v71_xult/production/_ext/404212886/queue.o
 .debug_str     0x000005a7      0x275 build/sam_v71_xult/production/_ext/404212886/FreeRTOS_tasks.o
 .debug_str     0x0000081c       0x19 build/sam_v71_xult/production/_ext/1360937237/main.o
 .debug_str     0x00000835       0x62 build/sam_v71_xult/production/_ext/1360937237/task1.o
 .debug_str     0x00000897       0x50 build/sam_v71_xult/production/_ext/1360937237/task2.o
 .debug_str     0x000008e7       0xc9 build/sam_v71_xult/production/_ext/1360937237/task3.o
 .debug_str     0x000009b0       0xa4 build/sam_v71_xult/production/_ext/1360937237/task4.o
 .debug_str     0x00000a54        0x0 c:/program files/microchip/xc32/v4.00/bin/bin/../../lib/gcc/pic32c/8.3.1/../../../../pic32c/lib/thumb/v7e-m+dp/hard\libpic32c.a(data_init.o)
 .debug_str     0x00000a54        0x0 c:/program files/microchip/xc32/v4.00/bin/bin/../../lib/gcc/pic32c/8.3.1/../../../../pic32c/lib/thumb/v7e-m+dp/hard\libc-musl.a(__libc_start_main.o)
 .debug_str     0x00000a54        0x0 c:/program files/microchip/xc32/v4.00/bin/bin/../../lib/gcc/pic32c/8.3.1/../../../../pic32c/lib/thumb/v7e-m+dp/hard\libc-musl.a(libc.o)
 .debug_str     0x00000a54        0x0 c:/program files/microchip/xc32/v4.00/bin/bin/../../lib/gcc/pic32c/8.3.1/../../../../pic32c/lib/thumb/v7e-m+dp/hard\libc-musl.a(memcpy.o)
 .debug_str     0x00000a54        0x0 c:/program files/microchip/xc32/v4.00/bin/bin/../../lib/gcc/pic32c/8.3.1/../../../../pic32c/lib/thumb/v7e-m+dp/hard\libc-musl.a(memset.o)
 .debug_str     0x00000a54        0x0 c:/program files/microchip/xc32/v4.00/bin/bin/../../lib/gcc/pic32c/8.3.1/../../../../pic32c/lib/thumb/v7e-m+dp/hard\libc-musl.a(__environ.o)

.debug_frame    0x00000000     0x10c0
 .debug_frame   0x00000000       0x20 build/sam_v71_xult/production/_ext/1379310441/bsp.o
 .debug_frame   0x00000020       0x20 build/sam_v71_xult/production/_ext/1157990217/plib_clk.o
 .debug_frame   0x00000040       0xc0 build/sam_v71_xult/production/_ext/1157988489/plib_efc.o
 .debug_frame   0x00000100       0x50 build/sam_v71_xult/production/_ext/1537621011/plib_nvic.o
 .debug_frame   0x00000150      0x11c build/sam_v71_xult/production/_ext/1157977813/plib_pio.o
 .debug_frame   0x0000026c      0x19c build/sam_v71_xult/production/_ext/415242918/plib_usart1.o
 .debug_frame   0x00000408       0x28 build/sam_v71_xult/production/_ext/1320227943/initialization.o
 .debug_frame   0x00000430       0x20 build/sam_v71_xult/production/_ext/1320227943/interrupts.o
 .debug_frame   0x00000450       0x70 build/sam_v71_xult/production/_ext/1320227943/exceptions.o
 .debug_frame   0x000004c0       0x38 build/sam_v71_xult/production/_ext/1320227943/startup_xc32.o
 .debug_frame   0x000004f8       0x6c build/sam_v71_xult/production/_ext/1320227943/freertos_hooks.o
 .debug_frame   0x00000564       0x90 build/sam_v71_xult/production/_ext/1320227943/tasks.o
 .debug_frame   0x000005f4       0xe8 build/sam_v71_xult/production/_ext/977623654/port.o
 .debug_frame   0x000006dc       0x5c build/sam_v71_xult/production/_ext/1665200909/heap_1.o
 .debug_frame   0x00000738       0x6c build/sam_v71_xult/production/_ext/404212886/list.o
 .debug_frame   0x000007a4      0x280 build/sam_v71_xult/production/_ext/404212886/queue.o
 .debug_frame   0x00000a24      0x46c build/sam_v71_xult/production/_ext/404212886/FreeRTOS_tasks.o
 .debug_frame   0x00000e90       0x28 build/sam_v71_xult/production/_ext/1360937237/main.o
 .debug_frame   0x00000eb8       0x48 build/sam_v71_xult/production/_ext/1360937237/task1.o
 .debug_frame   0x00000f00       0x40 build/sam_v71_xult/production/_ext/1360937237/task2.o
 .debug_frame   0x00000f40       0x68 build/sam_v71_xult/production/_ext/1360937237/task3.o
 .debug_frame   0x00000fa8       0x5c build/sam_v71_xult/production/_ext/1360937237/task4.o
 .debug_frame   0x00001004       0x38 c:/program files/microchip/xc32/v4.00/bin/bin/../../lib/gcc/pic32c/8.3.1/../../../../pic32c/lib/thumb/v7e-m+dp/hard\libpic32c.a(data_init.o)
 .debug_frame   0x0000103c       0x3c c:/program files/microchip/xc32/v4.00/bin/bin/../../lib/gcc/pic32c/8.3.1/../../../../pic32c/lib/thumb/v7e-m+dp/hard\libc-musl.a(__libc_start_main.o)
 .debug_frame   0x00001078       0x28 c:/program files/microchip/xc32/v4.00/bin/bin/../../lib/gcc/pic32c/8.3.1/../../../../pic32c/lib/thumb/v7e-m+dp/hard\libc-musl.a(memcpy.o)
 .debug_frame   0x000010a0       0x20 c:/program files/microchip/xc32/v4.00/bin/bin/../../lib/gcc/pic32c/8.3.1/../../../../pic32c/lib/thumb/v7e-m+dp/hard\libc-musl.a(memset.o)

.debug_loc      0x00000000     0x5542
 .debug_loc     0x00000000      0x458 build/sam_v71_xult/production/_ext/1157988489/plib_efc.o
 .debug_loc     0x00000458      0x124 build/sam_v71_xult/production/_ext/1537621011/plib_nvic.o
 .debug_loc     0x0000057c      0x371 build/sam_v71_xult/production/_ext/1157977813/plib_pio.o
 .debug_loc     0x000008ed      0xab0 build/sam_v71_xult/production/_ext/415242918/plib_usart1.o
 .debug_loc     0x0000139d       0x45 build/sam_v71_xult/production/_ext/1320227943/initialization.o
 .debug_loc     0x000013e2       0xa7 build/sam_v71_xult/production/_ext/1320227943/startup_xc32.o
 .debug_loc     0x00001489       0x82 build/sam_v71_xult/production/_ext/1320227943/freertos_hooks.o
 .debug_loc     0x0000150b      0x14c build/sam_v71_xult/production/_ext/1320227943/tasks.o
 .debug_loc     0x00001657      0x13a build/sam_v71_xult/production/_ext/977623654/port.o
 .debug_loc     0x00001791       0x80 build/sam_v71_xult/production/_ext/1665200909/heap_1.o
 .debug_loc     0x00001811       0xbf build/sam_v71_xult/production/_ext/404212886/list.o
 .debug_loc     0x000018d0     0x16e4 build/sam_v71_xult/production/_ext/404212886/queue.o
 .debug_loc     0x00002fb4     0x211d build/sam_v71_xult/production/_ext/404212886/FreeRTOS_tasks.o
 .debug_loc     0x000050d1       0x20 build/sam_v71_xult/production/_ext/1360937237/main.o
 .debug_loc     0x000050f1       0x6f build/sam_v71_xult/production/_ext/1360937237/task1.o
 .debug_loc     0x00005160       0x4f build/sam_v71_xult/production/_ext/1360937237/task2.o
 .debug_loc     0x000051af      0x122 build/sam_v71_xult/production/_ext/1360937237/task3.o
 .debug_loc     0x000052d1       0xfc build/sam_v71_xult/production/_ext/1360937237/task4.o
 .debug_loc     0x000053cd       0x14 c:/program files/microchip/xc32/v4.00/bin/bin/../../lib/gcc/pic32c/8.3.1/../../../../pic32c/lib/thumb/v7e-m+dp/hard\libpic32c.a(data_init.o)
 .debug_loc     0x000053e1       0x51 c:/program files/microchip/xc32/v4.00/bin/bin/../../lib/gcc/pic32c/8.3.1/../../../../pic32c/lib/thumb/v7e-m+dp/hard\libc-musl.a(__libc_start_main.o)
 .debug_loc     0x00005432       0xba c:/program files/microchip/xc32/v4.00/bin/bin/../../lib/gcc/pic32c/8.3.1/../../../../pic32c/lib/thumb/v7e-m+dp/hard\libc-musl.a(memcpy.o)
 .debug_loc     0x000054ec       0x56 c:/program files/microchip/xc32/v4.00/bin/bin/../../lib/gcc/pic32c/8.3.1/../../../../pic32c/lib/thumb/v7e-m+dp/hard\libc-musl.a(memset.o)

.note.GNU-stack
                0x00000000        0x0
 .note.GNU-stack
                0x00000000        0x0 c:/program files/microchip/xc32/v4.00/bin/bin/../../lib/gcc/pic32c/8.3.1/../../../../pic32c/lib/thumb/v7e-m+dp/hard\libc-musl.a(__libc_start_main.o)
 .note.GNU-stack
                0x00000000        0x0 c:/program files/microchip/xc32/v4.00/bin/bin/../../lib/gcc/pic32c/8.3.1/../../../../pic32c/lib/thumb/v7e-m+dp/hard\libc-musl.a(libc.o)
 .note.GNU-stack
                0x00000000        0x0 c:/program files/microchip/xc32/v4.00/bin/bin/../../lib/gcc/pic32c/8.3.1/../../../../pic32c/lib/thumb/v7e-m+dp/hard\libc-musl.a(memcpy.o)
 .note.GNU-stack
                0x00000000        0x0 c:/program files/microchip/xc32/v4.00/bin/bin/../../lib/gcc/pic32c/8.3.1/../../../../pic32c/lib/thumb/v7e-m+dp/hard\libc-musl.a(memset.o)
 .note.GNU-stack
                0x00000000        0x0 c:/program files/microchip/xc32/v4.00/bin/bin/../../lib/gcc/pic32c/8.3.1/../../../../pic32c/lib/thumb/v7e-m+dp/hard\libc-musl.a(__environ.o)

.stack          0x2040a630      0x100
 .stack         0x2040a630      0x100 stack

.bss.ucHeap%1   0x20400000     0xa000
 .bss.ucHeap    0x20400000     0xa000 build/sam_v71_xult/production/_ext/1665200909/heap_1.o

.bss.USART1_WriteBuffer%2
                0x2040a000      0x200
 .bss.USART1_WriteBuffer
                0x2040a000      0x200 build/sam_v71_xult/production/_ext/415242918/plib_usart1.o

.bss.pxReadyTasksLists%3
                0x2040a200       0x64
 .bss.pxReadyTasksLists
                0x2040a200       0x64 build/sam_v71_xult/production/_ext/404212886/FreeRTOS_tasks.o

.bss%4          0x2040a264       0x50
 .bss           0x2040a264       0x50 c:/program files/microchip/xc32/v4.00/bin/bin/../../lib/gcc/pic32c/8.3.1/../../../../pic32c/lib/thumb/v7e-m+dp/hard\libc-musl.a(libc.o)
                0x2040a264                __progname_full
                0x2040a264                program_invocation_name
                0x2040a268                program_invocation_short_name
                0x2040a268                __progname
                0x2040a26c                __sysinfo
                0x2040a270                __hwcap
                0x2040a274                __libc

.bss.usart1Obj%5
                0x2040a2b4       0x40
 .bss.usart1Obj
                0x2040a2b4       0x40 build/sam_v71_xult/production/_ext/415242918/plib_usart1.o
                0x2040a2b4                usart1Obj

.bss%6          0x2040a2f4       0x1c
 .bss           0x2040a2f4       0x1c c:/program files/microchip/xc32/v4.00/bin/bin/../../lib/gcc/pic32c/8.3.1/thumb/v7e-m+dp/hard/crtbegin.o

.bss.xDelayedTaskList1%7
                0x2040a310       0x14
 .bss.xDelayedTaskList1
                0x2040a310       0x14 build/sam_v71_xult/production/_ext/404212886/FreeRTOS_tasks.o

.bss.xDelayedTaskList2%8
                0x2040a324       0x14
 .bss.xDelayedTaskList2
                0x2040a324       0x14 build/sam_v71_xult/production/_ext/404212886/FreeRTOS_tasks.o

.bss.xPendingReadyList%9
                0x2040a338       0x14
 .bss.xPendingReadyList
                0x2040a338       0x14 build/sam_v71_xult/production/_ext/404212886/FreeRTOS_tasks.o

.bss.xSuspendedTaskList%10
                0x2040a34c       0x14
 .bss.xSuspendedTaskList
                0x2040a34c       0x14 build/sam_v71_xult/production/_ext/404212886/FreeRTOS_tasks.o

.bss.xTasksWaitingTermination%11
                0x2040a360       0x14
 .bss.xTasksWaitingTermination
                0x2040a360       0x14 build/sam_v71_xult/production/_ext/404212886/FreeRTOS_tasks.o

.bss.USART1_ReadBuffer%12
                0x2040a374       0x10
 .bss.USART1_ReadBuffer
                0x2040a374       0x10 build/sam_v71_xult/production/_ext/415242918/plib_usart1.o

.bss.portPinCbObj%13
                0x2040a384        0xc
 .bss.portPinCbObj
                0x2040a384        0xc build/sam_v71_xult/production/_ext/1157977813/plib_pio.o
                0x2040a384                portPinCbObj

.data.portNumCb%14
                0x2040a390        0x6
 .data.portNumCb
                0x2040a390        0x6 build/sam_v71_xult/production/_ext/1157977813/plib_pio.o
                0x2040a390                portNumCb

.bss.cmd.7928%15
                0x2040a398        0x4
 .bss.cmd.7928  0x2040a398        0x4 build/sam_v71_xult/production/_ext/1320227943/startup_xc32.o

.bss.xTASK1_Tasks%16
                0x2040a39c        0x4
 .bss.xTASK1_Tasks
                0x2040a39c        0x4 build/sam_v71_xult/production/_ext/1320227943/tasks.o
                0x2040a39c                xTASK1_Tasks

.bss.xTASK2_Tasks%17
                0x2040a3a0        0x4
 .bss.xTASK2_Tasks
                0x2040a3a0        0x4 build/sam_v71_xult/production/_ext/1320227943/tasks.o
                0x2040a3a0                xTASK2_Tasks

.bss.xTASK3_Tasks%18
                0x2040a3a4        0x4
 .bss.xTASK3_Tasks
                0x2040a3a4        0x4 build/sam_v71_xult/production/_ext/1320227943/tasks.o
                0x2040a3a4                xTASK3_Tasks

.bss.xTASK4_Tasks%19
                0x2040a3a8        0x4
 .bss.xTASK4_Tasks
                0x2040a3a8        0x4 build/sam_v71_xult/production/_ext/1320227943/tasks.o
                0x2040a3a8                xTASK4_Tasks

.data.uxCriticalNesting%20
                0x2040a3ac        0x4
 .data.uxCriticalNesting
                0x2040a3ac        0x4 build/sam_v71_xult/production/_ext/977623654/port.o

.bss.pucAlignedHeap.6163%21
                0x2040a3b0        0x4
 .bss.pucAlignedHeap.6163
                0x2040a3b0        0x4 build/sam_v71_xult/production/_ext/1665200909/heap_1.o

.bss.xNextFreeByte%22
                0x2040a3b4        0x4
 .bss.xNextFreeByte
                0x2040a3b4        0x4 build/sam_v71_xult/production/_ext/1665200909/heap_1.o

.bss.pxCurrentTCB%23
                0x2040a3b8        0x4
 .bss.pxCurrentTCB
                0x2040a3b8        0x4 build/sam_v71_xult/production/_ext/404212886/FreeRTOS_tasks.o
                0x2040a3b8                pxCurrentTCB

.bss.pxDelayedTaskList%24
                0x2040a3bc        0x4
 .bss.pxDelayedTaskList
                0x2040a3bc        0x4 build/sam_v71_xult/production/_ext/404212886/FreeRTOS_tasks.o

.bss.pxOverflowDelayedTaskList%25
                0x2040a3c0        0x4
 .bss.pxOverflowDelayedTaskList
                0x2040a3c0        0x4 build/sam_v71_xult/production/_ext/404212886/FreeRTOS_tasks.o

.bss.uxCurrentNumberOfTasks%26
                0x2040a3c4        0x4
 .bss.uxCurrentNumberOfTasks
                0x2040a3c4        0x4 build/sam_v71_xult/production/_ext/404212886/FreeRTOS_tasks.o

.bss.uxDeletedTasksWaitingCleanUp%27
                0x2040a3c8        0x4
 .bss.uxDeletedTasksWaitingCleanUp
                0x2040a3c8        0x4 build/sam_v71_xult/production/_ext/404212886/FreeRTOS_tasks.o

.bss.uxSchedulerSuspended%28
                0x2040a3cc        0x4
 .bss.uxSchedulerSuspended
                0x2040a3cc        0x4 build/sam_v71_xult/production/_ext/404212886/FreeRTOS_tasks.o

.bss.uxTaskNumber%29
                0x2040a3d0        0x4
 .bss.uxTaskNumber
                0x2040a3d0        0x4 build/sam_v71_xult/production/_ext/404212886/FreeRTOS_tasks.o

.bss.uxTopReadyPriority%30
                0x2040a3d4        0x4
 .bss.uxTopReadyPriority
                0x2040a3d4        0x4 build/sam_v71_xult/production/_ext/404212886/FreeRTOS_tasks.o

.bss.xIdleTaskHandle%31
                0x2040a3d8        0x4
 .bss.xIdleTaskHandle
                0x2040a3d8        0x4 build/sam_v71_xult/production/_ext/404212886/FreeRTOS_tasks.o

.bss.xNextTaskUnblockTime%32
                0x2040a3dc        0x4
 .bss.xNextTaskUnblockTime
                0x2040a3dc        0x4 build/sam_v71_xult/production/_ext/404212886/FreeRTOS_tasks.o

.bss.xNumOfOverflows%33
                0x2040a3e0        0x4
 .bss.xNumOfOverflows
                0x2040a3e0        0x4 build/sam_v71_xult/production/_ext/404212886/FreeRTOS_tasks.o

.bss.xPendedTicks%34
                0x2040a3e4        0x4
 .bss.xPendedTicks
                0x2040a3e4        0x4 build/sam_v71_xult/production/_ext/404212886/FreeRTOS_tasks.o

.bss.xSchedulerRunning%35
                0x2040a3e8        0x4
 .bss.xSchedulerRunning
                0x2040a3e8        0x4 build/sam_v71_xult/production/_ext/404212886/FreeRTOS_tasks.o

.bss.xTickCount%36
                0x2040a3ec        0x4
 .bss.xTickCount
                0x2040a3ec        0x4 build/sam_v71_xult/production/_ext/404212886/FreeRTOS_tasks.o

.bss.xYieldPending%37
                0x2040a3f0        0x4
 .bss.xYieldPending
                0x2040a3f0        0x4 build/sam_v71_xult/production/_ext/404212886/FreeRTOS_tasks.o

.bss.uartMutexLock%38
                0x2040a3f4        0x4
 .bss.uartMutexLock
                0x2040a3f4        0x4 build/sam_v71_xult/production/_ext/1360937237/task1.o
                0x2040a3f4                uartMutexLock

.bss.dataRxSemaphore%39
                0x2040a3f8        0x4
 .bss.dataRxSemaphore
                0x2040a3f8        0x4 build/sam_v71_xult/production/_ext/1360937237/task3.o

.bss.switchPressSemaphore%40
                0x2040a3fc        0x4
 .bss.switchPressSemaphore
                0x2040a3fc        0x4 build/sam_v71_xult/production/_ext/1360937237/task4.o

.bss%41         0x2040a400        0x8
 .bss           0x2040a400        0x4 c:/program files/microchip/xc32/v4.00/bin/bin/../../lib/gcc/pic32c/8.3.1/../../../../pic32c/lib/thumb/v7e-m+dp/hard\libpic32c.a(data_init.o)
 .bss           0x2040a404        0x4 c:/program files/microchip/xc32/v4.00/bin/bin/../../lib/gcc/pic32c/8.3.1/../../../../pic32c/lib/thumb/v7e-m+dp/hard\libc-musl.a(__environ.o)
                0x2040a404                __environ
                0x2040a404                environ
                0x2040a404                ___environ
                0x2040a404                _environ

.bss.task4Data%43
                0x2040a408        0x1
 .bss.task4Data
                0x2040a408        0x1 build/sam_v71_xult/production/_ext/1360937237/task4.o
                0x2040a408                task4Data

.bss.task3Data%44
                0x2040a40c        0x1
 .bss.task3Data
                0x2040a40c        0x1 build/sam_v71_xult/production/_ext/1360937237/task3.o
                0x2040a40c                task3Data

.bss.task2Data%45
                0x2040a410        0x1
 .bss.task2Data
                0x2040a410        0x1 build/sam_v71_xult/production/_ext/1360937237/task2.o
                0x2040a410                task2Data

.bss.task1Data%46
                0x2040a414        0x1
 .bss.task1Data
                0x2040a414        0x1 build/sam_v71_xult/production/_ext/1360937237/task1.o
                0x2040a414                task1Data

.eh_frame%z1    0x00000000        0x0
 .eh_frame      0x00000000        0x0 c:/program files/microchip/xc32/v4.00/bin/bin/../../lib/gcc/pic32c/8.3.1/thumb/v7e-m+dp/hard/crtbegin.o

.config_D0000000.__config_D0000000%47
                0xd0000000        0x4
 .config_D0000000.__config_D0000000
                0xd0000000        0x4 build/sam_v71_xult/production/_ext/1320227943/initialization.o
                0xd0000000                __config_D0000000

.dinit%48       0x00400188      0x240
 .dinit         0x00400188      0x240 data_init

.text.xTaskCreate%49
                0x004003c8      0x1e4
 .text.xTaskCreate
                0x004003c8      0x1e4 build/sam_v71_xult/production/_ext/404212886/FreeRTOS_tasks.o
                0x004003c8                xTaskCreate

.text.USART1_InterruptHandler%50
                0x004005ac      0x17c
 .text.USART1_InterruptHandler
                0x004005ac      0x17c build/sam_v71_xult/production/_ext/415242918/plib_usart1.o
                0x004005ac                USART1_InterruptHandler

.text.Reset_Handler%51
                0x00400728      0x178
 .text.Reset_Handler
                0x00400728      0x178 build/sam_v71_xult/production/_ext/1320227943/startup_xc32.o
                0x00400728                Reset_Handler

.text.xQueueSemaphoreTake%52
                0x004008a0      0x158
 .text.xQueueSemaphoreTake
                0x004008a0      0x158 build/sam_v71_xult/production/_ext/404212886/queue.o
                0x004008a0                xQueueSemaphoreTake

.text.xQueueGenericSend%53
                0x004009f8      0x128
 .text.xQueueGenericSend
                0x004009f8      0x128 build/sam_v71_xult/production/_ext/404212886/queue.o
                0x004009f8                xQueueGenericSend

.text.xTaskIncrementTick%54
                0x00400b20      0x114
 .text.xTaskIncrementTick
                0x00400b20      0x114 build/sam_v71_xult/production/_ext/404212886/FreeRTOS_tasks.o
                0x00400b20                xTaskIncrementTick

.text.PIO_Initialize%55
                0x00400c34       0xf0
 .text.PIO_Initialize
                0x00400c34       0xf0 build/sam_v71_xult/production/_ext/1157977813/plib_pio.o
                0x00400c34                PIO_Initialize

.text.xTaskResumeAll%56
                0x00400d24       0xe4
 .text.xTaskResumeAll
                0x00400d24       0xe4 build/sam_v71_xult/production/_ext/404212886/FreeRTOS_tasks.o
                0x00400d24                xTaskResumeAll

.text.TASK3_Tasks%57
                0x00400e08       0xe4
 .text.TASK3_Tasks
                0x00400e08       0xe4 build/sam_v71_xult/production/_ext/1360937237/task3.o
                0x00400e08                TASK3_Tasks

.text.TASK4_Tasks%58
                0x00400eec       0xac
 .text.TASK4_Tasks
                0x00400eec       0xac build/sam_v71_xult/production/_ext/1360937237/task4.o
                0x00400eec                TASK4_Tasks

.text.vTaskSwitchContext%59
                0x00400f98       0xa8
 .text.vTaskSwitchContext
                0x00400f98       0xa8 build/sam_v71_xult/production/_ext/404212886/FreeRTOS_tasks.o
                0x00400f98                vTaskSwitchContext

.text.xTaskPriorityInherit%60
                0x00401040       0xa8
 .text.xTaskPriorityInherit
                0x00401040       0xa8 build/sam_v71_xult/production/_ext/404212886/FreeRTOS_tasks.o
                0x00401040                xTaskPriorityInherit

.text.USART1_Write%61
                0x004010e8       0xa4
 .text.USART1_Write
                0x004010e8       0xa4 build/sam_v71_xult/production/_ext/415242918/plib_usart1.o
                0x004010e8                USART1_Write

.text.prvAddCurrentTaskToDelayedList%62
                0x0040118c       0x94
 .text.prvAddCurrentTaskToDelayedList
                0x0040118c       0x94 build/sam_v71_xult/production/_ext/404212886/FreeRTOS_tasks.o

.text.SYS_Tasks%63
                0x00401220       0x90
 .text.SYS_Tasks
                0x00401220       0x90 build/sam_v71_xult/production/_ext/1320227943/tasks.o
                0x00401220                SYS_Tasks

.text.__pic32c_data_initialization%64
                0x004012b0       0x88
 .text.__pic32c_data_initialization
                0x004012b0       0x88 c:/program files/microchip/xc32/v4.00/bin/bin/../../lib/gcc/pic32c/8.3.1/../../../../pic32c/lib/thumb/v7e-m+dp/hard\libpic32c.a(data_init.o)
                0x004012b0                __pic32c_data_initialization

.text.vTaskPriorityDisinheritAfterTimeout%65
                0x00401338       0x80
 .text.vTaskPriorityDisinheritAfterTimeout
                0x00401338       0x80 build/sam_v71_xult/production/_ext/404212886/FreeRTOS_tasks.o
                0x00401338                vTaskPriorityDisinheritAfterTimeout

.text.prvUnlockQueue%66
                0x004013b8       0x7e
 .text.prvUnlockQueue
                0x004013b8       0x7e build/sam_v71_xult/production/_ext/404212886/queue.o

.text.xTaskPriorityDisinherit%67
                0x00401438       0x7c
 .text.xTaskPriorityDisinherit
                0x00401438       0x7c build/sam_v71_xult/production/_ext/404212886/FreeRTOS_tasks.o
                0x00401438                xTaskPriorityDisinherit

.text.xTaskRemoveFromEventList%68
                0x004014b4       0x78
 .text.xTaskRemoveFromEventList
                0x004014b4       0x78 build/sam_v71_xult/production/_ext/404212886/FreeRTOS_tasks.o
                0x004014b4                xTaskRemoveFromEventList

.text.prvCopyDataToQueue%69
                0x0040152c       0x72
 .text.prvCopyDataToQueue
                0x0040152c       0x72 build/sam_v71_xult/production/_ext/404212886/queue.o

.text.xQueueGenericReset%70
                0x004015a0       0x70
 .text.xQueueGenericReset
                0x004015a0       0x70 build/sam_v71_xult/production/_ext/404212886/queue.o
                0x004015a0                xQueueGenericReset

.text.prvIdleTask%71
                0x00401610       0x70
 .text.prvIdleTask
                0x00401610       0x70 build/sam_v71_xult/production/_ext/404212886/FreeRTOS_tasks.o

.text.USART1_Initialize%72
                0x00401680       0x6c
 .text.USART1_Initialize
                0x00401680       0x6c build/sam_v71_xult/production/_ext/415242918/plib_usart1.o
                0x00401680                USART1_Initialize

.text.pvPortMalloc%73
                0x004016ec       0x6c
 .text.pvPortMalloc
                0x004016ec       0x6c build/sam_v71_xult/production/_ext/1665200909/heap_1.o
                0x004016ec                pvPortMalloc

.text.TASK1_Tasks%74
                0x00401758       0x6c
 .text.TASK1_Tasks
                0x00401758       0x6c build/sam_v71_xult/production/_ext/1360937237/task1.o
                0x00401758                TASK1_Tasks

.text.TASK2_Tasks%75
                0x004017c4       0x6c
 .text.TASK2_Tasks
                0x004017c4       0x6c build/sam_v71_xult/production/_ext/1360937237/task2.o
                0x004017c4                TASK2_Tasks

.text.vTaskStartScheduler%76
                0x00401830       0x68
 .text.vTaskStartScheduler
                0x00401830       0x68 build/sam_v71_xult/production/_ext/404212886/FreeRTOS_tasks.o
                0x00401830                vTaskStartScheduler

.text.CLOCK_Initialize%77
                0x00401898       0x64
 .text.CLOCK_Initialize
                0x00401898       0x64 build/sam_v71_xult/production/_ext/1157990217/plib_clk.o
                0x00401898                CLOCK_Initialize

.text.PIO_PinInterruptCallbackRegister%78
                0x004018fc       0x64
 .text.PIO_PinInterruptCallbackRegister
                0x004018fc       0x64 build/sam_v71_xult/production/_ext/1157977813/plib_pio.o
                0x004018fc                PIO_PinInterruptCallbackRegister

.text.xPortPendSVHandler%79
                0x00401960       0x64
 .text.xPortPendSVHandler
                0x00401960       0x64 build/sam_v71_xult/production/_ext/977623654/port.o
                0x00401960                xPortPendSVHandler

.text.xQueueGiveFromISR%80
                0x004019c4       0x64
 .text.xQueueGiveFromISR
                0x004019c4       0x64 build/sam_v71_xult/production/_ext/404212886/queue.o
                0x004019c4                xQueueGiveFromISR

.rodata%81      0x00401a28       0x60
 .rodata        0x00401a28       0x60 build/sam_v71_xult/production/_ext/1360937237/task4.o

.text.xTaskCheckForTimeOut%82
                0x00401a88       0x5c
 .text.xTaskCheckForTimeOut
                0x00401a88       0x5c build/sam_v71_xult/production/_ext/404212886/FreeRTOS_tasks.o
                0x00401a88                xTaskCheckForTimeOut

.text.__libc_start_init%83
                0x00401ae4       0x5c
 .text.__libc_start_init
                0x00401ae4       0x5c c:/program files/microchip/xc32/v4.00/bin/bin/../../lib/gcc/pic32c/8.3.1/../../../../pic32c/lib/thumb/v7e-m+dp/hard\libc-musl.a(__libc_start_main.o)
                0x00401ae4                __libc_init_array

.text._PIO_Interrupt_Handler%84
                0x00401b40       0x58
 .text._PIO_Interrupt_Handler
                0x00401b40       0x58 build/sam_v71_xult/production/_ext/1157977813/plib_pio.o
                0x00401b40                _PIO_Interrupt_Handler

.text.USART1_Read%85
                0x00401b98       0x58
 .text.USART1_Read
                0x00401b98       0x58 build/sam_v71_xult/production/_ext/415242918/plib_usart1.o
                0x00401b98                USART1_Read

.text.xPortStartScheduler%86
                0x00401bf0       0x48
 .text.xPortStartScheduler
                0x00401bf0       0x48 build/sam_v71_xult/production/_ext/977623654/port.o
                0x00401bf0                xPortStartScheduler

.rodata%87      0x00401c38       0x48
 .rodata        0x00401c38       0x48 build/sam_v71_xult/production/_ext/1360937237/task3.o

.text%88        0x00401c80       0x40
 .text          0x00401c80       0x40 c:/program files/microchip/xc32/v4.00/bin/bin/../../lib/gcc/pic32c/8.3.1/thumb/v7e-m+dp/hard/crtbegin.o

.text.NVIC_Initialize%89
                0x00401cc0       0x40
 .text.NVIC_Initialize
                0x00401cc0       0x40 build/sam_v71_xult/production/_ext/1537621011/plib_nvic.o
                0x00401cc0                NVIC_Initialize

.rodata%90      0x00401d00       0x40
 .rodata        0x00401d00       0x40 build/sam_v71_xult/production/_ext/1360937237/task1.o

.text.SYS_Initialize%91
                0x00401d40       0x3c
 .text.SYS_Initialize
                0x00401d40       0x3c build/sam_v71_xult/production/_ext/1320227943/initialization.o
                0x00401d40                SYS_Initialize

.text.vListInsert%92
                0x00401d7c       0x34
 .text.vListInsert
                0x00401d7c       0x34 build/sam_v71_xult/production/_ext/404212886/list.o
                0x00401d7c                vListInsert

.text.vTaskDelay%93
                0x00401db0       0x34
 .text.vTaskDelay
                0x00401db0       0x34 build/sam_v71_xult/production/_ext/404212886/FreeRTOS_tasks.o
                0x00401db0                vTaskDelay

.text.uartReadEventHandler%94
                0x00401de4       0x34
 .text.uartReadEventHandler
                0x00401de4       0x34 build/sam_v71_xult/production/_ext/1360937237/task3.o
                0x00401de4                uartReadEventHandler

.rodata%95      0x00401e18       0x30
 .rodata        0x00401e18       0x30 build/sam_v71_xult/production/_ext/1320227943/tasks.o

.text.xPortSysTickHandler%96
                0x00401e48       0x30
 .text.xPortSysTickHandler
                0x00401e48       0x30 build/sam_v71_xult/production/_ext/977623654/port.o
                0x00401e48                xPortSysTickHandler

.text.xQueueGenericCreate%97
                0x00401e78       0x30
 .text.xQueueGenericCreate
                0x00401e78       0x30 build/sam_v71_xult/production/_ext/404212886/queue.o
                0x00401e78                xQueueGenericCreate

.rodata%98      0x00401ea8       0x30
 .rodata        0x00401ea8       0x30 build/sam_v71_xult/production/_ext/1360937237/task2.o

.text.SwitchPress_Handler%99
                0x00401ed8       0x30
 .text.SwitchPress_Handler
                0x00401ed8       0x30 build/sam_v71_xult/production/_ext/1360937237/task4.o

.text.pxPortInitialiseStack%100
                0x00401f08       0x2c
 .text.pxPortInitialiseStack
                0x00401f08       0x2c build/sam_v71_xult/production/_ext/977623654/port.o
                0x00401f08                pxPortInitialiseStack

.text.prvResetNextTaskUnblockTime%101
                0x00401f34       0x2c
 .text.prvResetNextTaskUnblockTime
                0x00401f34       0x2c build/sam_v71_xult/production/_ext/404212886/FreeRTOS_tasks.o

.text.TASK1_Initialize%102
                0x00401f60       0x2c
 .text.TASK1_Initialize
                0x00401f60       0x2c build/sam_v71_xult/production/_ext/1360937237/task1.o
                0x00401f60                TASK1_Initialize

.text.prvPortStartFirstTask%103
                0x00401f8c       0x28
 .text.prvPortStartFirstTask
                0x00401f8c       0x28 build/sam_v71_xult/production/_ext/977623654/port.o

.text.vPortSetupTimerInterrupt%104
                0x00401fb4       0x28
 .text.vPortSetupTimerInterrupt
                0x00401fb4       0x28 build/sam_v71_xult/production/_ext/977623654/port.o
                0x00401fb4                vPortSetupTimerInterrupt

.text.uxListRemove%105
                0x00401fdc       0x26
 .text.uxListRemove
                0x00401fdc       0x26 build/sam_v71_xult/production/_ext/404212886/list.o
                0x00401fdc                uxListRemove

.text.prvTaskExitError%106
                0x00402002       0x24
 .text.prvTaskExitError
                0x00402002       0x24 build/sam_v71_xult/production/_ext/977623654/port.o

.text.vPortSVCHandler%107
                0x00402030       0x24
 .text.vPortSVCHandler
                0x00402030       0x24 build/sam_v71_xult/production/_ext/977623654/port.o
                0x00402030                vPortSVCHandler

.text.vPortEnterCritical%108
                0x00402054       0x24
 .text.vPortEnterCritical
                0x00402054       0x24 build/sam_v71_xult/production/_ext/977623654/port.o
                0x00402054                vPortEnterCritical

.text.xQueueCreateMutex%109
                0x00402078       0x24
 .text.xQueueCreateMutex
                0x00402078       0x24 build/sam_v71_xult/production/_ext/404212886/queue.o
                0x00402078                xQueueCreateMutex

.text.BSP_Initialize%110
                0x0040209c       0x20
 .text.BSP_Initialize
                0x0040209c       0x20 build/sam_v71_xult/production/_ext/1379310441/bsp.o
                0x0040209c                BSP_Initialize

.text.USART1_WritePendingBytesGet%111
                0x004020bc       0x1c
 .text.USART1_WritePendingBytesGet
                0x004020bc       0x1c build/sam_v71_xult/production/_ext/415242918/plib_usart1.o

.text.USART1_ReadCountGet%112
                0x004020d8       0x1c
 .text.USART1_ReadCountGet
                0x004020d8       0x1c build/sam_v71_xult/production/_ext/415242918/plib_usart1.o
                0x004020d8                USART1_ReadCountGet

.text.vTaskPlaceOnEventList%113
                0x004020f4       0x1c
 .text.vTaskPlaceOnEventList
                0x004020f4       0x1c build/sam_v71_xult/production/_ext/404212886/FreeRTOS_tasks.o
                0x004020f4                vTaskPlaceOnEventList

.text.pvTaskIncrementMutexHeldCount%114
                0x00402110       0x1c
 .text.pvTaskIncrementMutexHeldCount
                0x00402110       0x1c build/sam_v71_xult/production/_ext/404212886/FreeRTOS_tasks.o
                0x00402110                pvTaskIncrementMutexHeldCount

.text.USART1_ReadNotificationEnable%115
                0x0040212c       0x18
 .text.USART1_ReadNotificationEnable
                0x0040212c       0x18 build/sam_v71_xult/production/_ext/415242918/plib_usart1.o
                0x0040212c                USART1_ReadNotificationEnable

.text.vTaskInternalSetTimeOutState%116
                0x00402144       0x18
 .text.vTaskInternalSetTimeOutState
                0x00402144       0x18 build/sam_v71_xult/production/_ext/404212886/FreeRTOS_tasks.o
                0x00402144                vTaskInternalSetTimeOutState

.text.vApplicationStackOverflowHook%117
                0x0040215c       0x16
 .text.vApplicationStackOverflowHook
                0x0040215c       0x16 build/sam_v71_xult/production/_ext/1320227943/freertos_hooks.o
                0x0040215c                vApplicationStackOverflowHook

.text.vApplicationMallocFailedHook%118
                0x00402172       0x16
 .text.vApplicationMallocFailedHook
                0x00402172       0x16 build/sam_v71_xult/production/_ext/1320227943/freertos_hooks.o
                0x00402172                vApplicationMallocFailedHook

.text.vListInitialise%119
                0x00402188       0x16
 .text.vListInitialise
                0x00402188       0x16 build/sam_v71_xult/production/_ext/404212886/list.o
                0x00402188                vListInitialise

.text.vListInsertEnd%120
                0x0040219e       0x16
 .text.vListInsertEnd
                0x0040219e       0x16 build/sam_v71_xult/production/_ext/404212886/list.o
                0x0040219e                vListInsertEnd

.text.prvIsQueueEmpty%121
                0x004021b4       0x16
 .text.prvIsQueueEmpty
                0x004021b4       0x16 build/sam_v71_xult/production/_ext/404212886/queue.o

.text.memcpy%122
                0x004021ca       0x16
 .text.memcpy   0x004021ca       0x16 c:/program files/microchip/xc32/v4.00/bin/bin/../../lib/gcc/pic32c/8.3.1/../../../../pic32c/lib/thumb/v7e-m+dp/hard\libc-musl.a(memcpy.o)
                0x004021ca                memcpy

.text.USART1_WriteFreeBufferCountGet%123
                0x004021e0       0x14
 .text.USART1_WriteFreeBufferCountGet
                0x004021e0       0x14 build/sam_v71_xult/production/_ext/415242918/plib_usart1.o
                0x004021e0                USART1_WriteFreeBufferCountGet

.text.vPortEnableVFP%124
                0x004021f4       0x14
 .text.vPortEnableVFP
                0x004021f4       0x14 build/sam_v71_xult/production/_ext/977623654/port.o

.text.vPortExitCritical%125
                0x00402208       0x14
 .text.vPortExitCritical
                0x00402208       0x14 build/sam_v71_xult/production/_ext/977623654/port.o
                0x00402208                vPortExitCritical

.text.EFC_Initialize%126
                0x0040221c       0x10
 .text.EFC_Initialize
                0x0040221c       0x10 build/sam_v71_xult/production/_ext/1157988489/plib_efc.o
                0x0040221c                EFC_Initialize

.text.PIOA_InterruptHandler%127
                0x0040222c       0x10
 .text.PIOA_InterruptHandler
                0x0040222c       0x10 build/sam_v71_xult/production/_ext/1157977813/plib_pio.o
                0x0040222c                PIOA_InterruptHandler

.text.vTaskSuspendAll%128
                0x0040223c       0x10
 .text.vTaskSuspendAll
                0x0040223c       0x10 build/sam_v71_xult/production/_ext/404212886/FreeRTOS_tasks.o
                0x0040223c                vTaskSuspendAll

.text.memset%129
                0x0040224c       0x10
 .text.memset   0x0040224c       0x10 c:/program files/microchip/xc32/v4.00/bin/bin/../../lib/gcc/pic32c/8.3.1/../../../../pic32c/lib/thumb/v7e-m+dp/hard\libc-musl.a(memset.o)
                0x0040224c                memset

.text.main%130  0x0040225c        0xe
 .text.main     0x0040225c        0xe build/sam_v71_xult/production/_ext/1360937237/main.o
                0x0040225c                main

.text.USART1_ReadThresholdSet%131
                0x0040226c        0xc
 .text.USART1_ReadThresholdSet
                0x0040226c        0xc build/sam_v71_xult/production/_ext/415242918/plib_usart1.o
                0x0040226c                USART1_ReadThresholdSet

.text.USART1_ReadCallbackRegister%132
                0x00402278        0xc
 .text.USART1_ReadCallbackRegister
                0x00402278        0xc build/sam_v71_xult/production/_ext/415242918/plib_usart1.o
                0x00402278                USART1_ReadCallbackRegister

.text.xTaskGetTickCount%133
                0x00402284        0xc
 .text.xTaskGetTickCount
                0x00402284        0xc build/sam_v71_xult/production/_ext/404212886/FreeRTOS_tasks.o
                0x00402284                xTaskGetTickCount

.text.vTaskMissedYield%134
                0x00402290        0xc
 .text.vTaskMissedYield
                0x00402290        0xc build/sam_v71_xult/production/_ext/404212886/FreeRTOS_tasks.o
                0x00402290                vTaskMissedYield

.text.TASK2_Initialize%135
                0x0040229c        0xc
 .text.TASK2_Initialize
                0x0040229c        0xc build/sam_v71_xult/production/_ext/1360937237/task2.o
                0x0040229c                TASK2_Initialize

.text.TASK3_Initialize%136
                0x004022a8        0xc
 .text.TASK3_Initialize
                0x004022a8        0xc build/sam_v71_xult/production/_ext/1360937237/task3.o
                0x004022a8                TASK3_Initialize

.text.TASK4_Initialize%137
                0x004022b4        0xc
 .text.TASK4_Initialize
                0x004022b4        0xc build/sam_v71_xult/production/_ext/1360937237/task4.o
                0x004022b4                TASK4_Initialize

.text._TASK1_Tasks%138
                0x00402026        0x8
 .text._TASK1_Tasks
                0x00402026        0x8 build/sam_v71_xult/production/_ext/1320227943/tasks.o
                0x00402026                _TASK1_Tasks

.text._TASK2_Tasks%139
                0x004022c0        0x8
 .text._TASK2_Tasks
                0x004022c0        0x8 build/sam_v71_xult/production/_ext/1320227943/tasks.o
                0x004022c0                _TASK2_Tasks

.text._TASK3_Tasks%140
                0x004022c8        0x8
 .text._TASK3_Tasks
                0x004022c8        0x8 build/sam_v71_xult/production/_ext/1320227943/tasks.o
                0x004022c8                _TASK3_Tasks

.text._TASK4_Tasks%141
                0x004022d0        0x8
 .text._TASK4_Tasks
                0x004022d0        0x8 build/sam_v71_xult/production/_ext/1320227943/tasks.o
                0x004022d0                _TASK4_Tasks

.rodata%142     0x004022d8        0x8
 .rodata        0x004022d8        0x8 build/sam_v71_xult/production/_ext/404212886/FreeRTOS_tasks.o

.text.vListInitialiseItem%143
                0x004022e0        0x6
 .text.vListInitialiseItem
                0x004022e0        0x6 build/sam_v71_xult/production/_ext/404212886/list.o
                0x004022e0                vListInitialiseItem

.text.PIO_PortInterruptEnable%144
                0x004022e6        0x4
 .text.PIO_PortInterruptEnable
                0x004022e6        0x4 build/sam_v71_xult/production/_ext/1157977813/plib_pio.o
                0x004022e6                PIO_PortInterruptEnable

.text.Dummy_Handler%145
                0x00401436        0x2
 .text.Dummy_Handler
                0x00401436        0x2 build/sam_v71_xult/production/_ext/1320227943/interrupts.o
                0x00401436                DACC_Handler
                0x00401436                TC0_CH2_Handler
                0x00401436                TC3_CH1_Handler
                0x00401436                UART3_Handler
                0x00401436                UART2_Handler
                0x00401436                TRNG_Handler
                0x00401436                AFEC1_Handler
                0x00401436                TC0_CH1_Handler
                0x00401436                QSPI_Handler
                0x00401436                ISI_Handler
                0x00401436                MCAN0_INT0_Handler
                0x00401436                RSWDT_Handler
                0x00401436                USART0_Handler
                0x00401436                TC1_CH2_Handler
                0x00401436                RTT_Handler
                0x00401436                USBHS_Handler
                0x00401436                IXC_Handler
                0x00401436                CCF_Handler
                0x00401436                PIOB_Handler
                0x00401436                RTC_Handler
                0x00401436                WDT_Handler
                0x00401436                MCAN1_INT1_Handler
                0x00401436                HSMCI_Handler
                0x00401436                UART1_Handler
                0x00401436                Dummy_Handler
                0x00401436                TWIHS1_Handler
                0x00401436                TC3_CH2_Handler
                0x00401436                XDMAC_Handler
                0x00401436                UART4_Handler
                0x00401436                TC2_CH0_Handler
                0x00401436                PWM1_Handler
                0x00401436                PWM0_Handler
                0x00401436                AFEC0_Handler
                0x00401436                CCW_Handler
                0x00401436                TC3_CH0_Handler
                0x00401436                SSC_Handler
                0x00401436                TC1_CH0_Handler
                0x00401436                ACC_Handler
                0x00401436                PMC_Handler
                0x00401436                GMAC_Handler
                0x00401436                TC2_CH2_Handler
                0x00401436                MCAN0_INT1_Handler
                0x00401436                GMAC_Q5_Handler
                0x00401436                SUPC_Handler
                0x00401436                TC2_CH1_Handler
                0x00401436                MCAN1_INT0_Handler
                0x00401436                EFC_Handler
                0x00401436                GMAC_Q1_Handler
                0x00401436                USART2_Handler
                0x00401436                SDRAMC_Handler
                0x00401436                GMAC_Q2_Handler
                0x00401436                PIOE_Handler
                0x00401436                SPI1_Handler
                0x00401436                TC1_CH1_Handler
                0x00401436                GMAC_Q3_Handler
                0x00401436                PIOD_Handler
                0x00401436                TWIHS2_Handler
                0x00401436                MLB_Handler
                0x00401436                I2SC0_Handler
                0x00401436                UART0_Handler
                0x00401436                I2SC1_Handler
                0x00401436                TC0_CH0_Handler
                0x00401436                PIOC_Handler
                0x00401436                GMAC_Q4_Handler
                0x00401436                FPU_Handler
                0x00401436                RSTC_Handler
                0x00401436                ICM_Handler
                0x00401436                AES_Handler
                0x00401436                TWIHS0_Handler
                0x00401436                SPI0_Handler

.text.NonMaskableInt_Handler%146
                0x0040159e        0x2
 .text.NonMaskableInt_Handler
                0x0040159e        0x2 build/sam_v71_xult/production/_ext/1320227943/exceptions.o
                0x0040159e                NonMaskableInt_Handler

.text.HardFault_Handler%147
                0x0040226a        0x2
 .text.HardFault_Handler
                0x0040226a        0x2 build/sam_v71_xult/production/_ext/1320227943/exceptions.o
                0x0040226a                HardFault_Handler

.text.DebugMonitor_Handler%148
                0x0040202e        0x2
 .text.DebugMonitor_Handler
                0x0040202e        0x2 build/sam_v71_xult/production/_ext/1320227943/exceptions.o
                0x0040202e                DebugMonitor_Handler

.text.MemoryManagement_Handler%149
                0x004022ea        0x2
 .text.MemoryManagement_Handler
                0x004022ea        0x2 build/sam_v71_xult/production/_ext/1320227943/exceptions.o
                0x004022ea                MemoryManagement_Handler

.text.BusFault_Handler%150
                0x004022ec        0x2
 .text.BusFault_Handler
                0x004022ec        0x2 build/sam_v71_xult/production/_ext/1320227943/exceptions.o
                0x004022ec                BusFault_Handler

.text.UsageFault_Handler%151
                0x004022ee        0x2
 .text.UsageFault_Handler
                0x004022ee        0x2 build/sam_v71_xult/production/_ext/1320227943/exceptions.o
                0x004022ee                UsageFault_Handler

.text.Dummy_App_Func%152
                0x004022f0        0x2
 .text.Dummy_App_Func
                0x004022f0        0x2 build/sam_v71_xult/production/_ext/1320227943/startup_xc32.o
                0x004022f0                _on_reset
                0x004022f0                _on_bootstrap
                0x004022f0                __xc32_on_reset
                0x004022f0                Dummy_App_Func
                0x004022f0                __xc32_on_bootstrap

.text.vPortFree%153
                0x004022f2        0x2
 .text.vPortFree
                0x004022f2        0x2 build/sam_v71_xult/production/_ext/1665200909/heap_1.o
                0x004022f2                vPortFree

.text.__dummy%154
                0x004022f4        0x2
 .text.__dummy  0x004022f4        0x2 c:/program files/microchip/xc32/v4.00/bin/bin/../../lib/gcc/pic32c/8.3.1/../../../../pic32c/lib/thumb/v7e-m+dp/hard\libc-musl.a(__libc_start_main.o)
                0x004022f4                __init_stdio
                0x004022f4                __init_host
