Archive member included to satisfy reference by file (symbol)

c:/program files/microchip/xc32/v4.10/bin/bin/../../lib/gcc/pic32c/8.3.1/../../../../pic32c/lib/thumb/v7e-m+dp/hard\libpic32c.a(data_init.o)
                              build/sam_v71_xult/production/_ext/1320227943/startup_xc32.o (__pic32c_data_initialization)
c:/program files/microchip/xc32/v4.10/bin/bin/../../lib/gcc/pic32c/8.3.1/../../../../pic32c/lib/thumb/v7e-m+dp/hard\libc-musl.a(__libc_start_main.o)
                              build/sam_v71_xult/production/_ext/1320227943/startup_xc32.o (__libc_init_array)
c:/program files/microchip/xc32/v4.10/bin/bin/../../lib/gcc/pic32c/8.3.1/../../../../pic32c/lib/thumb/v7e-m+dp/hard\libc-musl.a(libc.o)
                              c:/program files/microchip/xc32/v4.10/bin/bin/../../lib/gcc/pic32c/8.3.1/../../../../pic32c/lib/thumb/v7e-m+dp/hard\libc-musl.a(__libc_start_main.o) (__progname_full)
c:/program files/microchip/xc32/v4.10/bin/bin/../../lib/gcc/pic32c/8.3.1/../../../../pic32c/lib/thumb/v7e-m+dp/hard\libc-musl.a(printf.o)
                              build/sam_v71_xult/production/_ext/1563530619/mcan_fd_interrupt.o (printf)
c:/program files/microchip/xc32/v4.10/bin/bin/../../lib/gcc/pic32c/8.3.1/../../../../pic32c/lib/thumb/v7e-m+dp/hard\libc-musl.a(puts.o)
                              build/sam_v71_xult/production/_ext/1563530619/mcan_fd_interrupt.o (puts)
c:/program files/microchip/xc32/v4.10/bin/bin/../../lib/gcc/pic32c/8.3.1/../../../../pic32c/lib/thumb/v7e-m+dp/hard\libc-musl.a(memcpy.o)
                              build/sam_v71_xult/production/_ext/1157988489/plib_efc.o (memcpy)
c:/program files/microchip/xc32/v4.10/bin/bin/../../lib/gcc/pic32c/8.3.1/../../../../pic32c/lib/thumb/v7e-m+dp/hard\libc-musl.a(memset.o)
                              build/sam_v71_xult/production/_ext/1537669298/plib_mcan1.o (memset)
c:/program files/microchip/xc32/v4.10/bin/bin/../../lib/gcc/pic32c/8.3.1/../../../../pic32c/lib/thumb/v7e-m+dp/hard\libc-musl.a(strlen.o)
                              build/sam_v71_xult/production/_ext/1522961716/Uart1_FreeRTOS.o (strlen)
c:/program files/microchip/xc32/v4.10/bin/bin/../../lib/gcc/pic32c/8.3.1/../../../../pic32c/lib/thumb/v7e-m+dp/hard\libc-musl.a(strcpy.o)
                              build/sam_v71_xult/production/_ext/1522961716/Uart1_FreeRTOS.o (strcpy)
c:/program files/microchip/xc32/v4.10/bin/bin/../../lib/gcc/pic32c/8.3.1/../../../../pic32c/lib/thumb/v7e-m+dp/hard\libc-musl.a(__environ.o)
                              c:/program files/microchip/xc32/v4.10/bin/bin/../../lib/gcc/pic32c/8.3.1/../../../../pic32c/lib/thumb/v7e-m+dp/hard\libc-musl.a(__libc_start_main.o) (__environ)
c:/program files/microchip/xc32/v4.10/bin/bin/../../lib/gcc/pic32c/8.3.1/../../../../pic32c/lib/thumb/v7e-m+dp/hard\libc-musl.a(fputs.o)
                              c:/program files/microchip/xc32/v4.10/bin/bin/../../lib/gcc/pic32c/8.3.1/../../../../pic32c/lib/thumb/v7e-m+dp/hard\libc-musl.a(puts.o) (fputs)
c:/program files/microchip/xc32/v4.10/bin/bin/../../lib/gcc/pic32c/8.3.1/../../../../pic32c/lib/thumb/v7e-m+dp/hard\libc-musl.a(fwrite.o)
                              c:/program files/microchip/xc32/v4.10/bin/bin/../../lib/gcc/pic32c/8.3.1/../../../../pic32c/lib/thumb/v7e-m+dp/hard\libc-musl.a(fputs.o) (fwrite)
c:/program files/microchip/xc32/v4.10/bin/bin/../../lib/gcc/pic32c/8.3.1/../../../../pic32c/lib/thumb/v7e-m+dp/hard\libc-musl.a(putc.o)
                              c:/program files/microchip/xc32/v4.10/bin/bin/../../lib/gcc/pic32c/8.3.1/../../../../pic32c/lib/thumb/v7e-m+dp/hard\libc-musl.a(puts.o) (putc_unlocked)
c:/program files/microchip/xc32/v4.10/bin/bin/../../lib/gcc/pic32c/8.3.1/../../../../pic32c/lib/thumb/v7e-m+dp/hard\libc-musl.a(stdout.o)
                              c:/program files/microchip/xc32/v4.10/bin/bin/../../lib/gcc/pic32c/8.3.1/../../../../pic32c/lib/thumb/v7e-m+dp/hard\libc-musl.a(printf.o) (_stdout)
c:/program files/microchip/xc32/v4.10/bin/bin/../../lib/gcc/pic32c/8.3.1/../../../../pic32c/lib/thumb/v7e-m+dp/hard\libc-musl.a(vfprintf.o)
                              c:/program files/microchip/xc32/v4.10/bin/bin/../../lib/gcc/pic32c/8.3.1/../../../../pic32c/lib/thumb/v7e-m+dp/hard\libc-musl.a(printf.o) (vfprintf)
c:/program files/microchip/xc32/v4.10/bin/bin/../../lib/gcc/pic32c/8.3.1/../../../../pic32c/lib/thumb/v7e-m+dp/hard\libc-musl.a(stpcpy.o)
                              c:/program files/microchip/xc32/v4.10/bin/bin/../../lib/gcc/pic32c/8.3.1/../../../../pic32c/lib/thumb/v7e-m+dp/hard\libc-musl.a(strcpy.o) (__stpcpy)
c:/program files/microchip/xc32/v4.10/bin/bin/../../lib/gcc/pic32c/8.3.1/../../../../pic32c/lib/thumb/v7e-m+dp/hard\libc-musl.a(__io_fmt_needed.o)
                              c:/program files/microchip/xc32/v4.10/bin/bin/../../lib/gcc/pic32c/8.3.1/../../../../pic32c/lib/thumb/v7e-m+dp/hard\libc-musl.a(vfprintf.o) (__io_fmt_needed)
[...]
Memory Configuration

Name             Origin             Length             Attributes
rom              0x00400000         0x00200000         xrl
ram              0x20400000         0x00060000         xw !r
itcm             0x00000000         0x00000000         xw
dtcm             0x20000000         0x00000000         xw !r
ram_nocache      0x2045f000         0x00001000         xrw
config_D0000000  0xd0000000         0x00000004
config_D0000004  0xd0000004         0x00000004
config_D0000008  0xd0000008         0x00000004
config_D000000C  0xd000000c         0x00000004
config_D0000010  0xd0000010         0x00000004
*default*        0x00000000         0xffffffff

Linker script and memory map

LOAD c:/program files/microchip/xc32/v4.10/bin/bin/../../lib/gcc/pic32c/8.3.1/thumb/v7e-m+dp/hard/crti.o
LOAD c:/program files/microchip/xc32/v4.10/bin/bin/../../lib/gcc/pic32c/8.3.1/thumb/v7e-m+dp/hard/crtbegin.o
LOAD build/sam_v71_xult/production/_ext/1157990217/plib_clk.o
LOAD build/sam_v71_xult/production/_ext/1157988489/plib_efc.o
LOAD build/sam_v71_xult/production/_ext/1537669298/plib_mcan1.o
LOAD build/sam_v71_xult/production/_ext/1157980473/plib_mpu.o
LOAD build/sam_v71_xult/production/_ext/1537621011/plib_nvic.o
LOAD build/sam_v71_xult/production/_ext/1157977813/plib_pio.o
LOAD build/sam_v71_xult/production/_ext/415242918/plib_usart1.o
LOAD build/sam_v71_xult/production/_ext/1643282145/xc32_monitor.o
LOAD build/sam_v71_xult/production/_ext/1871840330/sys_cache.o
LOAD build/sam_v71_xult/production/_ext/1320227943/initialization.o
LOAD build/sam_v71_xult/production/_ext/1320227943/interrupts.o
LOAD build/sam_v71_xult/production/_ext/1320227943/exceptions.o
LOAD build/sam_v71_xult/production/_ext/1320227943/startup_xc32.o
LOAD build/sam_v71_xult/production/_ext/1320227943/libc_syscalls.o
LOAD build/sam_v71_xult/production/_ext/1320227943/freertos_hooks.o
LOAD build/sam_v71_xult/production/_ext/1320227943/tasks.o
LOAD build/sam_v71_xult/production/_ext/977623654/port.o
LOAD build/sam_v71_xult/production/_ext/1665200909/heap_1.o
LOAD build/sam_v71_xult/production/_ext/404212886/croutine.o
LOAD build/sam_v71_xult/production/_ext/404212886/list.o
LOAD build/sam_v71_xult/production/_ext/404212886/queue.o
LOAD build/sam_v71_xult/production/_ext/404212886/FreeRTOS_tasks.o
LOAD build/sam_v71_xult/production/_ext/404212886/timers.o
LOAD build/sam_v71_xult/production/_ext/404212886/event_groups.o
LOAD build/sam_v71_xult/production/_ext/404212886/stream_buffer.o
LOAD build/sam_v71_xult/production/_ext/1522961716/Uart1_FreeRTOS.o
LOAD build/sam_v71_xult/production/_ext/1360937237/main_v71.o
LOAD build/sam_v71_xult/production/_ext/1360937237/tarea_principal.o
LOAD build/sam_v71_xult/production/_ext/1563530619/mcan_fd_interrupt.o
                0x00000001                __MPLAB_BUILD = 0x1
                0x00600000                __rom_end = (ORIGIN (rom) + LENGTH (rom))
                0x20460000                __ram_end = (ORIGIN (ram) + LENGTH (ram))

.config_D0000000
 *(.config_D0000000)

.config_D0000004
 *(.config_D0000004)

.config_D0000008
 *(.config_D0000008)

.config_D000000C
 *(.config_D000000C)

.config_D0000010
 *(.config_D0000010)

.vectors        0x00400000      0x168
                0x00400000                . = ALIGN (0x4)
                0x00400000                _sfixed = .
 *(.vectors .vectors.* .vectors_default .vectors_default.*)
 .vectors.exception_table
                0x00400000      0x168 build/sam_v71_xult/production/_ext/1320227943/interrupts.o
                0x00400000                exception_table
 *(.isr_vector)
 *(.reset*)
 *(.after_vectors)

.text           0x00400168       0x20
                0x00400168                . = ALIGN (0x4)
 *(.glue_7t)
 .glue_7t       0x00400168        0x0 linker stubs
 *(.glue_7)
 .glue_7        0x00400168        0x0 linker stubs
 *(.gnu.linkonce.r.*)
 *(.ARM.extab* .gnu.linkonce.armextab.*)
                0x00400168                . = ALIGN (0x4)
 *(.init)
 .init          0x00400168        0x4 c:/program files/microchip/xc32/v4.10/bin/bin/../../lib/gcc/pic32c/8.3.1/thumb/v7e-m+dp/hard/crti.o
                0x00400168                _init
 .init          0x0040016c        0x8 c:/program files/microchip/xc32/v4.10/bin/bin/../../lib/gcc/pic32c/8.3.1/thumb/v7e-m+dp/hard/crtn.o
                0x00400174                . = ALIGN (0x4)
                0x00400174                __preinit_array_start = .
 *(.preinit_array)
                0x00400174                __preinit_array_end = .
                0x00400174                . = ALIGN (0x4)
                0x00400174                __init_array_start = .
 *(SORT_BY_NAME(.init_array.*))
 *(.init_array)
 .init_array    0x00400174        0x4 c:/program files/microchip/xc32/v4.10/bin/bin/../../lib/gcc/pic32c/8.3.1/thumb/v7e-m+dp/hard/crtbegin.o
                0x00400178                __init_array_end = .
                0x00400178                . = ALIGN (0x4)
 *crtbegin.o(.ctors)
 *(EXCLUDE_FILE(*crtend.o) .ctors)
 *(SORT_BY_NAME(.ctors.*))
 *crtend.o(.ctors)
                0x00400178                . = ALIGN (0x4)
 *(.fini)
 .fini          0x00400178        0x4 c:/program files/microchip/xc32/v4.10/bin/bin/../../lib/gcc/pic32c/8.3.1/thumb/v7e-m+dp/hard/crti.o
                0x00400178                _fini
 .fini          0x0040017c        0x8 c:/program files/microchip/xc32/v4.10/bin/bin/../../lib/gcc/pic32c/8.3.1/thumb/v7e-m+dp/hard/crtn.o
                0x00400184                . = ALIGN (0x4)
                0x00400184                __fini_array_start = .
 *(.fini_array)
 .fini_array    0x00400184        0x4 c:/program files/microchip/xc32/v4.10/bin/bin/../../lib/gcc/pic32c/8.3.1/thumb/v7e-m+dp/hard/crtbegin.o
 *(SORT_BY_NAME(.fini_array.*))
                0x00400188                __fini_array_end = .
 *crtbegin.o(.dtors)
 *(EXCLUDE_FILE(*crtend.o) .dtors)
 *(SORT_BY_NAME(.dtors.*))
 *crtend.o(.dtors)
                0x00400188                . = ALIGN (0x4)
                0x00400188                _efixed = .
                [!provide]                PROVIDE (__exidx_start = .)

.ARM.exidx      0x00400188        0x8
 *(.ARM.exidx* .gnu.linkonce.armexidx.*)
 .ARM.exidx     0x00400188        0x8 c:/program files/microchip/xc32/v4.10/bin/bin/../../lib/gcc/pic32c/8.3.1/thumb/v7e-m+dp/hard\libgcc.a(_udivmoddi4.o)
                [!provide]                PROVIDE (__exidx_end = .)
                0x00400190                . = ALIGN (0x4)
                0x00400190                _etext = .

.ram_nocache    0x2045f000      0x140
                0x2045f000                . = ALIGN (0x4)
                0x2045f000                _s_ram_nocache = .
 *(.ram_nocache .ram_nocache.*)
 .ram_nocache.Mcan1MessageRAM
                0x2045f000      0x140 build/sam_v71_xult/production/_ext/1360937237/tarea_principal.o
                0x2045f000                Mcan1MessageRAM
                0x2045f140                . = ALIGN (0x4)
                0x2045f140                _e_ram_nocache = .

.bss            0x20400000        0x0
                0x20400000                . = ALIGN (0x4)
                0x20400000                __bss_start__ = .
                0x20400000                _sbss = .
                0x20400000                _szero = .
 *(COMMON)
                0x20400000                . = ALIGN (0x4)
                0x20400000                __bss_end__ = .
                0x20400000                _ebss = .
                0x20400000                _ezero = .
                0x20400000                . = ALIGN (0x4)
                0x20400000                _end = .
                0x2045ffff                _ram_end_ = ((ORIGIN (ram) + LENGTH (ram)) - 0x1)
                0x00000200                _min_heap_size = 0x200
START GROUP
LOAD c:/program files/microchip/xc32/v4.10/bin/bin/../../lib/gcc/pic32c/8.3.1/../../../../pic32c/lib/thumb/v7e-m+dp/hard\libpic32c.a
LOAD c:/program files/microchip/xc32/v4.10/bin/bin/../../lib/gcc/pic32c/8.3.1/../../../../pic32c/lib/thumb/v7e-m+dp/hard\libm-emfloat.a
LOAD c:/program files/microchip/xc32/v4.10/bin/bin/../../lib/gcc/pic32c/8.3.1/../../../../pic32c/lib/thumb/v7e-m+dp/hard\libc-musl.a
LOAD c:/program files/microchip/xc32/v4.10/bin/bin/../../lib/gcc/pic32c/8.3.1/../../../../pic32c/lib/thumb/v7e-m+dp/hard\libm-emfloat.a
LOAD c:/program files/microchip/xc32/v4.10/bin/bin/../../lib/gcc/pic32c/8.3.1/thumb/v7e-m+dp/hard\libgcc.a
END GROUP
LOAD c:/program files/microchip/xc32/v4.10/bin/bin/../../lib/gcc/pic32c/8.3.1/thumb/v7e-m+dp/hard/crtend.o
LOAD c:/program files/microchip/xc32/v4.10/bin/bin/../../lib/gcc/pic32c/8.3.1/thumb/v7e-m+dp/hard/crtn.o
OUTPUT(dist/sam_v71_xult/production/sam_v71_xult.X.production.elf elf32-littlearm)
LOAD stack
LOAD data_init

.ARM.attributes
                0x00000000       0x32
 .ARM.attributes
                0x00000000       0x1e c:/program files/microchip/xc32/v4.10/bin/bin/../../lib/gcc/pic32c/8.3.1/thumb/v7e-m+dp/hard/crti.o
 .ARM.attributes
                0x0000001e       0x32 c:/program files/microchip/xc32/v4.10/bin/bin/../../lib/gcc/pic32c/8.3.1/thumb/v7e-m+dp/hard/crtbegin.o
 .ARM.attributes
                0x00000050       0x32 build/sam_v71_xult/production/_ext/1157990217/plib_clk.o
 .ARM.attributes
                0x00000082       0x32 build/sam_v71_xult/production/_ext/1157988489/plib_efc.o
 .ARM.attributes
                0x000000b4       0x32 build/sam_v71_xult/production/_ext/1537669298/plib_mcan1.o
 .ARM.attributes
                0x000000e6       0x32 build/sam_v71_xult/production/_ext/1157980473/plib_mpu.o
 .ARM.attributes
                0x00000118       0x32 build/sam_v71_xult/production/_ext/1537621011/plib_nvic.o
 .ARM.attributes
                0x0000014a       0x32 build/sam_v71_xult/production/_ext/1157977813/plib_pio.o
 .ARM.attributes
                0x0000017c       0x32 build/sam_v71_xult/production/_ext/415242918/plib_usart1.o
 .ARM.attributes
                0x000001ae       0x32 build/sam_v71_xult/production/_ext/1643282145/xc32_monitor.o
 .ARM.attributes
                0x000001e0       0x32 build/sam_v71_xult/production/_ext/1320227943/initialization.o
 .ARM.attributes
                0x00000212       0x32 build/sam_v71_xult/production/_ext/1320227943/interrupts.o
 .ARM.attributes
                0x00000244       0x32 build/sam_v71_xult/production/_ext/1320227943/exceptions.o
 .ARM.attributes
                0x00000276       0x32 build/sam_v71_xult/production/_ext/1320227943/startup_xc32.o
 .ARM.attributes
                0x000002a8       0x32 build/sam_v71_xult/production/_ext/1320227943/freertos_hooks.o
 .ARM.attributes
                0x000002da       0x32 build/sam_v71_xult/production/_ext/1320227943/tasks.o
 .ARM.attributes
                0x0000030c       0x32 build/sam_v71_xult/production/_ext/977623654/port.o
 .ARM.attributes
                0x0000033e       0x32 build/sam_v71_xult/production/_ext/1665200909/heap_1.o
 .ARM.attributes
                0x00000370       0x32 build/sam_v71_xult/production/_ext/404212886/list.o
 .ARM.attributes
                0x000003a2       0x32 build/sam_v71_xult/production/_ext/404212886/queue.o
 .ARM.attributes
                0x000003d4       0x32 build/sam_v71_xult/production/_ext/404212886/FreeRTOS_tasks.o
 .ARM.attributes
                0x00000406       0x32 build/sam_v71_xult/production/_ext/1522961716/Uart1_FreeRTOS.o
 .ARM.attributes
                0x00000438       0x32 build/sam_v71_xult/production/_ext/1360937237/main_v71.o
 .ARM.attributes
                0x0000046a       0x32 build/sam_v71_xult/production/_ext/1360937237/tarea_principal.o
 .ARM.attributes
                0x0000049c       0x32 build/sam_v71_xult/production/_ext/1563530619/mcan_fd_interrupt.o
 .ARM.attributes
                0x000004ce       0x32 c:/program files/microchip/xc32/v4.10/bin/bin/../../lib/gcc/pic32c/8.3.1/../../../../pic32c/lib/thumb/v7e-m+dp/hard\libpic32c.a(data_init.o)
 .ARM.attributes
                0x00000500       0x34 c:/program files/microchip/xc32/v4.10/bin/bin/../../lib/gcc/pic32c/8.3.1/../../../../pic32c/lib/thumb/v7e-m+dp/hard\libc-musl.a(__libc_start_main.o)
 .ARM.attributes
                0x00000534       0x32 c:/program files/microchip/xc32/v4.10/bin/bin/../../lib/gcc/pic32c/8.3.1/../../../../pic32c/lib/thumb/v7e-m+dp/hard\libc-musl.a(libc.o)
 .ARM.attributes
                0x00000566       0x34 c:/program files/microchip/xc32/v4.10/bin/bin/../../lib/gcc/pic32c/8.3.1/../../../../pic32c/lib/thumb/v7e-m+dp/hard\libc-musl.a(printf.o)
 .ARM.attributes
                0x0000059a       0x34 c:/program files/microchip/xc32/v4.10/bin/bin/../../lib/gcc/pic32c/8.3.1/../../../../pic32c/lib/thumb/v7e-m+dp/hard\libc-musl.a(puts.o)
 .ARM.attributes
                0x000005ce       0x34 c:/program files/microchip/xc32/v4.10/bin/bin/../../lib/gcc/pic32c/8.3.1/../../../../pic32c/lib/thumb/v7e-m+dp/hard\libc-musl.a(memcpy.o)
 .ARM.attributes
                0x00000602       0x34 c:/program files/microchip/xc32/v4.10/bin/bin/../../lib/gcc/pic32c/8.3.1/../../../../pic32c/lib/thumb/v7e-m+dp/hard\libc-musl.a(memset.o)
 .ARM.attributes
                0x00000636       0x34 c:/program files/microchip/xc32/v4.10/bin/bin/../../lib/gcc/pic32c/8.3.1/../../../../pic32c/lib/thumb/v7e-m+dp/hard\libc-musl.a(strlen.o)
 .ARM.attributes
                0x0000066a       0x34 c:/program files/microchip/xc32/v4.10/bin/bin/../../lib/gcc/pic32c/8.3.1/../../../../pic32c/lib/thumb/v7e-m+dp/hard\libc-musl.a(strcpy.o)
 .ARM.attributes
                0x0000069e       0x32 c:/program files/microchip/xc32/v4.10/bin/bin/../../lib/gcc/pic32c/8.3.1/../../../../pic32c/lib/thumb/v7e-m+dp/hard\libc-musl.a(__environ.o)
 .ARM.attributes
                0x000006d0       0x34 c:/program files/microchip/xc32/v4.10/bin/bin/../../lib/gcc/pic32c/8.3.1/../../../../pic32c/lib/thumb/v7e-m+dp/hard\libc-musl.a(fputs.o)
 .ARM.attributes
                0x00000704       0x34 c:/program files/microchip/xc32/v4.10/bin/bin/../../lib/gcc/pic32c/8.3.1/../../../../pic32c/lib/thumb/v7e-m+dp/hard\libc-musl.a(fwrite.o)
 .ARM.attributes
                0x00000738       0x34 c:/program files/microchip/xc32/v4.10/bin/bin/../../lib/gcc/pic32c/8.3.1/../../../../pic32c/lib/thumb/v7e-m+dp/hard\libc-musl.a(putc.o)
 .ARM.attributes
                0x0000076c       0x34 c:/program files/microchip/xc32/v4.10/bin/bin/../../lib/gcc/pic32c/8.3.1/../../../../pic32c/lib/thumb/v7e-m+dp/hard\libc-musl.a(stdout.o)
 .ARM.attributes
                0x000007a0       0x34 c:/program files/microchip/xc32/v4.10/bin/bin/../../lib/gcc/pic32c/8.3.1/../../../../pic32c/lib/thumb/v7e-m+dp/hard\libc-musl.a(vfprintf.o)
 .ARM.attributes
                0x000007d4       0x34 c:/program files/microchip/xc32/v4.10/bin/bin/../../lib/gcc/pic32c/8.3.1/../../../../pic32c/lib/thumb/v7e-m+dp/hard\libc-musl.a(stpcpy.o)
 .ARM.attributes
                0x00000808       0x34 c:/program files/microchip/xc32/v4.10/bin/bin/../../lib/gcc/pic32c/8.3.1/../../../../pic32c/lib/thumb/v7e-m+dp/hard\libc-musl.a(__out.o)
 .ARM.attributes
                0x0000083c       0x34 c:/program files/microchip/xc32/v4.10/bin/bin/../../lib/gcc/pic32c/8.3.1/../../../../pic32c/lib/thumb/v7e-m+dp/hard\libc-musl.a(__printf_core.o)
 .ARM.attributes
                0x00000870       0x34 c:/program files/microchip/xc32/v4.10/bin/bin/../../lib/gcc/pic32c/8.3.1/../../../../pic32c/lib/thumb/v7e-m+dp/hard\libc-musl.a(atoi.o)
 .ARM.attributes
                0x000008a4       0x34 c:/program files/microchip/xc32/v4.10/bin/bin/../../lib/gcc/pic32c/8.3.1/../../../../pic32c/lib/thumb/v7e-m+dp/hard\libc-musl.a(tolower.o)
 .ARM.attributes
                0x000008d8       0x32 c:/program files/microchip/xc32/v4.10/bin/bin/../../lib/gcc/pic32c/8.3.1/../../../../pic32c/lib/thumb/v7e-m+dp/hard\libc-musl.a(__errno_location.o)
 .ARM.attributes
                0x0000090a       0x34 c:/program files/microchip/xc32/v4.10/bin/bin/../../lib/gcc/pic32c/8.3.1/../../../../pic32c/lib/thumb/v7e-m+dp/hard\libc-musl.a(__fmt_a.o)
 .ARM.attributes
                0x0000093e       0x34 c:/program files/microchip/xc32/v4.10/bin/bin/../../lib/gcc/pic32c/8.3.1/../../../../pic32c/lib/thumb/v7e-m+dp/hard\libc-musl.a(__fmt_d.o)
 .ARM.attributes
                0x00000972       0x34 c:/program files/microchip/xc32/v4.10/bin/bin/../../lib/gcc/pic32c/8.3.1/../../../../pic32c/lib/thumb/v7e-m+dp/hard\libc-musl.a(__fmt_fp.o)
 .ARM.attributes
                0x000009a6       0x34 c:/program files/microchip/xc32/v4.10/bin/bin/../../lib/gcc/pic32c/8.3.1/../../../../pic32c/lib/thumb/v7e-m+dp/hard\libc-musl.a(__fmt_o.o)
 .ARM.attributes
                0x000009da       0x34 c:/program files/microchip/xc32/v4.10/bin/bin/../../lib/gcc/pic32c/8.3.1/../../../../pic32c/lib/thumb/v7e-m+dp/hard\libc-musl.a(__fmt_s.o)
 .ARM.attributes
                0x00000a0e       0x34 c:/program files/microchip/xc32/v4.10/bin/bin/../../lib/gcc/pic32c/8.3.1/../../../../pic32c/lib/thumb/v7e-m+dp/hard\libc-musl.a(__fmt_u.o)
 .ARM.attributes
                0x00000a42       0x34 c:/program files/microchip/xc32/v4.10/bin/bin/../../lib/gcc/pic32c/8.3.1/../../../../pic32c/lib/thumb/v7e-m+dp/hard\libc-musl.a(__fmt_x.o)
 .ARM.attributes
                0x00000a76       0x34 c:/program files/microchip/xc32/v4.10/bin/bin/../../lib/gcc/pic32c/8.3.1/../../../../pic32c/lib/thumb/v7e-m+dp/hard\libc-musl.a(__init_stdio.o)
 .ARM.attributes
                0x00000aaa       0x34 c:/program files/microchip/xc32/v4.10/bin/bin/../../lib/gcc/pic32c/8.3.1/../../../../pic32c/lib/thumb/v7e-m+dp/hard\libc-musl.a(__pop_float.o)
 .ARM.attributes
                0x00000ade       0x34 c:/program files/microchip/xc32/v4.10/bin/bin/../../lib/gcc/pic32c/8.3.1/../../../../pic32c/lib/thumb/v7e-m+dp/hard\libc-musl.a(__pop_int.o)
 .ARM.attributes
                0x00000b12       0x34 c:/program files/microchip/xc32/v4.10/bin/bin/../../lib/gcc/pic32c/8.3.1/../../../../pic32c/lib/thumb/v7e-m+dp/hard\libc-musl.a(__pop_ptr.o)
 .ARM.attributes
                0x00000b46       0x34 c:/program files/microchip/xc32/v4.10/bin/bin/../../lib/gcc/pic32c/8.3.1/../../../../pic32c/lib/thumb/v7e-m+dp/hard\libc-musl.a(toupper.o)
 .ARM.attributes
                0x00000b7a       0x32 c:/program files/microchip/xc32/v4.10/bin/bin/../../lib/gcc/pic32c/8.3.1/../../../../pic32c/lib/thumb/v7e-m+dp/hard\libm-emfloat.a(lib_a-_FLOOR.o)
 .ARM.attributes
                0x00000bac       0x1e c:/program files/microchip/xc32/v4.10/bin/bin/../../lib/gcc/pic32c/8.3.1/thumb/v7e-m+dp/hard\libgcc.a(_aeabi_uldivmod.o)
 .ARM.attributes
                0x00000bca       0x32 c:/program files/microchip/xc32/v4.10/bin/bin/../../lib/gcc/pic32c/8.3.1/thumb/v7e-m+dp/hard\libgcc.a(_udivmoddi4.o)
 .ARM.attributes
                0x00000bfc       0x1e c:/program files/microchip/xc32/v4.10/bin/bin/../../lib/gcc/pic32c/8.3.1/thumb/v7e-m+dp/hard\libgcc.a(_dvmd_tls.o)
 .ARM.attributes
                0x00000c1a       0x1e c:/program files/microchip/xc32/v4.10/bin/bin/../../lib/gcc/pic32c/8.3.1/thumb/v7e-m+dp/hard/crtn.o

.comment        0x00000000       0x2b
 .comment       0x00000000       0x2b c:/program files/microchip/xc32/v4.10/bin/bin/../../lib/gcc/pic32c/8.3.1/thumb/v7e-m+dp/hard/crtbegin.o
                                 0x2c (size before relaxing)
 .comment       0x0000002b       0x2c build/sam_v71_xult/production/_ext/1157990217/plib_clk.o
 .comment       0x0000002b       0x2c build/sam_v71_xult/production/_ext/1157988489/plib_efc.o
 .comment       0x0000002b       0x2c build/sam_v71_xult/production/_ext/1537669298/plib_mcan1.o
 .comment       0x0000002b       0x2c build/sam_v71_xult/production/_ext/1157980473/plib_mpu.o
 .comment       0x0000002b       0x2c build/sam_v71_xult/production/_ext/1537621011/plib_nvic.o
 .comment       0x0000002b       0x2c build/sam_v71_xult/production/_ext/1157977813/plib_pio.o
 .comment       0x0000002b       0x2c build/sam_v71_xult/production/_ext/415242918/plib_usart1.o
 .comment       0x0000002b       0x2c build/sam_v71_xult/production/_ext/1643282145/xc32_monitor.o
 .comment       0x0000002b       0x2c build/sam_v71_xult/production/_ext/1320227943/initialization.o
 .comment       0x0000002b       0x2c build/sam_v71_xult/production/_ext/1320227943/interrupts.o
 .comment       0x0000002b       0x2c build/sam_v71_xult/production/_ext/1320227943/exceptions.o
 .comment       0x0000002b       0x2c build/sam_v71_xult/production/_ext/1320227943/startup_xc32.o
 .comment       0x0000002b       0x2c build/sam_v71_xult/production/_ext/1320227943/freertos_hooks.o
 .comment       0x0000002b       0x2c build/sam_v71_xult/production/_ext/1320227943/tasks.o
 .comment       0x0000002b       0x2c build/sam_v71_xult/production/_ext/977623654/port.o
 .comment       0x0000002b       0x2c build/sam_v71_xult/production/_ext/1665200909/heap_1.o
 .comment       0x0000002b       0x2c build/sam_v71_xult/production/_ext/404212886/list.o
 .comment       0x0000002b       0x2c build/sam_v71_xult/production/_ext/404212886/queue.o
 .comment       0x0000002b       0x2c build/sam_v71_xult/production/_ext/404212886/FreeRTOS_tasks.o
 .comment       0x0000002b       0x2c build/sam_v71_xult/production/_ext/1522961716/Uart1_FreeRTOS.o
 .comment       0x0000002b       0x2c build/sam_v71_xult/production/_ext/1360937237/main_v71.o
 .comment       0x0000002b       0x2c build/sam_v71_xult/production/_ext/1360937237/tarea_principal.o
 .comment       0x0000002b       0x2c build/sam_v71_xult/production/_ext/1563530619/mcan_fd_interrupt.o
 .comment       0x0000002b       0x2c c:/program files/microchip/xc32/v4.10/bin/bin/../../lib/gcc/pic32c/8.3.1/../../../../pic32c/lib/thumb/v7e-m+dp/hard\libpic32c.a(data_init.o)
 .comment       0x0000002b       0x2c c:/program files/microchip/xc32/v4.10/bin/bin/../../lib/gcc/pic32c/8.3.1/../../../../pic32c/lib/thumb/v7e-m+dp/hard\libc-musl.a(__libc_start_main.o)
 .comment       0x0000002b       0x2c c:/program files/microchip/xc32/v4.10/bin/bin/../../lib/gcc/pic32c/8.3.1/../../../../pic32c/lib/thumb/v7e-m+dp/hard\libc-musl.a(libc.o)
 .comment       0x0000002b       0x2c c:/program files/microchip/xc32/v4.10/bin/bin/../../lib/gcc/pic32c/8.3.1/../../../../pic32c/lib/thumb/v7e-m+dp/hard\libc-musl.a(printf.o)
 .comment       0x0000002b       0x2c c:/program files/microchip/xc32/v4.10/bin/bin/../../lib/gcc/pic32c/8.3.1/../../../../pic32c/lib/thumb/v7e-m+dp/hard\libc-musl.a(puts.o)
 .comment       0x0000002b       0x2c c:/program files/microchip/xc32/v4.10/bin/bin/../../lib/gcc/pic32c/8.3.1/../../../../pic32c/lib/thumb/v7e-m+dp/hard\libc-musl.a(memcpy.o)
 .comment       0x0000002b       0x2c c:/program files/microchip/xc32/v4.10/bin/bin/../../lib/gcc/pic32c/8.3.1/../../../../pic32c/lib/thumb/v7e-m+dp/hard\libc-musl.a(memset.o)
 .comment       0x0000002b       0x2c c:/program files/microchip/xc32/v4.10/bin/bin/../../lib/gcc/pic32c/8.3.1/../../../../pic32c/lib/thumb/v7e-m+dp/hard\libc-musl.a(strlen.o)
 .comment       0x0000002b       0x2c c:/program files/microchip/xc32/v4.10/bin/bin/../../lib/gcc/pic32c/8.3.1/../../../../pic32c/lib/thumb/v7e-m+dp/hard\libc-musl.a(strcpy.o)
 .comment       0x0000002b       0x2c c:/program files/microchip/xc32/v4.10/bin/bin/../../lib/gcc/pic32c/8.3.1/../../../../pic32c/lib/thumb/v7e-m+dp/hard\libc-musl.a(__environ.o)
 .comment       0x0000002b       0x2c c:/program files/microchip/xc32/v4.10/bin/bin/../../lib/gcc/pic32c/8.3.1/../../../../pic32c/lib/thumb/v7e-m+dp/hard\libc-musl.a(fputs.o)
 .comment       0x0000002b       0x2c c:/program files/microchip/xc32/v4.10/bin/bin/../../lib/gcc/pic32c/8.3.1/../../../../pic32c/lib/thumb/v7e-m+dp/hard\libc-musl.a(fwrite.o)
 .comment       0x0000002b       0x2c c:/program files/microchip/xc32/v4.10/bin/bin/../../lib/gcc/pic32c/8.3.1/../../../../pic32c/lib/thumb/v7e-m+dp/hard\libc-musl.a(putc.o)
 .comment       0x0000002b       0x2c c:/program files/microchip/xc32/v4.10/bin/bin/../../lib/gcc/pic32c/8.3.1/../../../../pic32c/lib/thumb/v7e-m+dp/hard\libc-musl.a(stdout.o)
 .comment       0x0000002b       0x2c c:/program files/microchip/xc32/v4.10/bin/bin/../../lib/gcc/pic32c/8.3.1/../../../../pic32c/lib/thumb/v7e-m+dp/hard\libc-musl.a(vfprintf.o)
 .comment       0x0000002b       0x2c c:/program files/microchip/xc32/v4.10/bin/bin/../../lib/gcc/pic32c/8.3.1/../../../../pic32c/lib/thumb/v7e-m+dp/hard\libc-musl.a(stpcpy.o)
 .comment       0x0000002b       0x2c c:/program files/microchip/xc32/v4.10/bin/bin/../../lib/gcc/pic32c/8.3.1/../../../../pic32c/lib/thumb/v7e-m+dp/hard\libc-musl.a(__out.o)
 .comment       0x0000002b       0x2c c:/program files/microchip/xc32/v4.10/bin/bin/../../lib/gcc/pic32c/8.3.1/../../../../pic32c/lib/thumb/v7e-m+dp/hard\libc-musl.a(__printf_core.o)
 .comment       0x0000002b       0x2c c:/program files/microchip/xc32/v4.10/bin/bin/../../lib/gcc/pic32c/8.3.1/../../../../pic32c/lib/thumb/v7e-m+dp/hard\libc-musl.a(atoi.o)
 .comment       0x0000002b       0x2c c:/program files/microchip/xc32/v4.10/bin/bin/../../lib/gcc/pic32c/8.3.1/../../../../pic32c/lib/thumb/v7e-m+dp/hard\libc-musl.a(tolower.o)
 .comment       0x0000002b       0x2c c:/program files/microchip/xc32/v4.10/bin/bin/../../lib/gcc/pic32c/8.3.1/../../../../pic32c/lib/thumb/v7e-m+dp/hard\libc-musl.a(__errno_location.o)
 .comment       0x0000002b       0x2c c:/program files/microchip/xc32/v4.10/bin/bin/../../lib/gcc/pic32c/8.3.1/../../../../pic32c/lib/thumb/v7e-m+dp/hard\libc-musl.a(__fmt_a.o)
 .comment       0x0000002b       0x2c c:/program files/microchip/xc32/v4.10/bin/bin/../../lib/gcc/pic32c/8.3.1/../../../../pic32c/lib/thumb/v7e-m+dp/hard\libc-musl.a(__fmt_d.o)
 .comment       0x0000002b       0x2c c:/program files/microchip/xc32/v4.10/bin/bin/../../lib/gcc/pic32c/8.3.1/../../../../pic32c/lib/thumb/v7e-m+dp/hard\libc-musl.a(__fmt_fp.o)
 .comment       0x0000002b       0x2c c:/program files/microchip/xc32/v4.10/bin/bin/../../lib/gcc/pic32c/8.3.1/../../../../pic32c/lib/thumb/v7e-m+dp/hard\libc-musl.a(__fmt_o.o)
 .comment       0x0000002b       0x2c c:/program files/microchip/xc32/v4.10/bin/bin/../../lib/gcc/pic32c/8.3.1/../../../../pic32c/lib/thumb/v7e-m+dp/hard\libc-musl.a(__fmt_s.o)
 .comment       0x0000002b       0x2c c:/program files/microchip/xc32/v4.10/bin/bin/../../lib/gcc/pic32c/8.3.1/../../../../pic32c/lib/thumb/v7e-m+dp/hard\libc-musl.a(__fmt_u.o)
 .comment       0x0000002b       0x2c c:/program files/microchip/xc32/v4.10/bin/bin/../../lib/gcc/pic32c/8.3.1/../../../../pic32c/lib/thumb/v7e-m+dp/hard\libc-musl.a(__fmt_x.o)
 .comment       0x0000002b       0x2c c:/program files/microchip/xc32/v4.10/bin/bin/../../lib/gcc/pic32c/8.3.1/../../../../pic32c/lib/thumb/v7e-m+dp/hard\libc-musl.a(__init_stdio.o)
 .comment       0x0000002b       0x2c c:/program files/microchip/xc32/v4.10/bin/bin/../../lib/gcc/pic32c/8.3.1/../../../../pic32c/lib/thumb/v7e-m+dp/hard\libc-musl.a(__pop_float.o)
 .comment       0x0000002b       0x2c c:/program files/microchip/xc32/v4.10/bin/bin/../../lib/gcc/pic32c/8.3.1/../../../../pic32c/lib/thumb/v7e-m+dp/hard\libc-musl.a(__pop_int.o)
 .comment       0x0000002b       0x2c c:/program files/microchip/xc32/v4.10/bin/bin/../../lib/gcc/pic32c/8.3.1/../../../../pic32c/lib/thumb/v7e-m+dp/hard\libc-musl.a(__pop_ptr.o)
 .comment       0x0000002b       0x2c c:/program files/microchip/xc32/v4.10/bin/bin/../../lib/gcc/pic32c/8.3.1/../../../../pic32c/lib/thumb/v7e-m+dp/hard\libc-musl.a(toupper.o)
 .comment       0x0000002b       0x2c c:/program files/microchip/xc32/v4.10/bin/bin/../../lib/gcc/pic32c/8.3.1/../../../../pic32c/lib/thumb/v7e-m+dp/hard\libm-emfloat.a(lib_a-_FLOOR.o)
 .comment       0x0000002b       0x2c c:/program files/microchip/xc32/v4.10/bin/bin/../../lib/gcc/pic32c/8.3.1/thumb/v7e-m+dp/hard\libgcc.a(_udivmoddi4.o)

.debug_info     0x00000000    0x1d25f
 .debug_info    0x00000000      0x8a5 build/sam_v71_xult/production/_ext/1157990217/plib_clk.o
 .debug_info    0x000008a5      0x919 build/sam_v71_xult/production/_ext/1157988489/plib_efc.o
 .debug_info    0x000011be     0x2023 build/sam_v71_xult/production/_ext/1537669298/plib_mcan1.o
 .debug_info    0x000031e1      0x921 build/sam_v71_xult/production/_ext/1157980473/plib_mpu.o
 .debug_info    0x00003b02     0x1200 build/sam_v71_xult/production/_ext/1537621011/plib_nvic.o
 .debug_info    0x00004d02      0xedb build/sam_v71_xult/production/_ext/1157977813/plib_pio.o
 .debug_info    0x00005bdd     0x1023 build/sam_v71_xult/production/_ext/415242918/plib_usart1.o
 .debug_info    0x00006c00      0x342 build/sam_v71_xult/production/_ext/1643282145/xc32_monitor.o
 .debug_info    0x00006f42      0x4c4 build/sam_v71_xult/production/_ext/1320227943/initialization.o
 .debug_info    0x00007406      0xdfe build/sam_v71_xult/production/_ext/1320227943/interrupts.o
 .debug_info    0x00008204      0x3fa build/sam_v71_xult/production/_ext/1320227943/exceptions.o
 .debug_info    0x000085fe      0xdb1 build/sam_v71_xult/production/_ext/1320227943/startup_xc32.o
 .debug_info    0x000093af      0x54a build/sam_v71_xult/production/_ext/1320227943/freertos_hooks.o
 .debug_info    0x000098f9      0x484 build/sam_v71_xult/production/_ext/1320227943/tasks.o
 .debug_info    0x00009d7d      0x79a build/sam_v71_xult/production/_ext/977623654/port.o
 .debug_info    0x0000a517      0x520 build/sam_v71_xult/production/_ext/1665200909/heap_1.o
 .debug_info    0x0000aa37      0x64d build/sam_v71_xult/production/_ext/404212886/list.o
 .debug_info    0x0000b084     0x2245 build/sam_v71_xult/production/_ext/404212886/queue.o
 .debug_info    0x0000d2c9     0x2e87 build/sam_v71_xult/production/_ext/404212886/FreeRTOS_tasks.o
 .debug_info    0x00010150      0xa88 build/sam_v71_xult/production/_ext/1522961716/Uart1_FreeRTOS.o
 .debug_info    0x00010bd8      0x350 build/sam_v71_xult/production/_ext/1360937237/main_v71.o
 .debug_info    0x00010f28      0x969 build/sam_v71_xult/production/_ext/1360937237/tarea_principal.o
 .debug_info    0x00011891      0xfb4 build/sam_v71_xult/production/_ext/1563530619/mcan_fd_interrupt.o
 .debug_info    0x00012845      0x2b4 c:/program files/microchip/xc32/v4.10/bin/bin/../../lib/gcc/pic32c/8.3.1/../../../../pic32c/lib/thumb/v7e-m+dp/hard\libpic32c.a(data_init.o)
 .debug_info    0x00012af9      0x62d c:/program files/microchip/xc32/v4.10/bin/bin/../../lib/gcc/pic32c/8.3.1/../../../../pic32c/lib/thumb/v7e-m+dp/hard\libc-musl.a(__libc_start_main.o)
 .debug_info    0x00013126      0x53f c:/program files/microchip/xc32/v4.10/bin/bin/../../lib/gcc/pic32c/8.3.1/../../../../pic32c/lib/thumb/v7e-m+dp/hard\libc-musl.a(libc.o)
 .debug_info    0x00013665      0x347 c:/program files/microchip/xc32/v4.10/bin/bin/../../lib/gcc/pic32c/8.3.1/../../../../pic32c/lib/thumb/v7e-m+dp/hard\libc-musl.a(printf.o)
 .debug_info    0x000139ac      0x652 c:/program files/microchip/xc32/v4.10/bin/bin/../../lib/gcc/pic32c/8.3.1/../../../../pic32c/lib/thumb/v7e-m+dp/hard\libc-musl.a(puts.o)
 .debug_info    0x00013ffe      0x301 c:/program files/microchip/xc32/v4.10/bin/bin/../../lib/gcc/pic32c/8.3.1/../../../../pic32c/lib/thumb/v7e-m+dp/hard\libc-musl.a(memcpy.o)
 .debug_info    0x000142ff      0x2bf c:/program files/microchip/xc32/v4.10/bin/bin/../../lib/gcc/pic32c/8.3.1/../../../../pic32c/lib/thumb/v7e-m+dp/hard\libc-musl.a(memset.o)
 .debug_info    0x000145be      0x2b0 c:/program files/microchip/xc32/v4.10/bin/bin/../../lib/gcc/pic32c/8.3.1/../../../../pic32c/lib/thumb/v7e-m+dp/hard\libc-musl.a(strlen.o)
 .debug_info    0x0001486e      0x2be c:/program files/microchip/xc32/v4.10/bin/bin/../../lib/gcc/pic32c/8.3.1/../../../../pic32c/lib/thumb/v7e-m+dp/hard\libc-musl.a(strcpy.o)
 .debug_info    0x00014b2c      0x2b9 c:/program files/microchip/xc32/v4.10/bin/bin/../../lib/gcc/pic32c/8.3.1/../../../../pic32c/lib/thumb/v7e-m+dp/hard\libc-musl.a(__environ.o)
 .debug_info    0x00014de5      0x662 c:/program files/microchip/xc32/v4.10/bin/bin/../../lib/gcc/pic32c/8.3.1/../../../../pic32c/lib/thumb/v7e-m+dp/hard\libc-musl.a(fputs.o)
 .debug_info    0x00015447      0x4dd c:/program files/microchip/xc32/v4.10/bin/bin/../../lib/gcc/pic32c/8.3.1/../../../../pic32c/lib/thumb/v7e-m+dp/hard\libc-musl.a(fwrite.o)
 .debug_info    0x00015924      0x4b1 c:/program files/microchip/xc32/v4.10/bin/bin/../../lib/gcc/pic32c/8.3.1/../../../../pic32c/lib/thumb/v7e-m+dp/hard\libc-musl.a(putc.o)
 .debug_info    0x00015dd5      0x48d c:/program files/microchip/xc32/v4.10/bin/bin/../../lib/gcc/pic32c/8.3.1/../../../../pic32c/lib/thumb/v7e-m+dp/hard\libc-musl.a(stdout.o)
 .debug_info    0x00016262      0x6cd c:/program files/microchip/xc32/v4.10/bin/bin/../../lib/gcc/pic32c/8.3.1/../../../../pic32c/lib/thumb/v7e-m+dp/hard\libc-musl.a(vfprintf.o)
 .debug_info    0x0001692f      0x2c2 c:/program files/microchip/xc32/v4.10/bin/bin/../../lib/gcc/pic32c/8.3.1/../../../../pic32c/lib/thumb/v7e-m+dp/hard\libc-musl.a(stpcpy.o)
 .debug_info    0x00016bf1      0x542 c:/program files/microchip/xc32/v4.10/bin/bin/../../lib/gcc/pic32c/8.3.1/../../../../pic32c/lib/thumb/v7e-m+dp/hard\libc-musl.a(__out.o)
 .debug_info    0x00017133      0xd3d c:/program files/microchip/xc32/v4.10/bin/bin/../../lib/gcc/pic32c/8.3.1/../../../../pic32c/lib/thumb/v7e-m+dp/hard\libc-musl.a(__printf_core.o)
 .debug_info    0x00017e70      0x305 c:/program files/microchip/xc32/v4.10/bin/bin/../../lib/gcc/pic32c/8.3.1/../../../../pic32c/lib/thumb/v7e-m+dp/hard\libc-musl.a(atoi.o)
 .debug_info    0x00018175      0x35d c:/program files/microchip/xc32/v4.10/bin/bin/../../lib/gcc/pic32c/8.3.1/../../../../pic32c/lib/thumb/v7e-m+dp/hard\libc-musl.a(tolower.o)
 .debug_info    0x000184d2      0x27d c:/program files/microchip/xc32/v4.10/bin/bin/../../lib/gcc/pic32c/8.3.1/../../../../pic32c/lib/thumb/v7e-m+dp/hard\libc-musl.a(__errno_location.o)
 .debug_info    0x0001874f      0x994 c:/program files/microchip/xc32/v4.10/bin/bin/../../lib/gcc/pic32c/8.3.1/../../../../pic32c/lib/thumb/v7e-m+dp/hard\libc-musl.a(__fmt_a.o)
 .debug_info    0x000190e3      0x5cc c:/program files/microchip/xc32/v4.10/bin/bin/../../lib/gcc/pic32c/8.3.1/../../../../pic32c/lib/thumb/v7e-m+dp/hard\libc-musl.a(__fmt_d.o)
 .debug_info    0x000196af      0x98a c:/program files/microchip/xc32/v4.10/bin/bin/../../lib/gcc/pic32c/8.3.1/../../../../pic32c/lib/thumb/v7e-m+dp/hard\libc-musl.a(__fmt_fp.o)
 .debug_info    0x0001a039      0x59d c:/program files/microchip/xc32/v4.10/bin/bin/../../lib/gcc/pic32c/8.3.1/../../../../pic32c/lib/thumb/v7e-m+dp/hard\libc-musl.a(__fmt_o.o)
 .debug_info    0x0001a5d6      0x541 c:/program files/microchip/xc32/v4.10/bin/bin/../../lib/gcc/pic32c/8.3.1/../../../../pic32c/lib/thumb/v7e-m+dp/hard\libc-musl.a(__fmt_s.o)
 .debug_info    0x0001ab17      0x66a c:/program files/microchip/xc32/v4.10/bin/bin/../../lib/gcc/pic32c/8.3.1/../../../../pic32c/lib/thumb/v7e-m+dp/hard\libc-musl.a(__fmt_u.o)
 .debug_info    0x0001b181      0x603 c:/program files/microchip/xc32/v4.10/bin/bin/../../lib/gcc/pic32c/8.3.1/../../../../pic32c/lib/thumb/v7e-m+dp/hard\libc-musl.a(__fmt_x.o)
 .debug_info    0x0001b784      0x336 c:/program files/microchip/xc32/v4.10/bin/bin/../../lib/gcc/pic32c/8.3.1/../../../../pic32c/lib/thumb/v7e-m+dp/hard\libc-musl.a(__init_stdio.o)
 .debug_info    0x0001baba      0x3e7 c:/program files/microchip/xc32/v4.10/bin/bin/../../lib/gcc/pic32c/8.3.1/../../../../pic32c/lib/thumb/v7e-m+dp/hard\libc-musl.a(__pop_float.o)
 .debug_info    0x0001bea1      0x40b c:/program files/microchip/xc32/v4.10/bin/bin/../../lib/gcc/pic32c/8.3.1/../../../../pic32c/lib/thumb/v7e-m+dp/hard\libc-musl.a(__pop_int.o)
 .debug_info    0x0001c2ac      0x411 c:/program files/microchip/xc32/v4.10/bin/bin/../../lib/gcc/pic32c/8.3.1/../../../../pic32c/lib/thumb/v7e-m+dp/hard\libc-musl.a(__pop_ptr.o)
 .debug_info    0x0001c6bd      0x35d c:/program files/microchip/xc32/v4.10/bin/bin/../../lib/gcc/pic32c/8.3.1/../../../../pic32c/lib/thumb/v7e-m+dp/hard\libc-musl.a(toupper.o)
 .debug_info    0x0001ca1a       0x26 c:/program files/microchip/xc32/v4.10/bin/bin/../../lib/gcc/pic32c/8.3.1/thumb/v7e-m+dp/hard\libgcc.a(_aeabi_uldivmod.o)
 .debug_info    0x0001ca40      0x7f9 c:/program files/microchip/xc32/v4.10/bin/bin/../../lib/gcc/pic32c/8.3.1/thumb/v7e-m+dp/hard\libgcc.a(_udivmoddi4.o)
 .debug_info    0x0001d239       0x26 c:/program files/microchip/xc32/v4.10/bin/bin/../../lib/gcc/pic32c/8.3.1/thumb/v7e-m+dp/hard\libgcc.a(_dvmd_tls.o)

.debug_abbrev   0x00000000     0x48c8
 .debug_abbrev  0x00000000       0xc2 build/sam_v71_xult/production/_ext/1157990217/plib_clk.o
 .debug_abbrev  0x000000c2      0x1e2 build/sam_v71_xult/production/_ext/1157988489/plib_efc.o
 .debug_abbrev  0x000002a4      0x324 build/sam_v71_xult/production/_ext/1537669298/plib_mcan1.o
 .debug_abbrev  0x000005c8       0xd1 build/sam_v71_xult/production/_ext/1157980473/plib_mpu.o
 .debug_abbrev  0x00000699      0x1e4 build/sam_v71_xult/production/_ext/1537621011/plib_nvic.o
 .debug_abbrev  0x0000087d      0x16d build/sam_v71_xult/production/_ext/1157977813/plib_pio.o
 .debug_abbrev  0x000009ea      0x30c build/sam_v71_xult/production/_ext/415242918/plib_usart1.o
 .debug_abbrev  0x00000cf6       0x96 build/sam_v71_xult/production/_ext/1643282145/xc32_monitor.o
 .debug_abbrev  0x00000d8c       0xc3 build/sam_v71_xult/production/_ext/1320227943/initialization.o
 .debug_abbrev  0x00000e4f       0xb5 build/sam_v71_xult/production/_ext/1320227943/interrupts.o
 .debug_abbrev  0x00000f04       0x3e build/sam_v71_xult/production/_ext/1320227943/exceptions.o
 .debug_abbrev  0x00000f42      0x210 build/sam_v71_xult/production/_ext/1320227943/startup_xc32.o
 .debug_abbrev  0x00001152      0x14e build/sam_v71_xult/production/_ext/1320227943/freertos_hooks.o
 .debug_abbrev  0x000012a0       0xf7 build/sam_v71_xult/production/_ext/1320227943/tasks.o
 .debug_abbrev  0x00001397      0x23e build/sam_v71_xult/production/_ext/977623654/port.o
 .debug_abbrev  0x000015d5      0x16c build/sam_v71_xult/production/_ext/1665200909/heap_1.o
 .debug_abbrev  0x00001741      0x15e build/sam_v71_xult/production/_ext/404212886/list.o
 .debug_abbrev  0x0000189f      0x38a build/sam_v71_xult/production/_ext/404212886/queue.o
 .debug_abbrev  0x00001c29      0x466 build/sam_v71_xult/production/_ext/404212886/FreeRTOS_tasks.o
 .debug_abbrev  0x0000208f      0x1de build/sam_v71_xult/production/_ext/1522961716/Uart1_FreeRTOS.o
 .debug_abbrev  0x0000226d       0x77 build/sam_v71_xult/production/_ext/1360937237/main_v71.o
 .debug_abbrev  0x000022e4      0x1ae build/sam_v71_xult/production/_ext/1360937237/tarea_principal.o
 .debug_abbrev  0x00002492      0x30f build/sam_v71_xult/production/_ext/1563530619/mcan_fd_interrupt.o
 .debug_abbrev  0x000027a1       0x2e c:/program files/microchip/xc32/v4.10/bin/bin/../../lib/gcc/pic32c/8.3.1/../../../../pic32c/lib/thumb/v7e-m+dp/hard\libpic32c.a(data_init.o)
 .debug_abbrev  0x000027cf      0x117 c:/program files/microchip/xc32/v4.10/bin/bin/../../lib/gcc/pic32c/8.3.1/../../../../pic32c/lib/thumb/v7e-m+dp/hard\libc-musl.a(__libc_start_main.o)
 .debug_abbrev  0x000028e6       0xb8 c:/program files/microchip/xc32/v4.10/bin/bin/../../lib/gcc/pic32c/8.3.1/../../../../pic32c/lib/thumb/v7e-m+dp/hard\libc-musl.a(libc.o)
 .debug_abbrev  0x0000299e      0x112 c:/program files/microchip/xc32/v4.10/bin/bin/../../lib/gcc/pic32c/8.3.1/../../../../pic32c/lib/thumb/v7e-m+dp/hard\libc-musl.a(printf.o)
 .debug_abbrev  0x00002ab0      0x151 c:/program files/microchip/xc32/v4.10/bin/bin/../../lib/gcc/pic32c/8.3.1/../../../../pic32c/lib/thumb/v7e-m+dp/hard\libc-musl.a(puts.o)
 .debug_abbrev  0x00002c01       0x9c c:/program files/microchip/xc32/v4.10/bin/bin/../../lib/gcc/pic32c/8.3.1/../../../../pic32c/lib/thumb/v7e-m+dp/hard\libc-musl.a(memcpy.o)
 .debug_abbrev  0x00002c9d       0x97 c:/program files/microchip/xc32/v4.10/bin/bin/../../lib/gcc/pic32c/8.3.1/../../../../pic32c/lib/thumb/v7e-m+dp/hard\libc-musl.a(memset.o)
 .debug_abbrev  0x00002d34       0x86 c:/program files/microchip/xc32/v4.10/bin/bin/../../lib/gcc/pic32c/8.3.1/../../../../pic32c/lib/thumb/v7e-m+dp/hard\libc-musl.a(strlen.o)
 .debug_abbrev  0x00002dba       0x8e c:/program files/microchip/xc32/v4.10/bin/bin/../../lib/gcc/pic32c/8.3.1/../../../../pic32c/lib/thumb/v7e-m+dp/hard\libc-musl.a(strcpy.o)
 .debug_abbrev  0x00002e48       0x57 c:/program files/microchip/xc32/v4.10/bin/bin/../../lib/gcc/pic32c/8.3.1/../../../../pic32c/lib/thumb/v7e-m+dp/hard\libc-musl.a(__environ.o)
 .debug_abbrev  0x00002e9f      0x12a c:/program files/microchip/xc32/v4.10/bin/bin/../../lib/gcc/pic32c/8.3.1/../../../../pic32c/lib/thumb/v7e-m+dp/hard\libc-musl.a(fputs.o)
 .debug_abbrev  0x00002fc9      0x10f c:/program files/microchip/xc32/v4.10/bin/bin/../../lib/gcc/pic32c/8.3.1/../../../../pic32c/lib/thumb/v7e-m+dp/hard\libc-musl.a(fwrite.o)
 .debug_abbrev  0x000030d8      0x109 c:/program files/microchip/xc32/v4.10/bin/bin/../../lib/gcc/pic32c/8.3.1/../../../../pic32c/lib/thumb/v7e-m+dp/hard\libc-musl.a(putc.o)
 .debug_abbrev  0x000031e1      0x135 c:/program files/microchip/xc32/v4.10/bin/bin/../../lib/gcc/pic32c/8.3.1/../../../../pic32c/lib/thumb/v7e-m+dp/hard\libc-musl.a(stdout.o)
 .debug_abbrev  0x00003316      0x16d c:/program files/microchip/xc32/v4.10/bin/bin/../../lib/gcc/pic32c/8.3.1/../../../../pic32c/lib/thumb/v7e-m+dp/hard\libc-musl.a(vfprintf.o)
 .debug_abbrev  0x00003483       0x63 c:/program files/microchip/xc32/v4.10/bin/bin/../../lib/gcc/pic32c/8.3.1/../../../../pic32c/lib/thumb/v7e-m+dp/hard\libc-musl.a(stpcpy.o)
 .debug_abbrev  0x000034e6      0x170 c:/program files/microchip/xc32/v4.10/bin/bin/../../lib/gcc/pic32c/8.3.1/../../../../pic32c/lib/thumb/v7e-m+dp/hard\libc-musl.a(__out.o)
 .debug_abbrev  0x00003656      0x2c5 c:/program files/microchip/xc32/v4.10/bin/bin/../../lib/gcc/pic32c/8.3.1/../../../../pic32c/lib/thumb/v7e-m+dp/hard\libc-musl.a(__printf_core.o)
 .debug_abbrev  0x0000391b       0xbb c:/program files/microchip/xc32/v4.10/bin/bin/../../lib/gcc/pic32c/8.3.1/../../../../pic32c/lib/thumb/v7e-m+dp/hard\libc-musl.a(atoi.o)
 .debug_abbrev  0x000039d6       0xfd c:/program files/microchip/xc32/v4.10/bin/bin/../../lib/gcc/pic32c/8.3.1/../../../../pic32c/lib/thumb/v7e-m+dp/hard\libc-musl.a(tolower.o)
 .debug_abbrev  0x00003ad3       0x2e c:/program files/microchip/xc32/v4.10/bin/bin/../../lib/gcc/pic32c/8.3.1/../../../../pic32c/lib/thumb/v7e-m+dp/hard\libc-musl.a(__errno_location.o)
 .debug_abbrev  0x00003b01      0x1b0 c:/program files/microchip/xc32/v4.10/bin/bin/../../lib/gcc/pic32c/8.3.1/../../../../pic32c/lib/thumb/v7e-m+dp/hard\libc-musl.a(__fmt_a.o)
 .debug_abbrev  0x00003cb1      0x120 c:/program files/microchip/xc32/v4.10/bin/bin/../../lib/gcc/pic32c/8.3.1/../../../../pic32c/lib/thumb/v7e-m+dp/hard\libc-musl.a(__fmt_d.o)
 .debug_abbrev  0x00003dd1      0x1a1 c:/program files/microchip/xc32/v4.10/bin/bin/../../lib/gcc/pic32c/8.3.1/../../../../pic32c/lib/thumb/v7e-m+dp/hard\libc-musl.a(__fmt_fp.o)
 .debug_abbrev  0x00003f72      0x120 c:/program files/microchip/xc32/v4.10/bin/bin/../../lib/gcc/pic32c/8.3.1/../../../../pic32c/lib/thumb/v7e-m+dp/hard\libc-musl.a(__fmt_o.o)
 .debug_abbrev  0x00004092      0x10b c:/program files/microchip/xc32/v4.10/bin/bin/../../lib/gcc/pic32c/8.3.1/../../../../pic32c/lib/thumb/v7e-m+dp/hard\libc-musl.a(__fmt_s.o)
 .debug_abbrev  0x0000419d      0x163 c:/program files/microchip/xc32/v4.10/bin/bin/../../lib/gcc/pic32c/8.3.1/../../../../pic32c/lib/thumb/v7e-m+dp/hard\libc-musl.a(__fmt_u.o)
 .debug_abbrev  0x00004300      0x10f c:/program files/microchip/xc32/v4.10/bin/bin/../../lib/gcc/pic32c/8.3.1/../../../../pic32c/lib/thumb/v7e-m+dp/hard\libc-musl.a(__fmt_x.o)
 .debug_abbrev  0x0000440f       0x5a c:/program files/microchip/xc32/v4.10/bin/bin/../../lib/gcc/pic32c/8.3.1/../../../../pic32c/lib/thumb/v7e-m+dp/hard\libc-musl.a(__init_stdio.o)
 .debug_abbrev  0x00004469       0xbd c:/program files/microchip/xc32/v4.10/bin/bin/../../lib/gcc/pic32c/8.3.1/../../../../pic32c/lib/thumb/v7e-m+dp/hard\libc-musl.a(__pop_float.o)
 .debug_abbrev  0x00004526       0xbd c:/program files/microchip/xc32/v4.10/bin/bin/../../lib/gcc/pic32c/8.3.1/../../../../pic32c/lib/thumb/v7e-m+dp/hard\libc-musl.a(__pop_int.o)
 .debug_abbrev  0x000045e3       0xce c:/program files/microchip/xc32/v4.10/bin/bin/../../lib/gcc/pic32c/8.3.1/../../../../pic32c/lib/thumb/v7e-m+dp/hard\libc-musl.a(__pop_ptr.o)
 .debug_abbrev  0x000046b1       0xfd c:/program files/microchip/xc32/v4.10/bin/bin/../../lib/gcc/pic32c/8.3.1/../../../../pic32c/lib/thumb/v7e-m+dp/hard\libc-musl.a(toupper.o)
 .debug_abbrev  0x000047ae       0x14 c:/program files/microchip/xc32/v4.10/bin/bin/../../lib/gcc/pic32c/8.3.1/thumb/v7e-m+dp/hard\libgcc.a(_aeabi_uldivmod.o)
 .debug_abbrev  0x000047c2       0xf2 c:/program files/microchip/xc32/v4.10/bin/bin/../../lib/gcc/pic32c/8.3.1/thumb/v7e-m+dp/hard\libgcc.a(_udivmoddi4.o)
 .debug_abbrev  0x000048b4       0x14 c:/program files/microchip/xc32/v4.10/bin/bin/../../lib/gcc/pic32c/8.3.1/thumb/v7e-m+dp/hard\libgcc.a(_dvmd_tls.o)

.debug_aranges  0x00000000      0xd20
 .debug_aranges
                0x00000000       0x20 build/sam_v71_xult/production/_ext/1157990217/plib_clk.o
 .debug_aranges
                0x00000020       0x70 build/sam_v71_xult/production/_ext/1157988489/plib_efc.o
 .debug_aranges
                0x00000090       0xd0 build/sam_v71_xult/production/_ext/1537669298/plib_mcan1.o
 .debug_aranges
                0x00000160       0x20 build/sam_v71_xult/production/_ext/1157980473/plib_mpu.o
 .debug_aranges
                0x00000180       0x38 build/sam_v71_xult/production/_ext/1537621011/plib_nvic.o
 .debug_aranges
                0x000001b8       0x60 build/sam_v71_xult/production/_ext/1157977813/plib_pio.o
 .debug_aranges
                0x00000218       0x90 build/sam_v71_xult/production/_ext/415242918/plib_usart1.o
 .debug_aranges
                0x000002a8       0x28 build/sam_v71_xult/production/_ext/1643282145/xc32_monitor.o
 .debug_aranges
                0x000002d0       0x20 build/sam_v71_xult/production/_ext/1320227943/initialization.o
 .debug_aranges
                0x000002f0       0x20 build/sam_v71_xult/production/_ext/1320227943/interrupts.o
 .debug_aranges
                0x00000310       0x48 build/sam_v71_xult/production/_ext/1320227943/exceptions.o
 .debug_aranges
                0x00000358       0x28 build/sam_v71_xult/production/_ext/1320227943/startup_xc32.o
 .debug_aranges
                0x00000380       0x40 build/sam_v71_xult/production/_ext/1320227943/freertos_hooks.o
 .debug_aranges
                0x000003c0       0x28 build/sam_v71_xult/production/_ext/1320227943/tasks.o
 .debug_aranges
                0x000003e8       0x78 build/sam_v71_xult/production/_ext/977623654/port.o
 .debug_aranges
                0x00000460       0x38 build/sam_v71_xult/production/_ext/1665200909/heap_1.o
 .debug_aranges
                0x00000498       0x40 build/sam_v71_xult/production/_ext/404212886/list.o
 .debug_aranges
                0x000004d8       0xd8 build/sam_v71_xult/production/_ext/404212886/queue.o
 .debug_aranges
                0x000005b0      0x178 build/sam_v71_xult/production/_ext/404212886/FreeRTOS_tasks.o
 .debug_aranges
                0x00000728       0x48 build/sam_v71_xult/production/_ext/1522961716/Uart1_FreeRTOS.o
 .debug_aranges
                0x00000770       0x20 build/sam_v71_xult/production/_ext/1360937237/main_v71.o
 .debug_aranges
                0x00000790       0x38 build/sam_v71_xult/production/_ext/1360937237/tarea_principal.o
 .debug_aranges
                0x000007c8       0x60 build/sam_v71_xult/production/_ext/1563530619/mcan_fd_interrupt.o
 .debug_aranges
                0x00000828       0x20 c:/program files/microchip/xc32/v4.10/bin/bin/../../lib/gcc/pic32c/8.3.1/../../../../pic32c/lib/thumb/v7e-m+dp/hard\libpic32c.a(data_init.o)
 .debug_aranges
                0x00000848       0x28 c:/program files/microchip/xc32/v4.10/bin/bin/../../lib/gcc/pic32c/8.3.1/../../../../pic32c/lib/thumb/v7e-m+dp/hard\libc-musl.a(__libc_start_main.o)
 .debug_aranges
                0x00000870       0x18 c:/program files/microchip/xc32/v4.10/bin/bin/../../lib/gcc/pic32c/8.3.1/../../../../pic32c/lib/thumb/v7e-m+dp/hard\libc-musl.a(libc.o)
 .debug_aranges
                0x00000888       0x20 c:/program files/microchip/xc32/v4.10/bin/bin/../../lib/gcc/pic32c/8.3.1/../../../../pic32c/lib/thumb/v7e-m+dp/hard\libc-musl.a(printf.o)
 .debug_aranges
                0x000008a8       0x20 c:/program files/microchip/xc32/v4.10/bin/bin/../../lib/gcc/pic32c/8.3.1/../../../../pic32c/lib/thumb/v7e-m+dp/hard\libc-musl.a(puts.o)
 .debug_aranges
                0x000008c8       0x20 c:/program files/microchip/xc32/v4.10/bin/bin/../../lib/gcc/pic32c/8.3.1/../../../../pic32c/lib/thumb/v7e-m+dp/hard\libc-musl.a(memcpy.o)
 .debug_aranges
                0x000008e8       0x20 c:/program files/microchip/xc32/v4.10/bin/bin/../../lib/gcc/pic32c/8.3.1/../../../../pic32c/lib/thumb/v7e-m+dp/hard\libc-musl.a(memset.o)
 .debug_aranges
                0x00000908       0x20 c:/program files/microchip/xc32/v4.10/bin/bin/../../lib/gcc/pic32c/8.3.1/../../../../pic32c/lib/thumb/v7e-m+dp/hard\libc-musl.a(strlen.o)
 .debug_aranges
                0x00000928       0x20 c:/program files/microchip/xc32/v4.10/bin/bin/../../lib/gcc/pic32c/8.3.1/../../../../pic32c/lib/thumb/v7e-m+dp/hard\libc-musl.a(strcpy.o)
 .debug_aranges
                0x00000948       0x18 c:/program files/microchip/xc32/v4.10/bin/bin/../../lib/gcc/pic32c/8.3.1/../../../../pic32c/lib/thumb/v7e-m+dp/hard\libc-musl.a(__environ.o)
 .debug_aranges
                0x00000960       0x20 c:/program files/microchip/xc32/v4.10/bin/bin/../../lib/gcc/pic32c/8.3.1/../../../../pic32c/lib/thumb/v7e-m+dp/hard\libc-musl.a(fputs.o)
 .debug_aranges
                0x00000980       0x28 c:/program files/microchip/xc32/v4.10/bin/bin/../../lib/gcc/pic32c/8.3.1/../../../../pic32c/lib/thumb/v7e-m+dp/hard\libc-musl.a(fwrite.o)
 .debug_aranges
                0x000009a8       0x30 c:/program files/microchip/xc32/v4.10/bin/bin/../../lib/gcc/pic32c/8.3.1/../../../../pic32c/lib/thumb/v7e-m+dp/hard\libc-musl.a(putc.o)
 .debug_aranges
                0x000009d8       0x30 c:/program files/microchip/xc32/v4.10/bin/bin/../../lib/gcc/pic32c/8.3.1/../../../../pic32c/lib/thumb/v7e-m+dp/hard\libc-musl.a(stdout.o)
 .debug_aranges
                0x00000a08       0x28 c:/program files/microchip/xc32/v4.10/bin/bin/../../lib/gcc/pic32c/8.3.1/../../../../pic32c/lib/thumb/v7e-m+dp/hard\libc-musl.a(vfprintf.o)
 .debug_aranges
                0x00000a30       0x20 c:/program files/microchip/xc32/v4.10/bin/bin/../../lib/gcc/pic32c/8.3.1/../../../../pic32c/lib/thumb/v7e-m+dp/hard\libc-musl.a(stpcpy.o)
 .debug_aranges
                0x00000a50       0x28 c:/program files/microchip/xc32/v4.10/bin/bin/../../lib/gcc/pic32c/8.3.1/../../../../pic32c/lib/thumb/v7e-m+dp/hard\libc-musl.a(__out.o)
 .debug_aranges
                0x00000a78       0x50 c:/program files/microchip/xc32/v4.10/bin/bin/../../lib/gcc/pic32c/8.3.1/../../../../pic32c/lib/thumb/v7e-m+dp/hard\libc-musl.a(__printf_core.o)
 .debug_aranges
                0x00000ac8       0x20 c:/program files/microchip/xc32/v4.10/bin/bin/../../lib/gcc/pic32c/8.3.1/../../../../pic32c/lib/thumb/v7e-m+dp/hard\libc-musl.a(atoi.o)
 .debug_aranges
                0x00000ae8       0x28 c:/program files/microchip/xc32/v4.10/bin/bin/../../lib/gcc/pic32c/8.3.1/../../../../pic32c/lib/thumb/v7e-m+dp/hard\libc-musl.a(tolower.o)
 .debug_aranges
                0x00000b10       0x18 c:/program files/microchip/xc32/v4.10/bin/bin/../../lib/gcc/pic32c/8.3.1/../../../../pic32c/lib/thumb/v7e-m+dp/hard\libc-musl.a(__errno_location.o)
 .debug_aranges
                0x00000b28       0x20 c:/program files/microchip/xc32/v4.10/bin/bin/../../lib/gcc/pic32c/8.3.1/../../../../pic32c/lib/thumb/v7e-m+dp/hard\libc-musl.a(__fmt_a.o)
 .debug_aranges
                0x00000b48       0x20 c:/program files/microchip/xc32/v4.10/bin/bin/../../lib/gcc/pic32c/8.3.1/../../../../pic32c/lib/thumb/v7e-m+dp/hard\libc-musl.a(__fmt_d.o)
 .debug_aranges
                0x00000b68       0x20 c:/program files/microchip/xc32/v4.10/bin/bin/../../lib/gcc/pic32c/8.3.1/../../../../pic32c/lib/thumb/v7e-m+dp/hard\libc-musl.a(__fmt_fp.o)
 .debug_aranges
                0x00000b88       0x20 c:/program files/microchip/xc32/v4.10/bin/bin/../../lib/gcc/pic32c/8.3.1/../../../../pic32c/lib/thumb/v7e-m+dp/hard\libc-musl.a(__fmt_o.o)
 .debug_aranges
                0x00000ba8       0x20 c:/program files/microchip/xc32/v4.10/bin/bin/../../lib/gcc/pic32c/8.3.1/../../../../pic32c/lib/thumb/v7e-m+dp/hard\libc-musl.a(__fmt_s.o)
 .debug_aranges
                0x00000bc8       0x28 c:/program files/microchip/xc32/v4.10/bin/bin/../../lib/gcc/pic32c/8.3.1/../../../../pic32c/lib/thumb/v7e-m+dp/hard\libc-musl.a(__fmt_u.o)
 .debug_aranges
                0x00000bf0       0x20 c:/program files/microchip/xc32/v4.10/bin/bin/../../lib/gcc/pic32c/8.3.1/../../../../pic32c/lib/thumb/v7e-m+dp/hard\libc-musl.a(__fmt_x.o)
 .debug_aranges
                0x00000c10       0x28 c:/program files/microchip/xc32/v4.10/bin/bin/../../lib/gcc/pic32c/8.3.1/../../../../pic32c/lib/thumb/v7e-m+dp/hard\libc-musl.a(__init_stdio.o)
 .debug_aranges
                0x00000c38       0x20 c:/program files/microchip/xc32/v4.10/bin/bin/../../lib/gcc/pic32c/8.3.1/../../../../pic32c/lib/thumb/v7e-m+dp/hard\libc-musl.a(__pop_float.o)
 .debug_aranges
                0x00000c58       0x20 c:/program files/microchip/xc32/v4.10/bin/bin/../../lib/gcc/pic32c/8.3.1/../../../../pic32c/lib/thumb/v7e-m+dp/hard\libc-musl.a(__pop_int.o)
 .debug_aranges
                0x00000c78       0x20 c:/program files/microchip/xc32/v4.10/bin/bin/../../lib/gcc/pic32c/8.3.1/../../../../pic32c/lib/thumb/v7e-m+dp/hard\libc-musl.a(__pop_ptr.o)
 .debug_aranges
                0x00000c98       0x28 c:/program files/microchip/xc32/v4.10/bin/bin/../../lib/gcc/pic32c/8.3.1/../../../../pic32c/lib/thumb/v7e-m+dp/hard\libc-musl.a(toupper.o)
 .debug_aranges
                0x00000cc0       0x20 c:/program files/microchip/xc32/v4.10/bin/bin/../../lib/gcc/pic32c/8.3.1/thumb/v7e-m+dp/hard\libgcc.a(_aeabi_uldivmod.o)
 .debug_aranges
                0x00000ce0       0x20 c:/program files/microchip/xc32/v4.10/bin/bin/../../lib/gcc/pic32c/8.3.1/thumb/v7e-m+dp/hard\libgcc.a(_udivmoddi4.o)
 .debug_aranges
                0x00000d00       0x20 c:/program files/microchip/xc32/v4.10/bin/bin/../../lib/gcc/pic32c/8.3.1/thumb/v7e-m+dp/hard\libgcc.a(_dvmd_tls.o)

.debug_ranges   0x00000000      0xca0
 .debug_ranges  0x00000000       0x10 build/sam_v71_xult/production/_ext/1157990217/plib_clk.o
 .debug_ranges  0x00000010       0x90 build/sam_v71_xult/production/_ext/1157988489/plib_efc.o
 .debug_ranges  0x000000a0       0xc0 build/sam_v71_xult/production/_ext/1537669298/plib_mcan1.o
 .debug_ranges  0x00000160       0x10 build/sam_v71_xult/production/_ext/1157980473/plib_mpu.o
 .debug_ranges  0x00000170       0x28 build/sam_v71_xult/production/_ext/1537621011/plib_nvic.o
 .debug_ranges  0x00000198       0x50 build/sam_v71_xult/production/_ext/1157977813/plib_pio.o
 .debug_ranges  0x000001e8       0x80 build/sam_v71_xult/production/_ext/415242918/plib_usart1.o
 .debug_ranges  0x00000268       0x18 build/sam_v71_xult/production/_ext/1643282145/xc32_monitor.o
 .debug_ranges  0x00000280       0x10 build/sam_v71_xult/production/_ext/1320227943/initialization.o
 .debug_ranges  0x00000290       0x10 build/sam_v71_xult/production/_ext/1320227943/interrupts.o
 .debug_ranges  0x000002a0       0x38 build/sam_v71_xult/production/_ext/1320227943/exceptions.o
 .debug_ranges  0x000002d8       0x18 build/sam_v71_xult/production/_ext/1320227943/startup_xc32.o
 .debug_ranges  0x000002f0       0x30 build/sam_v71_xult/production/_ext/1320227943/freertos_hooks.o
 .debug_ranges  0x00000320       0x18 build/sam_v71_xult/production/_ext/1320227943/tasks.o
 .debug_ranges  0x00000338       0x68 build/sam_v71_xult/production/_ext/977623654/port.o
 .debug_ranges  0x000003a0       0x28 build/sam_v71_xult/production/_ext/1665200909/heap_1.o
 .debug_ranges  0x000003c8       0x30 build/sam_v71_xult/production/_ext/404212886/list.o
 .debug_ranges  0x000003f8      0x190 build/sam_v71_xult/production/_ext/404212886/queue.o
 .debug_ranges  0x00000588      0x288 build/sam_v71_xult/production/_ext/404212886/FreeRTOS_tasks.o
 .debug_ranges  0x00000810       0x38 build/sam_v71_xult/production/_ext/1522961716/Uart1_FreeRTOS.o
 .debug_ranges  0x00000848       0x10 build/sam_v71_xult/production/_ext/1360937237/main_v71.o
 .debug_ranges  0x00000858       0x40 build/sam_v71_xult/production/_ext/1360937237/tarea_principal.o
 .debug_ranges  0x00000898       0x98 build/sam_v71_xult/production/_ext/1563530619/mcan_fd_interrupt.o
 .debug_ranges  0x00000930       0x10 c:/program files/microchip/xc32/v4.10/bin/bin/../../lib/gcc/pic32c/8.3.1/../../../../pic32c/lib/thumb/v7e-m+dp/hard\libpic32c.a(data_init.o)
 .debug_ranges  0x00000940       0x40 c:/program files/microchip/xc32/v4.10/bin/bin/../../lib/gcc/pic32c/8.3.1/../../../../pic32c/lib/thumb/v7e-m+dp/hard\libc-musl.a(__libc_start_main.o)
 .debug_ranges  0x00000980       0x10 c:/program files/microchip/xc32/v4.10/bin/bin/../../lib/gcc/pic32c/8.3.1/../../../../pic32c/lib/thumb/v7e-m+dp/hard\libc-musl.a(printf.o)
 .debug_ranges  0x00000990       0x10 c:/program files/microchip/xc32/v4.10/bin/bin/../../lib/gcc/pic32c/8.3.1/../../../../pic32c/lib/thumb/v7e-m+dp/hard\libc-musl.a(puts.o)
 .debug_ranges  0x000009a0       0x10 c:/program files/microchip/xc32/v4.10/bin/bin/../../lib/gcc/pic32c/8.3.1/../../../../pic32c/lib/thumb/v7e-m+dp/hard\libc-musl.a(memcpy.o)
 .debug_ranges  0x000009b0       0x10 c:/program files/microchip/xc32/v4.10/bin/bin/../../lib/gcc/pic32c/8.3.1/../../../../pic32c/lib/thumb/v7e-m+dp/hard\libc-musl.a(memset.o)
 .debug_ranges  0x000009c0       0x10 c:/program files/microchip/xc32/v4.10/bin/bin/../../lib/gcc/pic32c/8.3.1/../../../../pic32c/lib/thumb/v7e-m+dp/hard\libc-musl.a(strlen.o)
 .debug_ranges  0x000009d0       0x10 c:/program files/microchip/xc32/v4.10/bin/bin/../../lib/gcc/pic32c/8.3.1/../../../../pic32c/lib/thumb/v7e-m+dp/hard\libc-musl.a(strcpy.o)
 .debug_ranges  0x000009e0       0x10 c:/program files/microchip/xc32/v4.10/bin/bin/../../lib/gcc/pic32c/8.3.1/../../../../pic32c/lib/thumb/v7e-m+dp/hard\libc-musl.a(fputs.o)
 .debug_ranges  0x000009f0       0x18 c:/program files/microchip/xc32/v4.10/bin/bin/../../lib/gcc/pic32c/8.3.1/../../../../pic32c/lib/thumb/v7e-m+dp/hard\libc-musl.a(fwrite.o)
 .debug_ranges  0x00000a08       0x20 c:/program files/microchip/xc32/v4.10/bin/bin/../../lib/gcc/pic32c/8.3.1/../../../../pic32c/lib/thumb/v7e-m+dp/hard\libc-musl.a(putc.o)
 .debug_ranges  0x00000a28       0x20 c:/program files/microchip/xc32/v4.10/bin/bin/../../lib/gcc/pic32c/8.3.1/../../../../pic32c/lib/thumb/v7e-m+dp/hard\libc-musl.a(stdout.o)
 .debug_ranges  0x00000a48       0x18 c:/program files/microchip/xc32/v4.10/bin/bin/../../lib/gcc/pic32c/8.3.1/../../../../pic32c/lib/thumb/v7e-m+dp/hard\libc-musl.a(vfprintf.o)
 .debug_ranges  0x00000a60       0x10 c:/program files/microchip/xc32/v4.10/bin/bin/../../lib/gcc/pic32c/8.3.1/../../../../pic32c/lib/thumb/v7e-m+dp/hard\libc-musl.a(stpcpy.o)
 .debug_ranges  0x00000a70       0x18 c:/program files/microchip/xc32/v4.10/bin/bin/../../lib/gcc/pic32c/8.3.1/../../../../pic32c/lib/thumb/v7e-m+dp/hard\libc-musl.a(__out.o)
 .debug_ranges  0x00000a88       0x68 c:/program files/microchip/xc32/v4.10/bin/bin/../../lib/gcc/pic32c/8.3.1/../../../../pic32c/lib/thumb/v7e-m+dp/hard\libc-musl.a(__printf_core.o)
 .debug_ranges  0x00000af0       0x10 c:/program files/microchip/xc32/v4.10/bin/bin/../../lib/gcc/pic32c/8.3.1/../../../../pic32c/lib/thumb/v7e-m+dp/hard\libc-musl.a(atoi.o)
 .debug_ranges  0x00000b00       0x18 c:/program files/microchip/xc32/v4.10/bin/bin/../../lib/gcc/pic32c/8.3.1/../../../../pic32c/lib/thumb/v7e-m+dp/hard\libc-musl.a(tolower.o)
 .debug_ranges  0x00000b18       0x10 c:/program files/microchip/xc32/v4.10/bin/bin/../../lib/gcc/pic32c/8.3.1/../../../../pic32c/lib/thumb/v7e-m+dp/hard\libc-musl.a(__fmt_a.o)
 .debug_ranges  0x00000b28       0x10 c:/program files/microchip/xc32/v4.10/bin/bin/../../lib/gcc/pic32c/8.3.1/../../../../pic32c/lib/thumb/v7e-m+dp/hard\libc-musl.a(__fmt_d.o)
 .debug_ranges  0x00000b38       0x10 c:/program files/microchip/xc32/v4.10/bin/bin/../../lib/gcc/pic32c/8.3.1/../../../../pic32c/lib/thumb/v7e-m+dp/hard\libc-musl.a(__fmt_fp.o)
 .debug_ranges  0x00000b48       0x10 c:/program files/microchip/xc32/v4.10/bin/bin/../../lib/gcc/pic32c/8.3.1/../../../../pic32c/lib/thumb/v7e-m+dp/hard\libc-musl.a(__fmt_o.o)
 .debug_ranges  0x00000b58       0x10 c:/program files/microchip/xc32/v4.10/bin/bin/../../lib/gcc/pic32c/8.3.1/../../../../pic32c/lib/thumb/v7e-m+dp/hard\libc-musl.a(__fmt_s.o)
 .debug_ranges  0x00000b68       0x18 c:/program files/microchip/xc32/v4.10/bin/bin/../../lib/gcc/pic32c/8.3.1/../../../../pic32c/lib/thumb/v7e-m+dp/hard\libc-musl.a(__fmt_u.o)
 .debug_ranges  0x00000b80       0x10 c:/program files/microchip/xc32/v4.10/bin/bin/../../lib/gcc/pic32c/8.3.1/../../../../pic32c/lib/thumb/v7e-m+dp/hard\libc-musl.a(__fmt_x.o)
 .debug_ranges  0x00000b90       0x18 c:/program files/microchip/xc32/v4.10/bin/bin/../../lib/gcc/pic32c/8.3.1/../../../../pic32c/lib/thumb/v7e-m+dp/hard\libc-musl.a(__init_stdio.o)
 .debug_ranges  0x00000ba8       0x10 c:/program files/microchip/xc32/v4.10/bin/bin/../../lib/gcc/pic32c/8.3.1/../../../../pic32c/lib/thumb/v7e-m+dp/hard\libc-musl.a(__pop_float.o)
 .debug_ranges  0x00000bb8       0x10 c:/program files/microchip/xc32/v4.10/bin/bin/../../lib/gcc/pic32c/8.3.1/../../../../pic32c/lib/thumb/v7e-m+dp/hard\libc-musl.a(__pop_int.o)
 .debug_ranges  0x00000bc8       0x10 c:/program files/microchip/xc32/v4.10/bin/bin/../../lib/gcc/pic32c/8.3.1/../../../../pic32c/lib/thumb/v7e-m+dp/hard\libc-musl.a(__pop_ptr.o)
 .debug_ranges  0x00000bd8       0x18 c:/program files/microchip/xc32/v4.10/bin/bin/../../lib/gcc/pic32c/8.3.1/../../../../pic32c/lib/thumb/v7e-m+dp/hard\libc-musl.a(toupper.o)
 .debug_ranges  0x00000bf0       0xb0 c:/program files/microchip/xc32/v4.10/bin/bin/../../lib/gcc/pic32c/8.3.1/thumb/v7e-m+dp/hard\libgcc.a(_udivmoddi4.o)

.debug_line     0x00000000     0xab3d
 .debug_line    0x00000000      0x1cb build/sam_v71_xult/production/_ext/1157990217/plib_clk.o
 .debug_line    0x000001cb      0x421 build/sam_v71_xult/production/_ext/1157988489/plib_efc.o
 .debug_line    0x000005ec      0x98c build/sam_v71_xult/production/_ext/1537669298/plib_mcan1.o
 .debug_line    0x00000f78      0x14a build/sam_v71_xult/production/_ext/1157980473/plib_mpu.o
 .debug_line    0x000010c2      0x32c build/sam_v71_xult/production/_ext/1537621011/plib_nvic.o
 .debug_line    0x000013ee      0x398 build/sam_v71_xult/production/_ext/1157977813/plib_pio.o
 .debug_line    0x00001786      0x67f build/sam_v71_xult/production/_ext/415242918/plib_usart1.o
 .debug_line    0x00001e05       0xcf build/sam_v71_xult/production/_ext/1643282145/xc32_monitor.o
 .debug_line    0x00001ed4      0x27f build/sam_v71_xult/production/_ext/1320227943/initialization.o
 .debug_line    0x00002153       0xbf build/sam_v71_xult/production/_ext/1320227943/interrupts.o
 .debug_line    0x00002212       0xcb build/sam_v71_xult/production/_ext/1320227943/exceptions.o
 .debug_line    0x000022dd      0x48f build/sam_v71_xult/production/_ext/1320227943/startup_xc32.o
 .debug_line    0x0000276c      0x1e3 build/sam_v71_xult/production/_ext/1320227943/freertos_hooks.o
 .debug_line    0x0000294f      0x12d build/sam_v71_xult/production/_ext/1320227943/tasks.o
 .debug_line    0x00002a7c      0x35f build/sam_v71_xult/production/_ext/977623654/port.o
 .debug_line    0x00002ddb      0x1dd build/sam_v71_xult/production/_ext/1665200909/heap_1.o
 .debug_line    0x00002fb8      0x2d4 build/sam_v71_xult/production/_ext/404212886/list.o
 .debug_line    0x0000328c      0xeef build/sam_v71_xult/production/_ext/404212886/queue.o
 .debug_line    0x0000417b     0x1752 build/sam_v71_xult/production/_ext/404212886/FreeRTOS_tasks.o
 .debug_line    0x000058cd      0x360 build/sam_v71_xult/production/_ext/1522961716/Uart1_FreeRTOS.o
 .debug_line    0x00005c2d       0x76 build/sam_v71_xult/production/_ext/1360937237/main_v71.o
 .debug_line    0x00005ca3      0x35a build/sam_v71_xult/production/_ext/1360937237/tarea_principal.o
 .debug_line    0x00005ffd      0x4cf build/sam_v71_xult/production/_ext/1563530619/mcan_fd_interrupt.o
 .debug_line    0x000064cc      0x112 c:/program files/microchip/xc32/v4.10/bin/bin/../../lib/gcc/pic32c/8.3.1/../../../../pic32c/lib/thumb/v7e-m+dp/hard\libpic32c.a(data_init.o)
 .debug_line    0x000065de      0x1db c:/program files/microchip/xc32/v4.10/bin/bin/../../lib/gcc/pic32c/8.3.1/../../../../pic32c/lib/thumb/v7e-m+dp/hard\libc-musl.a(__libc_start_main.o)
 .debug_line    0x000067b9       0xbf c:/program files/microchip/xc32/v4.10/bin/bin/../../lib/gcc/pic32c/8.3.1/../../../../pic32c/lib/thumb/v7e-m+dp/hard\libc-musl.a(libc.o)
 .debug_line    0x00006878      0x172 c:/program files/microchip/xc32/v4.10/bin/bin/../../lib/gcc/pic32c/8.3.1/../../../../pic32c/lib/thumb/v7e-m+dp/hard\libc-musl.a(printf.o)
 .debug_line    0x000069ea      0x1e5 c:/program files/microchip/xc32/v4.10/bin/bin/../../lib/gcc/pic32c/8.3.1/../../../../pic32c/lib/thumb/v7e-m+dp/hard\libc-musl.a(puts.o)
 .debug_line    0x00006bcf       0xf4 c:/program files/microchip/xc32/v4.10/bin/bin/../../lib/gcc/pic32c/8.3.1/../../../../pic32c/lib/thumb/v7e-m+dp/hard\libc-musl.a(memcpy.o)
 .debug_line    0x00006cc3       0xec c:/program files/microchip/xc32/v4.10/bin/bin/../../lib/gcc/pic32c/8.3.1/../../../../pic32c/lib/thumb/v7e-m+dp/hard\libc-musl.a(memset.o)
 .debug_line    0x00006daf       0xe8 c:/program files/microchip/xc32/v4.10/bin/bin/../../lib/gcc/pic32c/8.3.1/../../../../pic32c/lib/thumb/v7e-m+dp/hard\libc-musl.a(strlen.o)
 .debug_line    0x00006e97       0xb7 c:/program files/microchip/xc32/v4.10/bin/bin/../../lib/gcc/pic32c/8.3.1/../../../../pic32c/lib/thumb/v7e-m+dp/hard\libc-musl.a(strcpy.o)
 .debug_line    0x00006f4e      0x10f c:/program files/microchip/xc32/v4.10/bin/bin/../../lib/gcc/pic32c/8.3.1/../../../../pic32c/lib/thumb/v7e-m+dp/hard\libc-musl.a(__environ.o)
 .debug_line    0x0000705d      0x256 c:/program files/microchip/xc32/v4.10/bin/bin/../../lib/gcc/pic32c/8.3.1/../../../../pic32c/lib/thumb/v7e-m+dp/hard\libc-musl.a(fputs.o)
 .debug_line    0x000072b3      0x20b c:/program files/microchip/xc32/v4.10/bin/bin/../../lib/gcc/pic32c/8.3.1/../../../../pic32c/lib/thumb/v7e-m+dp/hard\libc-musl.a(fwrite.o)
 .debug_line    0x000074be      0x1b2 c:/program files/microchip/xc32/v4.10/bin/bin/../../lib/gcc/pic32c/8.3.1/../../../../pic32c/lib/thumb/v7e-m+dp/hard\libc-musl.a(putc.o)
 .debug_line    0x00007670      0x195 c:/program files/microchip/xc32/v4.10/bin/bin/../../lib/gcc/pic32c/8.3.1/../../../../pic32c/lib/thumb/v7e-m+dp/hard\libc-musl.a(stdout.o)
 .debug_line    0x00007805      0x204 c:/program files/microchip/xc32/v4.10/bin/bin/../../lib/gcc/pic32c/8.3.1/../../../../pic32c/lib/thumb/v7e-m+dp/hard\libc-musl.a(vfprintf.o)
 .debug_line    0x00007a09       0xcb c:/program files/microchip/xc32/v4.10/bin/bin/../../lib/gcc/pic32c/8.3.1/../../../../pic32c/lib/thumb/v7e-m+dp/hard\libc-musl.a(stpcpy.o)
 .debug_line    0x00007ad4      0x23d c:/program files/microchip/xc32/v4.10/bin/bin/../../lib/gcc/pic32c/8.3.1/../../../../pic32c/lib/thumb/v7e-m+dp/hard\libc-musl.a(__out.o)
 .debug_line    0x00007d11      0x699 c:/program files/microchip/xc32/v4.10/bin/bin/../../lib/gcc/pic32c/8.3.1/../../../../pic32c/lib/thumb/v7e-m+dp/hard\libc-musl.a(__printf_core.o)
 .debug_line    0x000083aa      0x17b c:/program files/microchip/xc32/v4.10/bin/bin/../../lib/gcc/pic32c/8.3.1/../../../../pic32c/lib/thumb/v7e-m+dp/hard\libc-musl.a(atoi.o)
 .debug_line    0x00008525      0x16b c:/program files/microchip/xc32/v4.10/bin/bin/../../lib/gcc/pic32c/8.3.1/../../../../pic32c/lib/thumb/v7e-m+dp/hard\libc-musl.a(tolower.o)
 .debug_line    0x00008690       0xa4 c:/program files/microchip/xc32/v4.10/bin/bin/../../lib/gcc/pic32c/8.3.1/../../../../pic32c/lib/thumb/v7e-m+dp/hard\libc-musl.a(__errno_location.o)
 .debug_line    0x00008734      0x62e c:/program files/microchip/xc32/v4.10/bin/bin/../../lib/gcc/pic32c/8.3.1/../../../../pic32c/lib/thumb/v7e-m+dp/hard\libc-musl.a(__fmt_a.o)
 .debug_line    0x00008d62      0x21c c:/program files/microchip/xc32/v4.10/bin/bin/../../lib/gcc/pic32c/8.3.1/../../../../pic32c/lib/thumb/v7e-m+dp/hard\libc-musl.a(__fmt_d.o)
 .debug_line    0x00008f7e      0x641 c:/program files/microchip/xc32/v4.10/bin/bin/../../lib/gcc/pic32c/8.3.1/../../../../pic32c/lib/thumb/v7e-m+dp/hard\libc-musl.a(__fmt_fp.o)
 .debug_line    0x000095bf      0x1c6 c:/program files/microchip/xc32/v4.10/bin/bin/../../lib/gcc/pic32c/8.3.1/../../../../pic32c/lib/thumb/v7e-m+dp/hard\libc-musl.a(__fmt_o.o)
 .debug_line    0x00009785      0x209 c:/program files/microchip/xc32/v4.10/bin/bin/../../lib/gcc/pic32c/8.3.1/../../../../pic32c/lib/thumb/v7e-m+dp/hard\libc-musl.a(__fmt_s.o)
 .debug_line    0x0000998e      0x250 c:/program files/microchip/xc32/v4.10/bin/bin/../../lib/gcc/pic32c/8.3.1/../../../../pic32c/lib/thumb/v7e-m+dp/hard\libc-musl.a(__fmt_u.o)
 .debug_line    0x00009bde      0x2fd c:/program files/microchip/xc32/v4.10/bin/bin/../../lib/gcc/pic32c/8.3.1/../../../../pic32c/lib/thumb/v7e-m+dp/hard\libc-musl.a(__fmt_x.o)
 .debug_line    0x00009edb       0xd2 c:/program files/microchip/xc32/v4.10/bin/bin/../../lib/gcc/pic32c/8.3.1/../../../../pic32c/lib/thumb/v7e-m+dp/hard\libc-musl.a(__init_stdio.o)
 .debug_line    0x00009fad      0x179 c:/program files/microchip/xc32/v4.10/bin/bin/../../lib/gcc/pic32c/8.3.1/../../../../pic32c/lib/thumb/v7e-m+dp/hard\libc-musl.a(__pop_float.o)
 .debug_line    0x0000a126      0x20f c:/program files/microchip/xc32/v4.10/bin/bin/../../lib/gcc/pic32c/8.3.1/../../../../pic32c/lib/thumb/v7e-m+dp/hard\libc-musl.a(__pop_int.o)
 .debug_line    0x0000a335      0x1f4 c:/program files/microchip/xc32/v4.10/bin/bin/../../lib/gcc/pic32c/8.3.1/../../../../pic32c/lib/thumb/v7e-m+dp/hard\libc-musl.a(__pop_ptr.o)
 .debug_line    0x0000a529      0x16b c:/program files/microchip/xc32/v4.10/bin/bin/../../lib/gcc/pic32c/8.3.1/../../../../pic32c/lib/thumb/v7e-m+dp/hard\libc-musl.a(toupper.o)
 .debug_line    0x0000a694       0x9e c:/program files/microchip/xc32/v4.10/bin/bin/../../lib/gcc/pic32c/8.3.1/thumb/v7e-m+dp/hard\libgcc.a(_aeabi_uldivmod.o)
 .debug_line    0x0000a732      0x36d c:/program files/microchip/xc32/v4.10/bin/bin/../../lib/gcc/pic32c/8.3.1/thumb/v7e-m+dp/hard\libgcc.a(_udivmoddi4.o)
 .debug_line    0x0000aa9f       0x9e c:/program files/microchip/xc32/v4.10/bin/bin/../../lib/gcc/pic32c/8.3.1/thumb/v7e-m+dp/hard\libgcc.a(_dvmd_tls.o)

.debug_str      0x00000000      0xd5d
 .debug_str     0x00000000        0x0 build/sam_v71_xult/production/_ext/1157990217/plib_clk.o
 .debug_str     0x00000000       0x14 build/sam_v71_xult/production/_ext/1157988489/plib_efc.o
 .debug_str     0x00000014       0xca build/sam_v71_xult/production/_ext/1537669298/plib_mcan1.o
 .debug_str     0x000000de        0x0 build/sam_v71_xult/production/_ext/1157980473/plib_mpu.o
 .debug_str     0x000000de       0x28 build/sam_v71_xult/production/_ext/1537621011/plib_nvic.o
 .debug_str     0x00000106       0x46 build/sam_v71_xult/production/_ext/1157977813/plib_pio.o
 .debug_str     0x0000014c       0x1c build/sam_v71_xult/production/_ext/415242918/plib_usart1.o
 .debug_str     0x00000168        0x0 build/sam_v71_xult/production/_ext/1643282145/xc32_monitor.o
 .debug_str     0x00000168       0x7d build/sam_v71_xult/production/_ext/1320227943/initialization.o
 .debug_str     0x000001e5        0x0 build/sam_v71_xult/production/_ext/1320227943/interrupts.o
 .debug_str     0x000001e5        0x0 build/sam_v71_xult/production/_ext/1320227943/exceptions.o
 .debug_str     0x000001e5       0x3e build/sam_v71_xult/production/_ext/1320227943/startup_xc32.o
 .debug_str     0x00000223       0x25 build/sam_v71_xult/production/_ext/1320227943/freertos_hooks.o
 .debug_str     0x00000248       0x36 build/sam_v71_xult/production/_ext/1320227943/tasks.o
 .debug_str     0x0000027e       0x26 build/sam_v71_xult/production/_ext/977623654/port.o
 .debug_str     0x000002a4       0x3c build/sam_v71_xult/production/_ext/1665200909/heap_1.o
 .debug_str     0x000002e0       0x2b build/sam_v71_xult/production/_ext/404212886/list.o
 .debug_str     0x0000030b      0x293 build/sam_v71_xult/production/_ext/404212886/queue.o
 .debug_str     0x0000059e      0x275 build/sam_v71_xult/production/_ext/404212886/FreeRTOS_tasks.o
 .debug_str     0x00000813       0xca build/sam_v71_xult/production/_ext/1522961716/Uart1_FreeRTOS.o
 .debug_str     0x000008dd       0x19 build/sam_v71_xult/production/_ext/1360937237/main_v71.o
 .debug_str     0x000008f6       0xfa build/sam_v71_xult/production/_ext/1360937237/tarea_principal.o
 .debug_str     0x000009f0       0xfa build/sam_v71_xult/production/_ext/1563530619/mcan_fd_interrupt.o
 .debug_str     0x00000aea        0x0 c:/program files/microchip/xc32/v4.10/bin/bin/../../lib/gcc/pic32c/8.3.1/../../../../pic32c/lib/thumb/v7e-m+dp/hard\libpic32c.a(data_init.o)
 .debug_str     0x00000aea        0x0 c:/program files/microchip/xc32/v4.10/bin/bin/../../lib/gcc/pic32c/8.3.1/../../../../pic32c/lib/thumb/v7e-m+dp/hard\libc-musl.a(__libc_start_main.o)
 .debug_str     0x00000aea        0x0 c:/program files/microchip/xc32/v4.10/bin/bin/../../lib/gcc/pic32c/8.3.1/../../../../pic32c/lib/thumb/v7e-m+dp/hard\libc-musl.a(libc.o)
 .debug_str     0x00000aea        0x9 c:/program files/microchip/xc32/v4.10/bin/bin/../../lib/gcc/pic32c/8.3.1/../../../../pic32c/lib/thumb/v7e-m+dp/hard\libc-musl.a(printf.o)
 .debug_str     0x00000af3        0xe c:/program files/microchip/xc32/v4.10/bin/bin/../../lib/gcc/pic32c/8.3.1/../../../../pic32c/lib/thumb/v7e-m+dp/hard\libc-musl.a(puts.o)
 .debug_str     0x00000b01        0x0 c:/program files/microchip/xc32/v4.10/bin/bin/../../lib/gcc/pic32c/8.3.1/../../../../pic32c/lib/thumb/v7e-m+dp/hard\libc-musl.a(memcpy.o)
 .debug_str     0x00000b01        0x0 c:/program files/microchip/xc32/v4.10/bin/bin/../../lib/gcc/pic32c/8.3.1/../../../../pic32c/lib/thumb/v7e-m+dp/hard\libc-musl.a(memset.o)
 .debug_str     0x00000b01        0x0 c:/program files/microchip/xc32/v4.10/bin/bin/../../lib/gcc/pic32c/8.3.1/../../../../pic32c/lib/thumb/v7e-m+dp/hard\libc-musl.a(strlen.o)
 .debug_str     0x00000b01        0x9 c:/program files/microchip/xc32/v4.10/bin/bin/../../lib/gcc/pic32c/8.3.1/../../../../pic32c/lib/thumb/v7e-m+dp/hard\libc-musl.a(strcpy.o)
 .debug_str     0x00000b0a        0x0 c:/program files/microchip/xc32/v4.10/bin/bin/../../lib/gcc/pic32c/8.3.1/../../../../pic32c/lib/thumb/v7e-m+dp/hard\libc-musl.a(__environ.o)
 .debug_str     0x00000b0a        0x0 c:/program files/microchip/xc32/v4.10/bin/bin/../../lib/gcc/pic32c/8.3.1/../../../../pic32c/lib/thumb/v7e-m+dp/hard\libc-musl.a(fputs.o)
 .debug_str     0x00000b0a        0x0 c:/program files/microchip/xc32/v4.10/bin/bin/../../lib/gcc/pic32c/8.3.1/../../../../pic32c/lib/thumb/v7e-m+dp/hard\libc-musl.a(fwrite.o)
 .debug_str     0x00000b0a       0x16 c:/program files/microchip/xc32/v4.10/bin/bin/../../lib/gcc/pic32c/8.3.1/../../../../pic32c/lib/thumb/v7e-m+dp/hard\libc-musl.a(putc.o)
 .debug_str     0x00000b20       0x11 c:/program files/microchip/xc32/v4.10/bin/bin/../../lib/gcc/pic32c/8.3.1/../../../../pic32c/lib/thumb/v7e-m+dp/hard\libc-musl.a(stdout.o)
 .debug_str     0x00000b31       0x1e c:/program files/microchip/xc32/v4.10/bin/bin/../../lib/gcc/pic32c/8.3.1/../../../../pic32c/lib/thumb/v7e-m+dp/hard\libc-musl.a(vfprintf.o)
 .debug_str     0x00000b4f        0x0 c:/program files/microchip/xc32/v4.10/bin/bin/../../lib/gcc/pic32c/8.3.1/../../../../pic32c/lib/thumb/v7e-m+dp/hard\libc-musl.a(stpcpy.o)
 .debug_str     0x00000b4f        0x0 c:/program files/microchip/xc32/v4.10/bin/bin/../../lib/gcc/pic32c/8.3.1/../../../../pic32c/lib/thumb/v7e-m+dp/hard\libc-musl.a(__out.o)
 .debug_str     0x00000b4f       0x20 c:/program files/microchip/xc32/v4.10/bin/bin/../../lib/gcc/pic32c/8.3.1/../../../../pic32c/lib/thumb/v7e-m+dp/hard\libc-musl.a(__printf_core.o)
 .debug_str     0x00000b6f        0x0 c:/program files/microchip/xc32/v4.10/bin/bin/../../lib/gcc/pic32c/8.3.1/../../../../pic32c/lib/thumb/v7e-m+dp/hard\libc-musl.a(atoi.o)
 .debug_str     0x00000b6f        0x0 c:/program files/microchip/xc32/v4.10/bin/bin/../../lib/gcc/pic32c/8.3.1/../../../../pic32c/lib/thumb/v7e-m+dp/hard\libc-musl.a(tolower.o)
 .debug_str     0x00000b6f        0x0 c:/program files/microchip/xc32/v4.10/bin/bin/../../lib/gcc/pic32c/8.3.1/../../../../pic32c/lib/thumb/v7e-m+dp/hard\libc-musl.a(__errno_location.o)
 .debug_str     0x00000b6f        0x0 c:/program files/microchip/xc32/v4.10/bin/bin/../../lib/gcc/pic32c/8.3.1/../../../../pic32c/lib/thumb/v7e-m+dp/hard\libc-musl.a(__fmt_a.o)
 .debug_str     0x00000b6f        0x0 c:/program files/microchip/xc32/v4.10/bin/bin/../../lib/gcc/pic32c/8.3.1/../../../../pic32c/lib/thumb/v7e-m+dp/hard\libc-musl.a(__fmt_d.o)
 .debug_str     0x00000b6f        0x0 c:/program files/microchip/xc32/v4.10/bin/bin/../../lib/gcc/pic32c/8.3.1/../../../../pic32c/lib/thumb/v7e-m+dp/hard\libc-musl.a(__fmt_fp.o)
 .debug_str     0x00000b6f        0x0 c:/program files/microchip/xc32/v4.10/bin/bin/../../lib/gcc/pic32c/8.3.1/../../../../pic32c/lib/thumb/v7e-m+dp/hard\libc-musl.a(__fmt_o.o)
 .debug_str     0x00000b6f        0x0 c:/program files/microchip/xc32/v4.10/bin/bin/../../lib/gcc/pic32c/8.3.1/../../../../pic32c/lib/thumb/v7e-m+dp/hard\libc-musl.a(__fmt_s.o)
 .debug_str     0x00000b6f        0x6 c:/program files/microchip/xc32/v4.10/bin/bin/../../lib/gcc/pic32c/8.3.1/../../../../pic32c/lib/thumb/v7e-m+dp/hard\libc-musl.a(__fmt_u.o)
 .debug_str     0x00000b75        0x0 c:/program files/microchip/xc32/v4.10/bin/bin/../../lib/gcc/pic32c/8.3.1/../../../../pic32c/lib/thumb/v7e-m+dp/hard\libc-musl.a(__fmt_x.o)
 .debug_str     0x00000b75        0x0 c:/program files/microchip/xc32/v4.10/bin/bin/../../lib/gcc/pic32c/8.3.1/../../../../pic32c/lib/thumb/v7e-m+dp/hard\libc-musl.a(__init_stdio.o)
 .debug_str     0x00000b75        0x0 c:/program files/microchip/xc32/v4.10/bin/bin/../../lib/gcc/pic32c/8.3.1/../../../../pic32c/lib/thumb/v7e-m+dp/hard\libc-musl.a(__pop_float.o)
 .debug_str     0x00000b75        0x0 c:/program files/microchip/xc32/v4.10/bin/bin/../../lib/gcc/pic32c/8.3.1/../../../../pic32c/lib/thumb/v7e-m+dp/hard\libc-musl.a(__pop_int.o)
 .debug_str     0x00000b75        0x0 c:/program files/microchip/xc32/v4.10/bin/bin/../../lib/gcc/pic32c/8.3.1/../../../../pic32c/lib/thumb/v7e-m+dp/hard\libc-musl.a(__pop_ptr.o)
 .debug_str     0x00000b75        0x0 c:/program files/microchip/xc32/v4.10/bin/bin/../../lib/gcc/pic32c/8.3.1/../../../../pic32c/lib/thumb/v7e-m+dp/hard\libc-musl.a(toupper.o)
 .debug_str     0x00000b75       0xf2 c:/program files/microchip/xc32/v4.10/bin/bin/../../lib/gcc/pic32c/8.3.1/thumb/v7e-m+dp/hard\libgcc.a(_aeabi_uldivmod.o)
 .debug_str     0x00000c67        0x0 c:/program files/microchip/xc32/v4.10/bin/bin/../../lib/gcc/pic32c/8.3.1/thumb/v7e-m+dp/hard\libgcc.a(_udivmoddi4.o)
 .debug_str     0x00000c67       0xf6 c:/program files/microchip/xc32/v4.10/bin/bin/../../lib/gcc/pic32c/8.3.1/thumb/v7e-m+dp/hard\libgcc.a(_dvmd_tls.o)

.debug_frame    0x00000000     0x1a0c
 .debug_frame   0x00000000       0x20 build/sam_v71_xult/production/_ext/1157990217/plib_clk.o
 .debug_frame   0x00000020       0xec build/sam_v71_xult/production/_ext/1157988489/plib_efc.o
 .debug_frame   0x0000010c      0x20c build/sam_v71_xult/production/_ext/1537669298/plib_mcan1.o
 .debug_frame   0x00000318       0x20 build/sam_v71_xult/production/_ext/1157980473/plib_mpu.o
 .debug_frame   0x00000338       0x50 build/sam_v71_xult/production/_ext/1537621011/plib_nvic.o
 .debug_frame   0x00000388       0xa0 build/sam_v71_xult/production/_ext/1157977813/plib_pio.o
 .debug_frame   0x00000428      0x15c build/sam_v71_xult/production/_ext/415242918/plib_usart1.o
 .debug_frame   0x00000584       0x30 build/sam_v71_xult/production/_ext/1643282145/xc32_monitor.o
 .debug_frame   0x000005b4       0x28 build/sam_v71_xult/production/_ext/1320227943/initialization.o
 .debug_frame   0x000005dc       0x20 build/sam_v71_xult/production/_ext/1320227943/interrupts.o
 .debug_frame   0x000005fc       0x70 build/sam_v71_xult/production/_ext/1320227943/exceptions.o
 .debug_frame   0x0000066c       0x38 build/sam_v71_xult/production/_ext/1320227943/startup_xc32.o
 .debug_frame   0x000006a4       0x6c build/sam_v71_xult/production/_ext/1320227943/freertos_hooks.o
 .debug_frame   0x00000710       0x44 build/sam_v71_xult/production/_ext/1320227943/tasks.o
 .debug_frame   0x00000754       0xe8 build/sam_v71_xult/production/_ext/977623654/port.o
 .debug_frame   0x0000083c       0x5c build/sam_v71_xult/production/_ext/1665200909/heap_1.o
 .debug_frame   0x00000898       0x6c build/sam_v71_xult/production/_ext/404212886/list.o
 .debug_frame   0x00000904      0x2a8 build/sam_v71_xult/production/_ext/404212886/queue.o
 .debug_frame   0x00000bac      0x46c build/sam_v71_xult/production/_ext/404212886/FreeRTOS_tasks.o
 .debug_frame   0x00001018       0xa8 build/sam_v71_xult/production/_ext/1522961716/Uart1_FreeRTOS.o
 .debug_frame   0x000010c0       0x28 build/sam_v71_xult/production/_ext/1360937237/main_v71.o
 .debug_frame   0x000010e8       0x70 build/sam_v71_xult/production/_ext/1360937237/tarea_principal.o
 .debug_frame   0x00001158      0x100 build/sam_v71_xult/production/_ext/1563530619/mcan_fd_interrupt.o
 .debug_frame   0x00001258       0x38 c:/program files/microchip/xc32/v4.10/bin/bin/../../lib/gcc/pic32c/8.3.1/../../../../pic32c/lib/thumb/v7e-m+dp/hard\libpic32c.a(data_init.o)
 .debug_frame   0x00001290       0x3c c:/program files/microchip/xc32/v4.10/bin/bin/../../lib/gcc/pic32c/8.3.1/../../../../pic32c/lib/thumb/v7e-m+dp/hard\libc-musl.a(__libc_start_main.o)
 .debug_frame   0x000012cc       0x40 c:/program files/microchip/xc32/v4.10/bin/bin/../../lib/gcc/pic32c/8.3.1/../../../../pic32c/lib/thumb/v7e-m+dp/hard\libc-musl.a(printf.o)
 .debug_frame   0x0000130c       0x28 c:/program files/microchip/xc32/v4.10/bin/bin/../../lib/gcc/pic32c/8.3.1/../../../../pic32c/lib/thumb/v7e-m+dp/hard\libc-musl.a(puts.o)
 .debug_frame   0x00001334       0x28 c:/program files/microchip/xc32/v4.10/bin/bin/../../lib/gcc/pic32c/8.3.1/../../../../pic32c/lib/thumb/v7e-m+dp/hard\libc-musl.a(memcpy.o)
 .debug_frame   0x0000135c       0x20 c:/program files/microchip/xc32/v4.10/bin/bin/../../lib/gcc/pic32c/8.3.1/../../../../pic32c/lib/thumb/v7e-m+dp/hard\libc-musl.a(memset.o)
 .debug_frame   0x0000137c       0x20 c:/program files/microchip/xc32/v4.10/bin/bin/../../lib/gcc/pic32c/8.3.1/../../../../pic32c/lib/thumb/v7e-m+dp/hard\libc-musl.a(strlen.o)
 .debug_frame   0x0000139c       0x28 c:/program files/microchip/xc32/v4.10/bin/bin/../../lib/gcc/pic32c/8.3.1/../../../../pic32c/lib/thumb/v7e-m+dp/hard\libc-musl.a(strcpy.o)
 .debug_frame   0x000013c4       0x2c c:/program files/microchip/xc32/v4.10/bin/bin/../../lib/gcc/pic32c/8.3.1/../../../../pic32c/lib/thumb/v7e-m+dp/hard\libc-musl.a(fputs.o)
 .debug_frame   0x000013f0       0x3c c:/program files/microchip/xc32/v4.10/bin/bin/../../lib/gcc/pic32c/8.3.1/../../../../pic32c/lib/thumb/v7e-m+dp/hard\libc-musl.a(fwrite.o)
 .debug_frame   0x0000142c       0x54 c:/program files/microchip/xc32/v4.10/bin/bin/../../lib/gcc/pic32c/8.3.1/../../../../pic32c/lib/thumb/v7e-m+dp/hard\libc-musl.a(putc.o)
 .debug_frame   0x00001480       0x48 c:/program files/microchip/xc32/v4.10/bin/bin/../../lib/gcc/pic32c/8.3.1/../../../../pic32c/lib/thumb/v7e-m+dp/hard\libc-musl.a(stdout.o)
 .debug_frame   0x000014c8       0x3c c:/program files/microchip/xc32/v4.10/bin/bin/../../lib/gcc/pic32c/8.3.1/../../../../pic32c/lib/thumb/v7e-m+dp/hard\libc-musl.a(vfprintf.o)
 .debug_frame   0x00001504       0x20 c:/program files/microchip/xc32/v4.10/bin/bin/../../lib/gcc/pic32c/8.3.1/../../../../pic32c/lib/thumb/v7e-m+dp/hard\libc-musl.a(stpcpy.o)
 .debug_frame   0x00001524       0x3c c:/program files/microchip/xc32/v4.10/bin/bin/../../lib/gcc/pic32c/8.3.1/../../../../pic32c/lib/thumb/v7e-m+dp/hard\libc-musl.a(__out.o)
 .debug_frame   0x00001560       0xd8 c:/program files/microchip/xc32/v4.10/bin/bin/../../lib/gcc/pic32c/8.3.1/../../../../pic32c/lib/thumb/v7e-m+dp/hard\libc-musl.a(__printf_core.o)
 .debug_frame   0x00001638       0x28 c:/program files/microchip/xc32/v4.10/bin/bin/../../lib/gcc/pic32c/8.3.1/../../../../pic32c/lib/thumb/v7e-m+dp/hard\libc-musl.a(atoi.o)
 .debug_frame   0x00001660       0x30 c:/program files/microchip/xc32/v4.10/bin/bin/../../lib/gcc/pic32c/8.3.1/../../../../pic32c/lib/thumb/v7e-m+dp/hard\libc-musl.a(tolower.o)
 .debug_frame   0x00001690       0x84 c:/program files/microchip/xc32/v4.10/bin/bin/../../lib/gcc/pic32c/8.3.1/../../../../pic32c/lib/thumb/v7e-m+dp/hard\libc-musl.a(__fmt_a.o)
 .debug_frame   0x00001714       0x3c c:/program files/microchip/xc32/v4.10/bin/bin/../../lib/gcc/pic32c/8.3.1/../../../../pic32c/lib/thumb/v7e-m+dp/hard\libc-musl.a(__fmt_d.o)
 .debug_frame   0x00001750       0x78 c:/program files/microchip/xc32/v4.10/bin/bin/../../lib/gcc/pic32c/8.3.1/../../../../pic32c/lib/thumb/v7e-m+dp/hard\libc-musl.a(__fmt_fp.o)
 .debug_frame   0x000017c8       0x34 c:/program files/microchip/xc32/v4.10/bin/bin/../../lib/gcc/pic32c/8.3.1/../../../../pic32c/lib/thumb/v7e-m+dp/hard\libc-musl.a(__fmt_o.o)
 .debug_frame   0x000017fc       0x34 c:/program files/microchip/xc32/v4.10/bin/bin/../../lib/gcc/pic32c/8.3.1/../../../../pic32c/lib/thumb/v7e-m+dp/hard\libc-musl.a(__fmt_s.o)
 .debug_frame   0x00001830       0x5c c:/program files/microchip/xc32/v4.10/bin/bin/../../lib/gcc/pic32c/8.3.1/../../../../pic32c/lib/thumb/v7e-m+dp/hard\libc-musl.a(__fmt_u.o)
 .debug_frame   0x0000188c       0x40 c:/program files/microchip/xc32/v4.10/bin/bin/../../lib/gcc/pic32c/8.3.1/../../../../pic32c/lib/thumb/v7e-m+dp/hard\libc-musl.a(__fmt_x.o)
 .debug_frame   0x000018cc       0x38 c:/program files/microchip/xc32/v4.10/bin/bin/../../lib/gcc/pic32c/8.3.1/../../../../pic32c/lib/thumb/v7e-m+dp/hard\libc-musl.a(__init_stdio.o)
 .debug_frame   0x00001904       0x20 c:/program files/microchip/xc32/v4.10/bin/bin/../../lib/gcc/pic32c/8.3.1/../../../../pic32c/lib/thumb/v7e-m+dp/hard\libc-musl.a(__pop_float.o)
 .debug_frame   0x00001924       0x2c c:/program files/microchip/xc32/v4.10/bin/bin/../../lib/gcc/pic32c/8.3.1/../../../../pic32c/lib/thumb/v7e-m+dp/hard\libc-musl.a(__pop_int.o)
 .debug_frame   0x00001950       0x28 c:/program files/microchip/xc32/v4.10/bin/bin/../../lib/gcc/pic32c/8.3.1/../../../../pic32c/lib/thumb/v7e-m+dp/hard\libc-musl.a(__pop_ptr.o)
 .debug_frame   0x00001978       0x30 c:/program files/microchip/xc32/v4.10/bin/bin/../../lib/gcc/pic32c/8.3.1/../../../../pic32c/lib/thumb/v7e-m+dp/hard\libc-musl.a(toupper.o)
 .debug_frame   0x000019a8       0x2c c:/program files/microchip/xc32/v4.10/bin/bin/../../lib/gcc/pic32c/8.3.1/thumb/v7e-m+dp/hard\libgcc.a(_aeabi_uldivmod.o)
 .debug_frame   0x000019d4       0x38 c:/program files/microchip/xc32/v4.10/bin/bin/../../lib/gcc/pic32c/8.3.1/thumb/v7e-m+dp/hard\libgcc.a(_udivmoddi4.o)

.debug_loc      0x00000000     0xa63a
 .debug_loc     0x00000000      0x51b build/sam_v71_xult/production/_ext/1157988489/plib_efc.o
 .debug_loc     0x0000051b      0xbb0 build/sam_v71_xult/production/_ext/1537669298/plib_mcan1.o
 .debug_loc     0x000010cb      0x126 build/sam_v71_xult/production/_ext/1537621011/plib_nvic.o
 .debug_loc     0x000011f1       0x94 build/sam_v71_xult/production/_ext/1157977813/plib_pio.o
 .debug_loc     0x00001285      0x62c build/sam_v71_xult/production/_ext/415242918/plib_usart1.o
 .debug_loc     0x000018b1       0x4a build/sam_v71_xult/production/_ext/1643282145/xc32_monitor.o
 .debug_loc     0x000018fb       0x45 build/sam_v71_xult/production/_ext/1320227943/initialization.o
 .debug_loc     0x00001940       0xa7 build/sam_v71_xult/production/_ext/1320227943/startup_xc32.o
 .debug_loc     0x000019e7       0x82 build/sam_v71_xult/production/_ext/1320227943/freertos_hooks.o
 .debug_loc     0x00001a69       0x7d build/sam_v71_xult/production/_ext/1320227943/tasks.o
 .debug_loc     0x00001ae6      0x13a build/sam_v71_xult/production/_ext/977623654/port.o
 .debug_loc     0x00001c20       0x80 build/sam_v71_xult/production/_ext/1665200909/heap_1.o
 .debug_loc     0x00001ca0       0xbf build/sam_v71_xult/production/_ext/404212886/list.o
 .debug_loc     0x00001d5f     0x181c build/sam_v71_xult/production/_ext/404212886/queue.o
 .debug_loc     0x0000357b     0x211d build/sam_v71_xult/production/_ext/404212886/FreeRTOS_tasks.o
 .debug_loc     0x00005698      0x267 build/sam_v71_xult/production/_ext/1522961716/Uart1_FreeRTOS.o
 .debug_loc     0x000058ff       0x20 build/sam_v71_xult/production/_ext/1360937237/main_v71.o
 .debug_loc     0x0000591f       0xf8 build/sam_v71_xult/production/_ext/1360937237/tarea_principal.o
 .debug_loc     0x00005a17      0x75f build/sam_v71_xult/production/_ext/1563530619/mcan_fd_interrupt.o
 .debug_loc     0x00006176       0x14 c:/program files/microchip/xc32/v4.10/bin/bin/../../lib/gcc/pic32c/8.3.1/../../../../pic32c/lib/thumb/v7e-m+dp/hard\libpic32c.a(data_init.o)
 .debug_loc     0x0000618a       0x51 c:/program files/microchip/xc32/v4.10/bin/bin/../../lib/gcc/pic32c/8.3.1/../../../../pic32c/lib/thumb/v7e-m+dp/hard\libc-musl.a(__libc_start_main.o)
 .debug_loc     0x000061db       0x65 c:/program files/microchip/xc32/v4.10/bin/bin/../../lib/gcc/pic32c/8.3.1/../../../../pic32c/lib/thumb/v7e-m+dp/hard\libc-musl.a(printf.o)
 .debug_loc     0x00006240       0x6a c:/program files/microchip/xc32/v4.10/bin/bin/../../lib/gcc/pic32c/8.3.1/../../../../pic32c/lib/thumb/v7e-m+dp/hard\libc-musl.a(puts.o)
 .debug_loc     0x000062aa       0xba c:/program files/microchip/xc32/v4.10/bin/bin/../../lib/gcc/pic32c/8.3.1/../../../../pic32c/lib/thumb/v7e-m+dp/hard\libc-musl.a(memcpy.o)
 .debug_loc     0x00006364       0x56 c:/program files/microchip/xc32/v4.10/bin/bin/../../lib/gcc/pic32c/8.3.1/../../../../pic32c/lib/thumb/v7e-m+dp/hard\libc-musl.a(memset.o)
 .debug_loc     0x000063ba       0x47 c:/program files/microchip/xc32/v4.10/bin/bin/../../lib/gcc/pic32c/8.3.1/../../../../pic32c/lib/thumb/v7e-m+dp/hard\libc-musl.a(strlen.o)
 .debug_loc     0x00006401       0x67 c:/program files/microchip/xc32/v4.10/bin/bin/../../lib/gcc/pic32c/8.3.1/../../../../pic32c/lib/thumb/v7e-m+dp/hard\libc-musl.a(strcpy.o)
 .debug_loc     0x00006468       0x93 c:/program files/microchip/xc32/v4.10/bin/bin/../../lib/gcc/pic32c/8.3.1/../../../../pic32c/lib/thumb/v7e-m+dp/hard\libc-musl.a(fputs.o)
 .debug_loc     0x000064fb      0x17e c:/program files/microchip/xc32/v4.10/bin/bin/../../lib/gcc/pic32c/8.3.1/../../../../pic32c/lib/thumb/v7e-m+dp/hard\libc-musl.a(fwrite.o)
 .debug_loc     0x00006679      0x123 c:/program files/microchip/xc32/v4.10/bin/bin/../../lib/gcc/pic32c/8.3.1/../../../../pic32c/lib/thumb/v7e-m+dp/hard\libc-musl.a(putc.o)
 .debug_loc     0x0000679c       0x20 c:/program files/microchip/xc32/v4.10/bin/bin/../../lib/gcc/pic32c/8.3.1/../../../../pic32c/lib/thumb/v7e-m+dp/hard\libc-musl.a(stdout.o)
 .debug_loc     0x000067bc       0x88 c:/program files/microchip/xc32/v4.10/bin/bin/../../lib/gcc/pic32c/8.3.1/../../../../pic32c/lib/thumb/v7e-m+dp/hard\libc-musl.a(vfprintf.o)
 .debug_loc     0x00006844       0x60 c:/program files/microchip/xc32/v4.10/bin/bin/../../lib/gcc/pic32c/8.3.1/../../../../pic32c/lib/thumb/v7e-m+dp/hard\libc-musl.a(stpcpy.o)
 .debug_loc     0x000068a4      0x1a8 c:/program files/microchip/xc32/v4.10/bin/bin/../../lib/gcc/pic32c/8.3.1/../../../../pic32c/lib/thumb/v7e-m+dp/hard\libc-musl.a(__out.o)
 .debug_loc     0x00006a4c      0x638 c:/program files/microchip/xc32/v4.10/bin/bin/../../lib/gcc/pic32c/8.3.1/../../../../pic32c/lib/thumb/v7e-m+dp/hard\libc-musl.a(__printf_core.o)
 .debug_loc     0x00007084       0xd8 c:/program files/microchip/xc32/v4.10/bin/bin/../../lib/gcc/pic32c/8.3.1/../../../../pic32c/lib/thumb/v7e-m+dp/hard\libc-musl.a(atoi.o)
 .debug_loc     0x0000715c       0x4a c:/program files/microchip/xc32/v4.10/bin/bin/../../lib/gcc/pic32c/8.3.1/../../../../pic32c/lib/thumb/v7e-m+dp/hard\libc-musl.a(tolower.o)
 .debug_loc     0x000071a6      0xb78 c:/program files/microchip/xc32/v4.10/bin/bin/../../lib/gcc/pic32c/8.3.1/../../../../pic32c/lib/thumb/v7e-m+dp/hard\libc-musl.a(__fmt_a.o)
 .debug_loc     0x00007d1e      0x1ef c:/program files/microchip/xc32/v4.10/bin/bin/../../lib/gcc/pic32c/8.3.1/../../../../pic32c/lib/thumb/v7e-m+dp/hard\libc-musl.a(__fmt_d.o)
 .debug_loc     0x00007f0d      0xb0c c:/program files/microchip/xc32/v4.10/bin/bin/../../lib/gcc/pic32c/8.3.1/../../../../pic32c/lib/thumb/v7e-m+dp/hard\libc-musl.a(__fmt_fp.o)
 .debug_loc     0x00008a19      0x10a c:/program files/microchip/xc32/v4.10/bin/bin/../../lib/gcc/pic32c/8.3.1/../../../../pic32c/lib/thumb/v7e-m+dp/hard\libc-musl.a(__fmt_o.o)
 .debug_loc     0x00008b23      0x157 c:/program files/microchip/xc32/v4.10/bin/bin/../../lib/gcc/pic32c/8.3.1/../../../../pic32c/lib/thumb/v7e-m+dp/hard\libc-musl.a(__fmt_s.o)
 .debug_loc     0x00008c7a      0x2a2 c:/program files/microchip/xc32/v4.10/bin/bin/../../lib/gcc/pic32c/8.3.1/../../../../pic32c/lib/thumb/v7e-m+dp/hard\libc-musl.a(__fmt_u.o)
 .debug_loc     0x00008f1c      0x2a8 c:/program files/microchip/xc32/v4.10/bin/bin/../../lib/gcc/pic32c/8.3.1/../../../../pic32c/lib/thumb/v7e-m+dp/hard\libc-musl.a(__fmt_x.o)
 .debug_loc     0x000091c4       0x20 c:/program files/microchip/xc32/v4.10/bin/bin/../../lib/gcc/pic32c/8.3.1/../../../../pic32c/lib/thumb/v7e-m+dp/hard\libc-musl.a(__init_stdio.o)
 .debug_loc     0x000091e4       0xa6 c:/program files/microchip/xc32/v4.10/bin/bin/../../lib/gcc/pic32c/8.3.1/../../../../pic32c/lib/thumb/v7e-m+dp/hard\libc-musl.a(__pop_float.o)
 .debug_loc     0x0000928a      0x312 c:/program files/microchip/xc32/v4.10/bin/bin/../../lib/gcc/pic32c/8.3.1/../../../../pic32c/lib/thumb/v7e-m+dp/hard\libc-musl.a(__pop_int.o)
 .debug_loc     0x0000959c      0x1db c:/program files/microchip/xc32/v4.10/bin/bin/../../lib/gcc/pic32c/8.3.1/../../../../pic32c/lib/thumb/v7e-m+dp/hard\libc-musl.a(__pop_ptr.o)
 .debug_loc     0x00009777       0x4a c:/program files/microchip/xc32/v4.10/bin/bin/../../lib/gcc/pic32c/8.3.1/../../../../pic32c/lib/thumb/v7e-m+dp/hard\libc-musl.a(toupper.o)
 .debug_loc     0x000097c1      0xe79 c:/program files/microchip/xc32/v4.10/bin/bin/../../lib/gcc/pic32c/8.3.1/thumb/v7e-m+dp/hard\libgcc.a(_udivmoddi4.o)

.note.GNU-stack
                0x00000000        0x0
 .note.GNU-stack
                0x00000000        0x0 c:/program files/microchip/xc32/v4.10/bin/bin/../../lib/gcc/pic32c/8.3.1/../../../../pic32c/lib/thumb/v7e-m+dp/hard\libc-musl.a(__libc_start_main.o)
 .note.GNU-stack