Archive member included to satisfy reference by file (symbol)

c:/program files/microchip/xc32/v4.00/bin/bin/../../lib/gcc/pic32c/8.3.1/../../../../pic32c/lib/thumb/v7e-m+dp/hard\libpic32c.a(data_init.o)
                              build/sam_v71_xult/production/_ext/1320227943/startup_xc32.o (__pic32c_data_initialization)
c:/program files/microchip/xc32/v4.00/bin/bin/../../lib/gcc/pic32c/8.3.1/../../../../pic32c/lib/thumb/v7e-m+dp/hard\libc-musl.a(__libc_start_main.o)
                              build/sam_v71_xult/production/_ext/1320227943/startup_xc32.o (__libc_init_array)
c:/program files/microchip/xc32/v4.00/bin/bin/../../lib/gcc/pic32c/8.3.1/../../../../pic32c/lib/thumb/v7e-m+dp/hard\libc-musl.a(libc.o)
                              c:/program files/microchip/xc32/v4.00/bin/bin/../../lib/gcc/pic32c/8.3.1/../../../../pic32c/lib/thumb/v7e-m+dp/hard\libc-musl.a(__libc_start_main.o) (__progname_full)
c:/program files/microchip/xc32/v4.00/bin/bin/../../lib/gcc/pic32c/8.3.1/../../../../pic32c/lib/thumb/v7e-m+dp/hard\libc-musl.a(memcpy.o)
                              build/sam_v71_xult/production/_ext/1157988489/plib_efc.o (memcpy)
c:/program files/microchip/xc32/v4.00/bin/bin/../../lib/gcc/pic32c/8.3.1/../../../../pic32c/lib/thumb/v7e-m+dp/hard\libc-musl.a(memset.o)
                              build/sam_v71_xult/production/_ext/404212886/FreeRTOS_tasks.o (memset)
c:/program files/microchip/xc32/v4.00/bin/bin/../../lib/gcc/pic32c/8.3.1/../../../../pic32c/lib/thumb/v7e-m+dp/hard\libc-musl.a(__environ.o)
                              c:/program files/microchip/xc32/v4.00/bin/bin/../../lib/gcc/pic32c/8.3.1/../../../../pic32c/lib/thumb/v7e-m+dp/hard\libc-musl.a(__libc_start_main.o) (__environ)

Microchip PIC32 Memory-Usage Report

ROM Program-Memory Usage
section                    address  length [bytes]      (dec)  Description
-------                 ----------  -------------------------  -----------
.vectors                  0x400000          0x168         360   
.text                     0x400168           0x20          32  App's exec code 
.dinit                    0x400188          0x200         512   
.text.xTaskCreate         0x400388          0x1e4         484   
.text.USART1_InterruptH   0x40056c          0x17c         380   
.text.Reset_Handler       0x4006e8          0x178         376   
.text.xQueueSemaphoreTa   0x400860          0x158         344   
.text.xQueueGenericSend   0x4009b8          0x128         296   
.text.xTaskIncrementTic   0x400ae0          0x114         276   
.text.PIO_Initialize      0x400bf4           0xf0         240   
.text.xTaskResumeAll      0x400ce4           0xe4         228   
.text.vTaskSwitchContex   0x400dc8           0xa8         168   
.text.xTaskPriorityInhe   0x400e70           0xa8         168   
.text.USART1_Write        0x400f18           0xa4         164   
.text.prvAddCurrentTask   0x400fbc           0x94         148   
.text.__pic32c_data_ini   0x401050           0x88         136   
.text.vTaskPriorityDisi   0x4010d8           0x80         128   
.text.prvUnlockQueue      0x401158           0x7e         126   
.text.Dummy_Handler       0x4011d6            0x2           2   
.text.xTaskPriorityDisi   0x4011d8           0x7c         124   
.text.xTaskRemoveFromEv   0x401254           0x78         120   
.text.prvCopyDataToQueu   0x4012cc           0x72         114   
.text.NonMaskableInt_Ha   0x40133e            0x2           2   
.text.xQueueGenericRese   0x401340           0x70         112   
.text.prvIdleTask         0x4013b0           0x70         112   
.text.USART1_Initialize   0x401420           0x6c         108   
.text.pvPortMalloc        0x40148c           0x6c         108   
.text.TASK1_Tasks         0x4014f8           0x6c         108   
.text.TASK2_Tasks         0x401564           0x6c         108   
.text.vTaskStartSchedul   0x4015d0           0x68         104   
.text.CLOCK_Initialize    0x401638           0x64         100   
.text.MemoryManagement_   0x40169c            0x2           2   
.text.BusFault_Handler    0x40169e            0x2           2   
.text.xPortPendSVHandle   0x4016a0           0x64         100   
.text.xTaskCheckForTime   0x401704           0x5c          92   
.text.__libc_start_init   0x401760           0x5c          92   
.text._PIO_Interrupt_Ha   0x4017bc           0x58          88   
.text.SYS_Tasks           0x401814           0x50          80   
.text.xPortStartSchedul   0x401864           0x48          72   
.text                     0x4018ac           0x40          64  App's exec code 
.text.NVIC_Initialize     0x4018ec           0x40          64   
.rodata                   0x40192c           0x40          64  Read-only const 
.text.SYS_Initialize      0x40196c           0x34          52   
.text.vListInsert         0x4019a0           0x34          52   
.text.vTaskDelay          0x4019d4           0x34          52   
.text.xPortSysTickHandl   0x401a08           0x30          48   
[...]
Memory Configuration

Name             Origin             Length             Attributes
rom              0x00400000         0x00200000         xrl
ram              0x20400000         0x00060000         xw !r
itcm             0x00000000         0x00000000         xw
dtcm             0x20000000         0x00000000         xw !r
config_D0000000  0xd0000000         0x00000004
config_D0000008  0xd0000008         0x00000004
config_D0000004  0xd0000004         0x00000004
config_D000000C  0xd000000c         0x00000004
config_D0000010  0xd0000010         0x00000004
*default*        0x00000000         0xffffffff

Linker script and memory map

LOAD c:/program files/microchip/xc32/v4.00/bin/bin/../../lib/gcc/pic32c/8.3.1/thumb/v7e-m+dp/hard/crti.o
LOAD c:/program files/microchip/xc32/v4.00/bin/bin/../../lib/gcc/pic32c/8.3.1/thumb/v7e-m+dp/hard/crtbegin.o
LOAD build/sam_v71_xult/production/_ext/1379310441/bsp.o
LOAD build/sam_v71_xult/production/_ext/191436215/osal_freertos.o
LOAD build/sam_v71_xult/production/_ext/1157990217/plib_clk.o
LOAD build/sam_v71_xult/production/_ext/1157988489/plib_efc.o
LOAD build/sam_v71_xult/production/_ext/1537621011/plib_nvic.o
LOAD build/sam_v71_xult/production/_ext/1157977813/plib_pio.o
LOAD build/sam_v71_xult/production/_ext/415242918/plib_usart1.o
LOAD build/sam_v71_xult/production/_ext/1643282145/xc32_monitor.o
LOAD build/sam_v71_xult/production/_ext/1871840330/sys_cache.o
LOAD build/sam_v71_xult/production/_ext/663512716/sys_int.o
LOAD build/sam_v71_xult/production/_ext/1320227943/initialization.o
LOAD build/sam_v71_xult/production/_ext/1320227943/interrupts.o
LOAD build/sam_v71_xult/production/_ext/1320227943/exceptions.o
LOAD build/sam_v71_xult/production/_ext/1320227943/startup_xc32.o
LOAD build/sam_v71_xult/production/_ext/1320227943/libc_syscalls.o
LOAD build/sam_v71_xult/production/_ext/1320227943/freertos_hooks.o
LOAD build/sam_v71_xult/production/_ext/1320227943/tasks.o
LOAD build/sam_v71_xult/production/_ext/977623654/port.o
LOAD build/sam_v71_xult/production/_ext/1665200909/heap_1.o
LOAD build/sam_v71_xult/production/_ext/404212886/croutine.o
LOAD build/sam_v71_xult/production/_ext/404212886/list.o
LOAD build/sam_v71_xult/production/_ext/404212886/queue.o
LOAD build/sam_v71_xult/production/_ext/404212886/FreeRTOS_tasks.o
LOAD build/sam_v71_xult/production/_ext/404212886/timers.o
LOAD build/sam_v71_xult/production/_ext/404212886/event_groups.o
LOAD build/sam_v71_xult/production/_ext/404212886/stream_buffer.o
LOAD build/sam_v71_xult/production/_ext/1360937237/main.o
LOAD build/sam_v71_xult/production/_ext/1360937237/task1.o
LOAD build/sam_v71_xult/production/_ext/1360937237/task2.o
                0x00000001                __MPLAB_BUILD = 0x1
                0x00600000                __rom_end = (ORIGIN (rom) + LENGTH (rom))
                0x20460000                __ram_end = (ORIGIN (ram) + LENGTH (ram))

.config_D0000000
 *(.config_D0000000)

.config_D0000008
 *(.config_D0000008)

.config_D0000004
 *(.config_D0000004)

.config_D000000C
 *(.config_D000000C)

.config_D0000010
 *(.config_D0000010)

.vectors        0x00400000      0x168
                0x00400000                . = ALIGN (0x4)
                0x00400000                _sfixed = .
 *(.vectors .vectors.* .vectors_default .vectors_default.*)
 .vectors.exception_table
                0x00400000      0x168 build/sam_v71_xult/production/_ext/1320227943/interrupts.o
                0x00400000                exception_table
 *(.isr_vector)
 *(.reset*)
 *(.after_vectors)

.text           0x00400168       0x20
                0x00400168                . = ALIGN (0x4)
 *(.glue_7t)
 .glue_7t       0x00400168        0x0 linker stubs
 *(.glue_7)
 .glue_7        0x00400168        0x0 linker stubs
 *(.gnu.linkonce.r.*)
 *(.ARM.extab* .gnu.linkonce.armextab.*)
                0x00400168                . = ALIGN (0x4)
 *(.init)
 .init          0x00400168        0x4 c:/program files/microchip/xc32/v4.00/bin/bin/../../lib/gcc/pic32c/8.3.1/thumb/v7e-m+dp/hard/crti.o
                0x00400168                _init
 .init          0x0040016c        0x8 c:/program files/microchip/xc32/v4.00/bin/bin/../../lib/gcc/pic32c/8.3.1/thumb/v7e-m+dp/hard/crtn.o
                0x00400174                . = ALIGN (0x4)
                0x00400174                __preinit_array_start = .
 *(.preinit_array)
                0x00400174                __preinit_array_end = .
                0x00400174                . = ALIGN (0x4)
                0x00400174                __init_array_start = .
 *(SORT_BY_NAME(.init_array.*))
 *(.init_array)
 .init_array    0x00400174        0x4 c:/program files/microchip/xc32/v4.00/bin/bin/../../lib/gcc/pic32c/8.3.1/thumb/v7e-m+dp/hard/crtbegin.o
                0x00400178                __init_array_end = .
                0x00400178                . = ALIGN (0x4)
 *crtbegin.o(.ctors)
 *(EXCLUDE_FILE(*crtend.o) .ctors)
 *(SORT_BY_NAME(.ctors.*))
 *crtend.o(.ctors)
                0x00400178                . = ALIGN (0x4)
 *(.fini)
 .fini          0x00400178        0x4 c:/program files/microchip/xc32/v4.00/bin/bin/../../lib/gcc/pic32c/8.3.1/thumb/v7e-m+dp/hard/crti.o
                0x00400178                _fini
 .fini          0x0040017c        0x8 c:/program files/microchip/xc32/v4.00/bin/bin/../../lib/gcc/pic32c/8.3.1/thumb/v7e-m+dp/hard/crtn.o
                0x00400184                . = ALIGN (0x4)
                0x00400184                __fini_array_start = .
 *(.fini_array)
 .fini_array    0x00400184        0x4 c:/program files/microchip/xc32/v4.00/bin/bin/../../lib/gcc/pic32c/8.3.1/thumb/v7e-m+dp/hard/crtbegin.o
 *(SORT_BY_NAME(.fini_array.*))
                0x00400188                __fini_array_end = .
 *crtbegin.o(.dtors)
 *(EXCLUDE_FILE(*crtend.o) .dtors)
 *(SORT_BY_NAME(.dtors.*))
 *crtend.o(.dtors)
                0x00400188                . = ALIGN (0x4)
                0x00400188                _efixed = .
                [!provide]                PROVIDE (__exidx_start = .)

.ARM.exidx
 *(.ARM.exidx* .gnu.linkonce.armexidx.*)
                [!provide]                PROVIDE (__exidx_end = .)
                0x00400188                . = ALIGN (0x4)
                0x00400188                _etext = .

.bss            0x20400000        0x0
                0x20400000                . = ALIGN (0x4)
                0x20400000                __bss_start__ = .
                0x20400000                _sbss = .
                0x20400000                _szero = .
 *(COMMON)
                0x20400000                . = ALIGN (0x4)
                0x20400000                __bss_end__ = .
                0x20400000                _ebss = .
                0x20400000                _ezero = .
                0x20400000                . = ALIGN (0x4)
                0x20400000                _end = .
                0x2045ffff                _ram_end_ = ((ORIGIN (ram) + LENGTH (ram)) - 0x1)
                0x00000200                _min_heap_size = 0x200
START GROUP
LOAD c:/program files/microchip/xc32/v4.00/bin/bin/../../lib/gcc/pic32c/8.3.1/../../../../pic32c/lib/thumb/v7e-m+dp/hard\libpic32c.a
LOAD c:/program files/microchip/xc32/v4.00/bin/bin/../../lib/gcc/pic32c/8.3.1/../../../../pic32c/lib/thumb/v7e-m+dp/hard\libm-emfloat.a
LOAD c:/program files/microchip/xc32/v4.00/bin/bin/../../lib/gcc/pic32c/8.3.1/../../../../pic32c/lib/thumb/v7e-m+dp/hard\libc-musl.a
LOAD c:/program files/microchip/xc32/v4.00/bin/bin/../../lib/gcc/pic32c/8.3.1/../../../../pic32c/lib/thumb/v7e-m+dp/hard\libm-emfloat.a
LOAD c:/program files/microchip/xc32/v4.00/bin/bin/../../lib/gcc/pic32c/8.3.1/thumb/v7e-m+dp/hard\libgcc.a
END GROUP
LOAD c:/program files/microchip/xc32/v4.00/bin/bin/../../lib/gcc/pic32c/8.3.1/thumb/v7e-m+dp/hard/crtend.o
LOAD c:/program files/microchip/xc32/v4.00/bin/bin/../../lib/gcc/pic32c/8.3.1/thumb/v7e-m+dp/hard/crtn.o
OUTPUT(dist/sam_v71_xult/production/sam_v71_xult.X.production.elf elf32-littlearm)
LOAD stack
LOAD data_init

.ARM.attributes
                0x00000000       0x32
 .ARM.attributes
                0x00000000       0x1e c:/program files/microchip/xc32/v4.00/bin/bin/../../lib/gcc/pic32c/8.3.1/thumb/v7e-m+dp/hard/crti.o
 .ARM.attributes
                0x0000001e       0x32 c:/program files/microchip/xc32/v4.00/bin/bin/../../lib/gcc/pic32c/8.3.1/thumb/v7e-m+dp/hard/crtbegin.o
 .ARM.attributes
                0x00000050       0x32 build/sam_v71_xult/production/_ext/1379310441/bsp.o
 .ARM.attributes
                0x00000082       0x32 build/sam_v71_xult/production/_ext/1157990217/plib_clk.o
 .ARM.attributes
                0x000000b4       0x32 build/sam_v71_xult/production/_ext/1157988489/plib_efc.o
 .ARM.attributes
                0x000000e6       0x32 build/sam_v71_xult/production/_ext/1537621011/plib_nvic.o
 .ARM.attributes
                0x00000118       0x32 build/sam_v71_xult/production/_ext/1157977813/plib_pio.o
 .ARM.attributes
                0x0000014a       0x32 build/sam_v71_xult/production/_ext/415242918/plib_usart1.o
 .ARM.attributes
                0x0000017c       0x32 build/sam_v71_xult/production/_ext/1320227943/initialization.o
 .ARM.attributes
                0x000001ae       0x32 build/sam_v71_xult/production/_ext/1320227943/interrupts.o
 .ARM.attributes
                0x000001e0       0x32 build/sam_v71_xult/production/_ext/1320227943/exceptions.o
 .ARM.attributes
                0x00000212       0x32 build/sam_v71_xult/production/_ext/1320227943/startup_xc32.o
 .ARM.attributes
                0x00000244       0x32 build/sam_v71_xult/production/_ext/1320227943/freertos_hooks.o
 .ARM.attributes
                0x00000276       0x32 build/sam_v71_xult/production/_ext/1320227943/tasks.o
 .ARM.attributes
                0x000002a8       0x32 build/sam_v71_xult/production/_ext/977623654/port.o
 .ARM.attributes
                0x000002da       0x32 build/sam_v71_xult/production/_ext/1665200909/heap_1.o
 .ARM.attributes
                0x0000030c       0x32 build/sam_v71_xult/production/_ext/404212886/list.o
 .ARM.attributes
                0x0000033e       0x32 build/sam_v71_xult/production/_ext/404212886/queue.o
 .ARM.attributes
                0x00000370       0x32 build/sam_v71_xult/production/_ext/404212886/FreeRTOS_tasks.o
 .ARM.attributes
                0x000003a2       0x32 build/sam_v71_xult/production/_ext/1360937237/main.o
 .ARM.attributes
                0x000003d4       0x32 build/sam_v71_xult/production/_ext/1360937237/task1.o
 .ARM.attributes
                0x00000406       0x32 build/sam_v71_xult/production/_ext/1360937237/task2.o
 .ARM.attributes
                0x00000438       0x32 c:/program files/microchip/xc32/v4.00/bin/bin/../../lib/gcc/pic32c/8.3.1/../../../../pic32c/lib/thumb/v7e-m+dp/hard\libpic32c.a(data_init.o)
 .ARM.attributes
                0x0000046a       0x34 c:/program files/microchip/xc32/v4.00/bin/bin/../../lib/gcc/pic32c/8.3.1/../../../../pic32c/lib/thumb/v7e-m+dp/hard\libc-musl.a(__libc_start_main.o)
 .ARM.attributes
                0x0000049e       0x32 c:/program files/microchip/xc32/v4.00/bin/bin/../../lib/gcc/pic32c/8.3.1/../../../../pic32c/lib/thumb/v7e-m+dp/hard\libc-musl.a(libc.o)
 .ARM.attributes
                0x000004d0       0x34 c:/program files/microchip/xc32/v4.00/bin/bin/../../lib/gcc/pic32c/8.3.1/../../../../pic32c/lib/thumb/v7e-m+dp/hard\libc-musl.a(memcpy.o)
 .ARM.attributes
                0x00000504       0x34 c:/program files/microchip/xc32/v4.00/bin/bin/../../lib/gcc/pic32c/8.3.1/../../../../pic32c/lib/thumb/v7e-m+dp/hard\libc-musl.a(memset.o)
 .ARM.attributes
                0x00000538       0x32 c:/program files/microchip/xc32/v4.00/bin/bin/../../lib/gcc/pic32c/8.3.1/../../../../pic32c/lib/thumb/v7e-m+dp/hard\libc-musl.a(__environ.o)
 .ARM.attributes
                0x0000056a       0x1e c:/program files/microchip/xc32/v4.00/bin/bin/../../lib/gcc/pic32c/8.3.1/thumb/v7e-m+dp/hard/crtn.o

.comment        0x00000000       0x53
 .comment       0x00000000       0x53 c:/program files/microchip/xc32/v4.00/bin/bin/../../lib/gcc/pic32c/8.3.1/thumb/v7e-m+dp/hard/crtbegin.o
                                 0x54 (size before relaxing)
 .comment       0x00000053       0x54 build/sam_v71_xult/production/_ext/1379310441/bsp.o
 .comment       0x00000053       0x54 build/sam_v71_xult/production/_ext/1157990217/plib_clk.o
 .comment       0x00000053       0x54 build/sam_v71_xult/production/_ext/1157988489/plib_efc.o
 .comment       0x00000053       0x54 build/sam_v71_xult/production/_ext/1537621011/plib_nvic.o
 .comment       0x00000053       0x54 build/sam_v71_xult/production/_ext/1157977813/plib_pio.o
 .comment       0x00000053       0x54 build/sam_v71_xult/production/_ext/415242918/plib_usart1.o
 .comment       0x00000053       0x54 build/sam_v71_xult/production/_ext/1320227943/initialization.o
 .comment       0x00000053       0x54 build/sam_v71_xult/production/_ext/1320227943/interrupts.o
 .comment       0x00000053       0x54 build/sam_v71_xult/production/_ext/1320227943/exceptions.o
 .comment       0x00000053       0x54 build/sam_v71_xult/production/_ext/1320227943/startup_xc32.o
 .comment       0x00000053       0x54 build/sam_v71_xult/production/_ext/1320227943/freertos_hooks.o
 .comment       0x00000053       0x54 build/sam_v71_xult/production/_ext/1320227943/tasks.o
 .comment       0x00000053       0x54 build/sam_v71_xult/production/_ext/977623654/port.o
 .comment       0x00000053       0x54 build/sam_v71_xult/production/_ext/1665200909/heap_1.o
 .comment       0x00000053       0x54 build/sam_v71_xult/production/_ext/404212886/list.o
 .comment       0x00000053       0x54 build/sam_v71_xult/production/_ext/404212886/queue.o
 .comment       0x00000053       0x54 build/sam_v71_xult/production/_ext/404212886/FreeRTOS_tasks.o
 .comment       0x00000053       0x54 build/sam_v71_xult/production/_ext/1360937237/main.o
 .comment       0x00000053       0x54 build/sam_v71_xult/production/_ext/1360937237/task1.o
 .comment       0x00000053       0x54 build/sam_v71_xult/production/_ext/1360937237/task2.o
 .comment       0x00000053       0x54 c:/program files/microchip/xc32/v4.00/bin/bin/../../lib/gcc/pic32c/8.3.1/../../../../pic32c/lib/thumb/v7e-m+dp/hard\libpic32c.a(data_init.o)
 .comment       0x00000053       0x54 c:/program files/microchip/xc32/v4.00/bin/bin/../../lib/gcc/pic32c/8.3.1/../../../../pic32c/lib/thumb/v7e-m+dp/hard\libc-musl.a(__libc_start_main.o)
 .comment       0x00000053       0x54 c:/program files/microchip/xc32/v4.00/bin/bin/../../lib/gcc/pic32c/8.3.1/../../../../pic32c/lib/thumb/v7e-m+dp/hard\libc-musl.a(libc.o)
 .comment       0x00000053       0x54 c:/program files/microchip/xc32/v4.00/bin/bin/../../lib/gcc/pic32c/8.3.1/../../../../pic32c/lib/thumb/v7e-m+dp/hard\libc-musl.a(memcpy.o)
 .comment       0x00000053       0x54 c:/program files/microchip/xc32/v4.00/bin/bin/../../lib/gcc/pic32c/8.3.1/../../../../pic32c/lib/thumb/v7e-m+dp/hard\libc-musl.a(memset.o)
 .comment       0x00000053       0x54 c:/program files/microchip/xc32/v4.00/bin/bin/../../lib/gcc/pic32c/8.3.1/../../../../pic32c/lib/thumb/v7e-m+dp/hard\libc-musl.a(__environ.o)

.debug_info     0x00000000    0x11cdb
 .debug_info    0x00000000      0xa66 build/sam_v71_xult/production/_ext/1379310441/bsp.o
 .debug_info    0x00000a66      0x869 build/sam_v71_xult/production/_ext/1157990217/plib_clk.o
 .debug_info    0x000012cf      0x929 build/sam_v71_xult/production/_ext/1157988489/plib_efc.o
 .debug_info    0x00001bf8     0x11fd build/sam_v71_xult/production/_ext/1537621011/plib_nvic.o
 .debug_info    0x00002df5     0x190b build/sam_v71_xult/production/_ext/1157977813/plib_pio.o
 .debug_info    0x00004700     0x1841 build/sam_v71_xult/production/_ext/415242918/plib_usart1.o
 .debug_info    0x00005f41      0x543 build/sam_v71_xult/production/_ext/1320227943/initialization.o
 .debug_info    0x00006484      0xe68 build/sam_v71_xult/production/_ext/1320227943/interrupts.o
 .debug_info    0x000072ec      0x462 build/sam_v71_xult/production/_ext/1320227943/exceptions.o
 .debug_info    0x0000774e      0xdf1 build/sam_v71_xult/production/_ext/1320227943/startup_xc32.o
 .debug_info    0x0000853f      0x51c build/sam_v71_xult/production/_ext/1320227943/freertos_hooks.o
 .debug_info    0x00008a5b      0x55f build/sam_v71_xult/production/_ext/1320227943/tasks.o
 .debug_info    0x00008fba      0x76c build/sam_v71_xult/production/_ext/977623654/port.o
 .debug_info    0x00009726      0x4f2 build/sam_v71_xult/production/_ext/1665200909/heap_1.o
 .debug_info    0x00009c18      0x61f build/sam_v71_xult/production/_ext/404212886/list.o
 .debug_info    0x0000a237     0x2131 build/sam_v71_xult/production/_ext/404212886/queue.o
 .debug_info    0x0000c368     0x2e58 build/sam_v71_xult/production/_ext/404212886/FreeRTOS_tasks.o
 .debug_info    0x0000f1c0      0x3b4 build/sam_v71_xult/production/_ext/1360937237/main.o
 .debug_info    0x0000f574      0x645 build/sam_v71_xult/production/_ext/1360937237/task1.o
 .debug_info    0x0000fbb9      0x601 build/sam_v71_xult/production/_ext/1360937237/task2.o
 .debug_info    0x000101ba      0x2e1 c:/program files/microchip/xc32/v4.00/bin/bin/../../lib/gcc/pic32c/8.3.1/../../../../pic32c/lib/thumb/v7e-m+dp/hard\libpic32c.a(data_init.o)
 .debug_info    0x0001049b      0x6b9 c:/program files/microchip/xc32/v4.00/bin/bin/../../lib/gcc/pic32c/8.3.1/../../../../pic32c/lib/thumb/v7e-m+dp/hard\libc-musl.a(__libc_start_main.o)
 .debug_info    0x00010b54      0x5e5 c:/program files/microchip/xc32/v4.00/bin/bin/../../lib/gcc/pic32c/8.3.1/../../../../pic32c/lib/thumb/v7e-m+dp/hard\libc-musl.a(libc.o)
 .debug_info    0x00011139      0x324 c:/program files/microchip/xc32/v4.00/bin/bin/../../lib/gcc/pic32c/8.3.1/../../../../pic32c/lib/thumb/v7e-m+dp/hard\libc-musl.a(memcpy.o)
 .debug_info    0x0001145d      0x2e2 c:/program files/microchip/xc32/v4.00/bin/bin/../../lib/gcc/pic32c/8.3.1/../../../../pic32c/lib/thumb/v7e-m+dp/hard\libc-musl.a(memset.o)
 .debug_info    0x0001173f      0x59c c:/program files/microchip/xc32/v4.00/bin/bin/../../lib/gcc/pic32c/8.3.1/../../../../pic32c/lib/thumb/v7e-m+dp/hard\libc-musl.a(__environ.o)

.debug_abbrev   0x00000000     0x28c2
 .debug_abbrev  0x00000000       0xd1 build/sam_v71_xult/production/_ext/1379310441/bsp.o
 .debug_abbrev  0x000000d1       0xd5 build/sam_v71_xult/production/_ext/1157990217/plib_clk.o
 .debug_abbrev  0x000001a6      0x21a build/sam_v71_xult/production/_ext/1157988489/plib_efc.o
 .debug_abbrev  0x000003c0      0x1f7 build/sam_v71_xult/production/_ext/1537621011/plib_nvic.o
 .debug_abbrev  0x000005b7      0x298 build/sam_v71_xult/production/_ext/1157977813/plib_pio.o
 .debug_abbrev  0x0000084f      0x47a build/sam_v71_xult/production/_ext/415242918/plib_usart1.o
 .debug_abbrev  0x00000cc9       0xfb build/sam_v71_xult/production/_ext/1320227943/initialization.o
 .debug_abbrev  0x00000dc4       0xd8 build/sam_v71_xult/production/_ext/1320227943/interrupts.o
 .debug_abbrev  0x00000e9c       0xa2 build/sam_v71_xult/production/_ext/1320227943/exceptions.o
 .debug_abbrev  0x00000f3e      0x24f build/sam_v71_xult/production/_ext/1320227943/startup_xc32.o
 .debug_abbrev  0x0000118d      0x14e build/sam_v71_xult/production/_ext/1320227943/freertos_hooks.o
 .debug_abbrev  0x000012db      0x12b build/sam_v71_xult/production/_ext/1320227943/tasks.o
 .debug_abbrev  0x00001406      0x23e build/sam_v71_xult/production/_ext/977623654/port.o
 .debug_abbrev  0x00001644      0x16c build/sam_v71_xult/production/_ext/1665200909/heap_1.o
 .debug_abbrev  0x000017b0      0x15e build/sam_v71_xult/production/_ext/404212886/list.o
 .debug_abbrev  0x0000190e      0x399 build/sam_v71_xult/production/_ext/404212886/queue.o
 .debug_abbrev  0x00001ca7      0x466 build/sam_v71_xult/production/_ext/404212886/FreeRTOS_tasks.o
 .debug_abbrev  0x0000210d       0xdb build/sam_v71_xult/production/_ext/1360937237/main.o
 .debug_abbrev  0x000021e8      0x15b build/sam_v71_xult/production/_ext/1360937237/task1.o
 .debug_abbrev  0x00002343      0x16a build/sam_v71_xult/production/_ext/1360937237/task2.o
 .debug_abbrev  0x000024ad       0x2e c:/program files/microchip/xc32/v4.00/bin/bin/../../lib/gcc/pic32c/8.3.1/../../../../pic32c/lib/thumb/v7e-m+dp/hard\libpic32c.a(data_init.o)
 .debug_abbrev  0x000024db      0x126 c:/program files/microchip/xc32/v4.00/bin/bin/../../lib/gcc/pic32c/8.3.1/../../../../pic32c/lib/thumb/v7e-m+dp/hard\libc-musl.a(__libc_start_main.o)
 .debug_abbrev  0x00002601       0xc7 c:/program files/microchip/xc32/v4.00/bin/bin/../../lib/gcc/pic32c/8.3.1/../../../../pic32c/lib/thumb/v7e-m+dp/hard\libc-musl.a(libc.o)
 .debug_abbrev  0x000026c8       0x9c c:/program files/microchip/xc32/v4.00/bin/bin/../../lib/gcc/pic32c/8.3.1/../../../../pic32c/lib/thumb/v7e-m+dp/hard\libc-musl.a(memcpy.o)
 .debug_abbrev  0x00002764       0x97 c:/program files/microchip/xc32/v4.00/bin/bin/../../lib/gcc/pic32c/8.3.1/../../../../pic32c/lib/thumb/v7e-m+dp/hard\libc-musl.a(memset.o)
 .debug_abbrev  0x000027fb       0xc7 c:/program files/microchip/xc32/v4.00/bin/bin/../../lib/gcc/pic32c/8.3.1/../../../../pic32c/lib/thumb/v7e-m+dp/hard\libc-musl.a(__environ.o)

.debug_aranges  0x00000000      0x798
 .debug_aranges
                0x00000000       0x20 build/sam_v71_xult/production/_ext/1379310441/bsp.o
 .debug_aranges
                0x00000020       0x20 build/sam_v71_xult/production/_ext/1157990217/plib_clk.o
 .debug_aranges
                0x00000040       0x70 build/sam_v71_xult/production/_ext/1157988489/plib_efc.o
 .debug_aranges
                0x000000b0       0x38 build/sam_v71_xult/production/_ext/1537621011/plib_nvic.o
 .debug_aranges
                0x000000e8       0x88 build/sam_v71_xult/production/_ext/1157977813/plib_pio.o
 .debug_aranges
                0x00000170       0xb0 build/sam_v71_xult/production/_ext/415242918/plib_usart1.o
 .debug_aranges
                0x00000220       0x20 build/sam_v71_xult/production/_ext/1320227943/initialization.o
 .debug_aranges
                0x00000240       0x20 build/sam_v71_xult/production/_ext/1320227943/interrupts.o
 .debug_aranges
                0x00000260       0x48 build/sam_v71_xult/production/_ext/1320227943/exceptions.o
 .debug_aranges
                0x000002a8       0x28 build/sam_v71_xult/production/_ext/1320227943/startup_xc32.o
 .debug_aranges
                0x000002d0       0x40 build/sam_v71_xult/production/_ext/1320227943/freertos_hooks.o
 .debug_aranges
                0x00000310       0x30 build/sam_v71_xult/production/_ext/1320227943/tasks.o
 .debug_aranges
                0x00000340       0x78 build/sam_v71_xult/production/_ext/977623654/port.o
 .debug_aranges
                0x000003b8       0x38 build/sam_v71_xult/production/_ext/1665200909/heap_1.o
 .debug_aranges
                0x000003f0       0x40 build/sam_v71_xult/production/_ext/404212886/list.o
 .debug_aranges
                0x00000430       0xc8 build/sam_v71_xult/production/_ext/404212886/queue.o
 .debug_aranges
                0x000004f8      0x178 build/sam_v71_xult/production/_ext/404212886/FreeRTOS_tasks.o
 .debug_aranges
                0x00000670       0x20 build/sam_v71_xult/production/_ext/1360937237/main.o
 .debug_aranges
                0x00000690       0x28 build/sam_v71_xult/production/_ext/1360937237/task1.o
 .debug_aranges
                0x000006b8       0x28 build/sam_v71_xult/production/_ext/1360937237/task2.o
 .debug_aranges
                0x000006e0       0x20 c:/program files/microchip/xc32/v4.00/bin/bin/../../lib/gcc/pic32c/8.3.1/../../../../pic32c/lib/thumb/v7e-m+dp/hard\libpic32c.a(data_init.o)
 .debug_aranges
                0x00000700       0x28 c:/program files/microchip/xc32/v4.00/bin/bin/../../lib/gcc/pic32c/8.3.1/../../../../pic32c/lib/thumb/v7e-m+dp/hard\libc-musl.a(__libc_start_main.o)
 .debug_aranges
                0x00000728       0x18 c:/program files/microchip/xc32/v4.00/bin/bin/../../lib/gcc/pic32c/8.3.1/../../../../pic32c/lib/thumb/v7e-m+dp/hard\libc-musl.a(libc.o)
 .debug_aranges
                0x00000740       0x20 c:/program files/microchip/xc32/v4.00/bin/bin/../../lib/gcc/pic32c/8.3.1/../../../../pic32c/lib/thumb/v7e-m+dp/hard\libc-musl.a(memcpy.o)
 .debug_aranges
                0x00000760       0x20 c:/program files/microchip/xc32/v4.00/bin/bin/../../lib/gcc/pic32c/8.3.1/../../../../pic32c/lib/thumb/v7e-m+dp/hard\libc-musl.a(memset.o)
 .debug_aranges
                0x00000780       0x18 c:/program files/microchip/xc32/v4.00/bin/bin/../../lib/gcc/pic32c/8.3.1/../../../../pic32c/lib/thumb/v7e-m+dp/hard\libc-musl.a(__environ.o)

.debug_ranges   0x00000000      0x900
 .debug_ranges  0x00000000       0x10 build/sam_v71_xult/production/_ext/1379310441/bsp.o
 .debug_ranges  0x00000010       0x10 build/sam_v71_xult/production/_ext/1157990217/plib_clk.o
 .debug_ranges  0x00000020       0x90 build/sam_v71_xult/production/_ext/1157988489/plib_efc.o
 .debug_ranges  0x000000b0       0x28 build/sam_v71_xult/production/_ext/1537621011/plib_nvic.o
 .debug_ranges  0x000000d8       0x78 build/sam_v71_xult/production/_ext/1157977813/plib_pio.o
 .debug_ranges  0x00000150      0x148 build/sam_v71_xult/production/_ext/415242918/plib_usart1.o
 .debug_ranges  0x00000298       0x10 build/sam_v71_xult/production/_ext/1320227943/initialization.o
 .debug_ranges  0x000002a8       0x10 build/sam_v71_xult/production/_ext/1320227943/interrupts.o
 .debug_ranges  0x000002b8       0x38 build/sam_v71_xult/production/_ext/1320227943/exceptions.o
 .debug_ranges  0x000002f0       0x48 build/sam_v71_xult/production/_ext/1320227943/startup_xc32.o
 .debug_ranges  0x00000338       0x30 build/sam_v71_xult/production/_ext/1320227943/freertos_hooks.o
 .debug_ranges  0x00000368       0x20 build/sam_v71_xult/production/_ext/1320227943/tasks.o
 .debug_ranges  0x00000388       0x68 build/sam_v71_xult/production/_ext/977623654/port.o
 .debug_ranges  0x000003f0       0x28 build/sam_v71_xult/production/_ext/1665200909/heap_1.o
 .debug_ranges  0x00000418       0x30 build/sam_v71_xult/production/_ext/404212886/list.o
 .debug_ranges  0x00000448      0x180 build/sam_v71_xult/production/_ext/404212886/queue.o
 .debug_ranges  0x000005c8      0x288 build/sam_v71_xult/production/_ext/404212886/FreeRTOS_tasks.o
 .debug_ranges  0x00000850       0x10 build/sam_v71_xult/production/_ext/1360937237/main.o
 .debug_ranges  0x00000860       0x18 build/sam_v71_xult/production/_ext/1360937237/task1.o
 .debug_ranges  0x00000878       0x18 build/sam_v71_xult/production/_ext/1360937237/task2.o
 .debug_ranges  0x00000890       0x10 c:/program files/microchip/xc32/v4.00/bin/bin/../../lib/gcc/pic32c/8.3.1/../../../../pic32c/lib/thumb/v7e-m+dp/hard\libpic32c.a(data_init.o)
 .debug_ranges  0x000008a0       0x40 c:/program files/microchip/xc32/v4.00/bin/bin/../../lib/gcc/pic32c/8.3.1/../../../../pic32c/lib/thumb/v7e-m+dp/hard\libc-musl.a(__libc_start_main.o)
 .debug_ranges  0x000008e0       0x10 c:/program files/microchip/xc32/v4.00/bin/bin/../../lib/gcc/pic32c/8.3.1/../../../../pic32c/lib/thumb/v7e-m+dp/hard\libc-musl.a(memcpy.o)
 .debug_ranges  0x000008f0       0x10 c:/program files/microchip/xc32/v4.00/bin/bin/../../lib/gcc/pic32c/8.3.1/../../../../pic32c/lib/thumb/v7e-m+dp/hard\libc-musl.a(memset.o)

.debug_line     0x00000000     0x6228
 .debug_line    0x00000000      0x157 build/sam_v71_xult/production/_ext/1379310441/bsp.o
 .debug_line    0x00000157      0x1b6 build/sam_v71_xult/production/_ext/1157990217/plib_clk.o
 .debug_line    0x0000030d      0x3e0 build/sam_v71_xult/production/_ext/1157988489/plib_efc.o
 .debug_line    0x000006ed      0x317 build/sam_v71_xult/production/_ext/1537621011/plib_nvic.o
 .debug_line    0x00000a04      0x504 build/sam_v71_xult/production/_ext/1157977813/plib_pio.o
 .debug_line    0x00000f08      0x9a9 build/sam_v71_xult/production/_ext/415242918/plib_usart1.o
 .debug_line    0x000018b1      0x2eb build/sam_v71_xult/production/_ext/1320227943/initialization.o
 .debug_line    0x00001b9c      0x138 build/sam_v71_xult/production/_ext/1320227943/interrupts.o
 .debug_line    0x00001cd4      0x191 build/sam_v71_xult/production/_ext/1320227943/exceptions.o
 .debug_line    0x00001e65      0x46e build/sam_v71_xult/production/_ext/1320227943/startup_xc32.o
 .debug_line    0x000022d3      0x1e3 build/sam_v71_xult/production/_ext/1320227943/freertos_hooks.o
 .debug_line    0x000024b6      0x1c3 build/sam_v71_xult/production/_ext/1320227943/tasks.o
 .debug_line    0x00002679      0x35f build/sam_v71_xult/production/_ext/977623654/port.o
 .debug_line    0x000029d8      0x1dd build/sam_v71_xult/production/_ext/1665200909/heap_1.o
 .debug_line    0x00002bb5      0x2d4 build/sam_v71_xult/production/_ext/404212886/list.o
 .debug_line    0x00002e89      0xe88 build/sam_v71_xult/production/_ext/404212886/queue.o
 .debug_line    0x00003d11     0x1752 build/sam_v71_xult/production/_ext/404212886/FreeRTOS_tasks.o
 .debug_line    0x00005463      0x138 build/sam_v71_xult/production/_ext/1360937237/main.o
 .debug_line    0x0000559b      0x24e build/sam_v71_xult/production/_ext/1360937237/task1.o
 .debug_line    0x000057e9      0x236 build/sam_v71_xult/production/_ext/1360937237/task2.o
 .debug_line    0x00005a1f      0x110 c:/program files/microchip/xc32/v4.00/bin/bin/../../lib/gcc/pic32c/8.3.1/../../../../pic32c/lib/thumb/v7e-m+dp/hard\libpic32c.a(data_init.o)
 .debug_line    0x00005b2f      0x24c c:/program files/microchip/xc32/v4.00/bin/bin/../../lib/gcc/pic32c/8.3.1/../../../../pic32c/lib/thumb/v7e-m+dp/hard\libc-musl.a(__libc_start_main.o)
 .debug_line    0x00005d7b      0x132 c:/program files/microchip/xc32/v4.00/bin/bin/../../lib/gcc/pic32c/8.3.1/../../../../pic32c/lib/thumb/v7e-m+dp/hard\libc-musl.a(libc.o)
 .debug_line    0x00005ead       0xf2 c:/program files/microchip/xc32/v4.00/bin/bin/../../lib/gcc/pic32c/8.3.1/../../../../pic32c/lib/thumb/v7e-m+dp/hard\libc-musl.a(memcpy.o)
 .debug_line    0x00005f9f       0xea c:/program files/microchip/xc32/v4.00/bin/bin/../../lib/gcc/pic32c/8.3.1/../../../../pic32c/lib/thumb/v7e-m+dp/hard\libc-musl.a(memset.o)
 .debug_line    0x00006089      0x19f c:/program files/microchip/xc32/v4.00/bin/bin/../../lib/gcc/pic32c/8.3.1/../../../../pic32c/lib/thumb/v7e-m+dp/hard\libc-musl.a(__environ.o)

.debug_str      0x00000000      0x8ad
 .debug_str     0x00000000        0x0 build/sam_v71_xult/production/_ext/1379310441/bsp.o
 .debug_str     0x00000000        0x0 build/sam_v71_xult/production/_ext/1157990217/plib_clk.o
 .debug_str     0x00000000       0x14 build/sam_v71_xult/production/_ext/1157988489/plib_efc.o
 .debug_str     0x00000014       0x28 build/sam_v71_xult/production/_ext/1537621011/plib_nvic.o
 .debug_str     0x0000003c       0x59 build/sam_v71_xult/production/_ext/1157977813/plib_pio.o
 .debug_str     0x00000095       0xb1 build/sam_v71_xult/production/_ext/415242918/plib_usart1.o
 .debug_str     0x00000146       0x82 build/sam_v71_xult/production/_ext/1320227943/initialization.o
 .debug_str     0x000001c8        0x0 build/sam_v71_xult/production/_ext/1320227943/interrupts.o
 .debug_str     0x000001c8        0x0 build/sam_v71_xult/production/_ext/1320227943/exceptions.o
 .debug_str     0x000001c8       0x2f build/sam_v71_xult/production/_ext/1320227943/startup_xc32.o
 .debug_str     0x000001f7       0x25 build/sam_v71_xult/production/_ext/1320227943/freertos_hooks.o
 .debug_str     0x0000021c       0x45 build/sam_v71_xult/production/_ext/1320227943/tasks.o
 .debug_str     0x00000261       0x26 build/sam_v71_xult/production/_ext/977623654/port.o
 .debug_str     0x00000287       0x3c build/sam_v71_xult/production/_ext/1665200909/heap_1.o
 .debug_str     0x000002c3       0x2b build/sam_v71_xult/production/_ext/404212886/list.o
 .debug_str     0x000002ee      0x27f build/sam_v71_xult/production/_ext/404212886/queue.o
 .debug_str     0x0000056d      0x275 build/sam_v71_xult/production/_ext/404212886/FreeRTOS_tasks.o
 .debug_str     0x000007e2       0x19 build/sam_v71_xult/production/_ext/1360937237/main.o
 .debug_str     0x000007fb       0x62 build/sam_v71_xult/production/_ext/1360937237/task1.o
 .debug_str     0x0000085d       0x50 build/sam_v71_xult/production/_ext/1360937237/task2.o
 .debug_str     0x000008ad        0x0 c:/program files/microchip/xc32/v4.00/bin/bin/../../lib/gcc/pic32c/8.3.1/../../../../pic32c/lib/thumb/v7e-m+dp/hard\libpic32c.a(data_init.o)
 .debug_str     0x000008ad        0x0 c:/program files/microchip/xc32/v4.00/bin/bin/../../lib/gcc/pic32c/8.3.1/../../../../pic32c/lib/thumb/v7e-m+dp/hard\libc-musl.a(__libc_start_main.o)
 .debug_str     0x000008ad        0x0 c:/program files/microchip/xc32/v4.00/bin/bin/../../lib/gcc/pic32c/8.3.1/../../../../pic32c/lib/thumb/v7e-m+dp/hard\libc-musl.a(libc.o)
 .debug_str     0x000008ad        0x0 c:/program files/microchip/xc32/v4.00/bin/bin/../../lib/gcc/pic32c/8.3.1/../../../../pic32c/lib/thumb/v7e-m+dp/hard\libc-musl.a(memcpy.o)
 .debug_str     0x000008ad        0x0 c:/program files/microchip/xc32/v4.00/bin/bin/../../lib/gcc/pic32c/8.3.1/../../../../pic32c/lib/thumb/v7e-m+dp/hard\libc-musl.a(memset.o)
 .debug_str     0x000008ad        0x0 c:/program files/microchip/xc32/v4.00/bin/bin/../../lib/gcc/pic32c/8.3.1/../../../../pic32c/lib/thumb/v7e-m+dp/hard\libc-musl.a(__environ.o)

.debug_frame    0x00000000      0xff8
 .debug_frame   0x00000000       0x20 build/sam_v71_xult/production/_ext/1379310441/bsp.o
 .debug_frame   0x00000020       0x20 build/sam_v71_xult/production/_ext/1157990217/plib_clk.o
 .debug_frame   0x00000040       0xec build/sam_v71_xult/production/_ext/1157988489/plib_efc.o
 .debug_frame   0x0000012c       0x50 build/sam_v71_xult/production/_ext/1537621011/plib_nvic.o
 .debug_frame   0x0000017c      0x11c build/sam_v71_xult/production/_ext/1157977813/plib_pio.o
 .debug_frame   0x00000298      0x19c build/sam_v71_xult/production/_ext/415242918/plib_usart1.o
 .debug_frame   0x00000434       0x28 build/sam_v71_xult/production/_ext/1320227943/initialization.o
 .debug_frame   0x0000045c       0x20 build/sam_v71_xult/production/_ext/1320227943/interrupts.o
 .debug_frame   0x0000047c       0x70 build/sam_v71_xult/production/_ext/1320227943/exceptions.o
 .debug_frame   0x000004ec       0x38 build/sam_v71_xult/production/_ext/1320227943/startup_xc32.o
 .debug_frame   0x00000524       0x6c build/sam_v71_xult/production/_ext/1320227943/freertos_hooks.o
 .debug_frame   0x00000590       0x60 build/sam_v71_xult/production/_ext/1320227943/tasks.o
 .debug_frame   0x000005f0       0xe8 build/sam_v71_xult/production/_ext/977623654/port.o
 .debug_frame   0x000006d8       0x5c build/sam_v71_xult/production/_ext/1665200909/heap_1.o
 .debug_frame   0x00000734       0x6c build/sam_v71_xult/production/_ext/404212886/list.o
 .debug_frame   0x000007a0      0x280 build/sam_v71_xult/production/_ext/404212886/queue.o
 .debug_frame   0x00000a20      0x46c build/sam_v71_xult/production/_ext/404212886/FreeRTOS_tasks.o
 .debug_frame   0x00000e8c       0x28 build/sam_v71_xult/production/_ext/1360937237/main.o
 .debug_frame   0x00000eb4       0x48 build/sam_v71_xult/production/_ext/1360937237/task1.o
 .debug_frame   0x00000efc       0x40 build/sam_v71_xult/production/_ext/1360937237/task2.o
 .debug_frame   0x00000f3c       0x38 c:/program files/microchip/xc32/v4.00/bin/bin/../../lib/gcc/pic32c/8.3.1/../../../../pic32c/lib/thumb/v7e-m+dp/hard\libpic32c.a(data_init.o)
 .debug_frame   0x00000f74       0x3c c:/program files/microchip/xc32/v4.00/bin/bin/../../lib/gcc/pic32c/8.3.1/../../../../pic32c/lib/thumb/v7e-m+dp/hard\libc-musl.a(__libc_start_main.o)
 .debug_frame   0x00000fb0       0x28 c:/program files/microchip/xc32/v4.00/bin/bin/../../lib/gcc/pic32c/8.3.1/../../../../pic32c/lib/thumb/v7e-m+dp/hard\libc-musl.a(memcpy.o)
 .debug_frame   0x00000fd8       0x20 c:/program files/microchip/xc32/v4.00/bin/bin/../../lib/gcc/pic32c/8.3.1/../../../../pic32c/lib/thumb/v7e-m+dp/hard\libc-musl.a(memset.o)

.debug_loc      0x00000000     0x5453
 .debug_loc     0x00000000      0x611 build/sam_v71_xult/production/_ext/1157988489/plib_efc.o
 .debug_loc     0x00000611      0x124 build/sam_v71_xult/production/_ext/1537621011/plib_nvic.o
 .debug_loc     0x00000735      0x371 build/sam_v71_xult/production/_ext/1157977813/plib_pio.o
 .debug_loc     0x00000aa6      0xab0 build/sam_v71_xult/production/_ext/415242918/plib_usart1.o
 .debug_loc     0x00001556       0x45 build/sam_v71_xult/production/_ext/1320227943/initialization.o
 .debug_loc     0x0000159b       0xa7 build/sam_v71_xult/production/_ext/1320227943/startup_xc32.o
 .debug_loc     0x00001642       0x82 build/sam_v71_xult/production/_ext/1320227943/freertos_hooks.o
 .debug_loc     0x000016c4       0xc2 build/sam_v71_xult/production/_ext/1320227943/tasks.o
 .debug_loc     0x00001786      0x13a build/sam_v71_xult/production/_ext/977623654/port.o
 .debug_loc     0x000018c0       0x80 build/sam_v71_xult/production/_ext/1665200909/heap_1.o
 .debug_loc     0x00001940       0xbf build/sam_v71_xult/production/_ext/404212886/list.o
 .debug_loc     0x000019ff     0x16e4 build/sam_v71_xult/production/_ext/404212886/queue.o
 .debug_loc     0x000030e3     0x211d build/sam_v71_xult/production/_ext/404212886/FreeRTOS_tasks.o
 .debug_loc     0x00005200       0x20 build/sam_v71_xult/production/_ext/1360937237/main.o
 .debug_loc     0x00005220       0x6f build/sam_v71_xult/production/_ext/1360937237/task1.o
 .debug_loc     0x0000528f       0x4f build/sam_v71_xult/production/_ext/1360937237/task2.o
 .debug_loc     0x000052de       0x14 c:/program files/microchip/xc32/v4.00/bin/bin/../../lib/gcc/pic32c/8.3.1/../../../../pic32c/lib/thumb/v7e-m+dp/hard\libpic32c.a(data_init.o)
 .debug_loc     0x000052f2       0x51 c:/program files/microchip/xc32/v4.00/bin/bin/../../lib/gcc/pic32c/8.3.1/../../../../pic32c/lib/thumb/v7e-m+dp/hard\libc-musl.a(__libc_start_main.o)
 .debug_loc     0x00005343       0xba c:/program files/microchip/xc32/v4.00/bin/bin/../../lib/gcc/pic32c/8.3.1/../../../../pic32c/lib/thumb/v7e-m+dp/hard\libc-musl.a(memcpy.o)
 .debug_loc     0x000053fd       0x56 c:/program files/microchip/xc32/v4.00/bin/bin/../../lib/gcc/pic32c/8.3.1/../../../../pic32c/lib/thumb/v7e-m+dp/hard\libc-musl.a(memset.o)

.note.GNU-stack
                0x00000000        0x0
 .note.GNU-stack
                0x00000000        0x0 c:/program files/microchip/xc32/v4.00/bin/bin/../../lib/gcc/pic32c/8.3.1/../../../../pic32c/lib/thumb/v7e-m+dp/hard\libc-musl.a(__libc_start_main.o)
 .note.GNU-stack
                0x00000000        0x0 c:/program files/microchip/xc32/v4.00/bin/bin/../../lib/gcc/pic32c/8.3.1/../../../../pic32c/lib/thumb/v7e-m+dp/hard\libc-musl.a(libc.o)
 .note.GNU-stack
                0x00000000        0x0 c:/program files/microchip/xc32/v4.00/bin/bin/../../lib/gcc/pic32c/8.3.1/../../../../pic32c/lib/thumb/v7e-m+dp/hard\libc-musl.a(memcpy.o)
 .note.GNU-stack
                0x00000000        0x0 c:/program files/microchip/xc32/v4.00/bin/bin/../../lib/gcc/pic32c/8.3.1/../../../../pic32c/lib/thumb/v7e-m+dp/hard\libc-musl.a(memset.o)
 .note.GNU-stack
                0x00000000        0x0 c:/program files/microchip/xc32/v4.00/bin/bin/../../lib/gcc/pic32c/8.3.1/../../../../pic32c/lib/thumb/v7e-m+dp/hard\libc-musl.a(__environ.o)

.stack          0x2040a618      0x100
 .stack         0x2040a618      0x100 stack

.bss.ucHeap%1   0x20400000     0xa000
 .bss.ucHeap    0x20400000     0xa000 build/sam_v71_xult/production/_ext/1665200909/heap_1.o

.bss.USART1_WriteBuffer%2
                0x2040a000      0x200
 .bss.USART1_WriteBuffer
                0x2040a000      0x200 build/sam_v71_xult/production/_ext/415242918/plib_usart1.o

.bss.pxReadyTasksLists%3
                0x2040a200       0x64
 .bss.pxReadyTasksLists
                0x2040a200       0x64 build/sam_v71_xult/production/_ext/404212886/FreeRTOS_tasks.o

.bss%4          0x2040a264       0x50
 .bss           0x2040a264       0x50 c:/program files/microchip/xc32/v4.00/bin/bin/../../lib/gcc/pic32c/8.3.1/../../../../pic32c/lib/thumb/v7e-m+dp/hard\libc-musl.a(libc.o)
                0x2040a264                __progname_full
                0x2040a264                program_invocation_name
                0x2040a268                program_invocation_short_name
                0x2040a268                __progname
                0x2040a26c                __sysinfo
                0x2040a270                __hwcap
                0x2040a274                __libc

.bss.usart1Obj%5
                0x2040a2b4       0x40
 .bss.usart1Obj
                0x2040a2b4       0x40 build/sam_v71_xult/production/_ext/415242918/plib_usart1.o
                0x2040a2b4                usart1Obj

.bss%6          0x2040a2f4       0x1c
 .bss           0x2040a2f4       0x1c c:/program files/microchip/xc32/v4.00/bin/bin/../../lib/gcc/pic32c/8.3.1/thumb/v7e-m+dp/hard/crtbegin.o

.bss.xDelayedTaskList1%7
                0x2040a310       0x14
 .bss.xDelayedTaskList1
                0x2040a310       0x14 build/sam_v71_xult/production/_ext/404212886/FreeRTOS_tasks.o

.bss.xDelayedTaskList2%8
                0x2040a324       0x14
 .bss.xDelayedTaskList2
                0x2040a324       0x14 build/sam_v71_xult/production/_ext/404212886/FreeRTOS_tasks.o

.bss.xPendingReadyList%9
                0x2040a338       0x14
 .bss.xPendingReadyList
                0x2040a338       0x14 build/sam_v71_xult/production/_ext/404212886/FreeRTOS_tasks.o

.bss.xSuspendedTaskList%10
                0x2040a34c       0x14
 .bss.xSuspendedTaskList
                0x2040a34c       0x14 build/sam_v71_xult/production/_ext/404212886/FreeRTOS_tasks.o

.bss.xTasksWaitingTermination%11
                0x2040a360       0x14
 .bss.xTasksWaitingTermination
                0x2040a360       0x14 build/sam_v71_xult/production/_ext/404212886/FreeRTOS_tasks.o

.bss.USART1_ReadBuffer%12
                0x2040a374       0x10
 .bss.USART1_ReadBuffer
                0x2040a374       0x10 build/sam_v71_xult/production/_ext/415242918/plib_usart1.o

.bss.portPinCbObj%13
                0x2040a384        0xc
 .bss.portPinCbObj
                0x2040a384        0xc build/sam_v71_xult/production/_ext/1157977813/plib_pio.o
                0x2040a384                portPinCbObj

.data.portNumCb%14
                0x2040a390        0x6
 .data.portNumCb
                0x2040a390        0x6 build/sam_v71_xult/production/_ext/1157977813/plib_pio.o
                0x2040a390                portNumCb

.bss.cmd.7938%15
                0x2040a398        0x4
 .bss.cmd.7938  0x2040a398        0x4 build/sam_v71_xult/production/_ext/1320227943/startup_xc32.o

.bss.xTASK1_Tasks%16
                0x2040a39c        0x4
 .bss.xTASK1_Tasks
                0x2040a39c        0x4 build/sam_v71_xult/production/_ext/1320227943/tasks.o
                0x2040a39c                xTASK1_Tasks

.bss.xTASK2_Tasks%17
                0x2040a3a0        0x4
 .bss.xTASK2_Tasks
                0x2040a3a0        0x4 build/sam_v71_xult/production/_ext/1320227943/tasks.o
                0x2040a3a0                xTASK2_Tasks

.data.uxCriticalNesting%18
                0x2040a3a4        0x4
 .data.uxCriticalNesting
                0x2040a3a4        0x4 build/sam_v71_xult/production/_ext/977623654/port.o

.bss.pucAlignedHeap.6163%19
                0x2040a3a8        0x4
 .bss.pucAlignedHeap.6163
                0x2040a3a8        0x4 build/sam_v71_xult/production/_ext/1665200909/heap_1.o

.bss.xNextFreeByte%20
                0x2040a3ac        0x4
 .bss.xNextFreeByte
                0x2040a3ac        0x4 build/sam_v71_xult/production/_ext/1665200909/heap_1.o

.bss.pxCurrentTCB%21
                0x2040a3b0        0x4
 .bss.pxCurrentTCB
                0x2040a3b0        0x4 build/sam_v71_xult/production/_ext/404212886/FreeRTOS_tasks.o
                0x2040a3b0                pxCurrentTCB

.bss.pxDelayedTaskList%22
                0x2040a3b4        0x4
 .bss.pxDelayedTaskList
                0x2040a3b4        0x4 build/sam_v71_xult/production/_ext/404212886/FreeRTOS_tasks.o

.bss.pxOverflowDelayedTaskList%23
                0x2040a3b8        0x4
 .bss.pxOverflowDelayedTaskList
                0x2040a3b8        0x4 build/sam_v71_xult/production/_ext/404212886/FreeRTOS_tasks.o

.bss.uxCurrentNumberOfTasks%24
                0x2040a3bc        0x4
 .bss.uxCurrentNumberOfTasks
                0x2040a3bc        0x4 build/sam_v71_xult/production/_ext/404212886/FreeRTOS_tasks.o

.bss.uxDeletedTasksWaitingCleanUp%25
                0x2040a3c0        0x4
 .bss.uxDeletedTasksWaitingCleanUp
                0x2040a3c0        0x4 build/sam_v71_xult/production/_ext/404212886/FreeRTOS_tasks.o

.bss.uxSchedulerSuspended%26
                0x2040a3c4        0x4
 .bss.uxSchedulerSuspended
                0x2040a3c4        0x4 build/sam_v71_xult/production/_ext/404212886/FreeRTOS_tasks.o

.bss.uxTaskNumber%27
                0x2040a3c8        0x4
 .bss.uxTaskNumber
                0x2040a3c8        0x4 build/sam_v71_xult/production/_ext/404212886/FreeRTOS_tasks.o

.bss.uxTopReadyPriority%28
                0x2040a3cc        0x4
 .bss.uxTopReadyPriority
                0x2040a3cc        0x4 build/sam_v71_xult/production/_ext/404212886/FreeRTOS_tasks.o

.bss.xIdleTaskHandle%29
                0x2040a3d0        0x4
 .bss.xIdleTaskHandle
                0x2040a3d0        0x4 build/sam_v71_xult/production/_ext/404212886/FreeRTOS_tasks.o

.bss.xNextTaskUnblockTime%30
                0x2040a3d4        0x4
 .bss.xNextTaskUnblockTime
                0x2040a3d4        0x4 build/sam_v71_xult/production/_ext/404212886/FreeRTOS_tasks.o

.bss.xNumOfOverflows%31
                0x2040a3d8        0x4
 .bss.xNumOfOverflows
                0x2040a3d8        0x4 build/sam_v71_xult/production/_ext/404212886/FreeRTOS_tasks.o

.bss.xPendedTicks%32
                0x2040a3dc        0x4
 .bss.xPendedTicks
                0x2040a3dc        0x4 build/sam_v71_xult/production/_ext/404212886/FreeRTOS_tasks.o

.bss.xSchedulerRunning%33
                0x2040a3e0        0x4
 .bss.xSchedulerRunning
                0x2040a3e0        0x4 build/sam_v71_xult/production/_ext/404212886/FreeRTOS_tasks.o

.bss.xTickCount%34
                0x2040a3e4        0x4
 .bss.xTickCount
                0x2040a3e4        0x4 build/sam_v71_xult/production/_ext/404212886/FreeRTOS_tasks.o

.bss.xYieldPending%35
                0x2040a3e8        0x4
 .bss.xYieldPending
                0x2040a3e8        0x4 build/sam_v71_xult/production/_ext/404212886/FreeRTOS_tasks.o

.bss.uartMutexLock%36
                0x2040a3ec        0x4
 .bss.uartMutexLock
                0x2040a3ec        0x4 build/sam_v71_xult/production/_ext/1360937237/task1.o
                0x2040a3ec                uartMutexLock

.bss%37         0x2040a3f0        0x8
 .bss           0x2040a3f0        0x4 c:/program files/microchip/xc32/v4.00/bin/bin/../../lib/gcc/pic32c/8.3.1/../../../../pic32c/lib/thumb/v7e-m+dp/hard\libpic32c.a(data_init.o)
 .bss           0x2040a3f4        0x4 c:/program files/microchip/xc32/v4.00/bin/bin/../../lib/gcc/pic32c/8.3.1/../../../../pic32c/lib/thumb/v7e-m+dp/hard\libc-musl.a(__environ.o)
                0x2040a3f4                __environ
                0x2040a3f4                environ
                0x2040a3f4                ___environ
                0x2040a3f4                _environ

.bss.task2Data%39
                0x2040a3f8        0x1
 .bss.task2Data
                0x2040a3f8        0x1 build/sam_v71_xult/production/_ext/1360937237/task2.o
                0x2040a3f8                task2Data

.bss.task1Data%40
                0x2040a3fc        0x1
 .bss.task1Data
                0x2040a3fc        0x1 build/sam_v71_xult/production/_ext/1360937237/task1.o
                0x2040a3fc                task1Data

.eh_frame%z1    0x00000000        0x0
 .eh_frame      0x00000000        0x0 c:/program files/microchip/xc32/v4.00/bin/bin/../../lib/gcc/pic32c/8.3.1/thumb/v7e-m+dp/hard/crtbegin.o

.config_D0000000.__config_D0000000%41
                0xd0000000        0x4
 .config_D0000000.__config_D0000000
                0xd0000000        0x4 build/sam_v71_xult/production/_ext/1320227943/initialization.o
                0xd0000000                __config_D0000000

.dinit%42       0x00400188      0x200
 .dinit         0x00400188      0x200 data_init

.text.xTaskCreate%43
                0x00400388      0x1e4
 .text.xTaskCreate
                0x00400388      0x1e4 build/sam_v71_xult/production/_ext/404212886/FreeRTOS_tasks.o
                0x00400388                xTaskCreate

.text.USART1_InterruptHandler%44
                0x0040056c      0x17c
 .text.USART1_InterruptHandler
                0x0040056c      0x17c build/sam_v71_xult/production/_ext/415242918/plib_usart1.o
                0x0040056c                USART1_InterruptHandler

.text.Reset_Handler%45
                0x004006e8      0x178
 .text.Reset_Handler
                0x004006e8      0x178 build/sam_v71_xult/production/_ext/1320227943/startup_xc32.o
                0x004006e8                Reset_Handler

.text.xQueueSemaphoreTake%46
                0x00400860      0x158
 .text.xQueueSemaphoreTake
                0x00400860      0x158 build/sam_v71_xult/production/_ext/404212886/queue.o
                0x00400860                xQueueSemaphoreTake

.text.xQueueGenericSend%47
                0x004009b8      0x128
 .text.xQueueGenericSend
                0x004009b8      0x128 build/sam_v71_xult/production/_ext/404212886/queue.o
                0x004009b8                xQueueGenericSend

.text.xTaskIncrementTick%48
                0x00400ae0      0x114
 .text.xTaskIncrementTick
                0x00400ae0      0x114 build/sam_v71_xult/production/_ext/404212886/FreeRTOS_tasks.o
                0x00400ae0                xTaskIncrementTick

.text.PIO_Initialize%49
                0x00400bf4       0xf0
 .text.PIO_Initialize
                0x00400bf4       0xf0 build/sam_v71_xult/production/_ext/1157977813/plib_pio.o
                0x00400bf4                PIO_Initialize

.text.xTaskResumeAll%50
                0x00400ce4       0xe4
 .text.xTaskResumeAll
                0x00400ce4       0xe4 build/sam_v71_xult/production/_ext/404212886/FreeRTOS_tasks.o
                0x00400ce4                xTaskResumeAll

.text.vTaskSwitchContext%51
                0x00400dc8       0xa8
 .text.vTaskSwitchContext
                0x00400dc8       0xa8 build/sam_v71_xult/production/_ext/404212886/FreeRTOS_tasks.o
                0x00400dc8                vTaskSwitchContext

.text.xTaskPriorityInherit%52
                0x00400e70       0xa8
 .text.xTaskPriorityInherit
                0x00400e70       0xa8 build/sam_v71_xult/production/_ext/404212886/FreeRTOS_tasks.o
                0x00400e70                xTaskPriorityInherit

.text.USART1_Write%53
                0x00400f18       0xa4
 .text.USART1_Write
                0x00400f18       0xa4 build/sam_v71_xult/production/_ext/415242918/plib_usart1.o
                0x00400f18                USART1_Write

.text.prvAddCurrentTaskToDelayedList%54
                0x00400fbc       0x94
 .text.prvAddCurrentTaskToDelayedList
                0x00400fbc       0x94 build/sam_v71_xult/production/_ext/404212886/FreeRTOS_tasks.o

.text.__pic32c_data_initialization%55
                0x00401050       0x88
 .text.__pic32c_data_initialization
                0x00401050       0x88 c:/program files/microchip/xc32/v4.00/bin/bin/../../lib/gcc/pic32c/8.3.1/../../../../pic32c/lib/thumb/v7e-m+dp/hard\libpic32c.a(data_init.o)
                0x00401050                __pic32c_data_initialization

.text.vTaskPriorityDisinheritAfterTimeout%56
                0x004010d8       0x80
 .text.vTaskPriorityDisinheritAfterTimeout
                0x004010d8       0x80 build/sam_v71_xult/production/_ext/404212886/FreeRTOS_tasks.o
                0x004010d8                vTaskPriorityDisinheritAfterTimeout

.text.prvUnlockQueue%57
                0x00401158       0x7e
 .text.prvUnlockQueue
                0x00401158       0x7e build/sam_v71_xult/production/_ext/404212886/queue.o

.text.xTaskPriorityDisinherit%58
                0x004011d8       0x7c
 .text.xTaskPriorityDisinherit
                0x004011d8       0x7c build/sam_v71_xult/production/_ext/404212886/FreeRTOS_tasks.o
                0x004011d8                xTaskPriorityDisinherit

.text.xTaskRemoveFromEventList%59
                0x00401254       0x78
 .text.xTaskRemoveFromEventList
                0x00401254       0x78 build/sam_v71_xult/production/_ext/404212886/FreeRTOS_tasks.o
                0x00401254                xTaskRemoveFromEventList

.text.prvCopyDataToQueue%60
                0x004012cc       0x72
 .text.prvCopyDataToQueue
                0x004012cc       0x72 build/sam_v71_xult/production/_ext/404212886/queue.o

.text.xQueueGenericReset%61
                0x00401340       0x70
 .text.xQueueGenericReset
                0x00401340       0x70 build/sam_v71_xult/production/_ext/404212886/queue.o
                0x00401340                xQueueGenericReset

.text.prvIdleTask%62
                0x004013b0       0x70
 .text.prvIdleTask
                0x004013b0       0x70 build/sam_v71_xult/production/_ext/404212886/FreeRTOS_tasks.o

.text.USART1_Initialize%63
                0x00401420       0x6c
 .text.USART1_Initialize
                0x00401420       0x6c build/sam_v71_xult/production/_ext/415242918/plib_usart1.o
                0x00401420                USART1_Initialize

.text.pvPortMalloc%64
                0x0040148c       0x6c
 .text.pvPortMalloc
                0x0040148c       0x6c build/sam_v71_xult/production/_ext/1665200909/heap_1.o
                0x0040148c                pvPortMalloc

.text.TASK1_Tasks%65
                0x004014f8       0x6c
 .text.TASK1_Tasks
                0x004014f8       0x6c build/sam_v71_xult/production/_ext/1360937237/task1.o
                0x004014f8                TASK1_Tasks

.text.TASK2_Tasks%66
                0x00401564       0x6c
 .text.TASK2_Tasks
                0x00401564       0x6c build/sam_v71_xult/production/_ext/1360937237/task2.o
                0x00401564                TASK2_Tasks

.text.vTaskStartScheduler%67
                0x004015d0       0x68
 .text.vTaskStartScheduler
                0x004015d0       0x68 build/sam_v71_xult/production/_ext/404212886/FreeRTOS_tasks.o
                0x004015d0                vTaskStartScheduler

.text.CLOCK_Initialize%68
                0x00401638       0x64
 .text.CLOCK_Initialize
                0x00401638       0x64 build/sam_v71_xult/production/_ext/1157990217/plib_clk.o
                0x00401638                CLOCK_Initialize

.text.xPortPendSVHandler%69
                0x004016a0       0x64
 .text.xPortPendSVHandler
                0x004016a0       0x64 build/sam_v71_xult/production/_ext/977623654/port.o
                0x004016a0                xPortPendSVHandler

.text.xTaskCheckForTimeOut%70
                0x00401704       0x5c
 .text.xTaskCheckForTimeOut
                0x00401704       0x5c build/sam_v71_xult/production/_ext/404212886/FreeRTOS_tasks.o
                0x00401704                xTaskCheckForTimeOut

.text.__libc_start_init%71
                0x00401760       0x5c
 .text.__libc_start_init
                0x00401760       0x5c c:/program files/microchip/xc32/v4.00/bin/bin/../../lib/gcc/pic32c/8.3.1/../../../../pic32c/lib/thumb/v7e-m+dp/hard\libc-musl.a(__libc_start_main.o)
                0x00401760                __libc_init_array

.text._PIO_Interrupt_Handler%72
                0x004017bc       0x58
 .text._PIO_Interrupt_Handler
                0x004017bc       0x58 build/sam_v71_xult/production/_ext/1157977813/plib_pio.o
                0x004017bc                _PIO_Interrupt_Handler

.text.SYS_Tasks%73
                0x00401814       0x50
 .text.SYS_Tasks
                0x00401814       0x50 build/sam_v71_xult/production/_ext/1320227943/tasks.o
                0x00401814                SYS_Tasks

.text.xPortStartScheduler%74
                0x00401864       0x48
 .text.xPortStartScheduler
                0x00401864       0x48 build/sam_v71_xult/production/_ext/977623654/port.o
                0x00401864                xPortStartScheduler

.text%75        0x004018ac       0x40
 .text          0x004018ac       0x40 c:/program files/microchip/xc32/v4.00/bin/bin/../../lib/gcc/pic32c/8.3.1/thumb/v7e-m+dp/hard/crtbegin.o

.text.NVIC_Initialize%76
                0x004018ec       0x40
 .text.NVIC_Initialize
                0x004018ec       0x40 build/sam_v71_xult/production/_ext/1537621011/plib_nvic.o
                0x004018ec                NVIC_Initialize

.rodata%77      0x0040192c       0x40
 .rodata        0x0040192c       0x40 build/sam_v71_xult/production/_ext/1360937237/task1.o

.text.SYS_Initialize%78
                0x0040196c       0x34
 .text.SYS_Initialize
                0x0040196c       0x34 build/sam_v71_xult/production/_ext/1320227943/initialization.o
                0x0040196c                SYS_Initialize

.text.vListInsert%79
                0x004019a0       0x34
 .text.vListInsert
                0x004019a0       0x34 build/sam_v71_xult/production/_ext/404212886/list.o
                0x004019a0                vListInsert

.text.vTaskDelay%80
                0x004019d4       0x34
 .text.vTaskDelay
                0x004019d4       0x34 build/sam_v71_xult/production/_ext/404212886/FreeRTOS_tasks.o
                0x004019d4                vTaskDelay

.text.xPortSysTickHandler%81
                0x00401a08       0x30
 .text.xPortSysTickHandler
                0x00401a08       0x30 build/sam_v71_xult/production/_ext/977623654/port.o
                0x00401a08                xPortSysTickHandler

.text.xQueueGenericCreate%82
                0x00401a38       0x30
 .text.xQueueGenericCreate
                0x00401a38       0x30 build/sam_v71_xult/production/_ext/404212886/queue.o
                0x00401a38                xQueueGenericCreate

.rodata%83      0x00401a68       0x30
 .rodata        0x00401a68       0x30 build/sam_v71_xult/production/_ext/1360937237/task2.o

.text.pxPortInitialiseStack%84
                0x00401a98       0x2c
 .text.pxPortInitialiseStack
                0x00401a98       0x2c build/sam_v71_xult/production/_ext/977623654/port.o
                0x00401a98                pxPortInitialiseStack

.text.prvResetNextTaskUnblockTime%85
                0x00401ac4       0x2c
 .text.prvResetNextTaskUnblockTime
                0x00401ac4       0x2c build/sam_v71_xult/production/_ext/404212886/FreeRTOS_tasks.o

.text.TASK1_Initialize%86
                0x00401af0       0x2c
 .text.TASK1_Initialize
                0x00401af0       0x2c build/sam_v71_xult/production/_ext/1360937237/task1.o
                0x00401af0                TASK1_Initialize

.text.prvPortStartFirstTask%87
                0x00401b1c       0x28
 .text.prvPortStartFirstTask
                0x00401b1c       0x28 build/sam_v71_xult/production/_ext/977623654/port.o

.text.vPortSetupTimerInterrupt%88
                0x00401b44       0x28
 .text.vPortSetupTimerInterrupt
                0x00401b44       0x28 build/sam_v71_xult/production/_ext/977623654/port.o
                0x00401b44                vPortSetupTimerInterrupt

.text.uxListRemove%89
                0x00401b6c       0x26
 .text.uxListRemove
                0x00401b6c       0x26 build/sam_v71_xult/production/_ext/404212886/list.o
                0x00401b6c                uxListRemove

.text.prvTaskExitError%90
                0x00401b92       0x24
 .text.prvTaskExitError
                0x00401b92       0x24 build/sam_v71_xult/production/_ext/977623654/port.o

.text.vPortSVCHandler%91
                0x00401bc0       0x24
 .text.vPortSVCHandler
                0x00401bc0       0x24 build/sam_v71_xult/production/_ext/977623654/port.o
                0x00401bc0                vPortSVCHandler

.text.vPortEnterCritical%92
                0x00401be4       0x24
 .text.vPortEnterCritical
                0x00401be4       0x24 build/sam_v71_xult/production/_ext/977623654/port.o
                0x00401be4                vPortEnterCritical

.text.xQueueCreateMutex%93
                0x00401c08       0x24
 .text.xQueueCreateMutex
                0x00401c08       0x24 build/sam_v71_xult/production/_ext/404212886/queue.o
                0x00401c08                xQueueCreateMutex

.text.BSP_Initialize%94
                0x00401c2c       0x20
 .text.BSP_Initialize
                0x00401c2c       0x20 build/sam_v71_xult/production/_ext/1379310441/bsp.o
                0x00401c2c                BSP_Initialize

.text.USART1_WritePendingBytesGet%95
                0x00401c4c       0x1c
 .text.USART1_WritePendingBytesGet
                0x00401c4c       0x1c build/sam_v71_xult/production/_ext/415242918/plib_usart1.o

.text.USART1_ReadCountGet%96
                0x00401c68       0x1c
 .text.USART1_ReadCountGet
                0x00401c68       0x1c build/sam_v71_xult/production/_ext/415242918/plib_usart1.o
                0x00401c68                USART1_ReadCountGet

.text.vTaskPlaceOnEventList%97
                0x00401c84       0x1c
 .text.vTaskPlaceOnEventList
                0x00401c84       0x1c build/sam_v71_xult/production/_ext/404212886/FreeRTOS_tasks.o
                0x00401c84                vTaskPlaceOnEventList

.text.pvTaskIncrementMutexHeldCount%98
                0x00401ca0       0x1c
 .text.pvTaskIncrementMutexHeldCount
                0x00401ca0       0x1c build/sam_v71_xult/production/_ext/404212886/FreeRTOS_tasks.o
                0x00401ca0                pvTaskIncrementMutexHeldCount

.rodata%99      0x00401cbc       0x18
 .rodata        0x00401cbc       0x18 build/sam_v71_xult/production/_ext/1320227943/tasks.o

.text.vTaskInternalSetTimeOutState%100
                0x00401cd4       0x18
 .text.vTaskInternalSetTimeOutState
                0x00401cd4       0x18 build/sam_v71_xult/production/_ext/404212886/FreeRTOS_tasks.o
                0x00401cd4                vTaskInternalSetTimeOutState

.text.vApplicationStackOverflowHook%101
                0x00401cec       0x16
 .text.vApplicationStackOverflowHook
                0x00401cec       0x16 build/sam_v71_xult/production/_ext/1320227943/freertos_hooks.o
                0x00401cec                vApplicationStackOverflowHook

.text.vApplicationMallocFailedHook%102
                0x00401d02       0x16
 .text.vApplicationMallocFailedHook
                0x00401d02       0x16 build/sam_v71_xult/production/_ext/1320227943/freertos_hooks.o
                0x00401d02                vApplicationMallocFailedHook

.text.vListInitialise%103
                0x00401d18       0x16
 .text.vListInitialise
                0x00401d18       0x16 build/sam_v71_xult/production/_ext/404212886/list.o
                0x00401d18                vListInitialise

.text.vListInsertEnd%104
                0x00401d2e       0x16
 .text.vListInsertEnd
                0x00401d2e       0x16 build/sam_v71_xult/production/_ext/404212886/list.o
                0x00401d2e                vListInsertEnd

.text.prvIsQueueEmpty%105
                0x00401d44       0x16
 .text.prvIsQueueEmpty
                0x00401d44       0x16 build/sam_v71_xult/production/_ext/404212886/queue.o

.text.memcpy%106
                0x00401d5a       0x16
 .text.memcpy   0x00401d5a       0x16 c:/program files/microchip/xc32/v4.00/bin/bin/../../lib/gcc/pic32c/8.3.1/../../../../pic32c/lib/thumb/v7e-m+dp/hard\libc-musl.a(memcpy.o)
                0x00401d5a                memcpy

.text.USART1_WriteFreeBufferCountGet%107
                0x00401d70       0x14
 .text.USART1_WriteFreeBufferCountGet
                0x00401d70       0x14 build/sam_v71_xult/production/_ext/415242918/plib_usart1.o
                0x00401d70                USART1_WriteFreeBufferCountGet

.text.vPortEnableVFP%108
                0x00401d84       0x14
 .text.vPortEnableVFP
                0x00401d84       0x14 build/sam_v71_xult/production/_ext/977623654/port.o

.text.vPortExitCritical%109
                0x00401d98       0x14
 .text.vPortExitCritical
                0x00401d98       0x14 build/sam_v71_xult/production/_ext/977623654/port.o
                0x00401d98                vPortExitCritical

.text.EFC_Initialize%110
                0x00401dac       0x10
 .text.EFC_Initialize
                0x00401dac       0x10 build/sam_v71_xult/production/_ext/1157988489/plib_efc.o
                0x00401dac                EFC_Initialize

.text.PIOA_InterruptHandler%111
                0x00401dbc       0x10
 .text.PIOA_InterruptHandler
                0x00401dbc       0x10 build/sam_v71_xult/production/_ext/1157977813/plib_pio.o
                0x00401dbc                PIOA_InterruptHandler

.text.vTaskSuspendAll%112
                0x00401dcc       0x10
 .text.vTaskSuspendAll
                0x00401dcc       0x10 build/sam_v71_xult/production/_ext/404212886/FreeRTOS_tasks.o
                0x00401dcc                vTaskSuspendAll

.text.memset%113
                0x00401ddc       0x10
 .text.memset   0x00401ddc       0x10 c:/program files/microchip/xc32/v4.00/bin/bin/../../lib/gcc/pic32c/8.3.1/../../../../pic32c/lib/thumb/v7e-m+dp/hard\libc-musl.a(memset.o)
                0x00401ddc                memset

.text.main%114  0x00401dec        0xe
 .text.main     0x00401dec        0xe build/sam_v71_xult/production/_ext/1360937237/main.o
                0x00401dec                main

.text.xTaskGetTickCount%115
                0x00401dfc        0xc
 .text.xTaskGetTickCount
                0x00401dfc        0xc build/sam_v71_xult/production/_ext/404212886/FreeRTOS_tasks.o
                0x00401dfc                xTaskGetTickCount

.text.vTaskMissedYield%116
                0x00401e08        0xc
 .text.vTaskMissedYield
                0x00401e08        0xc build/sam_v71_xult/production/_ext/404212886/FreeRTOS_tasks.o
                0x00401e08                vTaskMissedYield

.text.TASK2_Initialize%117
                0x00401e14        0xc
 .text.TASK2_Initialize
                0x00401e14        0xc build/sam_v71_xult/production/_ext/1360937237/task2.o
                0x00401e14                TASK2_Initialize

.text._TASK1_Tasks%118
                0x00401bb6        0x8
 .text._TASK1_Tasks
                0x00401bb6        0x8 build/sam_v71_xult/production/_ext/1320227943/tasks.o
                0x00401bb6                _TASK1_Tasks

.text._TASK2_Tasks%119
                0x00401e20        0x8
 .text._TASK2_Tasks
                0x00401e20        0x8 build/sam_v71_xult/production/_ext/1320227943/tasks.o
                0x00401e20                _TASK2_Tasks

.rodata%120     0x00401e28        0x8
 .rodata        0x00401e28        0x8 build/sam_v71_xult/production/_ext/404212886/FreeRTOS_tasks.o

.text.vListInitialiseItem%121
                0x00401e30        0x6
 .text.vListInitialiseItem
                0x00401e30        0x6 build/sam_v71_xult/production/_ext/404212886/list.o
                0x00401e30                vListInitialiseItem

.text.Dummy_Handler%122
                0x004011d6        0x2
 .text.Dummy_Handler
                0x004011d6        0x2 build/sam_v71_xult/production/_ext/1320227943/interrupts.o
                0x004011d6                DACC_Handler
                0x004011d6                TC0_CH2_Handler
                0x004011d6                TC3_CH1_Handler
                0x004011d6                UART3_Handler
                0x004011d6                UART2_Handler
                0x004011d6                TRNG_Handler
                0x004011d6                AFEC1_Handler
                0x004011d6                TC0_CH1_Handler
                0x004011d6                QSPI_Handler
                0x004011d6                ISI_Handler
                0x004011d6                MCAN0_INT0_Handler
                0x004011d6                RSWDT_Handler
                0x004011d6                USART0_Handler
                0x004011d6                TC1_CH2_Handler
                0x004011d6                RTT_Handler
                0x004011d6                USBHS_Handler
                0x004011d6                IXC_Handler
                0x004011d6                CCF_Handler
                0x004011d6                PIOB_Handler
                0x004011d6                RTC_Handler
                0x004011d6                WDT_Handler
                0x004011d6                MCAN1_INT1_Handler
                0x004011d6                HSMCI_Handler
                0x004011d6                UART1_Handler
                0x004011d6                Dummy_Handler
                0x004011d6                TWIHS1_Handler
                0x004011d6                TC3_CH2_Handler
                0x004011d6                XDMAC_Handler
                0x004011d6                UART4_Handler
                0x004011d6                TC2_CH0_Handler
                0x004011d6                PWM1_Handler
                0x004011d6                PWM0_Handler
                0x004011d6                AFEC0_Handler
                0x004011d6                CCW_Handler
                0x004011d6                TC3_CH0_Handler
                0x004011d6                SSC_Handler
                0x004011d6                TC1_CH0_Handler
                0x004011d6                ACC_Handler
                0x004011d6                PMC_Handler
                0x004011d6                GMAC_Handler
                0x004011d6                TC2_CH2_Handler
                0x004011d6                MCAN0_INT1_Handler
                0x004011d6                GMAC_Q5_Handler
                0x004011d6                SUPC_Handler
                0x004011d6                TC2_CH1_Handler
                0x004011d6                MCAN1_INT0_Handler
                0x004011d6                EFC_Handler
                0x004011d6                GMAC_Q1_Handler
                0x004011d6                USART2_Handler
                0x004011d6                SDRAMC_Handler
                0x004011d6                GMAC_Q2_Handler
                0x004011d6                PIOE_Handler
                0x004011d6                SPI1_Handler
                0x004011d6                TC1_CH1_Handler
                0x004011d6                GMAC_Q3_Handler
                0x004011d6                PIOD_Handler
                0x004011d6                TWIHS2_Handler
                0x004011d6                MLB_Handler
                0x004011d6                I2SC0_Handler
                0x004011d6                UART0_Handler
                0x004011d6                I2SC1_Handler
                0x004011d6                TC0_CH0_Handler
                0x004011d6                PIOC_Handler
                0x004011d6                GMAC_Q4_Handler
                0x004011d6                FPU_Handler
                0x004011d6                RSTC_Handler
                0x004011d6                ICM_Handler
                0x004011d6                AES_Handler
                0x004011d6                TWIHS0_Handler
                0x004011d6                SPI0_Handler

.text.NonMaskableInt_Handler%123
                0x0040133e        0x2
 .text.NonMaskableInt_Handler
                0x0040133e        0x2 build/sam_v71_xult/production/_ext/1320227943/exceptions.o
                0x0040133e                NonMaskableInt_Handler

.text.HardFault_Handler%124
                0x00401dfa        0x2
 .text.HardFault_Handler
                0x00401dfa        0x2 build/sam_v71_xult/production/_ext/1320227943/exceptions.o
                0x00401dfa                HardFault_Handler

.text.DebugMonitor_Handler%125
                0x00401bbe        0x2
 .text.DebugMonitor_Handler
                0x00401bbe        0x2 build/sam_v71_xult/production/_ext/1320227943/exceptions.o
                0x00401bbe                DebugMonitor_Handler

.text.MemoryManagement_Handler%126
                0x0040169c        0x2
 .text.MemoryManagement_Handler
                0x0040169c        0x2 build/sam_v71_xult/production/_ext/1320227943/exceptions.o
                0x0040169c                MemoryManagement_Handler

.text.BusFault_Handler%127
                0x0040169e        0x2
 .text.BusFault_Handler
                0x0040169e        0x2 build/sam_v71_xult/production/_ext/1320227943/exceptions.o
                0x0040169e                BusFault_Handler

.text.UsageFault_Handler%128
                0x00401e36        0x2
 .text.UsageFault_Handler
                0x00401e36        0x2 build/sam_v71_xult/production/_ext/1320227943/exceptions.o
                0x00401e36                UsageFault_Handler

.text.Dummy_App_Func%129
                0x00401e38        0x2
 .text.Dummy_App_Func
                0x00401e38        0x2 build/sam_v71_xult/production/_ext/1320227943/startup_xc32.o
                0x00401e38                _on_reset
                0x00401e38                _on_bootstrap
                0x00401e38                __xc32_on_reset
                0x00401e38                Dummy_App_Func
                0x00401e38                __xc32_on_bootstrap

.text.vPortFree%130
                0x00401e3a        0x2
 .text.vPortFree
                0x00401e3a        0x2 build/sam_v71_xult/production/_ext/1665200909/heap_1.o
                0x00401e3a                vPortFree

.text.__dummy%131
                0x00401e3c        0x2
 .text.__dummy  0x00401e3c        0x2 c:/program files/microchip/xc32/v4.00/bin/bin/../../lib/gcc/pic32c/8.3.1/../../../../pic32c/lib/thumb/v7e-m+dp/hard\libc-musl.a(__libc_start_main.o)
                0x00401e3c                __init_stdio
                0x00401e3c                __init_host
