Archive member included to satisfy reference by file (symbol)

c:/program files/microchip/xc32/v4.10/bin/bin/../../lib/gcc/pic32c/8.3.1/../../../../pic32c/lib/thumb/v7e-m+dp/hard\libpic32c.a(data_init.o)
                              build/sam_v71_xult/production/_ext/1320227943/startup_xc32.o (__pic32c_data_initialization)
c:/program files/microchip/xc32/v4.10/bin/bin/../../lib/gcc/pic32c/8.3.1/../../../../pic32c/lib/thumb/v7e-m+dp/hard\libc-musl.a(__libc_start_main.o)
                              build/sam_v71_xult/production/_ext/1320227943/startup_xc32.o (__libc_init_array)
c:/program files/microchip/xc32/v4.10/bin/bin/../../lib/gcc/pic32c/8.3.1/../../../../pic32c/lib/thumb/v7e-m+dp/hard\libc-musl.a(libc.o)
                              c:/program files/microchip/xc32/v4.10/bin/bin/../../lib/gcc/pic32c/8.3.1/../../../../pic32c/lib/thumb/v7e-m+dp/hard\libc-musl.a(__libc_start_main.o) (__progname_full)
c:/program files/microchip/xc32/v4.10/bin/bin/../../lib/gcc/pic32c/8.3.1/../../../../pic32c/lib/thumb/v7e-m+dp/hard\libc-musl.a(__sio_sprintf_doux.o)
                              (_sprintf_cdnopuxX)
c:/program files/microchip/xc32/v4.10/bin/bin/../../lib/gcc/pic32c/8.3.1/../../../../pic32c/lib/thumb/v7e-m+dp/hard\libc-musl.a(__fmt_d.o)
                              c:/program files/microchip/xc32/v4.10/bin/bin/../../lib/gcc/pic32c/8.3.1/../../../../pic32c/lib/thumb/v7e-m+dp/hard\libc-musl.a(__sio_sprintf_doux.o) (__fmt_d_needed)
c:/program files/microchip/xc32/v4.10/bin/bin/../../lib/gcc/pic32c/8.3.1/../../../../pic32c/lib/thumb/v7e-m+dp/hard\libc-musl.a(__fmt_o.o)
                              c:/program files/microchip/xc32/v4.10/bin/bin/../../lib/gcc/pic32c/8.3.1/../../../../pic32c/lib/thumb/v7e-m+dp/hard\libc-musl.a(__sio_sprintf_doux.o) (__fmt_o_needed)
c:/program files/microchip/xc32/v4.10/bin/bin/../../lib/gcc/pic32c/8.3.1/../../../../pic32c/lib/thumb/v7e-m+dp/hard\libc-musl.a(__fmt_s.o)
                              c:/program files/microchip/xc32/v4.10/bin/bin/../../lib/gcc/pic32c/8.3.1/../../../../pic32c/lib/thumb/v7e-m+dp/hard\libc-musl.a(__sio_sprintf_doux.o) (__fmt_s_needed)
c:/program files/microchip/xc32/v4.10/bin/bin/../../lib/gcc/pic32c/8.3.1/../../../../pic32c/lib/thumb/v7e-m+dp/hard\libc-musl.a(__fmt_u.o)
                              c:/program files/microchip/xc32/v4.10/bin/bin/../../lib/gcc/pic32c/8.3.1/../../../../pic32c/lib/thumb/v7e-m+dp/hard\libc-musl.a(__fmt_d.o) (__cvt_u)
c:/program files/microchip/xc32/v4.10/bin/bin/../../lib/gcc/pic32c/8.3.1/../../../../pic32c/lib/thumb/v7e-m+dp/hard\libc-musl.a(__fmt_x.o)
                              c:/program files/microchip/xc32/v4.10/bin/bin/../../lib/gcc/pic32c/8.3.1/../../../../pic32c/lib/thumb/v7e-m+dp/hard\libc-musl.a(__sio_sprintf_doux.o) (__fmt_x_needed)
c:/program files/microchip/xc32/v4.10/bin/bin/../../lib/gcc/pic32c/8.3.1/../../../../pic32c/lib/thumb/v7e-m+dp/hard\libc-musl.a(__printf_core.o)
                              c:/program files/microchip/xc32/v4.10/bin/bin/../../lib/gcc/pic32c/8.3.1/../../../../pic32c/lib/thumb/v7e-m+dp/hard\libc-musl.a(__fmt_d.o) (__pad)
c:/program files/microchip/xc32/v4.10/bin/bin/../../lib/gcc/pic32c/8.3.1/../../../../pic32c/lib/thumb/v7e-m+dp/hard\libc-musl.a(atoi.o)
                              c:/program files/microchip/xc32/v4.10/bin/bin/../../lib/gcc/pic32c/8.3.1/../../../../pic32c/lib/thumb/v7e-m+dp/hard\libc-musl.a(__printf_core.o) (atoi)
c:/program files/microchip/xc32/v4.10/bin/bin/../../lib/gcc/pic32c/8.3.1/../../../../pic32c/lib/thumb/v7e-m+dp/hard\libc-musl.a(memcpy.o)
                              build/sam_v71_xult/production/_ext/1157988489/plib_efc.o (memcpy)
c:/program files/microchip/xc32/v4.10/bin/bin/../../lib/gcc/pic32c/8.3.1/../../../../pic32c/lib/thumb/v7e-m+dp/hard\libc-musl.a(memset.o)
                              build/sam_v71_xult/production/_ext/1537669298/plib_mcan1.o (memset)
c:/program files/microchip/xc32/v4.10/bin/bin/../../lib/gcc/pic32c/8.3.1/../../../../pic32c/lib/thumb/v7e-m+dp/hard\libc-musl.a(strlen.o)
                              build/sam_v71_xult/production/_ext/1522961716/Uart1_FreeRTOS.o (strlen)
c:/program files/microchip/xc32/v4.10/bin/bin/../../lib/gcc/pic32c/8.3.1/../../../../pic32c/lib/thumb/v7e-m+dp/hard\libc-musl.a(tolower.o)
                              c:/program files/microchip/xc32/v4.10/bin/bin/../../lib/gcc/pic32c/8.3.1/../../../../pic32c/lib/thumb/v7e-m+dp/hard\libc-musl.a(__printf_core.o) (tolower)
c:/program files/microchip/xc32/v4.10/bin/bin/../../lib/gcc/pic32c/8.3.1/../../../../pic32c/lib/thumb/v7e-m+dp/hard\libc-musl.a(toupper.o)
                              c:/program files/microchip/xc32/v4.10/bin/bin/../../lib/gcc/pic32c/8.3.1/../../../../pic32c/lib/thumb/v7e-m+dp/hard\libc-musl.a(__fmt_x.o) (toupper)
c:/program files/microchip/xc32/v4.10/bin/bin/../../lib/gcc/pic32c/8.3.1/../../../../pic32c/lib/thumb/v7e-m+dp/hard\libc-musl.a(__environ.o)
[...]
Memory Configuration

Name             Origin             Length             Attributes
rom              0x00400000         0x00200000         xrl
ram              0x20400000         0x00060000         xw !r
itcm             0x00000000         0x00000000         xw
dtcm             0x20000000         0x00000000         xw !r
ram_nocache      0x2045f000         0x00001000         xrw
config_D0000000  0xd0000000         0x00000004
config_D0000004  0xd0000004         0x00000004
config_D0000008  0xd0000008         0x00000004
config_D000000C  0xd000000c         0x00000004
config_D0000010  0xd0000010         0x00000004
*default*        0x00000000         0xffffffff

Linker script and memory map

LOAD c:/program files/microchip/xc32/v4.10/bin/bin/../../lib/gcc/pic32c/8.3.1/thumb/v7e-m+dp/hard/crti.o
LOAD c:/program files/microchip/xc32/v4.10/bin/bin/../../lib/gcc/pic32c/8.3.1/thumb/v7e-m+dp/hard/crtbegin.o
LOAD build/sam_v71_xult/production/_ext/1157990217/plib_clk.o
LOAD build/sam_v71_xult/production/_ext/1157988489/plib_efc.o
LOAD build/sam_v71_xult/production/_ext/1537669298/plib_mcan1.o
LOAD build/sam_v71_xult/production/_ext/1157980473/plib_mpu.o
LOAD build/sam_v71_xult/production/_ext/1537621011/plib_nvic.o
LOAD build/sam_v71_xult/production/_ext/1157977813/plib_pio.o
LOAD build/sam_v71_xult/production/_ext/415242918/plib_usart1.o
LOAD build/sam_v71_xult/production/_ext/1643282145/xc32_monitor.o
LOAD build/sam_v71_xult/production/_ext/1871840330/sys_cache.o
LOAD build/sam_v71_xult/production/_ext/1320227943/initialization.o
LOAD build/sam_v71_xult/production/_ext/1320227943/interrupts.o
LOAD build/sam_v71_xult/production/_ext/1320227943/exceptions.o
LOAD build/sam_v71_xult/production/_ext/1320227943/startup_xc32.o
LOAD build/sam_v71_xult/production/_ext/1320227943/libc_syscalls.o
LOAD build/sam_v71_xult/production/_ext/1320227943/freertos_hooks.o
LOAD build/sam_v71_xult/production/_ext/1320227943/tasks.o
LOAD build/sam_v71_xult/production/_ext/977623654/port.o
LOAD build/sam_v71_xult/production/_ext/1665200909/heap_1.o
LOAD build/sam_v71_xult/production/_ext/404212886/croutine.o
LOAD build/sam_v71_xult/production/_ext/404212886/list.o
LOAD build/sam_v71_xult/production/_ext/404212886/queue.o
LOAD build/sam_v71_xult/production/_ext/404212886/FreeRTOS_tasks.o
LOAD build/sam_v71_xult/production/_ext/404212886/timers.o
LOAD build/sam_v71_xult/production/_ext/404212886/event_groups.o
LOAD build/sam_v71_xult/production/_ext/404212886/stream_buffer.o
LOAD build/sam_v71_xult/production/_ext/36495711/CANopen.o
LOAD build/sam_v71_xult/production/_ext/1160501076/epos4.o
LOAD build/sam_v71_xult/production/_ext/1563530619/mcan_fd_interrupt.o
LOAD build/sam_v71_xult/production/_ext/1522961716/Uart1_FreeRTOS.o
LOAD build/sam_v71_xult/production/_ext/1360937237/main_v71.o
LOAD build/sam_v71_xult/production/_ext/1360937237/tarea_principal.o
                0x00000001                __MPLAB_BUILD = 0x1
                0x00600000                __rom_end = (ORIGIN (rom) + LENGTH (rom))
                0x20460000                __ram_end = (ORIGIN (ram) + LENGTH (ram))

.config_D0000000
 *(.config_D0000000)

.config_D0000004
 *(.config_D0000004)

.config_D0000008
 *(.config_D0000008)

.config_D000000C
 *(.config_D000000C)

.config_D0000010
 *(.config_D0000010)

.vectors        0x00400000      0x168
                0x00400000                . = ALIGN (0x4)
                0x00400000                _sfixed = .
 *(.vectors .vectors.* .vectors_default .vectors_default.*)
 .vectors.exception_table
                0x00400000      0x168 build/sam_v71_xult/production/_ext/1320227943/interrupts.o
                0x00400000                exception_table
 *(.isr_vector)
 *(.reset*)
 *(.after_vectors)

.text           0x00400168       0x20
                0x00400168                . = ALIGN (0x4)
 *(.glue_7t)
 .glue_7t       0x00400168        0x0 linker stubs
 *(.glue_7)
 .glue_7        0x00400168        0x0 linker stubs
 *(.gnu.linkonce.r.*)
 *(.ARM.extab* .gnu.linkonce.armextab.*)
                0x00400168                . = ALIGN (0x4)
 *(.init)
 .init          0x00400168        0x4 c:/program files/microchip/xc32/v4.10/bin/bin/../../lib/gcc/pic32c/8.3.1/thumb/v7e-m+dp/hard/crti.o
                0x00400168                _init
 .init          0x0040016c        0x8 c:/program files/microchip/xc32/v4.10/bin/bin/../../lib/gcc/pic32c/8.3.1/thumb/v7e-m+dp/hard/crtn.o
                0x00400174                . = ALIGN (0x4)
                0x00400174                __preinit_array_start = .
 *(.preinit_array)
                0x00400174                __preinit_array_end = .
                0x00400174                . = ALIGN (0x4)
                0x00400174                __init_array_start = .
 *(SORT_BY_NAME(.init_array.*))
 *(.init_array)
 .init_array    0x00400174        0x4 c:/program files/microchip/xc32/v4.10/bin/bin/../../lib/gcc/pic32c/8.3.1/thumb/v7e-m+dp/hard/crtbegin.o
                0x00400178                __init_array_end = .
                0x00400178                . = ALIGN (0x4)
 *crtbegin.o(.ctors)
 *(EXCLUDE_FILE(*crtend.o) .ctors)
 *(SORT_BY_NAME(.ctors.*))
 *crtend.o(.ctors)
                0x00400178                . = ALIGN (0x4)
 *(.fini)
 .fini          0x00400178        0x4 c:/program files/microchip/xc32/v4.10/bin/bin/../../lib/gcc/pic32c/8.3.1/thumb/v7e-m+dp/hard/crti.o
                0x00400178                _fini
 .fini          0x0040017c        0x8 c:/program files/microchip/xc32/v4.10/bin/bin/../../lib/gcc/pic32c/8.3.1/thumb/v7e-m+dp/hard/crtn.o
                0x00400184                . = ALIGN (0x4)
                0x00400184                __fini_array_start = .
 *(.fini_array)
 .fini_array    0x00400184        0x4 c:/program files/microchip/xc32/v4.10/bin/bin/../../lib/gcc/pic32c/8.3.1/thumb/v7e-m+dp/hard/crtbegin.o
 *(SORT_BY_NAME(.fini_array.*))
                0x00400188                __fini_array_end = .
 *crtbegin.o(.dtors)
 *(EXCLUDE_FILE(*crtend.o) .dtors)
 *(SORT_BY_NAME(.dtors.*))
 *crtend.o(.dtors)
                0x00400188                . = ALIGN (0x4)
                0x00400188                _efixed = .
                [!provide]                PROVIDE (__exidx_start = .)

.ARM.exidx      0x00400188        0x8
 *(.ARM.exidx* .gnu.linkonce.armexidx.*)
 .ARM.exidx     0x00400188        0x8 c:/program files/microchip/xc32/v4.10/bin/bin/../../lib/gcc/pic32c/8.3.1/thumb/v7e-m+dp/hard\libgcc.a(_udivmoddi4.o)
                [!provide]                PROVIDE (__exidx_end = .)
                0x00400190                . = ALIGN (0x4)
                0x00400190                _etext = .

.ram_nocache    0x2045f000      0x138
                0x2045f000                . = ALIGN (0x4)
                0x2045f000                _s_ram_nocache = .
 *(.ram_nocache .ram_nocache.*)
 .ram_nocache.Mcan1MessageRAM
                0x2045f000      0x138 build/sam_v71_xult/production/_ext/36495711/CANopen.o
                0x2045f000                Mcan1MessageRAM
                0x2045f138                . = ALIGN (0x4)
                0x2045f138                _e_ram_nocache = .

.bss            0x20400000        0x0
                0x20400000                . = ALIGN (0x4)
                0x20400000                __bss_start__ = .
                0x20400000                _sbss = .
                0x20400000                _szero = .
 *(COMMON)
                0x20400000                . = ALIGN (0x4)
                0x20400000                __bss_end__ = .
                0x20400000                _ebss = .
                0x20400000                _ezero = .
                0x20400000                . = ALIGN (0x4)
                0x20400000                _end = .
                0x2045ffff                _ram_end_ = ((ORIGIN (ram) + LENGTH (ram)) - 0x1)
                0x00000200                _min_heap_size = 0x200
START GROUP
LOAD c:/program files/microchip/xc32/v4.10/bin/bin/../../lib/gcc/pic32c/8.3.1/../../../../pic32c/lib/thumb/v7e-m+dp/hard\libpic32c.a
LOAD c:/program files/microchip/xc32/v4.10/bin/bin/../../lib/gcc/pic32c/8.3.1/../../../../pic32c/lib/thumb/v7e-m+dp/hard\libm-emfloat.a
LOAD c:/program files/microchip/xc32/v4.10/bin/bin/../../lib/gcc/pic32c/8.3.1/../../../../pic32c/lib/thumb/v7e-m+dp/hard\libc-musl.a
LOAD c:/program files/microchip/xc32/v4.10/bin/bin/../../lib/gcc/pic32c/8.3.1/../../../../pic32c/lib/thumb/v7e-m+dp/hard\libm-emfloat.a
LOAD c:/program files/microchip/xc32/v4.10/bin/bin/../../lib/gcc/pic32c/8.3.1/thumb/v7e-m+dp/hard\libgcc.a
END GROUP
LOAD c:/program files/microchip/xc32/v4.10/bin/bin/../../lib/gcc/pic32c/8.3.1/thumb/v7e-m+dp/hard/crtend.o
LOAD c:/program files/microchip/xc32/v4.10/bin/bin/../../lib/gcc/pic32c/8.3.1/thumb/v7e-m+dp/hard/crtn.o
OUTPUT(dist/sam_v71_xult/production/sam_v71_xult.X.production.elf elf32-littlearm)
LOAD stack
LOAD data_init

.ARM.attributes
                0x00000000       0x32
 .ARM.attributes
                0x00000000       0x1e c:/program files/microchip/xc32/v4.10/bin/bin/../../lib/gcc/pic32c/8.3.1/thumb/v7e-m+dp/hard/crti.o
 .ARM.attributes
                0x0000001e       0x32 c:/program files/microchip/xc32/v4.10/bin/bin/../../lib/gcc/pic32c/8.3.1/thumb/v7e-m+dp/hard/crtbegin.o
 .ARM.attributes
                0x00000050       0x32 build/sam_v71_xult/production/_ext/1157990217/plib_clk.o
 .ARM.attributes
                0x00000082       0x32 build/sam_v71_xult/production/_ext/1157988489/plib_efc.o
 .ARM.attributes
                0x000000b4       0x32 build/sam_v71_xult/production/_ext/1537669298/plib_mcan1.o
 .ARM.attributes
                0x000000e6       0x32 build/sam_v71_xult/production/_ext/1157980473/plib_mpu.o
 .ARM.attributes
                0x00000118       0x32 build/sam_v71_xult/production/_ext/1537621011/plib_nvic.o
 .ARM.attributes
                0x0000014a       0x32 build/sam_v71_xult/production/_ext/1157977813/plib_pio.o
 .ARM.attributes
                0x0000017c       0x32 build/sam_v71_xult/production/_ext/415242918/plib_usart1.o
 .ARM.attributes
                0x000001ae       0x32 build/sam_v71_xult/production/_ext/1320227943/initialization.o
 .ARM.attributes
                0x000001e0       0x32 build/sam_v71_xult/production/_ext/1320227943/interrupts.o
 .ARM.attributes
                0x00000212       0x32 build/sam_v71_xult/production/_ext/1320227943/exceptions.o
 .ARM.attributes
                0x00000244       0x32 build/sam_v71_xult/production/_ext/1320227943/startup_xc32.o
 .ARM.attributes
                0x00000276       0x32 build/sam_v71_xult/production/_ext/1320227943/freertos_hooks.o
 .ARM.attributes
                0x000002a8       0x32 build/sam_v71_xult/production/_ext/1320227943/tasks.o
 .ARM.attributes
                0x000002da       0x32 build/sam_v71_xult/production/_ext/977623654/port.o
 .ARM.attributes
                0x0000030c       0x32 build/sam_v71_xult/production/_ext/1665200909/heap_1.o
 .ARM.attributes
                0x0000033e       0x32 build/sam_v71_xult/production/_ext/404212886/list.o
 .ARM.attributes
                0x00000370       0x32 build/sam_v71_xult/production/_ext/404212886/queue.o
 .ARM.attributes
                0x000003a2       0x32 build/sam_v71_xult/production/_ext/404212886/FreeRTOS_tasks.o
 .ARM.attributes
                0x000003d4       0x32 build/sam_v71_xult/production/_ext/36495711/CANopen.o
 .ARM.attributes
                0x00000406       0x32 build/sam_v71_xult/production/_ext/1160501076/epos4.o
 .ARM.attributes
                0x00000438       0x32 build/sam_v71_xult/production/_ext/1563530619/mcan_fd_interrupt.o
 .ARM.attributes
                0x0000046a       0x32 build/sam_v71_xult/production/_ext/1522961716/Uart1_FreeRTOS.o
 .ARM.attributes
                0x0000049c       0x32 build/sam_v71_xult/production/_ext/1360937237/main_v71.o
 .ARM.attributes
                0x000004ce       0x32 build/sam_v71_xult/production/_ext/1360937237/tarea_principal.o
 .ARM.attributes
                0x00000500       0x32 c:/program files/microchip/xc32/v4.10/bin/bin/../../lib/gcc/pic32c/8.3.1/../../../../pic32c/lib/thumb/v7e-m+dp/hard\libpic32c.a(data_init.o)
 .ARM.attributes
                0x00000532       0x34 c:/program files/microchip/xc32/v4.10/bin/bin/../../lib/gcc/pic32c/8.3.1/../../../../pic32c/lib/thumb/v7e-m+dp/hard\libc-musl.a(__libc_start_main.o)
 .ARM.attributes
                0x00000566       0x32 c:/program files/microchip/xc32/v4.10/bin/bin/../../lib/gcc/pic32c/8.3.1/../../../../pic32c/lib/thumb/v7e-m+dp/hard\libc-musl.a(libc.o)
 .ARM.attributes
                0x00000598       0x34 c:/program files/microchip/xc32/v4.10/bin/bin/../../lib/gcc/pic32c/8.3.1/../../../../pic32c/lib/thumb/v7e-m+dp/hard\libc-musl.a(__sio_sprintf_doux.o)
 .ARM.attributes
                0x000005cc       0x34 c:/program files/microchip/xc32/v4.10/bin/bin/../../lib/gcc/pic32c/8.3.1/../../../../pic32c/lib/thumb/v7e-m+dp/hard\libc-musl.a(__fmt_d.o)
 .ARM.attributes
                0x00000600       0x34 c:/program files/microchip/xc32/v4.10/bin/bin/../../lib/gcc/pic32c/8.3.1/../../../../pic32c/lib/thumb/v7e-m+dp/hard\libc-musl.a(__fmt_o.o)
 .ARM.attributes
                0x00000634       0x34 c:/program files/microchip/xc32/v4.10/bin/bin/../../lib/gcc/pic32c/8.3.1/../../../../pic32c/lib/thumb/v7e-m+dp/hard\libc-musl.a(__fmt_s.o)
 .ARM.attributes
                0x00000668       0x34 c:/program files/microchip/xc32/v4.10/bin/bin/../../lib/gcc/pic32c/8.3.1/../../../../pic32c/lib/thumb/v7e-m+dp/hard\libc-musl.a(__fmt_u.o)
 .ARM.attributes
                0x0000069c       0x34 c:/program files/microchip/xc32/v4.10/bin/bin/../../lib/gcc/pic32c/8.3.1/../../../../pic32c/lib/thumb/v7e-m+dp/hard\libc-musl.a(__fmt_x.o)
 .ARM.attributes
                0x000006d0       0x34 c:/program files/microchip/xc32/v4.10/bin/bin/../../lib/gcc/pic32c/8.3.1/../../../../pic32c/lib/thumb/v7e-m+dp/hard\libc-musl.a(__printf_core.o)
 .ARM.attributes
                0x00000704       0x34 c:/program files/microchip/xc32/v4.10/bin/bin/../../lib/gcc/pic32c/8.3.1/../../../../pic32c/lib/thumb/v7e-m+dp/hard\libc-musl.a(atoi.o)
 .ARM.attributes
                0x00000738       0x34 c:/program files/microchip/xc32/v4.10/bin/bin/../../lib/gcc/pic32c/8.3.1/../../../../pic32c/lib/thumb/v7e-m+dp/hard\libc-musl.a(memcpy.o)
 .ARM.attributes
                0x0000076c       0x34 c:/program files/microchip/xc32/v4.10/bin/bin/../../lib/gcc/pic32c/8.3.1/../../../../pic32c/lib/thumb/v7e-m+dp/hard\libc-musl.a(memset.o)
 .ARM.attributes
                0x000007a0       0x34 c:/program files/microchip/xc32/v4.10/bin/bin/../../lib/gcc/pic32c/8.3.1/../../../../pic32c/lib/thumb/v7e-m+dp/hard\libc-musl.a(strlen.o)
 .ARM.attributes
                0x000007d4       0x34 c:/program files/microchip/xc32/v4.10/bin/bin/../../lib/gcc/pic32c/8.3.1/../../../../pic32c/lib/thumb/v7e-m+dp/hard\libc-musl.a(tolower.o)
 .ARM.attributes
                0x00000808       0x34 c:/program files/microchip/xc32/v4.10/bin/bin/../../lib/gcc/pic32c/8.3.1/../../../../pic32c/lib/thumb/v7e-m+dp/hard\libc-musl.a(toupper.o)
 .ARM.attributes
                0x0000083c       0x32 c:/program files/microchip/xc32/v4.10/bin/bin/../../lib/gcc/pic32c/8.3.1/../../../../pic32c/lib/thumb/v7e-m+dp/hard\libc-musl.a(__environ.o)
 .ARM.attributes
                0x0000086e       0x32 c:/program files/microchip/xc32/v4.10/bin/bin/../../lib/gcc/pic32c/8.3.1/../../../../pic32c/lib/thumb/v7e-m+dp/hard\libc-musl.a(__errno_location.o)
 .ARM.attributes
                0x000008a0       0x34 c:/program files/microchip/xc32/v4.10/bin/bin/../../lib/gcc/pic32c/8.3.1/../../../../pic32c/lib/thumb/v7e-m+dp/hard\libc-musl.a(__int_vsprintf.o)
 .ARM.attributes
                0x000008d4       0x34 c:/program files/microchip/xc32/v4.10/bin/bin/../../lib/gcc/pic32c/8.3.1/../../../../pic32c/lib/thumb/v7e-m+dp/hard\libc-musl.a(__pop_float.o)
 .ARM.attributes
                0x00000908       0x34 c:/program files/microchip/xc32/v4.10/bin/bin/../../lib/gcc/pic32c/8.3.1/../../../../pic32c/lib/thumb/v7e-m+dp/hard\libc-musl.a(__pop_int.o)
 .ARM.attributes
                0x0000093c       0x34 c:/program files/microchip/xc32/v4.10/bin/bin/../../lib/gcc/pic32c/8.3.1/../../../../pic32c/lib/thumb/v7e-m+dp/hard\libc-musl.a(__pop_ptr.o)
 .ARM.attributes
                0x00000970       0x34 c:/program files/microchip/xc32/v4.10/bin/bin/../../lib/gcc/pic32c/8.3.1/../../../../pic32c/lib/thumb/v7e-m+dp/hard\libc-musl.a(__int_vsnprintf.o)
 .ARM.attributes
                0x000009a4       0x34 c:/program files/microchip/xc32/v4.10/bin/bin/../../lib/gcc/pic32c/8.3.1/../../../../pic32c/lib/thumb/v7e-m+dp/hard\libc-musl.a(__int_vfprintf.o)
 .ARM.attributes
                0x000009d8       0x1e c:/program files/microchip/xc32/v4.10/bin/bin/../../lib/gcc/pic32c/8.3.1/thumb/v7e-m+dp/hard\libgcc.a(_aeabi_uldivmod.o)
 .ARM.attributes
                0x000009f6       0x32 c:/program files/microchip/xc32/v4.10/bin/bin/../../lib/gcc/pic32c/8.3.1/thumb/v7e-m+dp/hard\libgcc.a(_udivmoddi4.o)
 .ARM.attributes
                0x00000a28       0x1e c:/program files/microchip/xc32/v4.10/bin/bin/../../lib/gcc/pic32c/8.3.1/thumb/v7e-m+dp/hard\libgcc.a(_dvmd_tls.o)
 .ARM.attributes
                0x00000a46       0x1e c:/program files/microchip/xc32/v4.10/bin/bin/../../lib/gcc/pic32c/8.3.1/thumb/v7e-m+dp/hard/crtn.o

.comment        0x00000000       0x2b
 .comment       0x00000000       0x2b c:/program files/microchip/xc32/v4.10/bin/bin/../../lib/gcc/pic32c/8.3.1/thumb/v7e-m+dp/hard/crtbegin.o
                                 0x2c (size before relaxing)
 .comment       0x0000002b       0x2c build/sam_v71_xult/production/_ext/1157990217/plib_clk.o
 .comment       0x0000002b       0x2c build/sam_v71_xult/production/_ext/1157988489/plib_efc.o
 .comment       0x0000002b       0x2c build/sam_v71_xult/production/_ext/1537669298/plib_mcan1.o
 .comment       0x0000002b       0x2c build/sam_v71_xult/production/_ext/1157980473/plib_mpu.o
 .comment       0x0000002b       0x2c build/sam_v71_xult/production/_ext/1537621011/plib_nvic.o
 .comment       0x0000002b       0x2c build/sam_v71_xult/production/_ext/1157977813/plib_pio.o
 .comment       0x0000002b       0x2c build/sam_v71_xult/production/_ext/415242918/plib_usart1.o
 .comment       0x0000002b       0x2c build/sam_v71_xult/production/_ext/1320227943/initialization.o
 .comment       0x0000002b       0x2c build/sam_v71_xult/production/_ext/1320227943/interrupts.o
 .comment       0x0000002b       0x2c build/sam_v71_xult/production/_ext/1320227943/exceptions.o
 .comment       0x0000002b       0x2c build/sam_v71_xult/production/_ext/1320227943/startup_xc32.o
 .comment       0x0000002b       0x2c build/sam_v71_xult/production/_ext/1320227943/freertos_hooks.o
 .comment       0x0000002b       0x2c build/sam_v71_xult/production/_ext/1320227943/tasks.o
 .comment       0x0000002b       0x2c build/sam_v71_xult/production/_ext/977623654/port.o
 .comment       0x0000002b       0x2c build/sam_v71_xult/production/_ext/1665200909/heap_1.o
 .comment       0x0000002b       0x2c build/sam_v71_xult/production/_ext/404212886/list.o
 .comment       0x0000002b       0x2c build/sam_v71_xult/production/_ext/404212886/queue.o
 .comment       0x0000002b       0x2c build/sam_v71_xult/production/_ext/404212886/FreeRTOS_tasks.o
 .comment       0x0000002b       0x2c build/sam_v71_xult/production/_ext/36495711/CANopen.o
 .comment       0x0000002b       0x2c build/sam_v71_xult/production/_ext/1160501076/epos4.o
 .comment       0x0000002b       0x2c build/sam_v71_xult/production/_ext/1563530619/mcan_fd_interrupt.o
 .comment       0x0000002b       0x2c build/sam_v71_xult/production/_ext/1522961716/Uart1_FreeRTOS.o
 .comment       0x0000002b       0x2c build/sam_v71_xult/production/_ext/1360937237/main_v71.o
 .comment       0x0000002b       0x2c build/sam_v71_xult/production/_ext/1360937237/tarea_principal.o
 .comment       0x0000002b       0x2c c:/program files/microchip/xc32/v4.10/bin/bin/../../lib/gcc/pic32c/8.3.1/../../../../pic32c/lib/thumb/v7e-m+dp/hard\libpic32c.a(data_init.o)
 .comment       0x0000002b       0x2c c:/program files/microchip/xc32/v4.10/bin/bin/../../lib/gcc/pic32c/8.3.1/../../../../pic32c/lib/thumb/v7e-m+dp/hard\libc-musl.a(__libc_start_main.o)
 .comment       0x0000002b       0x2c c:/program files/microchip/xc32/v4.10/bin/bin/../../lib/gcc/pic32c/8.3.1/../../../../pic32c/lib/thumb/v7e-m+dp/hard\libc-musl.a(libc.o)
 .comment       0x0000002b       0x2c c:/program files/microchip/xc32/v4.10/bin/bin/../../lib/gcc/pic32c/8.3.1/../../../../pic32c/lib/thumb/v7e-m+dp/hard\libc-musl.a(__sio_sprintf_doux.o)
 .comment       0x0000002b       0x2c c:/program files/microchip/xc32/v4.10/bin/bin/../../lib/gcc/pic32c/8.3.1/../../../../pic32c/lib/thumb/v7e-m+dp/hard\libc-musl.a(__fmt_d.o)
 .comment       0x0000002b       0x2c c:/program files/microchip/xc32/v4.10/bin/bin/../../lib/gcc/pic32c/8.3.1/../../../../pic32c/lib/thumb/v7e-m+dp/hard\libc-musl.a(__fmt_o.o)
 .comment       0x0000002b       0x2c c:/program files/microchip/xc32/v4.10/bin/bin/../../lib/gcc/pic32c/8.3.1/../../../../pic32c/lib/thumb/v7e-m+dp/hard\libc-musl.a(__fmt_s.o)
 .comment       0x0000002b       0x2c c:/program files/microchip/xc32/v4.10/bin/bin/../../lib/gcc/pic32c/8.3.1/../../../../pic32c/lib/thumb/v7e-m+dp/hard\libc-musl.a(__fmt_u.o)
 .comment       0x0000002b       0x2c c:/program files/microchip/xc32/v4.10/bin/bin/../../lib/gcc/pic32c/8.3.1/../../../../pic32c/lib/thumb/v7e-m+dp/hard\libc-musl.a(__fmt_x.o)
 .comment       0x0000002b       0x2c c:/program files/microchip/xc32/v4.10/bin/bin/../../lib/gcc/pic32c/8.3.1/../../../../pic32c/lib/thumb/v7e-m+dp/hard\libc-musl.a(__printf_core.o)
 .comment       0x0000002b       0x2c c:/program files/microchip/xc32/v4.10/bin/bin/../../lib/gcc/pic32c/8.3.1/../../../../pic32c/lib/thumb/v7e-m+dp/hard\libc-musl.a(atoi.o)
 .comment       0x0000002b       0x2c c:/program files/microchip/xc32/v4.10/bin/bin/../../lib/gcc/pic32c/8.3.1/../../../../pic32c/lib/thumb/v7e-m+dp/hard\libc-musl.a(memcpy.o)
 .comment       0x0000002b       0x2c c:/program files/microchip/xc32/v4.10/bin/bin/../../lib/gcc/pic32c/8.3.1/../../../../pic32c/lib/thumb/v7e-m+dp/hard\libc-musl.a(memset.o)
 .comment       0x0000002b       0x2c c:/program files/microchip/xc32/v4.10/bin/bin/../../lib/gcc/pic32c/8.3.1/../../../../pic32c/lib/thumb/v7e-m+dp/hard\libc-musl.a(strlen.o)
 .comment       0x0000002b       0x2c c:/program files/microchip/xc32/v4.10/bin/bin/../../lib/gcc/pic32c/8.3.1/../../../../pic32c/lib/thumb/v7e-m+dp/hard\libc-musl.a(tolower.o)
 .comment       0x0000002b       0x2c c:/program files/microchip/xc32/v4.10/bin/bin/../../lib/gcc/pic32c/8.3.1/../../../../pic32c/lib/thumb/v7e-m+dp/hard\libc-musl.a(toupper.o)
 .comment       0x0000002b       0x2c c:/program files/microchip/xc32/v4.10/bin/bin/../../lib/gcc/pic32c/8.3.1/../../../../pic32c/lib/thumb/v7e-m+dp/hard\libc-musl.a(__environ.o)
 .comment       0x0000002b       0x2c c:/program files/microchip/xc32/v4.10/bin/bin/../../lib/gcc/pic32c/8.3.1/../../../../pic32c/lib/thumb/v7e-m+dp/hard\libc-musl.a(__errno_location.o)
 .comment       0x0000002b       0x2c c:/program files/microchip/xc32/v4.10/bin/bin/../../lib/gcc/pic32c/8.3.1/../../../../pic32c/lib/thumb/v7e-m+dp/hard\libc-musl.a(__int_vsprintf.o)
 .comment       0x0000002b       0x2c c:/program files/microchip/xc32/v4.10/bin/bin/../../lib/gcc/pic32c/8.3.1/../../../../pic32c/lib/thumb/v7e-m+dp/hard\libc-musl.a(__pop_float.o)
 .comment       0x0000002b       0x2c c:/program files/microchip/xc32/v4.10/bin/bin/../../lib/gcc/pic32c/8.3.1/../../../../pic32c/lib/thumb/v7e-m+dp/hard\libc-musl.a(__pop_int.o)
 .comment       0x0000002b       0x2c c:/program files/microchip/xc32/v4.10/bin/bin/../../lib/gcc/pic32c/8.3.1/../../../../pic32c/lib/thumb/v7e-m+dp/hard\libc-musl.a(__pop_ptr.o)
 .comment       0x0000002b       0x2c c:/program files/microchip/xc32/v4.10/bin/bin/../../lib/gcc/pic32c/8.3.1/../../../../pic32c/lib/thumb/v7e-m+dp/hard\libc-musl.a(__int_vsnprintf.o)
 .comment       0x0000002b       0x2c c:/program files/microchip/xc32/v4.10/bin/bin/../../lib/gcc/pic32c/8.3.1/../../../../pic32c/lib/thumb/v7e-m+dp/hard\libc-musl.a(__int_vfprintf.o)
 .comment       0x0000002b       0x2c c:/program files/microchip/xc32/v4.10/bin/bin/../../lib/gcc/pic32c/8.3.1/thumb/v7e-m+dp/hard\libgcc.a(_udivmoddi4.o)

.debug_info     0x00000000    0x1b8c5
 .debug_info    0x00000000      0x8a5 build/sam_v71_xult/production/_ext/1157990217/plib_clk.o
 .debug_info    0x000008a5      0x919 build/sam_v71_xult/production/_ext/1157988489/plib_efc.o
 .debug_info    0x000011be     0x1f26 build/sam_v71_xult/production/_ext/1537669298/plib_mcan1.o
 .debug_info    0x000030e4      0x921 build/sam_v71_xult/production/_ext/1157980473/plib_mpu.o
 .debug_info    0x00003a05     0x1200 build/sam_v71_xult/production/_ext/1537621011/plib_nvic.o
 .debug_info    0x00004c05      0xedb build/sam_v71_xult/production/_ext/1157977813/plib_pio.o
 .debug_info    0x00005ae0     0x1861 build/sam_v71_xult/production/_ext/415242918/plib_usart1.o
 .debug_info    0x00007341      0x4c4 build/sam_v71_xult/production/_ext/1320227943/initialization.o
 .debug_info    0x00007805      0xdfe build/sam_v71_xult/production/_ext/1320227943/interrupts.o
 .debug_info    0x00008603      0x3fa build/sam_v71_xult/production/_ext/1320227943/exceptions.o
 .debug_info    0x000089fd      0xdb1 build/sam_v71_xult/production/_ext/1320227943/startup_xc32.o
 .debug_info    0x000097ae      0x54a build/sam_v71_xult/production/_ext/1320227943/freertos_hooks.o
 .debug_info    0x00009cf8      0x484 build/sam_v71_xult/production/_ext/1320227943/tasks.o
 .debug_info    0x0000a17c      0x79a build/sam_v71_xult/production/_ext/977623654/port.o
 .debug_info    0x0000a916      0x520 build/sam_v71_xult/production/_ext/1665200909/heap_1.o
 .debug_info    0x0000ae36      0x64d build/sam_v71_xult/production/_ext/404212886/list.o
 .debug_info    0x0000b483     0x2399 build/sam_v71_xult/production/_ext/404212886/queue.o
 .debug_info    0x0000d81c     0x2e87 build/sam_v71_xult/production/_ext/404212886/FreeRTOS_tasks.o
 .debug_info    0x000106a3     0x12e6 build/sam_v71_xult/production/_ext/36495711/CANopen.o
 .debug_info    0x00011989      0x47f build/sam_v71_xult/production/_ext/1160501076/epos4.o
 .debug_info    0x00011e08     0x105d build/sam_v71_xult/production/_ext/1563530619/mcan_fd_interrupt.o
 .debug_info    0x00012e65      0x87f build/sam_v71_xult/production/_ext/1522961716/Uart1_FreeRTOS.o
 .debug_info    0x000136e4      0x350 build/sam_v71_xult/production/_ext/1360937237/main_v71.o
 .debug_info    0x00013a34      0x933 build/sam_v71_xult/production/_ext/1360937237/tarea_principal.o
 .debug_info    0x00014367      0x2b4 c:/program files/microchip/xc32/v4.10/bin/bin/../../lib/gcc/pic32c/8.3.1/../../../../pic32c/lib/thumb/v7e-m+dp/hard\libpic32c.a(data_init.o)
 .debug_info    0x0001461b      0x62d c:/program files/microchip/xc32/v4.10/bin/bin/../../lib/gcc/pic32c/8.3.1/../../../../pic32c/lib/thumb/v7e-m+dp/hard\libc-musl.a(__libc_start_main.o)
 .debug_info    0x00014c48      0x53f c:/program files/microchip/xc32/v4.10/bin/bin/../../lib/gcc/pic32c/8.3.1/../../../../pic32c/lib/thumb/v7e-m+dp/hard\libc-musl.a(libc.o)
 .debug_info    0x00015187      0x45c c:/program files/microchip/xc32/v4.10/bin/bin/../../lib/gcc/pic32c/8.3.1/../../../../pic32c/lib/thumb/v7e-m+dp/hard\libc-musl.a(__sio_sprintf_doux.o)
 .debug_info    0x000155e3      0x5cc c:/program files/microchip/xc32/v4.10/bin/bin/../../lib/gcc/pic32c/8.3.1/../../../../pic32c/lib/thumb/v7e-m+dp/hard\libc-musl.a(__fmt_d.o)
 .debug_info    0x00015baf      0x59d c:/program files/microchip/xc32/v4.10/bin/bin/../../lib/gcc/pic32c/8.3.1/../../../../pic32c/lib/thumb/v7e-m+dp/hard\libc-musl.a(__fmt_o.o)
 .debug_info    0x0001614c      0x541 c:/program files/microchip/xc32/v4.10/bin/bin/../../lib/gcc/pic32c/8.3.1/../../../../pic32c/lib/thumb/v7e-m+dp/hard\libc-musl.a(__fmt_s.o)
 .debug_info    0x0001668d      0x66a c:/program files/microchip/xc32/v4.10/bin/bin/../../lib/gcc/pic32c/8.3.1/../../../../pic32c/lib/thumb/v7e-m+dp/hard\libc-musl.a(__fmt_u.o)
 .debug_info    0x00016cf7      0x603 c:/program files/microchip/xc32/v4.10/bin/bin/../../lib/gcc/pic32c/8.3.1/../../../../pic32c/lib/thumb/v7e-m+dp/hard\libc-musl.a(__fmt_x.o)
 .debug_info    0x000172fa      0xd3d c:/program files/microchip/xc32/v4.10/bin/bin/../../lib/gcc/pic32c/8.3.1/../../../../pic32c/lib/thumb/v7e-m+dp/hard\libc-musl.a(__printf_core.o)
 .debug_info    0x00018037      0x305 c:/program files/microchip/xc32/v4.10/bin/bin/../../lib/gcc/pic32c/8.3.1/../../../../pic32c/lib/thumb/v7e-m+dp/hard\libc-musl.a(atoi.o)
 .debug_info    0x0001833c      0x301 c:/program files/microchip/xc32/v4.10/bin/bin/../../lib/gcc/pic32c/8.3.1/../../../../pic32c/lib/thumb/v7e-m+dp/hard\libc-musl.a(memcpy.o)
 .debug_info    0x0001863d      0x2bf c:/program files/microchip/xc32/v4.10/bin/bin/../../lib/gcc/pic32c/8.3.1/../../../../pic32c/lib/thumb/v7e-m+dp/hard\libc-musl.a(memset.o)
 .debug_info    0x000188fc      0x2b0 c:/program files/microchip/xc32/v4.10/bin/bin/../../lib/gcc/pic32c/8.3.1/../../../../pic32c/lib/thumb/v7e-m+dp/hard\libc-musl.a(strlen.o)
 .debug_info    0x00018bac      0x35d c:/program files/microchip/xc32/v4.10/bin/bin/../../lib/gcc/pic32c/8.3.1/../../../../pic32c/lib/thumb/v7e-m+dp/hard\libc-musl.a(tolower.o)
 .debug_info    0x00018f09      0x35d c:/program files/microchip/xc32/v4.10/bin/bin/../../lib/gcc/pic32c/8.3.1/../../../../pic32c/lib/thumb/v7e-m+dp/hard\libc-musl.a(toupper.o)
 .debug_info    0x00019266      0x2b9 c:/program files/microchip/xc32/v4.10/bin/bin/../../lib/gcc/pic32c/8.3.1/../../../../pic32c/lib/thumb/v7e-m+dp/hard\libc-musl.a(__environ.o)
 .debug_info    0x0001951f      0x27d c:/program files/microchip/xc32/v4.10/bin/bin/../../lib/gcc/pic32c/8.3.1/../../../../pic32c/lib/thumb/v7e-m+dp/hard\libc-musl.a(__errno_location.o)
 .debug_info    0x0001979c      0x3ae c:/program files/microchip/xc32/v4.10/bin/bin/../../lib/gcc/pic32c/8.3.1/../../../../pic32c/lib/thumb/v7e-m+dp/hard\libc-musl.a(__int_vsprintf.o)
 .debug_info    0x00019b4a      0x3e7 c:/program files/microchip/xc32/v4.10/bin/bin/../../lib/gcc/pic32c/8.3.1/../../../../pic32c/lib/thumb/v7e-m+dp/hard\libc-musl.a(__pop_float.o)
 .debug_info    0x00019f31      0x40b c:/program files/microchip/xc32/v4.10/bin/bin/../../lib/gcc/pic32c/8.3.1/../../../../pic32c/lib/thumb/v7e-m+dp/hard\libc-musl.a(__pop_int.o)
 .debug_info    0x0001a33c      0x411 c:/program files/microchip/xc32/v4.10/bin/bin/../../lib/gcc/pic32c/8.3.1/../../../../pic32c/lib/thumb/v7e-m+dp/hard\libc-musl.a(__pop_ptr.o)
 .debug_info    0x0001a74d      0x4b0 c:/program files/microchip/xc32/v4.10/bin/bin/../../lib/gcc/pic32c/8.3.1/../../../../pic32c/lib/thumb/v7e-m+dp/hard\libc-musl.a(__int_vsnprintf.o)
 .debug_info    0x0001abfd      0x483 c:/program files/microchip/xc32/v4.10/bin/bin/../../lib/gcc/pic32c/8.3.1/../../../../pic32c/lib/thumb/v7e-m+dp/hard\libc-musl.a(__int_vfprintf.o)
 .debug_info    0x0001b080       0x26 c:/program files/microchip/xc32/v4.10/bin/bin/../../lib/gcc/pic32c/8.3.1/thumb/v7e-m+dp/hard\libgcc.a(_aeabi_uldivmod.o)
 .debug_info    0x0001b0a6      0x7f9 c:/program files/microchip/xc32/v4.10/bin/bin/../../lib/gcc/pic32c/8.3.1/thumb/v7e-m+dp/hard\libgcc.a(_udivmoddi4.o)
 .debug_info    0x0001b89f       0x26 c:/program files/microchip/xc32/v4.10/bin/bin/../../lib/gcc/pic32c/8.3.1/thumb/v7e-m+dp/hard\libgcc.a(_dvmd_tls.o)

.debug_abbrev   0x00000000     0x42cd
 .debug_abbrev  0x00000000       0xc2 build/sam_v71_xult/production/_ext/1157990217/plib_clk.o
 .debug_abbrev  0x000000c2      0x1e2 build/sam_v71_xult/production/_ext/1157988489/plib_efc.o
 .debug_abbrev  0x000002a4      0x324 build/sam_v71_xult/production/_ext/1537669298/plib_mcan1.o
 .debug_abbrev  0x000005c8       0xd1 build/sam_v71_xult/production/_ext/1157980473/plib_mpu.o
 .debug_abbrev  0x00000699      0x1e4 build/sam_v71_xult/production/_ext/1537621011/plib_nvic.o
 .debug_abbrev  0x0000087d      0x16d build/sam_v71_xult/production/_ext/1157977813/plib_pio.o
 .debug_abbrev  0x000009ea      0x45e build/sam_v71_xult/production/_ext/415242918/plib_usart1.o
 .debug_abbrev  0x00000e48       0xc3 build/sam_v71_xult/production/_ext/1320227943/initialization.o
 .debug_abbrev  0x00000f0b       0xb5 build/sam_v71_xult/production/_ext/1320227943/interrupts.o
 .debug_abbrev  0x00000fc0       0x3e build/sam_v71_xult/production/_ext/1320227943/exceptions.o
 .debug_abbrev  0x00000ffe      0x210 build/sam_v71_xult/production/_ext/1320227943/startup_xc32.o
 .debug_abbrev  0x0000120e      0x14e build/sam_v71_xult/production/_ext/1320227943/freertos_hooks.o
 .debug_abbrev  0x0000135c       0xf7 build/sam_v71_xult/production/_ext/1320227943/tasks.o
 .debug_abbrev  0x00001453      0x23e build/sam_v71_xult/production/_ext/977623654/port.o
 .debug_abbrev  0x00001691      0x16c build/sam_v71_xult/production/_ext/1665200909/heap_1.o
 .debug_abbrev  0x000017fd      0x15e build/sam_v71_xult/production/_ext/404212886/list.o
 .debug_abbrev  0x0000195b      0x38a build/sam_v71_xult/production/_ext/404212886/queue.o
 .debug_abbrev  0x00001ce5      0x466 build/sam_v71_xult/production/_ext/404212886/FreeRTOS_tasks.o
 .debug_abbrev  0x0000214b      0x2e3 build/sam_v71_xult/production/_ext/36495711/CANopen.o
 .debug_abbrev  0x0000242e       0xe1 build/sam_v71_xult/production/_ext/1160501076/epos4.o
 .debug_abbrev  0x0000250f      0x309 build/sam_v71_xult/production/_ext/1563530619/mcan_fd_interrupt.o
 .debug_abbrev  0x00002818      0x192 build/sam_v71_xult/production/_ext/1522961716/Uart1_FreeRTOS.o
 .debug_abbrev  0x000029aa       0x77 build/sam_v71_xult/production/_ext/1360937237/main_v71.o
 .debug_abbrev  0x00002a21      0x1af build/sam_v71_xult/production/_ext/1360937237/tarea_principal.o
 .debug_abbrev  0x00002bd0       0x2e c:/program files/microchip/xc32/v4.10/bin/bin/../../lib/gcc/pic32c/8.3.1/../../../../pic32c/lib/thumb/v7e-m+dp/hard\libpic32c.a(data_init.o)
 .debug_abbrev  0x00002bfe      0x117 c:/program files/microchip/xc32/v4.10/bin/bin/../../lib/gcc/pic32c/8.3.1/../../../../pic32c/lib/thumb/v7e-m+dp/hard\libc-musl.a(__libc_start_main.o)
 .debug_abbrev  0x00002d15       0xb8 c:/program files/microchip/xc32/v4.10/bin/bin/../../lib/gcc/pic32c/8.3.1/../../../../pic32c/lib/thumb/v7e-m+dp/hard\libc-musl.a(libc.o)
 .debug_abbrev  0x00002dcd      0x12e c:/program files/microchip/xc32/v4.10/bin/bin/../../lib/gcc/pic32c/8.3.1/../../../../pic32c/lib/thumb/v7e-m+dp/hard\libc-musl.a(__sio_sprintf_doux.o)
 .debug_abbrev  0x00002efb      0x120 c:/program files/microchip/xc32/v4.10/bin/bin/../../lib/gcc/pic32c/8.3.1/../../../../pic32c/lib/thumb/v7e-m+dp/hard\libc-musl.a(__fmt_d.o)
 .debug_abbrev  0x0000301b      0x120 c:/program files/microchip/xc32/v4.10/bin/bin/../../lib/gcc/pic32c/8.3.1/../../../../pic32c/lib/thumb/v7e-m+dp/hard\libc-musl.a(__fmt_o.o)
 .debug_abbrev  0x0000313b      0x10b c:/program files/microchip/xc32/v4.10/bin/bin/../../lib/gcc/pic32c/8.3.1/../../../../pic32c/lib/thumb/v7e-m+dp/hard\libc-musl.a(__fmt_s.o)
 .debug_abbrev  0x00003246      0x163 c:/program files/microchip/xc32/v4.10/bin/bin/../../lib/gcc/pic32c/8.3.1/../../../../pic32c/lib/thumb/v7e-m+dp/hard\libc-musl.a(__fmt_u.o)
 .debug_abbrev  0x000033a9      0x10f c:/program files/microchip/xc32/v4.10/bin/bin/../../lib/gcc/pic32c/8.3.1/../../../../pic32c/lib/thumb/v7e-m+dp/hard\libc-musl.a(__fmt_x.o)
 .debug_abbrev  0x000034b8      0x2c5 c:/program files/microchip/xc32/v4.10/bin/bin/../../lib/gcc/pic32c/8.3.1/../../../../pic32c/lib/thumb/v7e-m+dp/hard\libc-musl.a(__printf_core.o)
 .debug_abbrev  0x0000377d       0xbb c:/program files/microchip/xc32/v4.10/bin/bin/../../lib/gcc/pic32c/8.3.1/../../../../pic32c/lib/thumb/v7e-m+dp/hard\libc-musl.a(atoi.o)
 .debug_abbrev  0x00003838       0x9c c:/program files/microchip/xc32/v4.10/bin/bin/../../lib/gcc/pic32c/8.3.1/../../../../pic32c/lib/thumb/v7e-m+dp/hard\libc-musl.a(memcpy.o)
 .debug_abbrev  0x000038d4       0x97 c:/program files/microchip/xc32/v4.10/bin/bin/../../lib/gcc/pic32c/8.3.1/../../../../pic32c/lib/thumb/v7e-m+dp/hard\libc-musl.a(memset.o)
 .debug_abbrev  0x0000396b       0x86 c:/program files/microchip/xc32/v4.10/bin/bin/../../lib/gcc/pic32c/8.3.1/../../../../pic32c/lib/thumb/v7e-m+dp/hard\libc-musl.a(strlen.o)
 .debug_abbrev  0x000039f1       0xfd c:/program files/microchip/xc32/v4.10/bin/bin/../../lib/gcc/pic32c/8.3.1/../../../../pic32c/lib/thumb/v7e-m+dp/hard\libc-musl.a(tolower.o)
 .debug_abbrev  0x00003aee       0xfd c:/program files/microchip/xc32/v4.10/bin/bin/../../lib/gcc/pic32c/8.3.1/../../../../pic32c/lib/thumb/v7e-m+dp/hard\libc-musl.a(toupper.o)
 .debug_abbrev  0x00003beb       0x57 c:/program files/microchip/xc32/v4.10/bin/bin/../../lib/gcc/pic32c/8.3.1/../../../../pic32c/lib/thumb/v7e-m+dp/hard\libc-musl.a(__environ.o)
 .debug_abbrev  0x00003c42       0x2e c:/program files/microchip/xc32/v4.10/bin/bin/../../lib/gcc/pic32c/8.3.1/../../../../pic32c/lib/thumb/v7e-m+dp/hard\libc-musl.a(__errno_location.o)
 .debug_abbrev  0x00003c70       0xc3 c:/program files/microchip/xc32/v4.10/bin/bin/../../lib/gcc/pic32c/8.3.1/../../../../pic32c/lib/thumb/v7e-m+dp/hard\libc-musl.a(__int_vsprintf.o)
 .debug_abbrev  0x00003d33       0xbd c:/program files/microchip/xc32/v4.10/bin/bin/../../lib/gcc/pic32c/8.3.1/../../../../pic32c/lib/thumb/v7e-m+dp/hard\libc-musl.a(__pop_float.o)
 .debug_abbrev  0x00003df0       0xbd c:/program files/microchip/xc32/v4.10/bin/bin/../../lib/gcc/pic32c/8.3.1/../../../../pic32c/lib/thumb/v7e-m+dp/hard\libc-musl.a(__pop_int.o)
 .debug_abbrev  0x00003ead       0xce c:/program files/microchip/xc32/v4.10/bin/bin/../../lib/gcc/pic32c/8.3.1/../../../../pic32c/lib/thumb/v7e-m+dp/hard\libc-musl.a(__pop_ptr.o)
 .debug_abbrev  0x00003f7b      0x127 c:/program files/microchip/xc32/v4.10/bin/bin/../../lib/gcc/pic32c/8.3.1/../../../../pic32c/lib/thumb/v7e-m+dp/hard\libc-musl.a(__int_vsnprintf.o)
 .debug_abbrev  0x000040a2      0x111 c:/program files/microchip/xc32/v4.10/bin/bin/../../lib/gcc/pic32c/8.3.1/../../../../pic32c/lib/thumb/v7e-m+dp/hard\libc-musl.a(__int_vfprintf.o)
 .debug_abbrev  0x000041b3       0x14 c:/program files/microchip/xc32/v4.10/bin/bin/../../lib/gcc/pic32c/8.3.1/thumb/v7e-m+dp/hard\libgcc.a(_aeabi_uldivmod.o)
 .debug_abbrev  0x000041c7       0xf2 c:/program files/microchip/xc32/v4.10/bin/bin/../../lib/gcc/pic32c/8.3.1/thumb/v7e-m+dp/hard\libgcc.a(_udivmoddi4.o)
 .debug_abbrev  0x000042b9       0x14 c:/program files/microchip/xc32/v4.10/bin/bin/../../lib/gcc/pic32c/8.3.1/thumb/v7e-m+dp/hard\libgcc.a(_dvmd_tls.o)

.debug_aranges  0x00000000      0xc50
 .debug_aranges
                0x00000000       0x20 build/sam_v71_xult/production/_ext/1157990217/plib_clk.o
 .debug_aranges
                0x00000020       0x70 build/sam_v71_xult/production/_ext/1157988489/plib_efc.o
 .debug_aranges
                0x00000090       0xc0 build/sam_v71_xult/production/_ext/1537669298/plib_mcan1.o
 .debug_aranges
                0x00000150       0x20 build/sam_v71_xult/production/_ext/1157980473/plib_mpu.o
 .debug_aranges
                0x00000170       0x38 build/sam_v71_xult/production/_ext/1537621011/plib_nvic.o
 .debug_aranges
                0x000001a8       0x60 build/sam_v71_xult/production/_ext/1157977813/plib_pio.o
 .debug_aranges
                0x00000208       0xb8 build/sam_v71_xult/production/_ext/415242918/plib_usart1.o
 .debug_aranges
                0x000002c0       0x20 build/sam_v71_xult/production/_ext/1320227943/initialization.o
 .debug_aranges
                0x000002e0       0x20 build/sam_v71_xult/production/_ext/1320227943/interrupts.o
 .debug_aranges
                0x00000300       0x48 build/sam_v71_xult/production/_ext/1320227943/exceptions.o
 .debug_aranges
                0x00000348       0x28 build/sam_v71_xult/production/_ext/1320227943/startup_xc32.o
 .debug_aranges
                0x00000370       0x40 build/sam_v71_xult/production/_ext/1320227943/freertos_hooks.o
 .debug_aranges
                0x000003b0       0x28 build/sam_v71_xult/production/_ext/1320227943/tasks.o
 .debug_aranges
                0x000003d8       0x78 build/sam_v71_xult/production/_ext/977623654/port.o
 .debug_aranges
                0x00000450       0x38 build/sam_v71_xult/production/_ext/1665200909/heap_1.o
 .debug_aranges
                0x00000488       0x40 build/sam_v71_xult/production/_ext/404212886/list.o
 .debug_aranges
                0x000004c8       0xe8 build/sam_v71_xult/production/_ext/404212886/queue.o
 .debug_aranges
                0x000005b0      0x178 build/sam_v71_xult/production/_ext/404212886/FreeRTOS_tasks.o
 .debug_aranges
                0x00000728       0x60 build/sam_v71_xult/production/_ext/36495711/CANopen.o
 .debug_aranges
                0x00000788       0x28 build/sam_v71_xult/production/_ext/1160501076/epos4.o
 .debug_aranges
                0x000007b0       0x68 build/sam_v71_xult/production/_ext/1563530619/mcan_fd_interrupt.o
 .debug_aranges
                0x00000818       0x40 build/sam_v71_xult/production/_ext/1522961716/Uart1_FreeRTOS.o
 .debug_aranges
                0x00000858       0x20 build/sam_v71_xult/production/_ext/1360937237/main_v71.o
 .debug_aranges
                0x00000878       0x38 build/sam_v71_xult/production/_ext/1360937237/tarea_principal.o
 .debug_aranges
                0x000008b0       0x20 c:/program files/microchip/xc32/v4.10/bin/bin/../../lib/gcc/pic32c/8.3.1/../../../../pic32c/lib/thumb/v7e-m+dp/hard\libpic32c.a(data_init.o)
 .debug_aranges
                0x000008d0       0x28 c:/program files/microchip/xc32/v4.10/bin/bin/../../lib/gcc/pic32c/8.3.1/../../../../pic32c/lib/thumb/v7e-m+dp/hard\libc-musl.a(__libc_start_main.o)
 .debug_aranges
                0x000008f8       0x18 c:/program files/microchip/xc32/v4.10/bin/bin/../../lib/gcc/pic32c/8.3.1/../../../../pic32c/lib/thumb/v7e-m+dp/hard\libc-musl.a(libc.o)
 .debug_aranges
                0x00000910       0x28 c:/program files/microchip/xc32/v4.10/bin/bin/../../lib/gcc/pic32c/8.3.1/../../../../pic32c/lib/thumb/v7e-m+dp/hard\libc-musl.a(__sio_sprintf_doux.o)
 .debug_aranges
                0x00000938       0x20 c:/program files/microchip/xc32/v4.10/bin/bin/../../lib/gcc/pic32c/8.3.1/../../../../pic32c/lib/thumb/v7e-m+dp/hard\libc-musl.a(__fmt_d.o)
 .debug_aranges
                0x00000958       0x20 c:/program files/microchip/xc32/v4.10/bin/bin/../../lib/gcc/pic32c/8.3.1/../../../../pic32c/lib/thumb/v7e-m+dp/hard\libc-musl.a(__fmt_o.o)
 .debug_aranges
                0x00000978       0x20 c:/program files/microchip/xc32/v4.10/bin/bin/../../lib/gcc/pic32c/8.3.1/../../../../pic32c/lib/thumb/v7e-m+dp/hard\libc-musl.a(__fmt_s.o)
 .debug_aranges
                0x00000998       0x28 c:/program files/microchip/xc32/v4.10/bin/bin/../../lib/gcc/pic32c/8.3.1/../../../../pic32c/lib/thumb/v7e-m+dp/hard\libc-musl.a(__fmt_u.o)
 .debug_aranges
                0x000009c0       0x20 c:/program files/microchip/xc32/v4.10/bin/bin/../../lib/gcc/pic32c/8.3.1/../../../../pic32c/lib/thumb/v7e-m+dp/hard\libc-musl.a(__fmt_x.o)
 .debug_aranges
                0x000009e0       0x50 c:/program files/microchip/xc32/v4.10/bin/bin/../../lib/gcc/pic32c/8.3.1/../../../../pic32c/lib/thumb/v7e-m+dp/hard\libc-musl.a(__printf_core.o)
 .debug_aranges
                0x00000a30       0x20 c:/program files/microchip/xc32/v4.10/bin/bin/../../lib/gcc/pic32c/8.3.1/../../../../pic32c/lib/thumb/v7e-m+dp/hard\libc-musl.a(atoi.o)
 .debug_aranges
                0x00000a50       0x20 c:/program files/microchip/xc32/v4.10/bin/bin/../../lib/gcc/pic32c/8.3.1/../../../../pic32c/lib/thumb/v7e-m+dp/hard\libc-musl.a(memcpy.o)
 .debug_aranges
                0x00000a70       0x20 c:/program files/microchip/xc32/v4.10/bin/bin/../../lib/gcc/pic32c/8.3.1/../../../../pic32c/lib/thumb/v7e-m+dp/hard\libc-musl.a(memset.o)
 .debug_aranges
                0x00000a90       0x20 c:/program files/microchip/xc32/v4.10/bin/bin/../../lib/gcc/pic32c/8.3.1/../../../../pic32c/lib/thumb/v7e-m+dp/hard\libc-musl.a(strlen.o)
 .debug_aranges
                0x00000ab0       0x28 c:/program files/microchip/xc32/v4.10/bin/bin/../../lib/gcc/pic32c/8.3.1/../../../../pic32c/lib/thumb/v7e-m+dp/hard\libc-musl.a(tolower.o)
 .debug_aranges
                0x00000ad8       0x28 c:/program files/microchip/xc32/v4.10/bin/bin/../../lib/gcc/pic32c/8.3.1/../../../../pic32c/lib/thumb/v7e-m+dp/hard\libc-musl.a(toupper.o)
 .debug_aranges
                0x00000b00       0x18 c:/program files/microchip/xc32/v4.10/bin/bin/../../lib/gcc/pic32c/8.3.1/../../../../pic32c/lib/thumb/v7e-m+dp/hard\libc-musl.a(__environ.o)
 .debug_aranges
                0x00000b18       0x18 c:/program files/microchip/xc32/v4.10/bin/bin/../../lib/gcc/pic32c/8.3.1/../../../../pic32c/lib/thumb/v7e-m+dp/hard\libc-musl.a(__errno_location.o)
 .debug_aranges
                0x00000b30       0x20 c:/program files/microchip/xc32/v4.10/bin/bin/../../lib/gcc/pic32c/8.3.1/../../../../pic32c/lib/thumb/v7e-m+dp/hard\libc-musl.a(__int_vsprintf.o)
 .debug_aranges
                0x00000b50       0x20 c:/program files/microchip/xc32/v4.10/bin/bin/../../lib/gcc/pic32c/8.3.1/../../../../pic32c/lib/thumb/v7e-m+dp/hard\libc-musl.a(__pop_float.o)
 .debug_aranges
                0x00000b70       0x20 c:/program files/microchip/xc32/v4.10/bin/bin/../../lib/gcc/pic32c/8.3.1/../../../../pic32c/lib/thumb/v7e-m+dp/hard\libc-musl.a(__pop_int.o)
 .debug_aranges
                0x00000b90       0x20 c:/program files/microchip/xc32/v4.10/bin/bin/../../lib/gcc/pic32c/8.3.1/../../../../pic32c/lib/thumb/v7e-m+dp/hard\libc-musl.a(__pop_ptr.o)
 .debug_aranges
                0x00000bb0       0x20 c:/program files/microchip/xc32/v4.10/bin/bin/../../lib/gcc/pic32c/8.3.1/../../../../pic32c/lib/thumb/v7e-m+dp/hard\libc-musl.a(__int_vsnprintf.o)
 .debug_aranges
                0x00000bd0       0x20 c:/program files/microchip/xc32/v4.10/bin/bin/../../lib/gcc/pic32c/8.3.1/../../../../pic32c/lib/thumb/v7e-m+dp/hard\libc-musl.a(__int_vfprintf.o)
 .debug_aranges
                0x00000bf0       0x20 c:/program files/microchip/xc32/v4.10/bin/bin/../../lib/gcc/pic32c/8.3.1/thumb/v7e-m+dp/hard\libgcc.a(_aeabi_uldivmod.o)
 .debug_aranges
                0x00000c10       0x20 c:/program files/microchip/xc32/v4.10/bin/bin/../../lib/gcc/pic32c/8.3.1/thumb/v7e-m+dp/hard\libgcc.a(_udivmoddi4.o)
 .debug_aranges
                0x00000c30       0x20 c:/program files/microchip/xc32/v4.10/bin/bin/../../lib/gcc/pic32c/8.3.1/thumb/v7e-m+dp/hard\libgcc.a(_dvmd_tls.o)

.debug_ranges   0x00000000      0xe08
 .debug_ranges  0x00000000       0x10 build/sam_v71_xult/production/_ext/1157990217/plib_clk.o
 .debug_ranges  0x00000010       0x90 build/sam_v71_xult/production/_ext/1157988489/plib_efc.o
 .debug_ranges  0x000000a0       0xb0 build/sam_v71_xult/production/_ext/1537669298/plib_mcan1.o
 .debug_ranges  0x00000150       0x10 build/sam_v71_xult/production/_ext/1157980473/plib_mpu.o
 .debug_ranges  0x00000160       0x28 build/sam_v71_xult/production/_ext/1537621011/plib_nvic.o
 .debug_ranges  0x00000188       0x50 build/sam_v71_xult/production/_ext/1157977813/plib_pio.o
 .debug_ranges  0x000001d8      0x150 build/sam_v71_xult/production/_ext/415242918/plib_usart1.o
 .debug_ranges  0x00000328       0x10 build/sam_v71_xult/production/_ext/1320227943/initialization.o
 .debug_ranges  0x00000338       0x10 build/sam_v71_xult/production/_ext/1320227943/interrupts.o
 .debug_ranges  0x00000348       0x38 build/sam_v71_xult/production/_ext/1320227943/exceptions.o
 .debug_ranges  0x00000380       0x18 build/sam_v71_xult/production/_ext/1320227943/startup_xc32.o
 .debug_ranges  0x00000398       0x30 build/sam_v71_xult/production/_ext/1320227943/freertos_hooks.o
 .debug_ranges  0x000003c8       0x18 build/sam_v71_xult/production/_ext/1320227943/tasks.o
 .debug_ranges  0x000003e0       0x68 build/sam_v71_xult/production/_ext/977623654/port.o
 .debug_ranges  0x00000448       0x28 build/sam_v71_xult/production/_ext/1665200909/heap_1.o
 .debug_ranges  0x00000470       0x30 build/sam_v71_xult/production/_ext/404212886/list.o
 .debug_ranges  0x000004a0      0x1a0 build/sam_v71_xult/production/_ext/404212886/queue.o
 .debug_ranges  0x00000640      0x288 build/sam_v71_xult/production/_ext/404212886/FreeRTOS_tasks.o
 .debug_ranges  0x000008c8      0x160 build/sam_v71_xult/production/_ext/36495711/CANopen.o
 .debug_ranges  0x00000a28       0x18 build/sam_v71_xult/production/_ext/1160501076/epos4.o
 .debug_ranges  0x00000a40       0x88 build/sam_v71_xult/production/_ext/1563530619/mcan_fd_interrupt.o
 .debug_ranges  0x00000ac8       0x30 build/sam_v71_xult/production/_ext/1522961716/Uart1_FreeRTOS.o
 .debug_ranges  0x00000af8       0x10 build/sam_v71_xult/production/_ext/1360937237/main_v71.o
 .debug_ranges  0x00000b08       0x58 build/sam_v71_xult/production/_ext/1360937237/tarea_principal.o
 .debug_ranges  0x00000b60       0x10 c:/program files/microchip/xc32/v4.10/bin/bin/../../lib/gcc/pic32c/8.3.1/../../../../pic32c/lib/thumb/v7e-m+dp/hard\libpic32c.a(data_init.o)
 .debug_ranges  0x00000b70       0x40 c:/program files/microchip/xc32/v4.10/bin/bin/../../lib/gcc/pic32c/8.3.1/../../../../pic32c/lib/thumb/v7e-m+dp/hard\libc-musl.a(__libc_start_main.o)
 .debug_ranges  0x00000bb0       0x18 c:/program files/microchip/xc32/v4.10/bin/bin/../../lib/gcc/pic32c/8.3.1/../../../../pic32c/lib/thumb/v7e-m+dp/hard\libc-musl.a(__sio_sprintf_doux.o)
 .debug_ranges  0x00000bc8       0x10 c:/program files/microchip/xc32/v4.10/bin/bin/../../lib/gcc/pic32c/8.3.1/../../../../pic32c/lib/thumb/v7e-m+dp/hard\libc-musl.a(__fmt_d.o)
 .debug_ranges  0x00000bd8       0x10 c:/program files/microchip/xc32/v4.10/bin/bin/../../lib/gcc/pic32c/8.3.1/../../../../pic32c/lib/thumb/v7e-m+dp/hard\libc-musl.a(__fmt_o.o)
 .debug_ranges  0x00000be8       0x10 c:/program files/microchip/xc32/v4.10/bin/bin/../../lib/gcc/pic32c/8.3.1/../../../../pic32c/lib/thumb/v7e-m+dp/hard\libc-musl.a(__fmt_s.o)
 .debug_ranges  0x00000bf8       0x18 c:/program files/microchip/xc32/v4.10/bin/bin/../../lib/gcc/pic32c/8.3.1/../../../../pic32c/lib/thumb/v7e-m+dp/hard\libc-musl.a(__fmt_u.o)
 .debug_ranges  0x00000c10       0x10 c:/program files/microchip/xc32/v4.10/bin/bin/../../lib/gcc/pic32c/8.3.1/../../../../pic32c/lib/thumb/v7e-m+dp/hard\libc-musl.a(__fmt_x.o)
 .debug_ranges  0x00000c20       0x68 c:/program files/microchip/xc32/v4.10/bin/bin/../../lib/gcc/pic32c/8.3.1/../../../../pic32c/lib/thumb/v7e-m+dp/hard\libc-musl.a(__printf_core.o)
 .debug_ranges  0x00000c88       0x10 c:/program files/microchip/xc32/v4.10/bin/bin/../../lib/gcc/pic32c/8.3.1/../../../../pic32c/lib/thumb/v7e-m+dp/hard\libc-musl.a(atoi.o)
 .debug_ranges  0x00000c98       0x10 c:/program files/microchip/xc32/v4.10/bin/bin/../../lib/gcc/pic32c/8.3.1/../../../../pic32c/lib/thumb/v7e-m+dp/hard\libc-musl.a(memcpy.o)
 .debug_ranges  0x00000ca8       0x10 c:/program files/microchip/xc32/v4.10/bin/bin/../../lib/gcc/pic32c/8.3.1/../../../../pic32c/lib/thumb/v7e-m+dp/hard\libc-musl.a(memset.o)
 .debug_ranges  0x00000cb8       0x10 c:/program files/microchip/xc32/v4.10/bin/bin/../../lib/gcc/pic32c/8.3.1/../../../../pic32c/lib/thumb/v7e-m+dp/hard\libc-musl.a(strlen.o)
 .debug_ranges  0x00000cc8       0x18 c:/program files/microchip/xc32/v4.10/bin/bin/../../lib/gcc/pic32c/8.3.1/../../../../pic32c/lib/thumb/v7e-m+dp/hard\libc-musl.a(tolower.o)
 .debug_ranges  0x00000ce0       0x18 c:/program files/microchip/xc32/v4.10/bin/bin/../../lib/gcc/pic32c/8.3.1/../../../../pic32c/lib/thumb/v7e-m+dp/hard\libc-musl.a(toupper.o)
 .debug_ranges  0x00000cf8       0x10 c:/program files/microchip/xc32/v4.10/bin/bin/../../lib/gcc/pic32c/8.3.1/../../../../pic32c/lib/thumb/v7e-m+dp/hard\libc-musl.a(__int_vsprintf.o)
 .debug_ranges  0x00000d08       0x10 c:/program files/microchip/xc32/v4.10/bin/bin/../../lib/gcc/pic32c/8.3.1/../../../../pic32c/lib/thumb/v7e-m+dp/hard\libc-musl.a(__pop_float.o)
 .debug_ranges  0x00000d18       0x10 c:/program files/microchip/xc32/v4.10/bin/bin/../../lib/gcc/pic32c/8.3.1/../../../../pic32c/lib/thumb/v7e-m+dp/hard\libc-musl.a(__pop_int.o)
 .debug_ranges  0x00000d28       0x10 c:/program files/microchip/xc32/v4.10/bin/bin/../../lib/gcc/pic32c/8.3.1/../../../../pic32c/lib/thumb/v7e-m+dp/hard\libc-musl.a(__pop_ptr.o)
 .debug_ranges  0x00000d38       0x10 c:/program files/microchip/xc32/v4.10/bin/bin/../../lib/gcc/pic32c/8.3.1/../../../../pic32c/lib/thumb/v7e-m+dp/hard\libc-musl.a(__int_vsnprintf.o)
 .debug_ranges  0x00000d48       0x10 c:/program files/microchip/xc32/v4.10/bin/bin/../../lib/gcc/pic32c/8.3.1/../../../../pic32c/lib/thumb/v7e-m+dp/hard\libc-musl.a(__int_vfprintf.o)
 .debug_ranges  0x00000d58       0xb0 c:/program files/microchip/xc32/v4.10/bin/bin/../../lib/gcc/pic32c/8.3.1/thumb/v7e-m+dp/hard\libgcc.a(_udivmoddi4.o)

.debug_line     0x00000000     0xa093
 .debug_line    0x00000000      0x1cb build/sam_v71_xult/production/_ext/1157990217/plib_clk.o
 .debug_line    0x000001cb      0x421 build/sam_v71_xult/production/_ext/1157988489/plib_efc.o
 .debug_line    0x000005ec      0x905 build/sam_v71_xult/production/_ext/1537669298/plib_mcan1.o
 .debug_line    0x00000ef1      0x14a build/sam_v71_xult/production/_ext/1157980473/plib_mpu.o
 .debug_line    0x0000103b      0x32c build/sam_v71_xult/production/_ext/1537621011/plib_nvic.o
 .debug_line    0x00001367      0x398 build/sam_v71_xult/production/_ext/1157977813/plib_pio.o
 .debug_line    0x000016ff      0x989 build/sam_v71_xult/production/_ext/415242918/plib_usart1.o
 .debug_line    0x00002088      0x27f build/sam_v71_xult/production/_ext/1320227943/initialization.o
 .debug_line    0x00002307       0xbf build/sam_v71_xult/production/_ext/1320227943/interrupts.o
 .debug_line    0x000023c6       0xcb build/sam_v71_xult/production/_ext/1320227943/exceptions.o
 .debug_line    0x00002491      0x48f build/sam_v71_xult/production/_ext/1320227943/startup_xc32.o
 .debug_line    0x00002920      0x1e3 build/sam_v71_xult/production/_ext/1320227943/freertos_hooks.o
 .debug_line    0x00002b03      0x12d build/sam_v71_xult/production/_ext/1320227943/tasks.o
 .debug_line    0x00002c30      0x35f build/sam_v71_xult/production/_ext/977623654/port.o
 .debug_line    0x00002f8f      0x1dd build/sam_v71_xult/production/_ext/1665200909/heap_1.o
 .debug_line    0x0000316c      0x2d4 build/sam_v71_xult/production/_ext/404212886/list.o
 .debug_line    0x00003440      0xfb5 build/sam_v71_xult/production/_ext/404212886/queue.o
 .debug_line    0x000043f5     0x1752 build/sam_v71_xult/production/_ext/404212886/FreeRTOS_tasks.o
 .debug_line    0x00005b47      0x973 build/sam_v71_xult/production/_ext/36495711/CANopen.o
 .debug_line    0x000064ba       0xfb build/sam_v71_xult/production/_ext/1160501076/epos4.o
 .debug_line    0x000065b5      0x54a build/sam_v71_xult/production/_ext/1563530619/mcan_fd_interrupt.o
 .debug_line    0x00006aff      0x2ee build/sam_v71_xult/production/_ext/1522961716/Uart1_FreeRTOS.o
 .debug_line    0x00006ded       0x76 build/sam_v71_xult/production/_ext/1360937237/main_v71.o
 .debug_line    0x00006e63      0x363 build/sam_v71_xult/production/_ext/1360937237/tarea_principal.o
 .debug_line    0x000071c6      0x112 c:/program files/microchip/xc32/v4.10/bin/bin/../../lib/gcc/pic32c/8.3.1/../../../../pic32c/lib/thumb/v7e-m+dp/hard\libpic32c.a(data_init.o)
 .debug_line    0x000072d8      0x1db c:/program files/microchip/xc32/v4.10/bin/bin/../../lib/gcc/pic32c/8.3.1/../../../../pic32c/lib/thumb/v7e-m+dp/hard\libc-musl.a(__libc_start_main.o)
 .debug_line    0x000074b3       0xbf c:/program files/microchip/xc32/v4.10/bin/bin/../../lib/gcc/pic32c/8.3.1/../../../../pic32c/lib/thumb/v7e-m+dp/hard\libc-musl.a(libc.o)
 .debug_line    0x00007572      0x1b3 c:/program files/microchip/xc32/v4.10/bin/bin/../../lib/gcc/pic32c/8.3.1/../../../../pic32c/lib/thumb/v7e-m+dp/hard\libc-musl.a(__sio_sprintf_doux.o)
 .debug_line    0x00007725      0x21c c:/program files/microchip/xc32/v4.10/bin/bin/../../lib/gcc/pic32c/8.3.1/../../../../pic32c/lib/thumb/v7e-m+dp/hard\libc-musl.a(__fmt_d.o)
 .debug_line    0x00007941      0x1c6 c:/program files/microchip/xc32/v4.10/bin/bin/../../lib/gcc/pic32c/8.3.1/../../../../pic32c/lib/thumb/v7e-m+dp/hard\libc-musl.a(__fmt_o.o)
 .debug_line    0x00007b07      0x209 c:/program files/microchip/xc32/v4.10/bin/bin/../../lib/gcc/pic32c/8.3.1/../../../../pic32c/lib/thumb/v7e-m+dp/hard\libc-musl.a(__fmt_s.o)
 .debug_line    0x00007d10      0x250 c:/program files/microchip/xc32/v4.10/bin/bin/../../lib/gcc/pic32c/8.3.1/../../../../pic32c/lib/thumb/v7e-m+dp/hard\libc-musl.a(__fmt_u.o)
 .debug_line    0x00007f60      0x2fd c:/program files/microchip/xc32/v4.10/bin/bin/../../lib/gcc/pic32c/8.3.1/../../../../pic32c/lib/thumb/v7e-m+dp/hard\libc-musl.a(__fmt_x.o)
 .debug_line    0x0000825d      0x699 c:/program files/microchip/xc32/v4.10/bin/bin/../../lib/gcc/pic32c/8.3.1/../../../../pic32c/lib/thumb/v7e-m+dp/hard\libc-musl.a(__printf_core.o)
 .debug_line    0x000088f6      0x17b c:/program files/microchip/xc32/v4.10/bin/bin/../../lib/gcc/pic32c/8.3.1/../../../../pic32c/lib/thumb/v7e-m+dp/hard\libc-musl.a(atoi.o)
 .debug_line    0x00008a71       0xf4 c:/program files/microchip/xc32/v4.10/bin/bin/../../lib/gcc/pic32c/8.3.1/../../../../pic32c/lib/thumb/v7e-m+dp/hard\libc-musl.a(memcpy.o)
 .debug_line    0x00008b65       0xec c:/program files/microchip/xc32/v4.10/bin/bin/../../lib/gcc/pic32c/8.3.1/../../../../pic32c/lib/thumb/v7e-m+dp/hard\libc-musl.a(memset.o)
 .debug_line    0x00008c51       0xe8 c:/program files/microchip/xc32/v4.10/bin/bin/../../lib/gcc/pic32c/8.3.1/../../../../pic32c/lib/thumb/v7e-m+dp/hard\libc-musl.a(strlen.o)
 .debug_line    0x00008d39      0x16b c:/program files/microchip/xc32/v4.10/bin/bin/../../lib/gcc/pic32c/8.3.1/../../../../pic32c/lib/thumb/v7e-m+dp/hard\libc-musl.a(tolower.o)
 .debug_line    0x00008ea4      0x16b c:/program files/microchip/xc32/v4.10/bin/bin/../../lib/gcc/pic32c/8.3.1/../../../../pic32c/lib/thumb/v7e-m+dp/hard\libc-musl.a(toupper.o)
 .debug_line    0x0000900f      0x10f c:/program files/microchip/xc32/v4.10/bin/bin/../../lib/gcc/pic32c/8.3.1/../../../../pic32c/lib/thumb/v7e-m+dp/hard\libc-musl.a(__environ.o)
 .debug_line    0x0000911e       0xa4 c:/program files/microchip/xc32/v4.10/bin/bin/../../lib/gcc/pic32c/8.3.1/../../../../pic32c/lib/thumb/v7e-m+dp/hard\libc-musl.a(__errno_location.o)
 .debug_line    0x000091c2      0x161 c:/program files/microchip/xc32/v4.10/bin/bin/../../lib/gcc/pic32c/8.3.1/../../../../pic32c/lib/thumb/v7e-m+dp/hard\libc-musl.a(__int_vsprintf.o)
 .debug_line    0x00009323      0x179 c:/program files/microchip/xc32/v4.10/bin/bin/../../lib/gcc/pic32c/8.3.1/../../../../pic32c/lib/thumb/v7e-m+dp/hard\libc-musl.a(__pop_float.o)
 .debug_line    0x0000949c      0x20f c:/program files/microchip/xc32/v4.10/bin/bin/../../lib/gcc/pic32c/8.3.1/../../../../pic32c/lib/thumb/v7e-m+dp/hard\libc-musl.a(__pop_int.o)
 .debug_line    0x000096ab      0x1f4 c:/program files/microchip/xc32/v4.10/bin/bin/../../lib/gcc/pic32c/8.3.1/../../../../pic32c/lib/thumb/v7e-m+dp/hard\libc-musl.a(__pop_ptr.o)
 .debug_line    0x0000989f      0x1cf c:/program files/microchip/xc32/v4.10/bin/bin/../../lib/gcc/pic32c/8.3.1/../../../../pic32c/lib/thumb/v7e-m+dp/hard\libc-musl.a(__int_vsnprintf.o)
 .debug_line    0x00009a6e      0x17c c:/program files/microchip/xc32/v4.10/bin/bin/../../lib/gcc/pic32c/8.3.1/../../../../pic32c/lib/thumb/v7e-m+dp/hard\libc-musl.a(__int_vfprintf.o)
 .debug_line    0x00009bea       0x9e c:/program files/microchip/xc32/v4.10/bin/bin/../../lib/gcc/pic32c/8.3.1/thumb/v7e-m+dp/hard\libgcc.a(_aeabi_uldivmod.o)
 .debug_line    0x00009c88      0x36d c:/program files/microchip/xc32/v4.10/bin/bin/../../lib/gcc/pic32c/8.3.1/thumb/v7e-m+dp/hard\libgcc.a(_udivmoddi4.o)
 .debug_line    0x00009ff5       0x9e c:/program files/microchip/xc32/v4.10/bin/bin/../../lib/gcc/pic32c/8.3.1/thumb/v7e-m+dp/hard\libgcc.a(_dvmd_tls.o)

.debug_str      0x00000000      0xf6b
 .debug_str     0x00000000        0x0 build/sam_v71_xult/production/_ext/1157990217/plib_clk.o
 .debug_str     0x00000000       0x14 build/sam_v71_xult/production/_ext/1157988489/plib_efc.o
 .debug_str     0x00000014       0xb4 build/sam_v71_xult/production/_ext/1537669298/plib_mcan1.o
 .debug_str     0x000000c8        0x0 build/sam_v71_xult/production/_ext/1157980473/plib_mpu.o
 .debug_str     0x000000c8       0x28 build/sam_v71_xult/production/_ext/1537621011/plib_nvic.o
 .debug_str     0x000000f0       0x46 build/sam_v71_xult/production/_ext/1157977813/plib_pio.o
 .debug_str     0x00000136       0xb1 build/sam_v71_xult/production/_ext/415242918/plib_usart1.o
 .debug_str     0x000001e7       0x7d build/sam_v71_xult/production/_ext/1320227943/initialization.o
 .debug_str     0x00000264        0x0 build/sam_v71_xult/production/_ext/1320227943/interrupts.o
 .debug_str     0x00000264        0x0 build/sam_v71_xult/production/_ext/1320227943/exceptions.o
 .debug_str     0x00000264       0x3e build/sam_v71_xult/production/_ext/1320227943/startup_xc32.o
 .debug_str     0x000002a2       0x25 build/sam_v71_xult/production/_ext/1320227943/freertos_hooks.o
 .debug_str     0x000002c7       0x36 build/sam_v71_xult/production/_ext/1320227943/tasks.o
 .debug_str     0x000002fd       0x26 build/sam_v71_xult/production/_ext/977623654/port.o
 .debug_str     0x00000323       0x3c build/sam_v71_xult/production/_ext/1665200909/heap_1.o
 .debug_str     0x0000035f       0x2b build/sam_v71_xult/production/_ext/404212886/list.o
 .debug_str     0x0000038a      0x2ad build/sam_v71_xult/production/_ext/404212886/queue.o
 .debug_str     0x00000637      0x275 build/sam_v71_xult/production/_ext/404212886/FreeRTOS_tasks.o
 .debug_str     0x000008ac      0x179 build/sam_v71_xult/production/_ext/36495711/CANopen.o
 .debug_str     0x00000a25       0x25 build/sam_v71_xult/production/_ext/1160501076/epos4.o
 .debug_str     0x00000a4a      0x112 build/sam_v71_xult/production/_ext/1563530619/mcan_fd_interrupt.o
 .debug_str     0x00000b5c       0xae build/sam_v71_xult/production/_ext/1522961716/Uart1_FreeRTOS.o
 .debug_str     0x00000c0a       0x19 build/sam_v71_xult/production/_ext/1360937237/main_v71.o
 .debug_str     0x00000c23       0xbf build/sam_v71_xult/production/_ext/1360937237/tarea_principal.o
 .debug_str     0x00000ce2        0x0 c:/program files/microchip/xc32/v4.10/bin/bin/../../lib/gcc/pic32c/8.3.1/../../../../pic32c/lib/thumb/v7e-m+dp/hard\libpic32c.a(data_init.o)
 .debug_str     0x00000ce2        0x0 c:/program files/microchip/xc32/v4.10/bin/bin/../../lib/gcc/pic32c/8.3.1/../../../../pic32c/lib/thumb/v7e-m+dp/hard\libc-musl.a(__libc_start_main.o)
 .debug_str     0x00000ce2        0x0 c:/program files/microchip/xc32/v4.10/bin/bin/../../lib/gcc/pic32c/8.3.1/../../../../pic32c/lib/thumb/v7e-m+dp/hard\libc-musl.a(libc.o)
 .debug_str     0x00000ce2       0x56 c:/program files/microchip/xc32/v4.10/bin/bin/../../lib/gcc/pic32c/8.3.1/../../../../pic32c/lib/thumb/v7e-m+dp/hard\libc-musl.a(__sio_sprintf_doux.o)
 .debug_str     0x00000d38        0x0 c:/program files/microchip/xc32/v4.10/bin/bin/../../lib/gcc/pic32c/8.3.1/../../../../pic32c/lib/thumb/v7e-m+dp/hard\libc-musl.a(__fmt_d.o)
 .debug_str     0x00000d38        0x0 c:/program files/microchip/xc32/v4.10/bin/bin/../../lib/gcc/pic32c/8.3.1/../../../../pic32c/lib/thumb/v7e-m+dp/hard\libc-musl.a(__fmt_o.o)
 .debug_str     0x00000d38        0x0 c:/program files/microchip/xc32/v4.10/bin/bin/../../lib/gcc/pic32c/8.3.1/../../../../pic32c/lib/thumb/v7e-m+dp/hard\libc-musl.a(__fmt_s.o)
 .debug_str     0x00000d38        0x6 c:/program files/microchip/xc32/v4.10/bin/bin/../../lib/gcc/pic32c/8.3.1/../../../../pic32c/lib/thumb/v7e-m+dp/hard\libc-musl.a(__fmt_u.o)
 .debug_str     0x00000d3e        0x0 c:/program files/microchip/xc32/v4.10/bin/bin/../../lib/gcc/pic32c/8.3.1/../../../../pic32c/lib/thumb/v7e-m+dp/hard\libc-musl.a(__fmt_x.o)
 .debug_str     0x00000d3e       0x20 c:/program files/microchip/xc32/v4.10/bin/bin/../../lib/gcc/pic32c/8.3.1/../../../../pic32c/lib/thumb/v7e-m+dp/hard\libc-musl.a(__printf_core.o)
 .debug_str     0x00000d5e        0x0 c:/program files/microchip/xc32/v4.10/bin/bin/../../lib/gcc/pic32c/8.3.1/../../../../pic32c/lib/thumb/v7e-m+dp/hard\libc-musl.a(atoi.o)
 .debug_str     0x00000d5e        0x0 c:/program files/microchip/xc32/v4.10/bin/bin/../../lib/gcc/pic32c/8.3.1/../../../../pic32c/lib/thumb/v7e-m+dp/hard\libc-musl.a(memcpy.o)
 .debug_str     0x00000d5e        0x0 c:/program files/microchip/xc32/v4.10/bin/bin/../../lib/gcc/pic32c/8.3.1/../../../../pic32c/lib/thumb/v7e-m+dp/hard\libc-musl.a(memset.o)
 .debug_str     0x00000d5e        0x0 c:/program files/microchip/xc32/v4.10/bin/bin/../../lib/gcc/pic32c/8.3.1/../../../../pic32c/lib/thumb/v7e-m+dp/hard\libc-musl.a(strlen.o)
 .debug_str     0x00000d5e        0x0 c:/program files/microchip/xc32/v4.10/bin/bin/../../lib/gcc/pic32c/8.3.1/../../../../pic32c/lib/thumb/v7e-m+dp/hard\libc-musl.a(tolower.o)
 .debug_str     0x00000d5e        0x0 c:/program files/microchip/xc32/v4.10/bin/bin/../../lib/gcc/pic32c/8.3.1/../../../../pic32c/lib/thumb/v7e-m+dp/hard\libc-musl.a(toupper.o)
 .debug_str     0x00000d5e        0x0 c:/program files/microchip/xc32/v4.10/bin/bin/../../lib/gcc/pic32c/8.3.1/../../../../pic32c/lib/thumb/v7e-m+dp/hard\libc-musl.a(__environ.o)
 .debug_str     0x00000d5e        0x0 c:/program files/microchip/xc32/v4.10/bin/bin/../../lib/gcc/pic32c/8.3.1/../../../../pic32c/lib/thumb/v7e-m+dp/hard\libc-musl.a(__errno_location.o)
 .debug_str     0x00000d5e        0xc c:/program files/microchip/xc32/v4.10/bin/bin/../../lib/gcc/pic32c/8.3.1/../../../../pic32c/lib/thumb/v7e-m+dp/hard\libc-musl.a(__int_vsprintf.o)
 .debug_str     0x00000d6a        0x0 c:/program files/microchip/xc32/v4.10/bin/bin/../../lib/gcc/pic32c/8.3.1/../../../../pic32c/lib/thumb/v7e-m+dp/hard\libc-musl.a(__pop_float.o)
 .debug_str     0x00000d6a        0x0 c:/program files/microchip/xc32/v4.10/bin/bin/../../lib/gcc/pic32c/8.3.1/../../../../pic32c/lib/thumb/v7e-m+dp/hard\libc-musl.a(__pop_int.o)
 .debug_str     0x00000d6a        0x0 c:/program files/microchip/xc32/v4.10/bin/bin/../../lib/gcc/pic32c/8.3.1/../../../../pic32c/lib/thumb/v7e-m+dp/hard\libc-musl.a(__pop_ptr.o)
 .debug_str     0x00000d6a        0xb c:/program files/microchip/xc32/v4.10/bin/bin/../../lib/gcc/pic32c/8.3.1/../../../../pic32c/lib/thumb/v7e-m+dp/hard\libc-musl.a(__int_vsnprintf.o)
 .debug_str     0x00000d75        0xe c:/program files/microchip/xc32/v4.10/bin/bin/../../lib/gcc/pic32c/8.3.1/../../../../pic32c/lib/thumb/v7e-m+dp/hard\libc-musl.a(__int_vfprintf.o)
 .debug_str     0x00000d83       0xf2 c:/program files/microchip/xc32/v4.10/bin/bin/../../lib/gcc/pic32c/8.3.1/thumb/v7e-m+dp/hard\libgcc.a(_aeabi_uldivmod.o)
 .debug_str     0x00000e75        0x0 c:/program files/microchip/xc32/v4.10/bin/bin/../../lib/gcc/pic32c/8.3.1/thumb/v7e-m+dp/hard\libgcc.a(_udivmoddi4.o)
 .debug_str     0x00000e75       0xf6 c:/program files/microchip/xc32/v4.10/bin/bin/../../lib/gcc/pic32c/8.3.1/thumb/v7e-m+dp/hard\libgcc.a(_dvmd_tls.o)

.debug_frame    0x00000000     0x194c
 .debug_frame   0x00000000       0x20 build/sam_v71_xult/production/_ext/1157990217/plib_clk.o
 .debug_frame   0x00000020       0xec build/sam_v71_xult/production/_ext/1157988489/plib_efc.o
 .debug_frame   0x0000010c      0x1ec build/sam_v71_xult/production/_ext/1537669298/plib_mcan1.o
 .debug_frame   0x000002f8       0x20 build/sam_v71_xult/production/_ext/1157980473/plib_mpu.o
 .debug_frame   0x00000318       0x50 build/sam_v71_xult/production/_ext/1537621011/plib_nvic.o
 .debug_frame   0x00000368       0xa0 build/sam_v71_xult/production/_ext/1157977813/plib_pio.o
 .debug_frame   0x00000408      0x1c0 build/sam_v71_xult/production/_ext/415242918/plib_usart1.o
 .debug_frame   0x000005c8       0x28 build/sam_v71_xult/production/_ext/1320227943/initialization.o
 .debug_frame   0x000005f0       0x20 build/sam_v71_xult/production/_ext/1320227943/interrupts.o
 .debug_frame   0x00000610       0x70 build/sam_v71_xult/production/_ext/1320227943/exceptions.o
 .debug_frame   0x00000680       0x38 build/sam_v71_xult/production/_ext/1320227943/startup_xc32.o
 .debug_frame   0x000006b8       0x6c build/sam_v71_xult/production/_ext/1320227943/freertos_hooks.o
 .debug_frame   0x00000724       0x44 build/sam_v71_xult/production/_ext/1320227943/tasks.o
 .debug_frame   0x00000768       0xe8 build/sam_v71_xult/production/_ext/977623654/port.o
 .debug_frame   0x00000850       0x5c build/sam_v71_xult/production/_ext/1665200909/heap_1.o
 .debug_frame   0x000008ac       0x6c build/sam_v71_xult/production/_ext/404212886/list.o
 .debug_frame   0x00000918      0x2e0 build/sam_v71_xult/production/_ext/404212886/queue.o
 .debug_frame   0x00000bf8      0x46c build/sam_v71_xult/production/_ext/404212886/FreeRTOS_tasks.o
 .debug_frame   0x00001064      0x114 build/sam_v71_xult/production/_ext/36495711/CANopen.o
 .debug_frame   0x00001178       0x48 build/sam_v71_xult/production/_ext/1160501076/epos4.o
 .debug_frame   0x000011c0      0x120 build/sam_v71_xult/production/_ext/1563530619/mcan_fd_interrupt.o
 .debug_frame   0x000012e0       0x90 build/sam_v71_xult/production/_ext/1522961716/Uart1_FreeRTOS.o
 .debug_frame   0x00001370       0x28 build/sam_v71_xult/production/_ext/1360937237/main_v71.o
 .debug_frame   0x00001398       0x88 build/sam_v71_xult/production/_ext/1360937237/tarea_principal.o
 .debug_frame   0x00001420       0x38 c:/program files/microchip/xc32/v4.10/bin/bin/../../lib/gcc/pic32c/8.3.1/../../../../pic32c/lib/thumb/v7e-m+dp/hard\libpic32c.a(data_init.o)
 .debug_frame   0x00001458       0x3c c:/program files/microchip/xc32/v4.10/bin/bin/../../lib/gcc/pic32c/8.3.1/../../../../pic32c/lib/thumb/v7e-m+dp/hard\libc-musl.a(__libc_start_main.o)
 .debug_frame   0x00001494       0x58 c:/program files/microchip/xc32/v4.10/bin/bin/../../lib/gcc/pic32c/8.3.1/../../../../pic32c/lib/thumb/v7e-m+dp/hard\libc-musl.a(__sio_sprintf_doux.o)
 .debug_frame   0x000014ec       0x3c c:/program files/microchip/xc32/v4.10/bin/bin/../../lib/gcc/pic32c/8.3.1/../../../../pic32c/lib/thumb/v7e-m+dp/hard\libc-musl.a(__fmt_d.o)
 .debug_frame   0x00001528       0x34 c:/program files/microchip/xc32/v4.10/bin/bin/../../lib/gcc/pic32c/8.3.1/../../../../pic32c/lib/thumb/v7e-m+dp/hard\libc-musl.a(__fmt_o.o)
 .debug_frame   0x0000155c       0x34 c:/program files/microchip/xc32/v4.10/bin/bin/../../lib/gcc/pic32c/8.3.1/../../../../pic32c/lib/thumb/v7e-m+dp/hard\libc-musl.a(__fmt_s.o)
 .debug_frame   0x00001590       0x5c c:/program files/microchip/xc32/v4.10/bin/bin/../../lib/gcc/pic32c/8.3.1/../../../../pic32c/lib/thumb/v7e-m+dp/hard\libc-musl.a(__fmt_u.o)
 .debug_frame   0x000015ec       0x40 c:/program files/microchip/xc32/v4.10/bin/bin/../../lib/gcc/pic32c/8.3.1/../../../../pic32c/lib/thumb/v7e-m+dp/hard\libc-musl.a(__fmt_x.o)
 .debug_frame   0x0000162c       0xd8 c:/program files/microchip/xc32/v4.10/bin/bin/../../lib/gcc/pic32c/8.3.1/../../../../pic32c/lib/thumb/v7e-m+dp/hard\libc-musl.a(__printf_core.o)
 .debug_frame   0x00001704       0x28 c:/program files/microchip/xc32/v4.10/bin/bin/../../lib/gcc/pic32c/8.3.1/../../../../pic32c/lib/thumb/v7e-m+dp/hard\libc-musl.a(atoi.o)
 .debug_frame   0x0000172c       0x28 c:/program files/microchip/xc32/v4.10/bin/bin/../../lib/gcc/pic32c/8.3.1/../../../../pic32c/lib/thumb/v7e-m+dp/hard\libc-musl.a(memcpy.o)
 .debug_frame   0x00001754       0x20 c:/program files/microchip/xc32/v4.10/bin/bin/../../lib/gcc/pic32c/8.3.1/../../../../pic32c/lib/thumb/v7e-m+dp/hard\libc-musl.a(memset.o)
 .debug_frame   0x00001774       0x20 c:/program files/microchip/xc32/v4.10/bin/bin/../../lib/gcc/pic32c/8.3.1/../../../../pic32c/lib/thumb/v7e-m+dp/hard\libc-musl.a(strlen.o)
 .debug_frame   0x00001794       0x30 c:/program files/microchip/xc32/v4.10/bin/bin/../../lib/gcc/pic32c/8.3.1/../../../../pic32c/lib/thumb/v7e-m+dp/hard\libc-musl.a(tolower.o)
 .debug_frame   0x000017c4       0x30 c:/program files/microchip/xc32/v4.10/bin/bin/../../lib/gcc/pic32c/8.3.1/../../../../pic32c/lib/thumb/v7e-m+dp/hard\libc-musl.a(toupper.o)
 .debug_frame   0x000017f4       0x20 c:/program files/microchip/xc32/v4.10/bin/bin/../../lib/gcc/pic32c/8.3.1/../../../../pic32c/lib/thumb/v7e-m+dp/hard\libc-musl.a(__int_vsprintf.o)
 .debug_frame   0x00001814       0x20 c:/program files/microchip/xc32/v4.10/bin/bin/../../lib/gcc/pic32c/8.3.1/../../../../pic32c/lib/thumb/v7e-m+dp/hard\libc-musl.a(__pop_float.o)
 .debug_frame   0x00001834       0x2c c:/program files/microchip/xc32/v4.10/bin/bin/../../lib/gcc/pic32c/8.3.1/../../../../pic32c/lib/thumb/v7e-m+dp/hard\libc-musl.a(__pop_int.o)
 .debug_frame   0x00001860       0x28 c:/program files/microchip/xc32/v4.10/bin/bin/../../lib/gcc/pic32c/8.3.1/../../../../pic32c/lib/thumb/v7e-m+dp/hard\libc-musl.a(__pop_ptr.o)
 .debug_frame   0x00001888       0x34 c:/program files/microchip/xc32/v4.10/bin/bin/../../lib/gcc/pic32c/8.3.1/../../../../pic32c/lib/thumb/v7e-m+dp/hard\libc-musl.a(__int_vsnprintf.o)
 .debug_frame   0x000018bc       0x2c c:/program files/microchip/xc32/v4.10/bin/bin/../../lib/gcc/pic32c/8.3.1/../../../../pic32c/lib/thumb/v7e-m+dp/hard\libc-musl.a(__int_vfprintf.o)
 .debug_frame   0x000018e8       0x2c c:/program files/microchip/xc32/v4.10/bin/bin/../../lib/gcc/pic32c/8.3.1/thumb/v7e-m+dp/hard\libgcc.a(_aeabi_uldivmod.o)
 .debug_frame   0x00001914       0x38 c:/program files/microchip/xc32/v4.10/bin/bin/../../lib/gcc/pic32c/8.3.1/thumb/v7e-m+dp/hard\libgcc.a(_udivmoddi4.o)

.debug_loc      0x00000000     0x9a97
 .debug_loc     0x00000000      0x51b build/sam_v71_xult/production/_ext/1157988489/plib_efc.o
 .debug_loc     0x0000051b      0xaea build/sam_v71_xult/production/_ext/1537669298/plib_mcan1.o
 .debug_loc     0x00001005      0x126 build/sam_v71_xult/production/_ext/1537621011/plib_nvic.o
 .debug_loc     0x0000112b       0x94 build/sam_v71_xult/production/_ext/1157977813/plib_pio.o
 .debug_loc     0x000011bf      0xa87 build/sam_v71_xult/production/_ext/415242918/plib_usart1.o
 .debug_loc     0x00001c46       0x45 build/sam_v71_xult/production/_ext/1320227943/initialization.o
 .debug_loc     0x00001c8b       0xa7 build/sam_v71_xult/production/_ext/1320227943/startup_xc32.o
 .debug_loc     0x00001d32       0x82 build/sam_v71_xult/production/_ext/1320227943/freertos_hooks.o
 .debug_loc     0x00001db4       0x7d build/sam_v71_xult/production/_ext/1320227943/tasks.o
 .debug_loc     0x00001e31      0x13a build/sam_v71_xult/production/_ext/977623654/port.o
 .debug_loc     0x00001f6b       0x80 build/sam_v71_xult/production/_ext/1665200909/heap_1.o
 .debug_loc     0x00001feb       0xbf build/sam_v71_xult/production/_ext/404212886/list.o
 .debug_loc     0x000020aa     0x193f build/sam_v71_xult/production/_ext/404212886/queue.o
 .debug_loc     0x000039e9     0x211d build/sam_v71_xult/production/_ext/404212886/FreeRTOS_tasks.o
 .debug_loc     0x00005b06      0xa1d build/sam_v71_xult/production/_ext/36495711/CANopen.o
 .debug_loc     0x00006523      0x14b build/sam_v71_xult/production/_ext/1160501076/epos4.o
 .debug_loc     0x0000666e      0x6e0 build/sam_v71_xult/production/_ext/1563530619/mcan_fd_interrupt.o
 .debug_loc     0x00006d4e      0x219 build/sam_v71_xult/production/_ext/1522961716/Uart1_FreeRTOS.o
 .debug_loc     0x00006f67       0x20 build/sam_v71_xult/production/_ext/1360937237/main_v71.o
 .debug_loc     0x00006f87      0x163 build/sam_v71_xult/production/_ext/1360937237/tarea_principal.o
 .debug_loc     0x000070ea       0x14 c:/program files/microchip/xc32/v4.10/bin/bin/../../lib/gcc/pic32c/8.3.1/../../../../pic32c/lib/thumb/v7e-m+dp/hard\libpic32c.a(data_init.o)
 .debug_loc     0x000070fe       0x51 c:/program files/microchip/xc32/v4.10/bin/bin/../../lib/gcc/pic32c/8.3.1/../../../../pic32c/lib/thumb/v7e-m+dp/hard\libc-musl.a(__libc_start_main.o)
 .debug_loc     0x0000714f       0xb6 c:/program files/microchip/xc32/v4.10/bin/bin/../../lib/gcc/pic32c/8.3.1/../../../../pic32c/lib/thumb/v7e-m+dp/hard\libc-musl.a(__sio_sprintf_doux.o)
 .debug_loc     0x00007205      0x1ef c:/program files/microchip/xc32/v4.10/bin/bin/../../lib/gcc/pic32c/8.3.1/../../../../pic32c/lib/thumb/v7e-m+dp/hard\libc-musl.a(__fmt_d.o)
 .debug_loc     0x000073f4      0x10a c:/program files/microchip/xc32/v4.10/bin/bin/../../lib/gcc/pic32c/8.3.1/../../../../pic32c/lib/thumb/v7e-m+dp/hard\libc-musl.a(__fmt_o.o)
 .debug_loc     0x000074fe      0x157 c:/program files/microchip/xc32/v4.10/bin/bin/../../lib/gcc/pic32c/8.3.1/../../../../pic32c/lib/thumb/v7e-m+dp/hard\libc-musl.a(__fmt_s.o)
 .debug_loc     0x00007655      0x2a2 c:/program files/microchip/xc32/v4.10/bin/bin/../../lib/gcc/pic32c/8.3.1/../../../../pic32c/lib/thumb/v7e-m+dp/hard\libc-musl.a(__fmt_u.o)
 .debug_loc     0x000078f7      0x2a8 c:/program files/microchip/xc32/v4.10/bin/bin/../../lib/gcc/pic32c/8.3.1/../../../../pic32c/lib/thumb/v7e-m+dp/hard\libc-musl.a(__fmt_x.o)
 .debug_loc     0x00007b9f      0x638 c:/program files/microchip/xc32/v4.10/bin/bin/../../lib/gcc/pic32c/8.3.1/../../../../pic32c/lib/thumb/v7e-m+dp/hard\libc-musl.a(__printf_core.o)
 .debug_loc     0x000081d7       0xd8 c:/program files/microchip/xc32/v4.10/bin/bin/../../lib/gcc/pic32c/8.3.1/../../../../pic32c/lib/thumb/v7e-m+dp/hard\libc-musl.a(atoi.o)
 .debug_loc     0x000082af       0xba c:/program files/microchip/xc32/v4.10/bin/bin/../../lib/gcc/pic32c/8.3.1/../../../../pic32c/lib/thumb/v7e-m+dp/hard\libc-musl.a(memcpy.o)
 .debug_loc     0x00008369       0x56 c:/program files/microchip/xc32/v4.10/bin/bin/../../lib/gcc/pic32c/8.3.1/../../../../pic32c/lib/thumb/v7e-m+dp/hard\libc-musl.a(memset.o)
 .debug_loc     0x000083bf       0x47 c:/program files/microchip/xc32/v4.10/bin/bin/../../lib/gcc/pic32c/8.3.1/../../../../pic32c/lib/thumb/v7e-m+dp/hard\libc-musl.a(strlen.o)
 .debug_loc     0x00008406       0x4a c:/program files/microchip/xc32/v4.10/bin/bin/../../lib/gcc/pic32c/8.3.1/../../../../pic32c/lib/thumb/v7e-m+dp/hard\libc-musl.a(tolower.o)
 .debug_loc     0x00008450       0x4a c:/program files/microchip/xc32/v4.10/bin/bin/../../lib/gcc/pic32c/8.3.1/../../../../pic32c/lib/thumb/v7e-m+dp/hard\libc-musl.a(toupper.o)
 .debug_loc     0x0000849a       0x6c c:/program files/microchip/xc32/v4.10/bin/bin/../../lib/gcc/pic32c/8.3.1/../../../../pic32c/lib/thumb/v7e-m+dp/hard\libc-musl.a(__int_vsprintf.o)
 .debug_loc     0x00008506       0xa6 c:/program files/microchip/xc32/v4.10/bin/bin/../../lib/gcc/pic32c/8.3.1/../../../../pic32c/lib/thumb/v7e-m+dp/hard\libc-musl.a(__pop_float.o)
 .debug_loc     0x000085ac      0x312 c:/program files/microchip/xc32/v4.10/bin/bin/../../lib/gcc/pic32c/8.3.1/../../../../pic32c/lib/thumb/v7e-m+dp/hard\libc-musl.a(__pop_int.o)
 .debug_loc     0x000088be      0x1db c:/program files/microchip/xc32/v4.10/bin/bin/../../lib/gcc/pic32c/8.3.1/../../../../pic32c/lib/thumb/v7e-m+dp/hard\libc-musl.a(__pop_ptr.o)
 .debug_loc     0x00008a99       0xfd c:/program files/microchip/xc32/v4.10/bin/bin/../../lib/gcc/pic32c/8.3.1/../../../../pic32c/lib/thumb/v7e-m+dp/hard\libc-musl.a(__int_vsnprintf.o)
 .debug_loc     0x00008b96       0x88 c:/program files/microchip/xc32/v4.10/bin/bin/../../lib/gcc/pic32c/8.3.1/../../../../pic32c/lib/thumb/v7e-m+dp/hard\libc-musl.a(__int_vfprintf.o)
 .debug_loc     0x00008c1e      0xe79 c:/program files/microchip/xc32/v4.10/bin/bin/../../lib/gcc/pic32c/8.3.1/thumb/v7e-m+dp/hard\libgcc.a(_udivmoddi4.o)

.note.GNU-stack
                0x00000000        0x0
 .note.GNU-stack
                0x00000000        0x0 c:/program files/microchip/xc32/v4.10/bin/bin/../../lib/gcc/pic32c/8.3.1/../../../../pic32c/lib/thumb/v7e-m+dp/hard\libc-musl.a(__libc_start_main.o)
 .note.GNU-stack
                0x00000000        0x0 c:/program files/microchip/xc32/v4.10/bin/bin/../../lib/gcc/pic32c/8.3.1/../../../../pic32c/lib/thumb/v7e-m+dp/hard\libc-musl.a(libc.o)
 .note.GNU-stack
                0x00000000        0x0 c:/program files/microchip/xc32/v4.10/bin/bin/../../lib/gcc/pic32c/8.3.1/../../../../pic32c/lib/thumb/v7e-m+dp/hard\libc-musl.a(__sio_sprintf_doux.o)
 .note.GNU-stack
                0x00000000        0x0 c:/program files/microchip/xc32/v4.10/bin/bin/../../lib/gcc/pic32c/8.3.1/../../../../pic32c/lib/thumb/v7e-m+dp/hard\libc-musl.a(__fmt_d.o)
 .note.GNU-stack
                0x00000000        0x0 c:/program files/microchip/xc32/v4.10/bin/bin/../../lib/gcc/pic32c/8.3.1/../../../../pic32c/lib/thumb/v7e-m+dp/hard\libc-musl.a(__fmt_o.o)
 .note.GNU-stack
                0x00000000        0x0 c:/program files/microchip/xc32/v4.10/bin/bin/../../lib/gcc/pic32c/8.3.1/../../../../pic32c/lib/thumb/v7e-m+dp/hard\libc-musl.a(__fmt_s.o)
 .note.GNU-stack
                0x00000000        0x0 c:/program files/microchip/xc32/v4.10/bin/bin/../../lib/gcc/pic32c/8.3.1/../../../../pic32c/lib/thumb/v7e-m+dp/hard\libc-musl.a(__fmt_u.o)
 .note.GNU-stack
                0x00000000        0x0 c:/program files/microchip/xc32/v4.10/bin/bin/../../lib/gcc/pic32c/8.3.1/../../../../pic32c/lib/thumb/v7e-m+dp/hard\libc-musl.a(__fmt_x.o)
 .note.GNU-stack
                0x00000000        0x0 c:/program files/microchip/xc32/v4.10/bin/bin/../../lib/gcc/pic32c/8.3.1/../../../../pic32c/lib/thumb/v7e-m+dp/hard\libc-musl.a(__printf_core.o)
 .note.GNU-stack
                0x00000000        0x0 c:/program files/microchip/xc32/v4.10/bin/bin/../../lib/gcc/pic32c/8.3.1/../../../../pic32c/lib/thumb/v7e-m+dp/hard\libc-musl.a(atoi.o)
 .note.GNU-stack
                0x00000000        0x0 c:/program files/microchip/xc32/v4.10/bin/bin/../../lib/gcc/pic32c/8.3.1/../../../../pic32c/lib/thumb/v7e-m+dp/hard\libc-musl.a(memcpy.o)
 .note.GNU-stack
                0x00000000        0x0 c:/program files/microchip/xc32/v4.10/bin/bin/../../lib/gcc/pic32c/8.3.1/../../../../pic32c/lib/thumb/v7e-m+dp/hard\libc-musl.a(memset.o)
 .note.GNU-stack
                0x00000000        0x0 c:/program files/microchip/xc32/v4.10/bin/bin/../../lib/gcc/pic32c/8.3.1/../../../../pic32c/lib/thumb/v7e-m+dp/hard\libc-musl.a(strlen.o)
 .note.GNU-stack
                0x00000000        0x0 c:/program files/microchip/xc32/v4.10/bin/bin/../../lib/gcc/pic32c/8.3.1/../../../../pic32c/lib/thumb/v7e-m+dp/hard\libc-musl.a(tolower.o)
 .note.GNU-stack
                0x00000000        0x0 c:/program files/microchip/xc32/v4.10/bin/bin/../../lib/gcc/pic32c/8.3.1/../../../../pic32c/lib/thumb/v7e-m+dp/hard\libc-musl.a(toupper.o)
 .note.GNU-stack
                0x00000000        0x0 c:/program files/microchip/xc32/v4.10/bin/bin/../../lib/gcc/pic32c/8.3.1/../../../../pic32c/lib/thumb/v7e-m+dp/hard\libc-musl.a(__environ.o)
 .note.GNU-stack
                0x00000000        0x0 c:/program files/microchip/xc32/v4.10/bin/bin/../../lib/gcc/pic32c/8.3.1/../../../../pic32c/lib/thumb/v7e-m+dp/hard\libc-musl.a(__errno_location.o)
 .note.GNU-stack
                0x00000000        0x0 c:/program files/microchip/xc32/v4.10/bin/bin/../../lib/gcc/pic32c/8.3.1/../../../../pic32c/lib/thumb/v7e-m+dp/hard\libc-musl.a(__int_vsprintf.o)
 .note.GNU-stack
                0x00000000        0x0 c:/program files/microchip/xc32/v4.10/bin/bin/../../lib/gcc/pic32c/8.3.1/../../../../pic32c/lib/thumb/v7e-m+dp/hard\libc-musl.a(__pop_float.o)
 .note.GNU-stack
                0x00000000        0x0 c:/program files/microchip/xc32/v4.10/bin/bin/../../lib/gcc/pic32c/8.3.1/../../../../pic32c/lib/thumb/v7e-m+dp/hard\libc-musl.a(__pop_int.o)
 .note.GNU-stack
                0x00000000        0x0 c:/program files/microchip/xc32/v4.10/bin/bin/../../lib/gcc/pic32c/8.3.1/../../../../pic32c/lib/thumb/v7e-m+dp/hard\libc-musl.a(__pop_ptr.o)
 .note.GNU-stack
                0x00000000        0x0 c:/program files/microchip/xc32/v4.10/bin/bin/../../lib/gcc/pic32c/8.3.1/../../../../pic32c/lib/thumb/v7e-m+dp/hard\libc-musl.a(__int_vsnprintf.o)
 .note.GNU-stack
                0x00000000        0x0 c:/program files/microchip/xc32/v4.10/bin/bin/../../lib/gcc/pic32c/8.3.1/../../../../pic32c/lib/thumb/v7e-m+dp/hard\libc-musl.a(__int_vfprintf.o)

.stack          0x2040a220      0x100
 .stack         0x2040a220      0x100 stack

.bss.ucHeap%1   0x20400000     0xa000
 .bss.ucHeap    0x20400000     0xa000 build/sam_v71_xult/production/_ext/1665200909/heap_1.o

.bss.USART1_ReadBuffer%2
                0x2045f138       0x80
 .bss.USART1_ReadBuffer
                0x2045f138       0x80 build/sam_v71_xult/production/_ext/415242918/plib_usart1.o

.bss.USART1_WriteBuffer%3
                0x2045f1b8       0x80
 .bss.USART1_WriteBuffer
                0x2045f1b8       0x80 build/sam_v71_xult/production/_ext/415242918/plib_usart1.o

.bss.pxReadyTasksLists%4
                0x2045f238       0x64
 .bss.pxReadyTasksLists
                0x2045f238       0x64 build/sam_v71_xult/production/_ext/404212886/FreeRTOS_tasks.o

.bss%5          0x2045f29c       0x50
 .bss           0x2045f29c       0x50 c:/program files/microchip/xc32/v4.10/bin/bin/../../lib/gcc/pic32c/8.3.1/../../../../pic32c/lib/thumb/v7e-m+dp/hard\libc-musl.a(libc.o)
                0x2045f29c                __progname_full
                0x2045f29c                program_invocation_name
                0x2045f2a0                program_invocation_short_name
                0x2045f2a0                __progname
                0x2045f2a4                __sysinfo
                0x2045f2a8                __hwcap
                0x2045f2ac                __libc

.bss.rxBuffer%6
                0x2045f2ec       0x48
 .bss.rxBuffer  0x2045f2ec       0x48 build/sam_v71_xult/production/_ext/1563530619/mcan_fd_interrupt.o

.bss.rxFiFo0%7  0x2045f334       0x48
 .bss.rxFiFo0   0x2045f334       0x48 build/sam_v71_xult/production/_ext/1563530619/mcan_fd_interrupt.o

.bss.rxFiFo1%8  0x2045f37c       0x48
 .bss.rxFiFo1   0x2045f37c       0x48 build/sam_v71_xult/production/_ext/1563530619/mcan_fd_interrupt.o

.bss.txFiFo%9   0x2045f3c4       0x48
 .bss.txFiFo    0x2045f3c4       0x48 build/sam_v71_xult/production/_ext/1563530619/mcan_fd_interrupt.o

.bss.usart1Obj%10
                0x2045f40c       0x40
 .bss.usart1Obj
                0x2045f40c       0x40 build/sam_v71_xult/production/_ext/415242918/plib_usart1.o
                0x2045f40c                usart1Obj

.bss.rx_message%11
                0x2045f44c       0x80
 .bss.rx_message
                0x2045f44c       0x40 build/sam_v71_xult/production/_ext/36495711/CANopen.o
 .bss.rx_message
                0x2045f48c       0x40 build/sam_v71_xult/production/_ext/1563530619/mcan_fd_interrupt.o

.bss%13         0x2045f4cc       0x1c
 .bss           0x2045f4cc       0x1c c:/program files/microchip/xc32/v4.10/bin/bin/../../lib/gcc/pic32c/8.3.1/thumb/v7e-m+dp/hard/crtbegin.o

.bss.mcan1Obj%14
                0x2045f4e8       0x1c
 .bss.mcan1Obj  0x2045f4e8       0x1c build/sam_v71_xult/production/_ext/1537669298/plib_mcan1.o

.bss.xDelayedTaskList1%15
                0x2045f504       0x14
 .bss.xDelayedTaskList1
                0x2045f504       0x14 build/sam_v71_xult/production/_ext/404212886/FreeRTOS_tasks.o

.bss.xDelayedTaskList2%16
                0x2045f518       0x14
 .bss.xDelayedTaskList2
                0x2045f518       0x14 build/sam_v71_xult/production/_ext/404212886/FreeRTOS_tasks.o

.bss.xPendingReadyList%17
                0x2045f52c       0x14
 .bss.xPendingReadyList
                0x2045f52c       0x14 build/sam_v71_xult/production/_ext/404212886/FreeRTOS_tasks.o

.bss.xSuspendedTaskList%18
                0x2045f540       0x14
 .bss.xSuspendedTaskList
                0x2045f540       0x14 build/sam_v71_xult/production/_ext/404212886/FreeRTOS_tasks.o

.bss.xTasksWaitingTermination%19
                0x2045f554       0x14
 .bss.xTasksWaitingTermination
                0x2045f554       0x14 build/sam_v71_xult/production/_ext/404212886/FreeRTOS_tasks.o

.bss.mcan1RxFifoCallbackObj%20
                0x2045f568       0x10
 .bss.mcan1RxFifoCallbackObj
                0x2045f568       0x10 build/sam_v71_xult/production/_ext/1537669298/plib_mcan1.o

.bss.mcan1CallbackObj%21
                0x2045f578        0x8
 .bss.mcan1CallbackObj
                0x2045f578        0x8 build/sam_v71_xult/production/_ext/1537669298/plib_mcan1.o

.bss.mcan1RxBufferCallbackObj%22
                0x2045f580        0x8
 .bss.mcan1RxBufferCallbackObj
                0x2045f580        0x8 build/sam_v71_xult/production/_ext/1537669298/plib_mcan1.o

.bss.mcan1TxEventFifoCallbackObj%23
                0x2045f588        0x8
 .bss.mcan1TxEventFifoCallbackObj
                0x2045f588        0x8 build/sam_v71_xult/production/_ext/1537669298/plib_mcan1.o

.bss.mcan1TxFifoCallbackObj%24
                0x2045f590        0x8
 .bss.mcan1TxFifoCallbackObj
                0x2045f590        0x8 build/sam_v71_xult/production/_ext/1537669298/plib_mcan1.o

.bss.message.9256%25
                0x2045f598        0x8
 .bss.message.9256
                0x2045f598        0x8 build/sam_v71_xult/production/_ext/36495711/CANopen.o

.bss.cmd.7928%26
                0x2045f5a0        0x4
 .bss.cmd.7928  0x2045f5a0        0x4 build/sam_v71_xult/production/_ext/1320227943/startup_xc32.o

.bss.xTAREA_PRINCIPAL_Tasks%27
                0x2045f5a4        0x4
 .bss.xTAREA_PRINCIPAL_Tasks
                0x2045f5a4        0x4 build/sam_v71_xult/production/_ext/1320227943/tasks.o
                0x2045f5a4                xTAREA_PRINCIPAL_Tasks

.data.uxCriticalNesting%28
                0x2045f5a8        0x4
 .data.uxCriticalNesting
                0x2045f5a8        0x4 build/sam_v71_xult/production/_ext/977623654/port.o

.bss.pucAlignedHeap.6167%29
                0x2045f5ac        0x4
 .bss.pucAlignedHeap.6167
                0x2045f5ac        0x4 build/sam_v71_xult/production/_ext/1665200909/heap_1.o

.bss.xNextFreeByte%30
                0x2045f5b0        0x4
 .bss.xNextFreeByte
                0x2045f5b0        0x4 build/sam_v71_xult/production/_ext/1665200909/heap_1.o

.bss.pxCurrentTCB%31
                0x2045f5b4        0x4
 .bss.pxCurrentTCB
                0x2045f5b4        0x4 build/sam_v71_xult/production/_ext/404212886/FreeRTOS_tasks.o
                0x2045f5b4                pxCurrentTCB

.bss.pxDelayedTaskList%32
                0x2045f5b8        0x4
 .bss.pxDelayedTaskList
                0x2045f5b8        0x4 build/sam_v71_xult/production/_ext/404212886/FreeRTOS_tasks.o

.bss.pxOverflowDelayedTaskList%33
                0x2045f5bc        0x4
 .bss.pxOverflowDelayedTaskList
                0x2045f5bc        0x4 build/sam_v71_xult/production/_ext/404212886/FreeRTOS_tasks.o

.bss.uxCurrentNumberOfTasks%34
                0x2045f5c0        0x4
 .bss.uxCurrentNumberOfTasks
                0x2045f5c0        0x4 build/sam_v71_xult/production/_ext/404212886/FreeRTOS_tasks.o

.bss.uxDeletedTasksWaitingCleanUp%35
                0x2045f5c4        0x4
 .bss.uxDeletedTasksWaitingCleanUp
                0x2045f5c4        0x4 build/sam_v71_xult/production/_ext/404212886/FreeRTOS_tasks.o

.bss.uxSchedulerSuspended%36
                0x2045f5c8        0x4
 .bss.uxSchedulerSuspended
                0x2045f5c8        0x4 build/sam_v71_xult/production/_ext/404212886/FreeRTOS_tasks.o

.bss.uxTaskNumber%37
                0x2045f5cc        0x4
 .bss.uxTaskNumber
                0x2045f5cc        0x4 build/sam_v71_xult/production/_ext/404212886/FreeRTOS_tasks.o

.bss.uxTopReadyPriority%38
                0x2045f5d0        0x4
 .bss.uxTopReadyPriority
                0x2045f5d0        0x4 build/sam_v71_xult/production/_ext/404212886/FreeRTOS_tasks.o

.bss.xIdleTaskHandle%39
                0x2045f5d4        0x4
 .bss.xIdleTaskHandle
                0x2045f5d4        0x4 build/sam_v71_xult/production/_ext/404212886/FreeRTOS_tasks.o

.bss.xNextTaskUnblockTime%40
                0x2045f5d8        0x4
 .bss.xNextTaskUnblockTime
                0x2045f5d8        0x4 build/sam_v71_xult/production/_ext/404212886/FreeRTOS_tasks.o

.bss.xNumOfOverflows%41
                0x2045f5dc        0x4
 .bss.xNumOfOverflows
                0x2045f5dc        0x4 build/sam_v71_xult/production/_ext/404212886/FreeRTOS_tasks.o

.bss.xPendedTicks%42
                0x2045f5e0        0x4
 .bss.xPendedTicks
                0x2045f5e0        0x4 build/sam_v71_xult/production/_ext/404212886/FreeRTOS_tasks.o

.bss.xSchedulerRunning%43
                0x2045f5e4        0x4
 .bss.xSchedulerRunning
                0x2045f5e4        0x4 build/sam_v71_xult/production/_ext/404212886/FreeRTOS_tasks.o

.bss.xTickCount%44
                0x2045f5e8        0x4
 .bss.xTickCount
                0x2045f5e8        0x4 build/sam_v71_xult/production/_ext/404212886/FreeRTOS_tasks.o

.bss.xYieldPending%45
                0x2045f5ec        0x4
 .bss.xYieldPending
                0x2045f5ec        0x4 build/sam_v71_xult/production/_ext/404212886/FreeRTOS_tasks.o

.bss.canMutexLock%46
                0x2045f5f0        0x4
 .bss.canMutexLock
                0x2045f5f0        0x4 build/sam_v71_xult/production/_ext/36495711/CANopen.o
                0x2045f5f0                canMutexLock

.bss.rx_messageID%47
                0x2045f5f4        0x8
 .bss.rx_messageID
                0x2045f5f4        0x4 build/sam_v71_xult/production/_ext/36495711/CANopen.o
 .bss.rx_messageID
                0x2045f5f8        0x4 build/sam_v71_xult/production/_ext/1563530619/mcan_fd_interrupt.o

.bss.xferContext%49
                0x2045f5fc        0x4
 .bss.xferContext
                0x2045f5fc        0x4 build/sam_v71_xult/production/_ext/1563530619/mcan_fd_interrupt.o

.bss.Semaforo_uart%50
                0x2045f600        0x4
 .bss.Semaforo_uart
                0x2045f600        0x4 build/sam_v71_xult/production/_ext/1522961716/Uart1_FreeRTOS.o

.bss.xTAREA_Can1%51
                0x2045f604        0x4
 .bss.xTAREA_Can1
                0x2045f604        0x4 build/sam_v71_xult/production/_ext/1360937237/tarea_principal.o
                0x2045f604                xTAREA_Can1

.bss.xTAREA_Can2%52
                0x2045f608        0x4
 .bss.xTAREA_Can2
                0x2045f608        0x4 build/sam_v71_xult/production/_ext/1360937237/tarea_principal.o
                0x2045f608                xTAREA_Can2

.bss%53         0x2045f60c        0xc
 .bss           0x2045f60c        0x4 c:/program files/microchip/xc32/v4.10/bin/bin/../../lib/gcc/pic32c/8.3.1/../../../../pic32c/lib/thumb/v7e-m+dp/hard\libpic32c.a(data_init.o)
 .bss           0x2045f610        0x4 c:/program files/microchip/xc32/v4.10/bin/bin/../../lib/gcc/pic32c/8.3.1/../../../../pic32c/lib/thumb/v7e-m+dp/hard\libc-musl.a(__environ.o)
                0x2045f610                __environ
                0x2045f610                environ
                0x2045f610                ___environ
                0x2045f610                _environ
 .bss           0x2045f614        0x4 c:/program files/microchip/xc32/v4.10/bin/bin/../../lib/gcc/pic32c/8.3.1/../../../../pic32c/lib/thumb/v7e-m+dp/hard\libc-musl.a(__errno_location.o)
                0x2045f614                __errno_val

.bss.tarea_principalData%56
                0x2045f618        0x1