Archive member included to satisfy reference by file (symbol)

c:/program files/microchip/xc32/v4.00/bin/bin/../../lib/gcc/pic32c/8.3.1/../../../../pic32c/lib/thumb/v7e-m+dp/hard\libpic32c.a(data_init.o)
                              build/sam_v71_xult/production/_ext/1320227943/startup_xc32.o (__pic32c_data_initialization)
c:/program files/microchip/xc32/v4.00/bin/bin/../../lib/gcc/pic32c/8.3.1/../../../../pic32c/lib/thumb/v7e-m+dp/hard\libc-musl.a(__libc_start_main.o)
                              build/sam_v71_xult/production/_ext/1320227943/startup_xc32.o (__libc_init_array)
c:/program files/microchip/xc32/v4.00/bin/bin/../../lib/gcc/pic32c/8.3.1/../../../../pic32c/lib/thumb/v7e-m+dp/hard\libc-musl.a(libc.o)
                              c:/program files/microchip/xc32/v4.00/bin/bin/../../lib/gcc/pic32c/8.3.1/../../../../pic32c/lib/thumb/v7e-m+dp/hard\libc-musl.a(__libc_start_main.o) (__progname_full)
c:/program files/microchip/xc32/v4.00/bin/bin/../../lib/gcc/pic32c/8.3.1/../../../../pic32c/lib/thumb/v7e-m+dp/hard\libc-musl.a(memcpy.o)
                              build/sam_v71_xult/production/_ext/1157988489/plib_efc.o (memcpy)
c:/program files/microchip/xc32/v4.00/bin/bin/../../lib/gcc/pic32c/8.3.1/../../../../pic32c/lib/thumb/v7e-m+dp/hard\libc-musl.a(memset.o)
                              build/sam_v71_xult/production/_ext/404212886/FreeRTOS_tasks.o (memset)
c:/program files/microchip/xc32/v4.00/bin/bin/../../lib/gcc/pic32c/8.3.1/../../../../pic32c/lib/thumb/v7e-m+dp/hard\libc-musl.a(__environ.o)
                              c:/program files/microchip/xc32/v4.00/bin/bin/../../lib/gcc/pic32c/8.3.1/../../../../pic32c/lib/thumb/v7e-m+dp/hard\libc-musl.a(__libc_start_main.o) (__environ)

Microchip PIC32 Memory-Usage Report

ROM Program-Memory Usage
section                    address  length [bytes]      (dec)  Description
-------                 ----------  -------------------------  -----------
.vectors                  0x400000          0x168         360   
.text                     0x400168           0x20          32  App's exec code 
.dinit                    0x400188          0x230         560   
.text.xTaskCreate         0x4003b8          0x1e4         484   
.text.USART1_InterruptH   0x40059c          0x17c         380   
.text.Reset_Handler       0x400718          0x178         376   
.text.xQueueSemaphoreTa   0x400890          0x158         344   
.text.xQueueGenericSend   0x4009e8          0x128         296   
.text.xTaskIncrementTic   0x400b10          0x114         276   
.text.PIO_Initialize      0x400c24           0xf0         240   
.text.xTaskResumeAll      0x400d14           0xe4         228   
.text.TAREA_PRINCIPAL_T   0x400df8           0xb8         184   
.text.vTaskSwitchContex   0x400eb0           0xa8         168   
.text.xTaskPriorityInhe   0x400f58           0xa8         168   
.text.USART1_Write        0x401000           0xa4         164   
.text.prvAddCurrentTask   0x4010a4           0x94         148   
.text.__pic32c_data_ini   0x401138           0x88         136   
.text.vTaskPriorityDisi   0x4011c0           0x80         128   
.text.prvUnlockQueue      0x401240           0x7e         126   
.text.Dummy_Handler       0x4012be            0x2           2   
.text.xTaskPriorityDisi   0x4012c0           0x7c         124   
.text.xTaskRemoveFromEv   0x40133c           0x78         120   
.text.TAREA_UART_Tasks    0x4013b4           0x74         116   
.text.prvCopyDataToQueu   0x401428           0x72         114   
.text.NonMaskableInt_Ha   0x40149a            0x2           2   
.text.SYS_Tasks           0x40149c           0x70         112   
.text.xQueueGenericRese   0x40150c           0x70         112   
.text.prvIdleTask         0x40157c           0x70         112   
.text.USART1_Initialize   0x4015ec           0x6c         108   
.text.pvPortMalloc        0x401658           0x6c         108   
.text.vTaskStartSchedul   0x4016c4           0x68         104   
.text.CLOCK_Initialize    0x40172c           0x64         100   
.text.xPortPendSVHandle   0x401790           0x64         100   
.text.xQueueGiveFromISR   0x4017f4           0x64         100   
.text.xTaskCheckForTime   0x401858           0x5c          92   
.text.__libc_start_init   0x4018b4           0x5c          92   
.text._PIO_Interrupt_Ha   0x401910           0x58          88   
.text.USART1_Read         0x401968           0x58          88   
.text.xPortStartSchedul   0x4019c0           0x48          72   
.rodata                   0x401a08           0x44          68  Read-only const 
.text                     0x401a4c           0x40          64  App's exec code 
.text.NVIC_Initialize     0x401a8c           0x40          64   
.rodata                   0x401acc           0x3c          60  Read-only const 
.text.SYS_Initialize      0x401b08           0x38          56   
.text.vListInsert         0x401b40           0x34          52   
.text.vTaskDelay          0x401b74           0x34          52   
[...]
Memory Configuration

Name             Origin             Length             Attributes
rom              0x00400000         0x00200000         xrl
ram              0x20400000         0x00060000         xw !r
itcm             0x00000000         0x00000000         xw
dtcm             0x20000000         0x00000000         xw !r
config_D0000000  0xd0000000         0x00000004
config_D0000008  0xd0000008         0x00000004
config_D0000004  0xd0000004         0x00000004
config_D000000C  0xd000000c         0x00000004
config_D0000010  0xd0000010         0x00000004
*default*        0x00000000         0xffffffff

Linker script and memory map

LOAD c:/program files/microchip/xc32/v4.00/bin/bin/../../lib/gcc/pic32c/8.3.1/thumb/v7e-m+dp/hard/crti.o
LOAD c:/program files/microchip/xc32/v4.00/bin/bin/../../lib/gcc/pic32c/8.3.1/thumb/v7e-m+dp/hard/crtbegin.o
LOAD build/sam_v71_xult/production/_ext/1379310441/bsp.o
LOAD build/sam_v71_xult/production/_ext/191436215/osal_freertos.o
LOAD build/sam_v71_xult/production/_ext/1157990217/plib_clk.o
LOAD build/sam_v71_xult/production/_ext/1157988489/plib_efc.o
LOAD build/sam_v71_xult/production/_ext/1537621011/plib_nvic.o
LOAD build/sam_v71_xult/production/_ext/1157977813/plib_pio.o
LOAD build/sam_v71_xult/production/_ext/415242918/plib_usart1.o
LOAD build/sam_v71_xult/production/_ext/1643282145/xc32_monitor.o
LOAD build/sam_v71_xult/production/_ext/1871840330/sys_cache.o
LOAD build/sam_v71_xult/production/_ext/663512716/sys_int.o
LOAD build/sam_v71_xult/production/_ext/1320227943/initialization.o
LOAD build/sam_v71_xult/production/_ext/1320227943/interrupts.o
LOAD build/sam_v71_xult/production/_ext/1320227943/exceptions.o
LOAD build/sam_v71_xult/production/_ext/1320227943/startup_xc32.o
LOAD build/sam_v71_xult/production/_ext/1320227943/libc_syscalls.o
LOAD build/sam_v71_xult/production/_ext/1320227943/freertos_hooks.o
LOAD build/sam_v71_xult/production/_ext/1320227943/tasks.o
LOAD build/sam_v71_xult/production/_ext/977623654/port.o
LOAD build/sam_v71_xult/production/_ext/1665200909/heap_1.o
LOAD build/sam_v71_xult/production/_ext/404212886/croutine.o
LOAD build/sam_v71_xult/production/_ext/404212886/list.o
LOAD build/sam_v71_xult/production/_ext/404212886/queue.o
LOAD build/sam_v71_xult/production/_ext/404212886/FreeRTOS_tasks.o
LOAD build/sam_v71_xult/production/_ext/404212886/timers.o
LOAD build/sam_v71_xult/production/_ext/404212886/event_groups.o
LOAD build/sam_v71_xult/production/_ext/404212886/stream_buffer.o
LOAD build/sam_v71_xult/production/_ext/1360937237/main.o
LOAD build/sam_v71_xult/production/_ext/1360937237/tarea_uart.o
LOAD build/sam_v71_xult/production/_ext/1360937237/tarea_2.o
LOAD build/sam_v71_xult/production/_ext/1360937237/tarea_principal.o
                0x00000001                __MPLAB_BUILD = 0x1
                0x00600000                __rom_end = (ORIGIN (rom) + LENGTH (rom))
                0x20460000                __ram_end = (ORIGIN (ram) + LENGTH (ram))

.config_D0000000
 *(.config_D0000000)

.config_D0000008
 *(.config_D0000008)

.config_D0000004
 *(.config_D0000004)

.config_D000000C
 *(.config_D000000C)

.config_D0000010
 *(.config_D0000010)

.vectors        0x00400000      0x168
                0x00400000                . = ALIGN (0x4)
                0x00400000                _sfixed = .
 *(.vectors .vectors.* .vectors_default .vectors_default.*)
 .vectors.exception_table
                0x00400000      0x168 build/sam_v71_xult/production/_ext/1320227943/interrupts.o
                0x00400000                exception_table
 *(.isr_vector)
 *(.reset*)
 *(.after_vectors)

.text           0x00400168       0x20
                0x00400168                . = ALIGN (0x4)
 *(.glue_7t)
 .glue_7t       0x00400168        0x0 linker stubs
 *(.glue_7)
 .glue_7        0x00400168        0x0 linker stubs
 *(.gnu.linkonce.r.*)
 *(.ARM.extab* .gnu.linkonce.armextab.*)
                0x00400168                . = ALIGN (0x4)
 *(.init)
 .init          0x00400168        0x4 c:/program files/microchip/xc32/v4.00/bin/bin/../../lib/gcc/pic32c/8.3.1/thumb/v7e-m+dp/hard/crti.o
                0x00400168                _init
 .init          0x0040016c        0x8 c:/program files/microchip/xc32/v4.00/bin/bin/../../lib/gcc/pic32c/8.3.1/thumb/v7e-m+dp/hard/crtn.o
                0x00400174                . = ALIGN (0x4)
                0x00400174                __preinit_array_start = .
 *(.preinit_array)
                0x00400174                __preinit_array_end = .
                0x00400174                . = ALIGN (0x4)
                0x00400174                __init_array_start = .
 *(SORT_BY_NAME(.init_array.*))
 *(.init_array)
 .init_array    0x00400174        0x4 c:/program files/microchip/xc32/v4.00/bin/bin/../../lib/gcc/pic32c/8.3.1/thumb/v7e-m+dp/hard/crtbegin.o
                0x00400178                __init_array_end = .
                0x00400178                . = ALIGN (0x4)
 *crtbegin.o(.ctors)
 *(EXCLUDE_FILE(*crtend.o) .ctors)
 *(SORT_BY_NAME(.ctors.*))
 *crtend.o(.ctors)
                0x00400178                . = ALIGN (0x4)
 *(.fini)
 .fini          0x00400178        0x4 c:/program files/microchip/xc32/v4.00/bin/bin/../../lib/gcc/pic32c/8.3.1/thumb/v7e-m+dp/hard/crti.o
                0x00400178                _fini
 .fini          0x0040017c        0x8 c:/program files/microchip/xc32/v4.00/bin/bin/../../lib/gcc/pic32c/8.3.1/thumb/v7e-m+dp/hard/crtn.o
                0x00400184                . = ALIGN (0x4)
                0x00400184                __fini_array_start = .
 *(.fini_array)
 .fini_array    0x00400184        0x4 c:/program files/microchip/xc32/v4.00/bin/bin/../../lib/gcc/pic32c/8.3.1/thumb/v7e-m+dp/hard/crtbegin.o
 *(SORT_BY_NAME(.fini_array.*))
                0x00400188                __fini_array_end = .
 *crtbegin.o(.dtors)
 *(EXCLUDE_FILE(*crtend.o) .dtors)
 *(SORT_BY_NAME(.dtors.*))
 *crtend.o(.dtors)
                0x00400188                . = ALIGN (0x4)
                0x00400188                _efixed = .
                [!provide]                PROVIDE (__exidx_start = .)

.ARM.exidx
 *(.ARM.exidx* .gnu.linkonce.armexidx.*)
                [!provide]                PROVIDE (__exidx_end = .)
                0x00400188                . = ALIGN (0x4)
                0x00400188                _etext = .

.bss            0x20400000        0x0
                0x20400000                . = ALIGN (0x4)
                0x20400000                __bss_start__ = .
                0x20400000                _sbss = .
                0x20400000                _szero = .
 *(COMMON)
                0x20400000                . = ALIGN (0x4)
                0x20400000                __bss_end__ = .
                0x20400000                _ebss = .
                0x20400000                _ezero = .
                0x20400000                . = ALIGN (0x4)
                0x20400000                _end = .
                0x2045ffff                _ram_end_ = ((ORIGIN (ram) + LENGTH (ram)) - 0x1)
                0x00000200                _min_heap_size = 0x200
START GROUP
LOAD c:/program files/microchip/xc32/v4.00/bin/bin/../../lib/gcc/pic32c/8.3.1/../../../../pic32c/lib/thumb/v7e-m+dp/hard\libpic32c.a
LOAD c:/program files/microchip/xc32/v4.00/bin/bin/../../lib/gcc/pic32c/8.3.1/../../../../pic32c/lib/thumb/v7e-m+dp/hard\libm-emfloat.a
LOAD c:/program files/microchip/xc32/v4.00/bin/bin/../../lib/gcc/pic32c/8.3.1/../../../../pic32c/lib/thumb/v7e-m+dp/hard\libc-musl.a
LOAD c:/program files/microchip/xc32/v4.00/bin/bin/../../lib/gcc/pic32c/8.3.1/../../../../pic32c/lib/thumb/v7e-m+dp/hard\libm-emfloat.a
LOAD c:/program files/microchip/xc32/v4.00/bin/bin/../../lib/gcc/pic32c/8.3.1/thumb/v7e-m+dp/hard\libgcc.a
END GROUP
LOAD c:/program files/microchip/xc32/v4.00/bin/bin/../../lib/gcc/pic32c/8.3.1/thumb/v7e-m+dp/hard/crtend.o
LOAD c:/program files/microchip/xc32/v4.00/bin/bin/../../lib/gcc/pic32c/8.3.1/thumb/v7e-m+dp/hard/crtn.o
OUTPUT(dist/sam_v71_xult/production/sam_v71_xult.X.production.elf elf32-littlearm)
LOAD stack
LOAD data_init

.ARM.attributes
                0x00000000       0x32
 .ARM.attributes
                0x00000000       0x1e c:/program files/microchip/xc32/v4.00/bin/bin/../../lib/gcc/pic32c/8.3.1/thumb/v7e-m+dp/hard/crti.o
 .ARM.attributes
                0x0000001e       0x32 c:/program files/microchip/xc32/v4.00/bin/bin/../../lib/gcc/pic32c/8.3.1/thumb/v7e-m+dp/hard/crtbegin.o
 .ARM.attributes
                0x00000050       0x32 build/sam_v71_xult/production/_ext/1379310441/bsp.o
 .ARM.attributes
                0x00000082       0x32 build/sam_v71_xult/production/_ext/1157990217/plib_clk.o
 .ARM.attributes
                0x000000b4       0x32 build/sam_v71_xult/production/_ext/1157988489/plib_efc.o
 .ARM.attributes
                0x000000e6       0x32 build/sam_v71_xult/production/_ext/1537621011/plib_nvic.o
 .ARM.attributes
                0x00000118       0x32 build/sam_v71_xult/production/_ext/1157977813/plib_pio.o
 .ARM.attributes
                0x0000014a       0x32 build/sam_v71_xult/production/_ext/415242918/plib_usart1.o
 .ARM.attributes
                0x0000017c       0x32 build/sam_v71_xult/production/_ext/1320227943/initialization.o
 .ARM.attributes
                0x000001ae       0x32 build/sam_v71_xult/production/_ext/1320227943/interrupts.o
 .ARM.attributes
                0x000001e0       0x32 build/sam_v71_xult/production/_ext/1320227943/exceptions.o
 .ARM.attributes
                0x00000212       0x32 build/sam_v71_xult/production/_ext/1320227943/startup_xc32.o
 .ARM.attributes
                0x00000244       0x32 build/sam_v71_xult/production/_ext/1320227943/freertos_hooks.o
 .ARM.attributes
                0x00000276       0x32 build/sam_v71_xult/production/_ext/1320227943/tasks.o
 .ARM.attributes
                0x000002a8       0x32 build/sam_v71_xult/production/_ext/977623654/port.o
 .ARM.attributes
                0x000002da       0x32 build/sam_v71_xult/production/_ext/1665200909/heap_1.o
 .ARM.attributes
                0x0000030c       0x32 build/sam_v71_xult/production/_ext/404212886/list.o
 .ARM.attributes
                0x0000033e       0x32 build/sam_v71_xult/production/_ext/404212886/queue.o
 .ARM.attributes
                0x00000370       0x32 build/sam_v71_xult/production/_ext/404212886/FreeRTOS_tasks.o
 .ARM.attributes
                0x000003a2       0x32 build/sam_v71_xult/production/_ext/1360937237/main.o
 .ARM.attributes
                0x000003d4       0x32 build/sam_v71_xult/production/_ext/1360937237/tarea_uart.o
 .ARM.attributes
                0x00000406       0x32 build/sam_v71_xult/production/_ext/1360937237/tarea_2.o
 .ARM.attributes
                0x00000438       0x32 build/sam_v71_xult/production/_ext/1360937237/tarea_principal.o
 .ARM.attributes
                0x0000046a       0x32 c:/program files/microchip/xc32/v4.00/bin/bin/../../lib/gcc/pic32c/8.3.1/../../../../pic32c/lib/thumb/v7e-m+dp/hard\libpic32c.a(data_init.o)
 .ARM.attributes
                0x0000049c       0x34 c:/program files/microchip/xc32/v4.00/bin/bin/../../lib/gcc/pic32c/8.3.1/../../../../pic32c/lib/thumb/v7e-m+dp/hard\libc-musl.a(__libc_start_main.o)
 .ARM.attributes
                0x000004d0       0x32 c:/program files/microchip/xc32/v4.00/bin/bin/../../lib/gcc/pic32c/8.3.1/../../../../pic32c/lib/thumb/v7e-m+dp/hard\libc-musl.a(libc.o)
 .ARM.attributes
                0x00000502       0x34 c:/program files/microchip/xc32/v4.00/bin/bin/../../lib/gcc/pic32c/8.3.1/../../../../pic32c/lib/thumb/v7e-m+dp/hard\libc-musl.a(memcpy.o)
 .ARM.attributes
                0x00000536       0x34 c:/program files/microchip/xc32/v4.00/bin/bin/../../lib/gcc/pic32c/8.3.1/../../../../pic32c/lib/thumb/v7e-m+dp/hard\libc-musl.a(memset.o)
 .ARM.attributes
                0x0000056a       0x32 c:/program files/microchip/xc32/v4.00/bin/bin/../../lib/gcc/pic32c/8.3.1/../../../../pic32c/lib/thumb/v7e-m+dp/hard\libc-musl.a(__environ.o)
 .ARM.attributes
                0x0000059c       0x1e c:/program files/microchip/xc32/v4.00/bin/bin/../../lib/gcc/pic32c/8.3.1/thumb/v7e-m+dp/hard/crtn.o

.comment        0x00000000       0x53
 .comment       0x00000000       0x53 c:/program files/microchip/xc32/v4.00/bin/bin/../../lib/gcc/pic32c/8.3.1/thumb/v7e-m+dp/hard/crtbegin.o
                                 0x54 (size before relaxing)
 .comment       0x00000053       0x54 build/sam_v71_xult/production/_ext/1379310441/bsp.o
 .comment       0x00000053       0x54 build/sam_v71_xult/production/_ext/1157990217/plib_clk.o
 .comment       0x00000053       0x54 build/sam_v71_xult/production/_ext/1157988489/plib_efc.o
 .comment       0x00000053       0x54 build/sam_v71_xult/production/_ext/1537621011/plib_nvic.o
 .comment       0x00000053       0x54 build/sam_v71_xult/production/_ext/1157977813/plib_pio.o
 .comment       0x00000053       0x54 build/sam_v71_xult/production/_ext/415242918/plib_usart1.o
 .comment       0x00000053       0x54 build/sam_v71_xult/production/_ext/1320227943/initialization.o
 .comment       0x00000053       0x54 build/sam_v71_xult/production/_ext/1320227943/interrupts.o
 .comment       0x00000053       0x54 build/sam_v71_xult/production/_ext/1320227943/exceptions.o
 .comment       0x00000053       0x54 build/sam_v71_xult/production/_ext/1320227943/startup_xc32.o
 .comment       0x00000053       0x54 build/sam_v71_xult/production/_ext/1320227943/freertos_hooks.o
 .comment       0x00000053       0x54 build/sam_v71_xult/production/_ext/1320227943/tasks.o
 .comment       0x00000053       0x54 build/sam_v71_xult/production/_ext/977623654/port.o
 .comment       0x00000053       0x54 build/sam_v71_xult/production/_ext/1665200909/heap_1.o
 .comment       0x00000053       0x54 build/sam_v71_xult/production/_ext/404212886/list.o
 .comment       0x00000053       0x54 build/sam_v71_xult/production/_ext/404212886/queue.o
 .comment       0x00000053       0x54 build/sam_v71_xult/production/_ext/404212886/FreeRTOS_tasks.o
 .comment       0x00000053       0x54 build/sam_v71_xult/production/_ext/1360937237/main.o
 .comment       0x00000053       0x54 build/sam_v71_xult/production/_ext/1360937237/tarea_uart.o
 .comment       0x00000053       0x54 build/sam_v71_xult/production/_ext/1360937237/tarea_2.o
 .comment       0x00000053       0x54 build/sam_v71_xult/production/_ext/1360937237/tarea_principal.o
 .comment       0x00000053       0x54 c:/program files/microchip/xc32/v4.00/bin/bin/../../lib/gcc/pic32c/8.3.1/../../../../pic32c/lib/thumb/v7e-m+dp/hard\libpic32c.a(data_init.o)
 .comment       0x00000053       0x54 c:/program files/microchip/xc32/v4.00/bin/bin/../../lib/gcc/pic32c/8.3.1/../../../../pic32c/lib/thumb/v7e-m+dp/hard\libc-musl.a(__libc_start_main.o)
 .comment       0x00000053       0x54 c:/program files/microchip/xc32/v4.00/bin/bin/../../lib/gcc/pic32c/8.3.1/../../../../pic32c/lib/thumb/v7e-m+dp/hard\libc-musl.a(libc.o)
 .comment       0x00000053       0x54 c:/program files/microchip/xc32/v4.00/bin/bin/../../lib/gcc/pic32c/8.3.1/../../../../pic32c/lib/thumb/v7e-m+dp/hard\libc-musl.a(memcpy.o)
 .comment       0x00000053       0x54 c:/program files/microchip/xc32/v4.00/bin/bin/../../lib/gcc/pic32c/8.3.1/../../../../pic32c/lib/thumb/v7e-m+dp/hard\libc-musl.a(memset.o)
 .comment       0x00000053       0x54 c:/program files/microchip/xc32/v4.00/bin/bin/../../lib/gcc/pic32c/8.3.1/../../../../pic32c/lib/thumb/v7e-m+dp/hard\libc-musl.a(__environ.o)

.debug_info     0x00000000    0x12baa
 .debug_info    0x00000000      0xa66 build/sam_v71_xult/production/_ext/1379310441/bsp.o
 .debug_info    0x00000a66      0x869 build/sam_v71_xult/production/_ext/1157990217/plib_clk.o
 .debug_info    0x000012cf      0x929 build/sam_v71_xult/production/_ext/1157988489/plib_efc.o
 .debug_info    0x00001bf8     0x11fd build/sam_v71_xult/production/_ext/1537621011/plib_nvic.o
 .debug_info    0x00002df5     0x190b build/sam_v71_xult/production/_ext/1157977813/plib_pio.o
 .debug_info    0x00004700     0x1841 build/sam_v71_xult/production/_ext/415242918/plib_usart1.o
 .debug_info    0x00005f41      0x55a build/sam_v71_xult/production/_ext/1320227943/initialization.o
 .debug_info    0x0000649b      0xe68 build/sam_v71_xult/production/_ext/1320227943/interrupts.o
 .debug_info    0x00007303      0x462 build/sam_v71_xult/production/_ext/1320227943/exceptions.o
 .debug_info    0x00007765      0xdf1 build/sam_v71_xult/production/_ext/1320227943/startup_xc32.o
 .debug_info    0x00008556      0x51c build/sam_v71_xult/production/_ext/1320227943/freertos_hooks.o
 .debug_info    0x00008a72      0x626 build/sam_v71_xult/production/_ext/1320227943/tasks.o
 .debug_info    0x00009098      0x76c build/sam_v71_xult/production/_ext/977623654/port.o
 .debug_info    0x00009804      0x4f2 build/sam_v71_xult/production/_ext/1665200909/heap_1.o
 .debug_info    0x00009cf6      0x61f build/sam_v71_xult/production/_ext/404212886/list.o
 .debug_info    0x0000a315     0x2131 build/sam_v71_xult/production/_ext/404212886/queue.o
 .debug_info    0x0000c446     0x2e58 build/sam_v71_xult/production/_ext/404212886/FreeRTOS_tasks.o
 .debug_info    0x0000f29e      0x3b4 build/sam_v71_xult/production/_ext/1360937237/main.o
 .debug_info    0x0000f652      0x7fb build/sam_v71_xult/production/_ext/1360937237/tarea_uart.o
 .debug_info    0x0000fe4d      0x475 build/sam_v71_xult/production/_ext/1360937237/tarea_2.o
 .debug_info    0x000102c2      0xdc7 build/sam_v71_xult/production/_ext/1360937237/tarea_principal.o
 .debug_info    0x00011089      0x2e1 c:/program files/microchip/xc32/v4.00/bin/bin/../../lib/gcc/pic32c/8.3.1/../../../../pic32c/lib/thumb/v7e-m+dp/hard\libpic32c.a(data_init.o)
 .debug_info    0x0001136a      0x6b9 c:/program files/microchip/xc32/v4.00/bin/bin/../../lib/gcc/pic32c/8.3.1/../../../../pic32c/lib/thumb/v7e-m+dp/hard\libc-musl.a(__libc_start_main.o)
 .debug_info    0x00011a23      0x5e5 c:/program files/microchip/xc32/v4.00/bin/bin/../../lib/gcc/pic32c/8.3.1/../../../../pic32c/lib/thumb/v7e-m+dp/hard\libc-musl.a(libc.o)
 .debug_info    0x00012008      0x324 c:/program files/microchip/xc32/v4.00/bin/bin/../../lib/gcc/pic32c/8.3.1/../../../../pic32c/lib/thumb/v7e-m+dp/hard\libc-musl.a(memcpy.o)
 .debug_info    0x0001232c      0x2e2 c:/program files/microchip/xc32/v4.00/bin/bin/../../lib/gcc/pic32c/8.3.1/../../../../pic32c/lib/thumb/v7e-m+dp/hard\libc-musl.a(memset.o)
 .debug_info    0x0001260e      0x59c c:/program files/microchip/xc32/v4.00/bin/bin/../../lib/gcc/pic32c/8.3.1/../../../../pic32c/lib/thumb/v7e-m+dp/hard\libc-musl.a(__environ.o)

.debug_abbrev   0x00000000     0x2a58
 .debug_abbrev  0x00000000       0xd1 build/sam_v71_xult/production/_ext/1379310441/bsp.o
 .debug_abbrev  0x000000d1       0xd5 build/sam_v71_xult/production/_ext/1157990217/plib_clk.o
 .debug_abbrev  0x000001a6      0x21a build/sam_v71_xult/production/_ext/1157988489/plib_efc.o
 .debug_abbrev  0x000003c0      0x1f7 build/sam_v71_xult/production/_ext/1537621011/plib_nvic.o
 .debug_abbrev  0x000005b7      0x298 build/sam_v71_xult/production/_ext/1157977813/plib_pio.o
 .debug_abbrev  0x0000084f      0x47a build/sam_v71_xult/production/_ext/415242918/plib_usart1.o
 .debug_abbrev  0x00000cc9       0xfb build/sam_v71_xult/production/_ext/1320227943/initialization.o
 .debug_abbrev  0x00000dc4       0xd8 build/sam_v71_xult/production/_ext/1320227943/interrupts.o
 .debug_abbrev  0x00000e9c       0xa2 build/sam_v71_xult/production/_ext/1320227943/exceptions.o
 .debug_abbrev  0x00000f3e      0x24f build/sam_v71_xult/production/_ext/1320227943/startup_xc32.o
 .debug_abbrev  0x0000118d      0x14e build/sam_v71_xult/production/_ext/1320227943/freertos_hooks.o
 .debug_abbrev  0x000012db      0x12b build/sam_v71_xult/production/_ext/1320227943/tasks.o
 .debug_abbrev  0x00001406      0x23e build/sam_v71_xult/production/_ext/977623654/port.o
 .debug_abbrev  0x00001644      0x16c build/sam_v71_xult/production/_ext/1665200909/heap_1.o
 .debug_abbrev  0x000017b0      0x15e build/sam_v71_xult/production/_ext/404212886/list.o
 .debug_abbrev  0x0000190e      0x399 build/sam_v71_xult/production/_ext/404212886/queue.o
 .debug_abbrev  0x00001ca7      0x466 build/sam_v71_xult/production/_ext/404212886/FreeRTOS_tasks.o
 .debug_abbrev  0x0000210d       0xdb build/sam_v71_xult/production/_ext/1360937237/main.o
 .debug_abbrev  0x000021e8      0x1a3 build/sam_v71_xult/production/_ext/1360937237/tarea_uart.o
 .debug_abbrev  0x0000238b      0x127 build/sam_v71_xult/production/_ext/1360937237/tarea_2.o
 .debug_abbrev  0x000024b2      0x191 build/sam_v71_xult/production/_ext/1360937237/tarea_principal.o
 .debug_abbrev  0x00002643       0x2e c:/program files/microchip/xc32/v4.00/bin/bin/../../lib/gcc/pic32c/8.3.1/../../../../pic32c/lib/thumb/v7e-m+dp/hard\libpic32c.a(data_init.o)
 .debug_abbrev  0x00002671      0x126 c:/program files/microchip/xc32/v4.00/bin/bin/../../lib/gcc/pic32c/8.3.1/../../../../pic32c/lib/thumb/v7e-m+dp/hard\libc-musl.a(__libc_start_main.o)
 .debug_abbrev  0x00002797       0xc7 c:/program files/microchip/xc32/v4.00/bin/bin/../../lib/gcc/pic32c/8.3.1/../../../../pic32c/lib/thumb/v7e-m+dp/hard\libc-musl.a(libc.o)
 .debug_abbrev  0x0000285e       0x9c c:/program files/microchip/xc32/v4.00/bin/bin/../../lib/gcc/pic32c/8.3.1/../../../../pic32c/lib/thumb/v7e-m+dp/hard\libc-musl.a(memcpy.o)
 .debug_abbrev  0x000028fa       0x97 c:/program files/microchip/xc32/v4.00/bin/bin/../../lib/gcc/pic32c/8.3.1/../../../../pic32c/lib/thumb/v7e-m+dp/hard\libc-musl.a(memset.o)
 .debug_abbrev  0x00002991       0xc7 c:/program files/microchip/xc32/v4.00/bin/bin/../../lib/gcc/pic32c/8.3.1/../../../../pic32c/lib/thumb/v7e-m+dp/hard\libc-musl.a(__environ.o)

.debug_aranges  0x00000000      0x7d0
 .debug_aranges
                0x00000000       0x20 build/sam_v71_xult/production/_ext/1379310441/bsp.o
 .debug_aranges
                0x00000020       0x20 build/sam_v71_xult/production/_ext/1157990217/plib_clk.o
 .debug_aranges
                0x00000040       0x70 build/sam_v71_xult/production/_ext/1157988489/plib_efc.o
 .debug_aranges
                0x000000b0       0x38 build/sam_v71_xult/production/_ext/1537621011/plib_nvic.o
 .debug_aranges
                0x000000e8       0x88 build/sam_v71_xult/production/_ext/1157977813/plib_pio.o
 .debug_aranges
                0x00000170       0xb0 build/sam_v71_xult/production/_ext/415242918/plib_usart1.o
 .debug_aranges
                0x00000220       0x20 build/sam_v71_xult/production/_ext/1320227943/initialization.o
 .debug_aranges
                0x00000240       0x20 build/sam_v71_xult/production/_ext/1320227943/interrupts.o
 .debug_aranges
                0x00000260       0x48 build/sam_v71_xult/production/_ext/1320227943/exceptions.o
 .debug_aranges
                0x000002a8       0x28 build/sam_v71_xult/production/_ext/1320227943/startup_xc32.o
 .debug_aranges
                0x000002d0       0x40 build/sam_v71_xult/production/_ext/1320227943/freertos_hooks.o
 .debug_aranges
                0x00000310       0x38 build/sam_v71_xult/production/_ext/1320227943/tasks.o
 .debug_aranges
                0x00000348       0x78 build/sam_v71_xult/production/_ext/977623654/port.o
 .debug_aranges
                0x000003c0       0x38 build/sam_v71_xult/production/_ext/1665200909/heap_1.o
 .debug_aranges
                0x000003f8       0x40 build/sam_v71_xult/production/_ext/404212886/list.o
 .debug_aranges
                0x00000438       0xc8 build/sam_v71_xult/production/_ext/404212886/queue.o
 .debug_aranges
                0x00000500      0x178 build/sam_v71_xult/production/_ext/404212886/FreeRTOS_tasks.o
 .debug_aranges
                0x00000678       0x20 build/sam_v71_xult/production/_ext/1360937237/main.o
 .debug_aranges
                0x00000698       0x30 build/sam_v71_xult/production/_ext/1360937237/tarea_uart.o
 .debug_aranges
                0x000006c8       0x28 build/sam_v71_xult/production/_ext/1360937237/tarea_2.o
 .debug_aranges
                0x000006f0       0x28 build/sam_v71_xult/production/_ext/1360937237/tarea_principal.o
 .debug_aranges
                0x00000718       0x20 c:/program files/microchip/xc32/v4.00/bin/bin/../../lib/gcc/pic32c/8.3.1/../../../../pic32c/lib/thumb/v7e-m+dp/hard\libpic32c.a(data_init.o)
 .debug_aranges
                0x00000738       0x28 c:/program files/microchip/xc32/v4.00/bin/bin/../../lib/gcc/pic32c/8.3.1/../../../../pic32c/lib/thumb/v7e-m+dp/hard\libc-musl.a(__libc_start_main.o)
 .debug_aranges
                0x00000760       0x18 c:/program files/microchip/xc32/v4.00/bin/bin/../../lib/gcc/pic32c/8.3.1/../../../../pic32c/lib/thumb/v7e-m+dp/hard\libc-musl.a(libc.o)
 .debug_aranges
                0x00000778       0x20 c:/program files/microchip/xc32/v4.00/bin/bin/../../lib/gcc/pic32c/8.3.1/../../../../pic32c/lib/thumb/v7e-m+dp/hard\libc-musl.a(memcpy.o)
 .debug_aranges
                0x00000798       0x20 c:/program files/microchip/xc32/v4.00/bin/bin/../../lib/gcc/pic32c/8.3.1/../../../../pic32c/lib/thumb/v7e-m+dp/hard\libc-musl.a(memset.o)
 .debug_aranges
                0x000007b8       0x18 c:/program files/microchip/xc32/v4.00/bin/bin/../../lib/gcc/pic32c/8.3.1/../../../../pic32c/lib/thumb/v7e-m+dp/hard\libc-musl.a(__environ.o)

.debug_ranges   0x00000000      0x940
 .debug_ranges  0x00000000       0x10 build/sam_v71_xult/production/_ext/1379310441/bsp.o
 .debug_ranges  0x00000010       0x10 build/sam_v71_xult/production/_ext/1157990217/plib_clk.o
 .debug_ranges  0x00000020       0x90 build/sam_v71_xult/production/_ext/1157988489/plib_efc.o
 .debug_ranges  0x000000b0       0x28 build/sam_v71_xult/production/_ext/1537621011/plib_nvic.o
 .debug_ranges  0x000000d8       0x78 build/sam_v71_xult/production/_ext/1157977813/plib_pio.o
 .debug_ranges  0x00000150      0x148 build/sam_v71_xult/production/_ext/415242918/plib_usart1.o
 .debug_ranges  0x00000298       0x10 build/sam_v71_xult/production/_ext/1320227943/initialization.o
 .debug_ranges  0x000002a8       0x10 build/sam_v71_xult/production/_ext/1320227943/interrupts.o
 .debug_ranges  0x000002b8       0x38 build/sam_v71_xult/production/_ext/1320227943/exceptions.o
 .debug_ranges  0x000002f0       0x48 build/sam_v71_xult/production/_ext/1320227943/startup_xc32.o
 .debug_ranges  0x00000338       0x30 build/sam_v71_xult/production/_ext/1320227943/freertos_hooks.o
 .debug_ranges  0x00000368       0x28 build/sam_v71_xult/production/_ext/1320227943/tasks.o
 .debug_ranges  0x00000390       0x68 build/sam_v71_xult/production/_ext/977623654/port.o
 .debug_ranges  0x000003f8       0x28 build/sam_v71_xult/production/_ext/1665200909/heap_1.o
 .debug_ranges  0x00000420       0x30 build/sam_v71_xult/production/_ext/404212886/list.o
 .debug_ranges  0x00000450      0x180 build/sam_v71_xult/production/_ext/404212886/queue.o
 .debug_ranges  0x000005d0      0x288 build/sam_v71_xult/production/_ext/404212886/FreeRTOS_tasks.o
 .debug_ranges  0x00000858       0x10 build/sam_v71_xult/production/_ext/1360937237/main.o
 .debug_ranges  0x00000868       0x20 build/sam_v71_xult/production/_ext/1360937237/tarea_uart.o
 .debug_ranges  0x00000888       0x18 build/sam_v71_xult/production/_ext/1360937237/tarea_2.o
 .debug_ranges  0x000008a0       0x30 build/sam_v71_xult/production/_ext/1360937237/tarea_principal.o
 .debug_ranges  0x000008d0       0x10 c:/program files/microchip/xc32/v4.00/bin/bin/../../lib/gcc/pic32c/8.3.1/../../../../pic32c/lib/thumb/v7e-m+dp/hard\libpic32c.a(data_init.o)
 .debug_ranges  0x000008e0       0x40 c:/program files/microchip/xc32/v4.00/bin/bin/../../lib/gcc/pic32c/8.3.1/../../../../pic32c/lib/thumb/v7e-m+dp/hard\libc-musl.a(__libc_start_main.o)
 .debug_ranges  0x00000920       0x10 c:/program files/microchip/xc32/v4.00/bin/bin/../../lib/gcc/pic32c/8.3.1/../../../../pic32c/lib/thumb/v7e-m+dp/hard\libc-musl.a(memcpy.o)
 .debug_ranges  0x00000930       0x10 c:/program files/microchip/xc32/v4.00/bin/bin/../../lib/gcc/pic32c/8.3.1/../../../../pic32c/lib/thumb/v7e-m+dp/hard\libc-musl.a(memset.o)

.debug_line     0x00000000     0x649a
 .debug_line    0x00000000      0x157 build/sam_v71_xult/production/_ext/1379310441/bsp.o
 .debug_line    0x00000157      0x1b6 build/sam_v71_xult/production/_ext/1157990217/plib_clk.o
 .debug_line    0x0000030d      0x3e0 build/sam_v71_xult/production/_ext/1157988489/plib_efc.o
 .debug_line    0x000006ed      0x317 build/sam_v71_xult/production/_ext/1537621011/plib_nvic.o
 .debug_line    0x00000a04      0x504 build/sam_v71_xult/production/_ext/1157977813/plib_pio.o
 .debug_line    0x00000f08      0x9a9 build/sam_v71_xult/production/_ext/415242918/plib_usart1.o
 .debug_line    0x000018b1      0x308 build/sam_v71_xult/production/_ext/1320227943/initialization.o
 .debug_line    0x00001bb9      0x138 build/sam_v71_xult/production/_ext/1320227943/interrupts.o
 .debug_line    0x00001cf1      0x191 build/sam_v71_xult/production/_ext/1320227943/exceptions.o
 .debug_line    0x00001e82      0x46e build/sam_v71_xult/production/_ext/1320227943/startup_xc32.o
 .debug_line    0x000022f0      0x1e3 build/sam_v71_xult/production/_ext/1320227943/freertos_hooks.o
 .debug_line    0x000024d3      0x1fb build/sam_v71_xult/production/_ext/1320227943/tasks.o
 .debug_line    0x000026ce      0x35f build/sam_v71_xult/production/_ext/977623654/port.o
 .debug_line    0x00002a2d      0x1dd build/sam_v71_xult/production/_ext/1665200909/heap_1.o
 .debug_line    0x00002c0a      0x2d4 build/sam_v71_xult/production/_ext/404212886/list.o
 .debug_line    0x00002ede      0xe88 build/sam_v71_xult/production/_ext/404212886/queue.o
 .debug_line    0x00003d66     0x1752 build/sam_v71_xult/production/_ext/404212886/FreeRTOS_tasks.o
 .debug_line    0x000054b8      0x138 build/sam_v71_xult/production/_ext/1360937237/main.o
 .debug_line    0x000055f0      0x29b build/sam_v71_xult/production/_ext/1360937237/tarea_uart.o
 .debug_line    0x0000588b      0x14e build/sam_v71_xult/production/_ext/1360937237/tarea_2.o
 .debug_line    0x000059d9      0x2b8 build/sam_v71_xult/production/_ext/1360937237/tarea_principal.o
 .debug_line    0x00005c91      0x110 c:/program files/microchip/xc32/v4.00/bin/bin/../../lib/gcc/pic32c/8.3.1/../../../../pic32c/lib/thumb/v7e-m+dp/hard\libpic32c.a(data_init.o)
 .debug_line    0x00005da1      0x24c c:/program files/microchip/xc32/v4.00/bin/bin/../../lib/gcc/pic32c/8.3.1/../../../../pic32c/lib/thumb/v7e-m+dp/hard\libc-musl.a(__libc_start_main.o)
 .debug_line    0x00005fed      0x132 c:/program files/microchip/xc32/v4.00/bin/bin/../../lib/gcc/pic32c/8.3.1/../../../../pic32c/lib/thumb/v7e-m+dp/hard\libc-musl.a(libc.o)
 .debug_line    0x0000611f       0xf2 c:/program files/microchip/xc32/v4.00/bin/bin/../../lib/gcc/pic32c/8.3.1/../../../../pic32c/lib/thumb/v7e-m+dp/hard\libc-musl.a(memcpy.o)
 .debug_line    0x00006211       0xea c:/program files/microchip/xc32/v4.00/bin/bin/../../lib/gcc/pic32c/8.3.1/../../../../pic32c/lib/thumb/v7e-m+dp/hard\libc-musl.a(memset.o)
 .debug_line    0x000062fb      0x19f c:/program files/microchip/xc32/v4.00/bin/bin/../../lib/gcc/pic32c/8.3.1/../../../../pic32c/lib/thumb/v7e-m+dp/hard\libc-musl.a(__environ.o)

.debug_str      0x00000000      0x96c
 .debug_str     0x00000000        0x0 build/sam_v71_xult/production/_ext/1379310441/bsp.o
 .debug_str     0x00000000        0x0 build/sam_v71_xult/production/_ext/1157990217/plib_clk.o
 .debug_str     0x00000000       0x14 build/sam_v71_xult/production/_ext/1157988489/plib_efc.o
 .debug_str     0x00000014       0x28 build/sam_v71_xult/production/_ext/1537621011/plib_nvic.o
 .debug_str     0x0000003c       0x59 build/sam_v71_xult/production/_ext/1157977813/plib_pio.o
 .debug_str     0x00000095       0xb1 build/sam_v71_xult/production/_ext/415242918/plib_usart1.o
 .debug_str     0x00000146       0xa4 build/sam_v71_xult/production/_ext/1320227943/initialization.o
 .debug_str     0x000001ea        0x0 build/sam_v71_xult/production/_ext/1320227943/interrupts.o
 .debug_str     0x000001ea        0x0 build/sam_v71_xult/production/_ext/1320227943/exceptions.o
 .debug_str     0x000001ea       0x2f build/sam_v71_xult/production/_ext/1320227943/startup_xc32.o
 .debug_str     0x00000219       0x25 build/sam_v71_xult/production/_ext/1320227943/freertos_hooks.o
 .debug_str     0x0000023e       0x62 build/sam_v71_xult/production/_ext/1320227943/tasks.o
 .debug_str     0x000002a0       0x26 build/sam_v71_xult/production/_ext/977623654/port.o
 .debug_str     0x000002c6       0x3c build/sam_v71_xult/production/_ext/1665200909/heap_1.o
 .debug_str     0x00000302       0x2b build/sam_v71_xult/production/_ext/404212886/list.o
 .debug_str     0x0000032d      0x27f build/sam_v71_xult/production/_ext/404212886/queue.o
 .debug_str     0x000005ac      0x275 build/sam_v71_xult/production/_ext/404212886/FreeRTOS_tasks.o
 .debug_str     0x00000821       0x19 build/sam_v71_xult/production/_ext/1360937237/main.o
 .debug_str     0x0000083a       0xbd build/sam_v71_xult/production/_ext/1360937237/tarea_uart.o
 .debug_str     0x000008f7        0x0 build/sam_v71_xult/production/_ext/1360937237/tarea_2.o
 .debug_str     0x000008f7       0x75 build/sam_v71_xult/production/_ext/1360937237/tarea_principal.o
 .debug_str     0x0000096c        0x0 c:/program files/microchip/xc32/v4.00/bin/bin/../../lib/gcc/pic32c/8.3.1/../../../../pic32c/lib/thumb/v7e-m+dp/hard\libpic32c.a(data_init.o)
 .debug_str     0x0000096c        0x0 c:/program files/microchip/xc32/v4.00/bin/bin/../../lib/gcc/pic32c/8.3.1/../../../../pic32c/lib/thumb/v7e-m+dp/hard\libc-musl.a(__libc_start_main.o)
 .debug_str     0x0000096c        0x0 c:/program files/microchip/xc32/v4.00/bin/bin/../../lib/gcc/pic32c/8.3.1/../../../../pic32c/lib/thumb/v7e-m+dp/hard\libc-musl.a(libc.o)
 .debug_str     0x0000096c        0x0 c:/program files/microchip/xc32/v4.00/bin/bin/../../lib/gcc/pic32c/8.3.1/../../../../pic32c/lib/thumb/v7e-m+dp/hard\libc-musl.a(memcpy.o)
 .debug_str     0x0000096c        0x0 c:/program files/microchip/xc32/v4.00/bin/bin/../../lib/gcc/pic32c/8.3.1/../../../../pic32c/lib/thumb/v7e-m+dp/hard\libc-musl.a(memset.o)
 .debug_str     0x0000096c        0x0 c:/program files/microchip/xc32/v4.00/bin/bin/../../lib/gcc/pic32c/8.3.1/../../../../pic32c/lib/thumb/v7e-m+dp/hard\libc-musl.a(__environ.o)

.debug_frame    0x00000000     0x105c
 .debug_frame   0x00000000       0x20 build/sam_v71_xult/production/_ext/1379310441/bsp.o
 .debug_frame   0x00000020       0x20 build/sam_v71_xult/production/_ext/1157990217/plib_clk.o
 .debug_frame   0x00000040       0xec build/sam_v71_xult/production/_ext/1157988489/plib_efc.o
 .debug_frame   0x0000012c       0x50 build/sam_v71_xult/production/_ext/1537621011/plib_nvic.o
 .debug_frame   0x0000017c      0x11c build/sam_v71_xult/production/_ext/1157977813/plib_pio.o
 .debug_frame   0x00000298      0x19c build/sam_v71_xult/production/_ext/415242918/plib_usart1.o
 .debug_frame   0x00000434       0x28 build/sam_v71_xult/production/_ext/1320227943/initialization.o
 .debug_frame   0x0000045c       0x20 build/sam_v71_xult/production/_ext/1320227943/interrupts.o
 .debug_frame   0x0000047c       0x70 build/sam_v71_xult/production/_ext/1320227943/exceptions.o
 .debug_frame   0x000004ec       0x38 build/sam_v71_xult/production/_ext/1320227943/startup_xc32.o
 .debug_frame   0x00000524       0x6c build/sam_v71_xult/production/_ext/1320227943/freertos_hooks.o
 .debug_frame   0x00000590       0x78 build/sam_v71_xult/production/_ext/1320227943/tasks.o
 .debug_frame   0x00000608       0xe8 build/sam_v71_xult/production/_ext/977623654/port.o
 .debug_frame   0x000006f0       0x5c build/sam_v71_xult/production/_ext/1665200909/heap_1.o
 .debug_frame   0x0000074c       0x6c build/sam_v71_xult/production/_ext/404212886/list.o
 .debug_frame   0x000007b8      0x280 build/sam_v71_xult/production/_ext/404212886/queue.o
 .debug_frame   0x00000a38      0x46c build/sam_v71_xult/production/_ext/404212886/FreeRTOS_tasks.o
 .debug_frame   0x00000ea4       0x28 build/sam_v71_xult/production/_ext/1360937237/main.o
 .debug_frame   0x00000ecc       0x60 build/sam_v71_xult/production/_ext/1360937237/tarea_uart.o
 .debug_frame   0x00000f2c       0x30 build/sam_v71_xult/production/_ext/1360937237/tarea_2.o
 .debug_frame   0x00000f5c       0x44 build/sam_v71_xult/production/_ext/1360937237/tarea_principal.o
 .debug_frame   0x00000fa0       0x38 c:/program files/microchip/xc32/v4.00/bin/bin/../../lib/gcc/pic32c/8.3.1/../../../../pic32c/lib/thumb/v7e-m+dp/hard\libpic32c.a(data_init.o)
 .debug_frame   0x00000fd8       0x3c c:/program files/microchip/xc32/v4.00/bin/bin/../../lib/gcc/pic32c/8.3.1/../../../../pic32c/lib/thumb/v7e-m+dp/hard\libc-musl.a(__libc_start_main.o)
 .debug_frame   0x00001014       0x28 c:/program files/microchip/xc32/v4.00/bin/bin/../../lib/gcc/pic32c/8.3.1/../../../../pic32c/lib/thumb/v7e-m+dp/hard\libc-musl.a(memcpy.o)
 .debug_frame   0x0000103c       0x20 c:/program files/microchip/xc32/v4.00/bin/bin/../../lib/gcc/pic32c/8.3.1/../../../../pic32c/lib/thumb/v7e-m+dp/hard\libc-musl.a(memset.o)

.debug_loc      0x00000000     0x553c
 .debug_loc     0x00000000      0x611 build/sam_v71_xult/production/_ext/1157988489/plib_efc.o
 .debug_loc     0x00000611      0x124 build/sam_v71_xult/production/_ext/1537621011/plib_nvic.o
 .debug_loc     0x00000735      0x371 build/sam_v71_xult/production/_ext/1157977813/plib_pio.o
 .debug_loc     0x00000aa6      0xab0 build/sam_v71_xult/production/_ext/415242918/plib_usart1.o
 .debug_loc     0x00001556       0x45 build/sam_v71_xult/production/_ext/1320227943/initialization.o
 .debug_loc     0x0000159b       0xa7 build/sam_v71_xult/production/_ext/1320227943/startup_xc32.o
 .debug_loc     0x00001642       0x82 build/sam_v71_xult/production/_ext/1320227943/freertos_hooks.o
 .debug_loc     0x000016c4      0x107 build/sam_v71_xult/production/_ext/1320227943/tasks.o
 .debug_loc     0x000017cb      0x13a build/sam_v71_xult/production/_ext/977623654/port.o
 .debug_loc     0x00001905       0x80 build/sam_v71_xult/production/_ext/1665200909/heap_1.o
 .debug_loc     0x00001985       0xbf build/sam_v71_xult/production/_ext/404212886/list.o
 .debug_loc     0x00001a44     0x16e4 build/sam_v71_xult/production/_ext/404212886/queue.o
 .debug_loc     0x00003128     0x211d build/sam_v71_xult/production/_ext/404212886/FreeRTOS_tasks.o
 .debug_loc     0x00005245       0x20 build/sam_v71_xult/production/_ext/1360937237/main.o
 .debug_loc     0x00005265      0x100 build/sam_v71_xult/production/_ext/1360937237/tarea_uart.o
 .debug_loc     0x00005365       0x16 build/sam_v71_xult/production/_ext/1360937237/tarea_2.o
 .debug_loc     0x0000537b       0x4c build/sam_v71_xult/production/_ext/1360937237/tarea_principal.o
 .debug_loc     0x000053c7       0x14 c:/program files/microchip/xc32/v4.00/bin/bin/../../lib/gcc/pic32c/8.3.1/../../../../pic32c/lib/thumb/v7e-m+dp/hard\libpic32c.a(data_init.o)
 .debug_loc     0x000053db       0x51 c:/program files/microchip/xc32/v4.00/bin/bin/../../lib/gcc/pic32c/8.3.1/../../../../pic32c/lib/thumb/v7e-m+dp/hard\libc-musl.a(__libc_start_main.o)
 .debug_loc     0x0000542c       0xba c:/program files/microchip/xc32/v4.00/bin/bin/../../lib/gcc/pic32c/8.3.1/../../../../pic32c/lib/thumb/v7e-m+dp/hard\libc-musl.a(memcpy.o)
 .debug_loc     0x000054e6       0x56 c:/program files/microchip/xc32/v4.00/bin/bin/../../lib/gcc/pic32c/8.3.1/../../../../pic32c/lib/thumb/v7e-m+dp/hard\libc-musl.a(memset.o)

.note.GNU-stack
                0x00000000        0x0
 .note.GNU-stack
                0x00000000        0x0 c:/program files/microchip/xc32/v4.00/bin/bin/../../lib/gcc/pic32c/8.3.1/../../../../pic32c/lib/thumb/v7e-m+dp/hard\libc-musl.a(__libc_start_main.o)
 .note.GNU-stack
                0x00000000        0x0 c:/program files/microchip/xc32/v4.00/bin/bin/../../lib/gcc/pic32c/8.3.1/../../../../pic32c/lib/thumb/v7e-m+dp/hard\libc-musl.a(libc.o)
 .note.GNU-stack
                0x00000000        0x0 c:/program files/microchip/xc32/v4.00/bin/bin/../../lib/gcc/pic32c/8.3.1/../../../../pic32c/lib/thumb/v7e-m+dp/hard\libc-musl.a(memcpy.o)
 .note.GNU-stack
                0x00000000        0x0 c:/program files/microchip/xc32/v4.00/bin/bin/../../lib/gcc/pic32c/8.3.1/../../../../pic32c/lib/thumb/v7e-m+dp/hard\libc-musl.a(memset.o)
 .note.GNU-stack
                0x00000000        0x0 c:/program files/microchip/xc32/v4.00/bin/bin/../../lib/gcc/pic32c/8.3.1/../../../../pic32c/lib/thumb/v7e-m+dp/hard\libc-musl.a(__environ.o)

.stack          0x2040a628      0x100
 .stack         0x2040a628      0x100 stack

.bss.ucHeap%1   0x20400000     0xa000
 .bss.ucHeap    0x20400000     0xa000 build/sam_v71_xult/production/_ext/1665200909/heap_1.o

.bss.USART1_WriteBuffer%2
                0x2040a000      0x200
 .bss.USART1_WriteBuffer
                0x2040a000      0x200 build/sam_v71_xult/production/_ext/415242918/plib_usart1.o

.bss.pxReadyTasksLists%3
                0x2040a200       0x64
 .bss.pxReadyTasksLists
                0x2040a200       0x64 build/sam_v71_xult/production/_ext/404212886/FreeRTOS_tasks.o

.bss%4          0x2040a264       0x50
 .bss           0x2040a264       0x50 c:/program files/microchip/xc32/v4.00/bin/bin/../../lib/gcc/pic32c/8.3.1/../../../../pic32c/lib/thumb/v7e-m+dp/hard\libc-musl.a(libc.o)
                0x2040a264                __progname_full
                0x2040a264                program_invocation_name
                0x2040a268                program_invocation_short_name
                0x2040a268                __progname
                0x2040a26c                __sysinfo
                0x2040a270                __hwcap
                0x2040a274                __libc

.bss.usart1Obj%5
                0x2040a2b4       0x40
 .bss.usart1Obj
                0x2040a2b4       0x40 build/sam_v71_xult/production/_ext/415242918/plib_usart1.o
                0x2040a2b4                usart1Obj

.bss%6          0x2040a2f4       0x1c
 .bss           0x2040a2f4       0x1c c:/program files/microchip/xc32/v4.00/bin/bin/../../lib/gcc/pic32c/8.3.1/thumb/v7e-m+dp/hard/crtbegin.o

.bss.xDelayedTaskList1%7
                0x2040a310       0x14
 .bss.xDelayedTaskList1
                0x2040a310       0x14 build/sam_v71_xult/production/_ext/404212886/FreeRTOS_tasks.o

.bss.xDelayedTaskList2%8
                0x2040a324       0x14
 .bss.xDelayedTaskList2
                0x2040a324       0x14 build/sam_v71_xult/production/_ext/404212886/FreeRTOS_tasks.o

.bss.xPendingReadyList%9
                0x2040a338       0x14
 .bss.xPendingReadyList
                0x2040a338       0x14 build/sam_v71_xult/production/_ext/404212886/FreeRTOS_tasks.o

.bss.xSuspendedTaskList%10
                0x2040a34c       0x14
 .bss.xSuspendedTaskList
                0x2040a34c       0x14 build/sam_v71_xult/production/_ext/404212886/FreeRTOS_tasks.o

.bss.xTasksWaitingTermination%11
                0x2040a360       0x14
 .bss.xTasksWaitingTermination
                0x2040a360       0x14 build/sam_v71_xult/production/_ext/404212886/FreeRTOS_tasks.o

.bss.USART1_ReadBuffer%12
                0x2040a374       0x10
 .bss.USART1_ReadBuffer
                0x2040a374       0x10 build/sam_v71_xult/production/_ext/415242918/plib_usart1.o

.bss.portPinCbObj%13
                0x2040a384        0xc
 .bss.portPinCbObj
                0x2040a384        0xc build/sam_v71_xult/production/_ext/1157977813/plib_pio.o
                0x2040a384                portPinCbObj

.data.portNumCb%14
                0x2040a390        0x6
 .data.portNumCb
                0x2040a390        0x6 build/sam_v71_xult/production/_ext/1157977813/plib_pio.o
                0x2040a390                portNumCb

.bss.cmd.7938%15
                0x2040a398        0x4
 .bss.cmd.7938  0x2040a398        0x4 build/sam_v71_xult/production/_ext/1320227943/startup_xc32.o

.bss.xTAREA_2_Tasks%16
                0x2040a39c        0x4
 .bss.xTAREA_2_Tasks
                0x2040a39c        0x4 build/sam_v71_xult/production/_ext/1320227943/tasks.o
                0x2040a39c                xTAREA_2_Tasks

.bss.xTAREA_PRINCIPAL_Tasks%17
                0x2040a3a0        0x4
 .bss.xTAREA_PRINCIPAL_Tasks
                0x2040a3a0        0x4 build/sam_v71_xult/production/_ext/1320227943/tasks.o
                0x2040a3a0                xTAREA_PRINCIPAL_Tasks

.bss.xTAREA_UART_Tasks%18
                0x2040a3a4        0x4
 .bss.xTAREA_UART_Tasks
                0x2040a3a4        0x4 build/sam_v71_xult/production/_ext/1320227943/tasks.o
                0x2040a3a4                xTAREA_UART_Tasks

.data.uxCriticalNesting%19
                0x2040a3a8        0x4
 .data.uxCriticalNesting
                0x2040a3a8        0x4 build/sam_v71_xult/production/_ext/977623654/port.o

.bss.pucAlignedHeap.6163%20
                0x2040a3ac        0x4
 .bss.pucAlignedHeap.6163
                0x2040a3ac        0x4 build/sam_v71_xult/production/_ext/1665200909/heap_1.o

.bss.xNextFreeByte%21
                0x2040a3b0        0x4
 .bss.xNextFreeByte
                0x2040a3b0        0x4 build/sam_v71_xult/production/_ext/1665200909/heap_1.o

.bss.pxCurrentTCB%22
                0x2040a3b4        0x4
 .bss.pxCurrentTCB
                0x2040a3b4        0x4 build/sam_v71_xult/production/_ext/404212886/FreeRTOS_tasks.o
                0x2040a3b4                pxCurrentTCB

.bss.pxDelayedTaskList%23
                0x2040a3b8        0x4
 .bss.pxDelayedTaskList
                0x2040a3b8        0x4 build/sam_v71_xult/production/_ext/404212886/FreeRTOS_tasks.o

.bss.pxOverflowDelayedTaskList%24
                0x2040a3bc        0x4
 .bss.pxOverflowDelayedTaskList
                0x2040a3bc        0x4 build/sam_v71_xult/production/_ext/404212886/FreeRTOS_tasks.o

.bss.uxCurrentNumberOfTasks%25
                0x2040a3c0        0x4
 .bss.uxCurrentNumberOfTasks
                0x2040a3c0        0x4 build/sam_v71_xult/production/_ext/404212886/FreeRTOS_tasks.o

.bss.uxDeletedTasksWaitingCleanUp%26
                0x2040a3c4        0x4
 .bss.uxDeletedTasksWaitingCleanUp
                0x2040a3c4        0x4 build/sam_v71_xult/production/_ext/404212886/FreeRTOS_tasks.o

.bss.uxSchedulerSuspended%27
                0x2040a3c8        0x4
 .bss.uxSchedulerSuspended
                0x2040a3c8        0x4 build/sam_v71_xult/production/_ext/404212886/FreeRTOS_tasks.o

.bss.uxTaskNumber%28
                0x2040a3cc        0x4
 .bss.uxTaskNumber
                0x2040a3cc        0x4 build/sam_v71_xult/production/_ext/404212886/FreeRTOS_tasks.o

.bss.uxTopReadyPriority%29
                0x2040a3d0        0x4
 .bss.uxTopReadyPriority
                0x2040a3d0        0x4 build/sam_v71_xult/production/_ext/404212886/FreeRTOS_tasks.o

.bss.xIdleTaskHandle%30
                0x2040a3d4        0x4
 .bss.xIdleTaskHandle
                0x2040a3d4        0x4 build/sam_v71_xult/production/_ext/404212886/FreeRTOS_tasks.o

.bss.xNextTaskUnblockTime%31
                0x2040a3d8        0x4
 .bss.xNextTaskUnblockTime
                0x2040a3d8        0x4 build/sam_v71_xult/production/_ext/404212886/FreeRTOS_tasks.o

.bss.xNumOfOverflows%32
                0x2040a3dc        0x4
 .bss.xNumOfOverflows
                0x2040a3dc        0x4 build/sam_v71_xult/production/_ext/404212886/FreeRTOS_tasks.o

.bss.xPendedTicks%33
                0x2040a3e0        0x4
 .bss.xPendedTicks
                0x2040a3e0        0x4 build/sam_v71_xult/production/_ext/404212886/FreeRTOS_tasks.o

.bss.xSchedulerRunning%34
                0x2040a3e4        0x4
 .bss.xSchedulerRunning
                0x2040a3e4        0x4 build/sam_v71_xult/production/_ext/404212886/FreeRTOS_tasks.o

.bss.xTickCount%35
                0x2040a3e8        0x4
 .bss.xTickCount
                0x2040a3e8        0x4 build/sam_v71_xult/production/_ext/404212886/FreeRTOS_tasks.o

.bss.xYieldPending%36
                0x2040a3ec        0x4
 .bss.xYieldPending
                0x2040a3ec        0x4 build/sam_v71_xult/production/_ext/404212886/FreeRTOS_tasks.o

.bss.dataRxSemaphore%37
                0x2040a3f0        0x4
 .bss.dataRxSemaphore
                0x2040a3f0        0x4 build/sam_v71_xult/production/_ext/1360937237/tarea_uart.o

.bss.uartMutexLock%38
                0x2040a3f4        0x4
 .bss.uartMutexLock
                0x2040a3f4        0x4 build/sam_v71_xult/production/_ext/1360937237/tarea_principal.o
                0x2040a3f4                uartMutexLock

.bss%39         0x2040a3f8        0x8
 .bss           0x2040a3f8        0x4 c:/program files/microchip/xc32/v4.00/bin/bin/../../lib/gcc/pic32c/8.3.1/../../../../pic32c/lib/thumb/v7e-m+dp/hard\libpic32c.a(data_init.o)
 .bss           0x2040a3fc        0x4 c:/program files/microchip/xc32/v4.00/bin/bin/../../lib/gcc/pic32c/8.3.1/../../../../pic32c/lib/thumb/v7e-m+dp/hard\libc-musl.a(__environ.o)
                0x2040a3fc                __environ
                0x2040a3fc                environ
                0x2040a3fc                ___environ
                0x2040a3fc                _environ

.bss.tarea_principalData%41
                0x2040a400        0x1
 .bss.tarea_principalData
                0x2040a400        0x1 build/sam_v71_xult/production/_ext/1360937237/tarea_principal.o
                0x2040a400                tarea_principalData

.bss.tarea_2Data%42
                0x2040a404        0x1
 .bss.tarea_2Data
                0x2040a404        0x1 build/sam_v71_xult/production/_ext/1360937237/tarea_2.o
                0x2040a404                tarea_2Data

.bss.tarea_uartData%43
                0x2040a408        0x1
 .bss.tarea_uartData
                0x2040a408        0x1 build/sam_v71_xult/production/_ext/1360937237/tarea_uart.o
                0x2040a408                tarea_uartData

.data.readByte_global%44
                0x2040a396        0x1
 .data.readByte_global
                0x2040a396        0x1 build/sam_v71_xult/production/_ext/1360937237/tarea_uart.o
                0x2040a396                readByte_global

.eh_frame%z1    0x00000000        0x0
 .eh_frame      0x00000000        0x0 c:/program files/microchip/xc32/v4.00/bin/bin/../../lib/gcc/pic32c/8.3.1/thumb/v7e-m+dp/hard/crtbegin.o

.config_D0000000.__config_D0000000%45
                0xd0000000        0x4
 .config_D0000000.__config_D0000000
                0xd0000000        0x4 build/sam_v71_xult/production/_ext/1320227943/initialization.o
                0xd0000000                __config_D0000000

.dinit%46       0x00400188      0x230
 .dinit         0x00400188      0x230 data_init

.text.xTaskCreate%47
                0x004003b8      0x1e4
 .text.xTaskCreate
                0x004003b8      0x1e4 build/sam_v71_xult/production/_ext/404212886/FreeRTOS_tasks.o
                0x004003b8                xTaskCreate

.text.USART1_InterruptHandler%48
                0x0040059c      0x17c
 .text.USART1_InterruptHandler
                0x0040059c      0x17c build/sam_v71_xult/production/_ext/415242918/plib_usart1.o
                0x0040059c                USART1_InterruptHandler

.text.Reset_Handler%49
                0x00400718      0x178
 .text.Reset_Handler
                0x00400718      0x178 build/sam_v71_xult/production/_ext/1320227943/startup_xc32.o
                0x00400718                Reset_Handler

.text.xQueueSemaphoreTake%50
                0x00400890      0x158
 .text.xQueueSemaphoreTake
                0x00400890      0x158 build/sam_v71_xult/production/_ext/404212886/queue.o
                0x00400890                xQueueSemaphoreTake

.text.xQueueGenericSend%51
                0x004009e8      0x128
 .text.xQueueGenericSend
                0x004009e8      0x128 build/sam_v71_xult/production/_ext/404212886/queue.o
                0x004009e8                xQueueGenericSend

.text.xTaskIncrementTick%52
                0x00400b10      0x114
 .text.xTaskIncrementTick
                0x00400b10      0x114 build/sam_v71_xult/production/_ext/404212886/FreeRTOS_tasks.o
                0x00400b10                xTaskIncrementTick

.text.PIO_Initialize%53
                0x00400c24       0xf0
 .text.PIO_Initialize
                0x00400c24       0xf0 build/sam_v71_xult/production/_ext/1157977813/plib_pio.o
                0x00400c24                PIO_Initialize

.text.xTaskResumeAll%54
                0x00400d14       0xe4
 .text.xTaskResumeAll
                0x00400d14       0xe4 build/sam_v71_xult/production/_ext/404212886/FreeRTOS_tasks.o
                0x00400d14                xTaskResumeAll

.text.TAREA_PRINCIPAL_Tasks%55
                0x00400df8       0xb8
 .text.TAREA_PRINCIPAL_Tasks
                0x00400df8       0xb8 build/sam_v71_xult/production/_ext/1360937237/tarea_principal.o
                0x00400df8                TAREA_PRINCIPAL_Tasks

.text.vTaskSwitchContext%56
                0x00400eb0       0xa8
 .text.vTaskSwitchContext
                0x00400eb0       0xa8 build/sam_v71_xult/production/_ext/404212886/FreeRTOS_tasks.o
                0x00400eb0                vTaskSwitchContext

.text.xTaskPriorityInherit%57
                0x00400f58       0xa8
 .text.xTaskPriorityInherit
                0x00400f58       0xa8 build/sam_v71_xult/production/_ext/404212886/FreeRTOS_tasks.o
                0x00400f58                xTaskPriorityInherit

.text.USART1_Write%58
                0x00401000       0xa4
 .text.USART1_Write
                0x00401000       0xa4 build/sam_v71_xult/production/_ext/415242918/plib_usart1.o
                0x00401000                USART1_Write

.text.prvAddCurrentTaskToDelayedList%59
                0x004010a4       0x94
 .text.prvAddCurrentTaskToDelayedList
                0x004010a4       0x94 build/sam_v71_xult/production/_ext/404212886/FreeRTOS_tasks.o

.text.__pic32c_data_initialization%60
                0x00401138       0x88
 .text.__pic32c_data_initialization
                0x00401138       0x88 c:/program files/microchip/xc32/v4.00/bin/bin/../../lib/gcc/pic32c/8.3.1/../../../../pic32c/lib/thumb/v7e-m+dp/hard\libpic32c.a(data_init.o)
                0x00401138                __pic32c_data_initialization

.text.vTaskPriorityDisinheritAfterTimeout%61
                0x004011c0       0x80
 .text.vTaskPriorityDisinheritAfterTimeout
                0x004011c0       0x80 build/sam_v71_xult/production/_ext/404212886/FreeRTOS_tasks.o
                0x004011c0                vTaskPriorityDisinheritAfterTimeout

.text.prvUnlockQueue%62
                0x00401240       0x7e
 .text.prvUnlockQueue
                0x00401240       0x7e build/sam_v71_xult/production/_ext/404212886/queue.o

.text.xTaskPriorityDisinherit%63
                0x004012c0       0x7c
 .text.xTaskPriorityDisinherit
                0x004012c0       0x7c build/sam_v71_xult/production/_ext/404212886/FreeRTOS_tasks.o
                0x004012c0                xTaskPriorityDisinherit

.text.xTaskRemoveFromEventList%64
                0x0040133c       0x78
 .text.xTaskRemoveFromEventList
                0x0040133c       0x78 build/sam_v71_xult/production/_ext/404212886/FreeRTOS_tasks.o
                0x0040133c                xTaskRemoveFromEventList

.text.TAREA_UART_Tasks%65
                0x004013b4       0x74
 .text.TAREA_UART_Tasks
                0x004013b4       0x74 build/sam_v71_xult/production/_ext/1360937237/tarea_uart.o
                0x004013b4                TAREA_UART_Tasks

.text.prvCopyDataToQueue%66
                0x00401428       0x72
 .text.prvCopyDataToQueue
                0x00401428       0x72 build/sam_v71_xult/production/_ext/404212886/queue.o

.text.SYS_Tasks%67
                0x0040149c       0x70
 .text.SYS_Tasks
                0x0040149c       0x70 build/sam_v71_xult/production/_ext/1320227943/tasks.o
                0x0040149c                SYS_Tasks

.text.xQueueGenericReset%68
                0x0040150c       0x70
 .text.xQueueGenericReset
                0x0040150c       0x70 build/sam_v71_xult/production/_ext/404212886/queue.o
                0x0040150c                xQueueGenericReset

.text.prvIdleTask%69
                0x0040157c       0x70
 .text.prvIdleTask
                0x0040157c       0x70 build/sam_v71_xult/production/_ext/404212886/FreeRTOS_tasks.o

.text.USART1_Initialize%70
                0x004015ec       0x6c
 .text.USART1_Initialize
                0x004015ec       0x6c build/sam_v71_xult/production/_ext/415242918/plib_usart1.o
                0x004015ec                USART1_Initialize

.text.pvPortMalloc%71
                0x00401658       0x6c
 .text.pvPortMalloc
                0x00401658       0x6c build/sam_v71_xult/production/_ext/1665200909/heap_1.o
                0x00401658                pvPortMalloc

.text.vTaskStartScheduler%72
                0x004016c4       0x68
 .text.vTaskStartScheduler
                0x004016c4       0x68 build/sam_v71_xult/production/_ext/404212886/FreeRTOS_tasks.o
                0x004016c4                vTaskStartScheduler

.text.CLOCK_Initialize%73
                0x0040172c       0x64
 .text.CLOCK_Initialize
                0x0040172c       0x64 build/sam_v71_xult/production/_ext/1157990217/plib_clk.o
                0x0040172c                CLOCK_Initialize

.text.xPortPendSVHandler%74
                0x00401790       0x64
 .text.xPortPendSVHandler
                0x00401790       0x64 build/sam_v71_xult/production/_ext/977623654/port.o
                0x00401790                xPortPendSVHandler

.text.xQueueGiveFromISR%75
                0x004017f4       0x64
 .text.xQueueGiveFromISR
                0x004017f4       0x64 build/sam_v71_xult/production/_ext/404212886/queue.o
                0x004017f4                xQueueGiveFromISR

.text.xTaskCheckForTimeOut%76
                0x00401858       0x5c
 .text.xTaskCheckForTimeOut
                0x00401858       0x5c build/sam_v71_xult/production/_ext/404212886/FreeRTOS_tasks.o
                0x00401858                xTaskCheckForTimeOut

.text.__libc_start_init%77
                0x004018b4       0x5c
 .text.__libc_start_init
                0x004018b4       0x5c c:/program files/microchip/xc32/v4.00/bin/bin/../../lib/gcc/pic32c/8.3.1/../../../../pic32c/lib/thumb/v7e-m+dp/hard\libc-musl.a(__libc_start_main.o)
                0x004018b4                __libc_init_array

.text._PIO_Interrupt_Handler%78
                0x00401910       0x58
 .text._PIO_Interrupt_Handler
                0x00401910       0x58 build/sam_v71_xult/production/_ext/1157977813/plib_pio.o
                0x00401910                _PIO_Interrupt_Handler

.text.USART1_Read%79
                0x00401968       0x58
 .text.USART1_Read
                0x00401968       0x58 build/sam_v71_xult/production/_ext/415242918/plib_usart1.o
                0x00401968                USART1_Read

.text.xPortStartScheduler%80
                0x004019c0       0x48
 .text.xPortStartScheduler
                0x004019c0       0x48 build/sam_v71_xult/production/_ext/977623654/port.o
                0x004019c0                xPortStartScheduler

.rodata%81      0x00401a08       0x44
 .rodata        0x00401a08       0x44 build/sam_v71_xult/production/_ext/1360937237/tarea_principal.o

.text%82        0x00401a4c       0x40
 .text          0x00401a4c       0x40 c:/program files/microchip/xc32/v4.00/bin/bin/../../lib/gcc/pic32c/8.3.1/thumb/v7e-m+dp/hard/crtbegin.o

.text.NVIC_Initialize%83
                0x00401a8c       0x40
 .text.NVIC_Initialize
                0x00401a8c       0x40 build/sam_v71_xult/production/_ext/1537621011/plib_nvic.o
                0x00401a8c                NVIC_Initialize

.rodata%84      0x00401acc       0x3c
 .rodata        0x00401acc       0x3c build/sam_v71_xult/production/_ext/1320227943/tasks.o

.text.SYS_Initialize%85
                0x00401b08       0x38
 .text.SYS_Initialize
                0x00401b08       0x38 build/sam_v71_xult/production/_ext/1320227943/initialization.o
                0x00401b08                SYS_Initialize

.text.vListInsert%86
                0x00401b40       0x34
 .text.vListInsert
                0x00401b40       0x34 build/sam_v71_xult/production/_ext/404212886/list.o
                0x00401b40                vListInsert

.text.vTaskDelay%87
                0x00401b74       0x34
 .text.vTaskDelay
                0x00401b74       0x34 build/sam_v71_xult/production/_ext/404212886/FreeRTOS_tasks.o
                0x00401b74                vTaskDelay

.text.uartReadEventHandler%88
                0x00401ba8       0x34
 .text.uartReadEventHandler
                0x00401ba8       0x34 build/sam_v71_xult/production/_ext/1360937237/tarea_uart.o
                0x00401ba8                uartReadEventHandler

.text.xPortSysTickHandler%89
                0x00401bdc       0x30
 .text.xPortSysTickHandler
                0x00401bdc       0x30 build/sam_v71_xult/production/_ext/977623654/port.o
                0x00401bdc                xPortSysTickHandler

.text.xQueueGenericCreate%90
                0x00401c0c       0x30
 .text.xQueueGenericCreate
                0x00401c0c       0x30 build/sam_v71_xult/production/_ext/404212886/queue.o
                0x00401c0c                xQueueGenericCreate

.text.pxPortInitialiseStack%91
                0x00401c3c       0x2c
 .text.pxPortInitialiseStack
                0x00401c3c       0x2c build/sam_v71_xult/production/_ext/977623654/port.o
                0x00401c3c                pxPortInitialiseStack

.text.prvResetNextTaskUnblockTime%92
                0x00401c68       0x2c
 .text.prvResetNextTaskUnblockTime
                0x00401c68       0x2c build/sam_v71_xult/production/_ext/404212886/FreeRTOS_tasks.o

.text.TAREA_PRINCIPAL_Initialize%93
                0x00401c94       0x2c
 .text.TAREA_PRINCIPAL_Initialize
                0x00401c94       0x2c build/sam_v71_xult/production/_ext/1360937237/tarea_principal.o
                0x00401c94                TAREA_PRINCIPAL_Initialize

.text.prvPortStartFirstTask%94
                0x00401cc0       0x28
 .text.prvPortStartFirstTask
                0x00401cc0       0x28 build/sam_v71_xult/production/_ext/977623654/port.o

.text.vPortSetupTimerInterrupt%95
                0x00401ce8       0x28
 .text.vPortSetupTimerInterrupt
                0x00401ce8       0x28 build/sam_v71_xult/production/_ext/977623654/port.o
                0x00401ce8                vPortSetupTimerInterrupt

.text.uxListRemove%96
                0x00401d10       0x26
 .text.uxListRemove
                0x00401d10       0x26 build/sam_v71_xult/production/_ext/404212886/list.o
                0x00401d10                uxListRemove

.text.prvTaskExitError%97
                0x00401d36       0x24
 .text.prvTaskExitError
                0x00401d36       0x24 build/sam_v71_xult/production/_ext/977623654/port.o

.text.vPortSVCHandler%98
                0x00401d60       0x24
 .text.vPortSVCHandler
                0x00401d60       0x24 build/sam_v71_xult/production/_ext/977623654/port.o
                0x00401d60                vPortSVCHandler

.text.vPortEnterCritical%99
                0x00401d84       0x24
 .text.vPortEnterCritical
                0x00401d84       0x24 build/sam_v71_xult/production/_ext/977623654/port.o
                0x00401d84                vPortEnterCritical

.text.xQueueCreateMutex%100
                0x00401da8       0x24
 .text.xQueueCreateMutex
                0x00401da8       0x24 build/sam_v71_xult/production/_ext/404212886/queue.o
                0x00401da8                xQueueCreateMutex

.text.BSP_Initialize%101
                0x00401dcc       0x20
 .text.BSP_Initialize
                0x00401dcc       0x20 build/sam_v71_xult/production/_ext/1379310441/bsp.o
                0x00401dcc                BSP_Initialize

.text.USART1_WritePendingBytesGet%102
                0x00401dec       0x1c
 .text.USART1_WritePendingBytesGet
                0x00401dec       0x1c build/sam_v71_xult/production/_ext/415242918/plib_usart1.o

.text.USART1_ReadCountGet%103
                0x00401e08       0x1c
 .text.USART1_ReadCountGet
                0x00401e08       0x1c build/sam_v71_xult/production/_ext/415242918/plib_usart1.o
                0x00401e08                USART1_ReadCountGet

.text.vTaskPlaceOnEventList%104
                0x00401e24       0x1c
 .text.vTaskPlaceOnEventList
                0x00401e24       0x1c build/sam_v71_xult/production/_ext/404212886/FreeRTOS_tasks.o
                0x00401e24                vTaskPlaceOnEventList

.text.pvTaskIncrementMutexHeldCount%105
                0x00401e40       0x1c
 .text.pvTaskIncrementMutexHeldCount
                0x00401e40       0x1c build/sam_v71_xult/production/_ext/404212886/FreeRTOS_tasks.o
                0x00401e40                pvTaskIncrementMutexHeldCount

.text.USART1_ReadNotificationEnable%106
                0x00401e5c       0x18
 .text.USART1_ReadNotificationEnable
                0x00401e5c       0x18 build/sam_v71_xult/production/_ext/415242918/plib_usart1.o
                0x00401e5c                USART1_ReadNotificationEnable

.text.vTaskInternalSetTimeOutState%107
                0x00401e74       0x18
 .text.vTaskInternalSetTimeOutState
                0x00401e74       0x18 build/sam_v71_xult/production/_ext/404212886/FreeRTOS_tasks.o
                0x00401e74                vTaskInternalSetTimeOutState

.text.vApplicationStackOverflowHook%108
                0x00401e8c       0x16
 .text.vApplicationStackOverflowHook
                0x00401e8c       0x16 build/sam_v71_xult/production/_ext/1320227943/freertos_hooks.o
                0x00401e8c                vApplicationStackOverflowHook

.text.vApplicationMallocFailedHook%109
                0x00401ea2       0x16
 .text.vApplicationMallocFailedHook
                0x00401ea2       0x16 build/sam_v71_xult/production/_ext/1320227943/freertos_hooks.o
                0x00401ea2                vApplicationMallocFailedHook

.text.vListInitialise%110
                0x00401eb8       0x16
 .text.vListInitialise
                0x00401eb8       0x16 build/sam_v71_xult/production/_ext/404212886/list.o
                0x00401eb8                vListInitialise

.text.vListInsertEnd%111
                0x00401ece       0x16
 .text.vListInsertEnd
                0x00401ece       0x16 build/sam_v71_xult/production/_ext/404212886/list.o
                0x00401ece                vListInsertEnd

.text.prvIsQueueEmpty%112
                0x00401ee4       0x16
 .text.prvIsQueueEmpty
                0x00401ee4       0x16 build/sam_v71_xult/production/_ext/404212886/queue.o

.text.memcpy%113
                0x00401efa       0x16
 .text.memcpy   0x00401efa       0x16 c:/program files/microchip/xc32/v4.00/bin/bin/../../lib/gcc/pic32c/8.3.1/../../../../pic32c/lib/thumb/v7e-m+dp/hard\libc-musl.a(memcpy.o)
                0x00401efa                memcpy

.text.USART1_WriteFreeBufferCountGet%114
                0x00401f10       0x14
 .text.USART1_WriteFreeBufferCountGet
                0x00401f10       0x14 build/sam_v71_xult/production/_ext/415242918/plib_usart1.o
                0x00401f10                USART1_WriteFreeBufferCountGet

.text.vPortEnableVFP%115
                0x00401f24       0x14
 .text.vPortEnableVFP
                0x00401f24       0x14 build/sam_v71_xult/production/_ext/977623654/port.o

.text.vPortExitCritical%116
                0x00401f38       0x14
 .text.vPortExitCritical
                0x00401f38       0x14 build/sam_v71_xult/production/_ext/977623654/port.o
                0x00401f38                vPortExitCritical

.text.TAREA_2_Tasks%117
                0x00401f4c       0x14
 .text.TAREA_2_Tasks
                0x00401f4c       0x14 build/sam_v71_xult/production/_ext/1360937237/tarea_2.o
                0x00401f4c                TAREA_2_Tasks

.text.EFC_Initialize%118
                0x00401f60       0x10
 .text.EFC_Initialize
                0x00401f60       0x10 build/sam_v71_xult/production/_ext/1157988489/plib_efc.o
                0x00401f60                EFC_Initialize

.text.PIOA_InterruptHandler%119
                0x00401f70       0x10
 .text.PIOA_InterruptHandler
                0x00401f70       0x10 build/sam_v71_xult/production/_ext/1157977813/plib_pio.o
                0x00401f70                PIOA_InterruptHandler

.text.vTaskSuspendAll%120
                0x00401f80       0x10
 .text.vTaskSuspendAll
                0x00401f80       0x10 build/sam_v71_xult/production/_ext/404212886/FreeRTOS_tasks.o
                0x00401f80                vTaskSuspendAll

.text.memset%121
                0x00401f90       0x10
 .text.memset   0x00401f90       0x10 c:/program files/microchip/xc32/v4.00/bin/bin/../../lib/gcc/pic32c/8.3.1/../../../../pic32c/lib/thumb/v7e-m+dp/hard\libc-musl.a(memset.o)
                0x00401f90                memset

.text.main%122  0x00401fa0        0xe
 .text.main     0x00401fa0        0xe build/sam_v71_xult/production/_ext/1360937237/main.o
                0x00401fa0                main

.text.USART1_ReadThresholdSet%123
                0x00401fb0        0xc
 .text.USART1_ReadThresholdSet
                0x00401fb0        0xc build/sam_v71_xult/production/_ext/415242918/plib_usart1.o
                0x00401fb0                USART1_ReadThresholdSet

.text.USART1_ReadCallbackRegister%124
                0x00401fbc        0xc
 .text.USART1_ReadCallbackRegister
                0x00401fbc        0xc build/sam_v71_xult/production/_ext/415242918/plib_usart1.o
                0x00401fbc                USART1_ReadCallbackRegister

.text.vTaskMissedYield%125
                0x00401fc8        0xc
 .text.vTaskMissedYield
                0x00401fc8        0xc build/sam_v71_xult/production/_ext/404212886/FreeRTOS_tasks.o
                0x00401fc8                vTaskMissedYield

.text.TAREA_UART_Initialize%126
                0x00401fd4        0xc
 .text.TAREA_UART_Initialize
                0x00401fd4        0xc build/sam_v71_xult/production/_ext/1360937237/tarea_uart.o
                0x00401fd4                TAREA_UART_Initialize

.text.TAREA_2_Initialize%127
                0x00401fe0        0xc
 .text.TAREA_2_Initialize
                0x00401fe0        0xc build/sam_v71_xult/production/_ext/1360937237/tarea_2.o
                0x00401fe0                TAREA_2_Initialize

.text._TAREA_PRINCIPAL_Tasks%128
                0x00401fec        0x8
 .text._TAREA_PRINCIPAL_Tasks
                0x00401fec        0x8 build/sam_v71_xult/production/_ext/1320227943/tasks.o
                0x00401fec                _TAREA_PRINCIPAL_Tasks

.text._TAREA_2_Tasks%129
                0x00401ff4        0x8
 .text._TAREA_2_Tasks
                0x00401ff4        0x8 build/sam_v71_xult/production/_ext/1320227943/tasks.o
                0x00401ff4                _TAREA_2_Tasks

.text._TAREA_UART_Tasks%130
                0x00401ffc        0x8
 .text._TAREA_UART_Tasks
                0x00401ffc        0x8 build/sam_v71_xult/production/_ext/1320227943/tasks.o
                0x00401ffc                _TAREA_UART_Tasks

.rodata%131     0x00402004        0x8
 .rodata        0x00402004        0x8 build/sam_v71_xult/production/_ext/404212886/FreeRTOS_tasks.o

.text.vListInitialiseItem%132
                0x00401d5a        0x6
 .text.vListInitialiseItem
                0x00401d5a        0x6 build/sam_v71_xult/production/_ext/404212886/list.o
                0x00401d5a                vListInitialiseItem

.text.Dummy_Handler%133
                0x004012be        0x2
 .text.Dummy_Handler
                0x004012be        0x2 build/sam_v71_xult/production/_ext/1320227943/interrupts.o
                0x004012be                DACC_Handler
                0x004012be                TC0_CH2_Handler
                0x004012be                TC3_CH1_Handler
                0x004012be                UART3_Handler
                0x004012be                UART2_Handler
                0x004012be                TRNG_Handler
                0x004012be                AFEC1_Handler
                0x004012be                TC0_CH1_Handler
                0x004012be                QSPI_Handler
                0x004012be                ISI_Handler
                0x004012be                MCAN0_INT0_Handler
                0x004012be                RSWDT_Handler
                0x004012be                USART0_Handler
                0x004012be                TC1_CH2_Handler
                0x004012be                RTT_Handler
                0x004012be                USBHS_Handler
                0x004012be                IXC_Handler
                0x004012be                CCF_Handler
                0x004012be                PIOB_Handler
                0x004012be                RTC_Handler
                0x004012be                WDT_Handler
                0x004012be                MCAN1_INT1_Handler
                0x004012be                HSMCI_Handler
                0x004012be                UART1_Handler
                0x004012be                Dummy_Handler
                0x004012be                TWIHS1_Handler
                0x004012be                TC3_CH2_Handler
                0x004012be                XDMAC_Handler
                0x004012be                UART4_Handler
                0x004012be                TC2_CH0_Handler
                0x004012be                PWM1_Handler
                0x004012be                PWM0_Handler
                0x004012be                AFEC0_Handler
                0x004012be                CCW_Handler
                0x004012be                TC3_CH0_Handler
                0x004012be                SSC_Handler
                0x004012be                TC1_CH0_Handler
                0x004012be                ACC_Handler
                0x004012be                PMC_Handler
                0x004012be                GMAC_Handler
                0x004012be                TC2_CH2_Handler
                0x004012be                MCAN0_INT1_Handler
                0x004012be                GMAC_Q5_Handler
                0x004012be                SUPC_Handler
                0x004012be                TC2_CH1_Handler
                0x004012be                MCAN1_INT0_Handler
                0x004012be                EFC_Handler
                0x004012be                GMAC_Q1_Handler
                0x004012be                USART2_Handler
                0x004012be                SDRAMC_Handler
                0x004012be                GMAC_Q2_Handler
                0x004012be                PIOE_Handler
                0x004012be                SPI1_Handler
                0x004012be                TC1_CH1_Handler
                0x004012be                GMAC_Q3_Handler
                0x004012be                PIOD_Handler
                0x004012be                TWIHS2_Handler
                0x004012be                MLB_Handler
                0x004012be                I2SC0_Handler
                0x004012be                UART0_Handler
                0x004012be                I2SC1_Handler
                0x004012be                TC0_CH0_Handler
                0x004012be                PIOC_Handler
                0x004012be                GMAC_Q4_Handler
                0x004012be                FPU_Handler
                0x004012be                RSTC_Handler
                0x004012be                ICM_Handler
                0x004012be                AES_Handler
                0x004012be                TWIHS0_Handler
                0x004012be                SPI0_Handler

.text.NonMaskableInt_Handler%134
                0x0040149a        0x2
 .text.NonMaskableInt_Handler
                0x0040149a        0x2 build/sam_v71_xult/production/_ext/1320227943/exceptions.o
                0x0040149a                NonMaskableInt_Handler

.text.HardFault_Handler%135
                0x00401fae        0x2
 .text.HardFault_Handler
                0x00401fae        0x2 build/sam_v71_xult/production/_ext/1320227943/exceptions.o
                0x00401fae                HardFault_Handler

.text.DebugMonitor_Handler%136
                0x0040200c        0x2
 .text.DebugMonitor_Handler
                0x0040200c        0x2 build/sam_v71_xult/production/_ext/1320227943/exceptions.o
                0x0040200c                DebugMonitor_Handler

.text.MemoryManagement_Handler%137
                0x0040200e        0x2
 .text.MemoryManagement_Handler
                0x0040200e        0x2 build/sam_v71_xult/production/_ext/1320227943/exceptions.o
                0x0040200e                MemoryManagement_Handler

.text.BusFault_Handler%138
                0x00402010        0x2
 .text.BusFault_Handler
                0x00402010        0x2 build/sam_v71_xult/production/_ext/1320227943/exceptions.o
                0x00402010                BusFault_Handler

.text.UsageFault_Handler%139
                0x00402012        0x2
 .text.UsageFault_Handler
                0x00402012        0x2 build/sam_v71_xult/production/_ext/1320227943/exceptions.o
                0x00402012                UsageFault_Handler

.text.Dummy_App_Func%140
                0x00402014        0x2
 .text.Dummy_App_Func
                0x00402014        0x2 build/sam_v71_xult/production/_ext/1320227943/startup_xc32.o
                0x00402014                _on_reset
                0x00402014                _on_bootstrap
                0x00402014                __xc32_on_reset
                0x00402014                Dummy_App_Func
                0x00402014                __xc32_on_bootstrap

.text.vPortFree%141
                0x00402016        0x2
 .text.vPortFree
                0x00402016        0x2 build/sam_v71_xult/production/_ext/1665200909/heap_1.o
                0x00402016                vPortFree

.text.__dummy%142
                0x00402018        0x2
 .text.__dummy  0x00402018        0x2 c:/program files/microchip/xc32/v4.00/bin/bin/../../lib/gcc/pic32c/8.3.1/../../../../pic32c/lib/thumb/v7e-m+dp/hard\libc-musl.a(__libc_start_main.o)
                0x00402018                __init_stdio
                0x00402018                __init_host
